{"epoch": 0, "identity_macro_relative_vector_error_m": 4.3049524371160475, "identity_macro_within_4m_fraction": 0.5842708369677948, "multi_traversal_identities": 272, "selection_component_mae_m": [3.4586920738220215, 0.23054994642734528, 0.1440984308719635], "selection_global_center_mae_m": 3.5079054832458496, "steps": 396, "train": {"direct": 0.08758726853858491, "relative": 1.5230989770756826, "total": 1.6106862469454004}}
{"epoch": 1, "identity_macro_relative_vector_error_m": 4.314192538008144, "identity_macro_within_4m_fraction": 0.5835415139272467, "multi_traversal_identities": 272, "selection_component_mae_m": [3.4586920738220215, 0.20700322091579437, 0.1594870686531067], "selection_global_center_mae_m": 3.5057640075683594, "steps": 396, "train": {"direct": 0.04503502749433421, "relative": 1.5434533891954807, "total": 1.5884884147330969}}
{"epoch": 2, "identity_macro_relative_vector_error_m": 4.317943228376492, "identity_macro_within_4m_fraction": 0.5833411754331979, "multi_traversal_identities": 272, "selection_component_mae_m": [3.4586920738220215, 0.22047054767608643, 0.15178602933883667], "selection_global_center_mae_m": 3.5067906379699707, "steps": 396, "train": {"direct": 0.04081063829550539, "relative": 1.5341353369782669, "total": 1.574945976487314}}
{"epoch": 3, "identity_macro_relative_vector_error_m": 4.304207220649729, "identity_macro_within_4m_fraction": 0.5846460398709175, "multi_traversal_identities": 272, "selection_component_mae_m": [3.4586920738220215, 0.20608195662498474, 0.14902491867542267], "selection_global_center_mae_m": 3.5031321048736572, "steps": 396, "train": {"direct": 0.0362200727780359, "relative": 1.527102998109779, "total": 1.5633230666921596}}
{"epoch": 4, "identity_macro_relative_vector_error_m": 4.309958371808147, "identity_macro_within_4m_fraction": 0.5838597476378894, "multi_traversal_identities": 272, "selection_component_mae_m": [3.4586920738220215, 0.20779837667942047, 0.14289936423301697], "selection_global_center_mae_m": 3.5027377605438232, "steps": 396, "train": {"direct": 0.03400886761062224, "relative": 1.5300633475334957, "total": 1.5640722150453414}}
{"epoch": 5, "identity_macro_relative_vector_error_m": 4.308442153015128, "identity_macro_within_4m_fraction": 0.5842242678489129, "multi_traversal_identities": 272, "selection_component_mae_m": [3.4586920738220215, 0.21286097168922424, 0.1492745727300644], "selection_global_center_mae_m": 3.5049872398376465, "steps": 396, "train": {"direct": 0.03364940360423667, "relative": 1.5199592428074942, "total": 1.5536086453933908}}
{"epoch": 6, "identity_macro_relative_vector_error_m": 4.311837676082985, "identity_macro_within_4m_fraction": 0.583794306225951, "multi_traversal_identities": 272, "selection_component_mae_m": [3.4586920738220215, 0.19146031141281128, 0.14354576170444489], "selection_global_center_mae_m": 3.5000195503234863, "steps": 396, "train": {"direct": 0.03148629517539056, "relative": 1.5066672258003793, "total": 1.5381535201361685}}
{"epoch": 7, "identity_macro_relative_vector_error_m": 4.304823782485138, "identity_macro_within_4m_fraction": 0.5849200785279578, "multi_traversal_identities": 272, "selection_component_mae_m": [3.4586920738220215, 0.23578551411628723, 0.1454790234565735], "selection_global_center_mae_m": 3.509963035583496, "steps": 396, "train": {"direct": 0.030002793346559913, "relative": 1.517166712669411, "total": 1.5471695057972512}}
{"epoch": 8, "identity_macro_relative_vector_error_m": 4.30552737473148, "identity_macro_within_4m_fraction": 0.5848281799781132, "multi_traversal_identities": 272, "selection_component_mae_m": [3.4586920738220215, 0.20347362756729126, 0.16639715433120728], "selection_global_center_mae_m": 3.5056798458099365, "steps": 396, "train": {"direct": 0.0299183748323809, "relative": 1.534387572395681, "total": 1.5643059453277877}}
{"epoch": 9, "identity_macro_relative_vector_error_m": 4.307056593524098, "identity_macro_within_4m_fraction": 0.5840746333759292, "multi_traversal_identities": 272, "selection_component_mae_m": [3.4586920738220215, 0.19630682468414307, 0.14566278457641602], "selection_global_center_mae_m": 3.501209259033203, "steps": 396, "train": {"direct": 0.02870185345392486, "relative": 1.5183676982467824, "total": 1.547069552119332}}
{"backbone_optimizer_steps": 0, "best_epoch": 3, "c09_worlds_read": 0, "c10_worlds_read": 0, "duration_seconds": 60.70175726397429, "epochs": 10, "fit_rows": 25294, "initial_selection_component_mae_m": [3.4586920738220215, 0.4526268243789673, 0.5823010206222534], "initial_selection_cross_view": {"identity_macro_relative_vector_error_m": 4.367172324931809, "identity_macro_within_4m_fraction": 0.5787227078130079, "multi_traversal_identities": 272}, "initial_selection_global_center_mae_m": 3.6965644359588623, "mtare_worlds_read": 0, "optimizer_steps": 3960, "peak_gpu_memory_bytes": 137875456, "schema_version": "gse_spatial_event_center_seed_v1", "seed": 0, "selection_component_mae_m": [3.4586920738220215, 0.20608195662498474, 0.14902491867542267], "selection_cross_view": {"identity_macro_relative_vector_error_m": 4.304207220649729, "identity_macro_within_4m_fraction": 0.5846460398709175, "multi_traversal_identities": 272}, "selection_global_center_mae_m": 3.5031321048736572, "selection_rows": 8839}
	Command being timed: "/home/zeng-workstation/.local/share/mtare_topo_comm/envs/phase3_torch290_cu129_zarr2187_v1/bin/python /home/zeng-workstation/mtare_topo_comm/tools/v3/train_gse_spatial_event_center_v1.py --spatial-cache /home/zeng-workstation/mtare_topo_comm/results/gate3_semantics/gate3_20260828_gse_spatial_event_center_training_v1_seed0/scratch/seed0_cache --action-cache /home/zeng-workstation/mtare_topo_comm/results/gate3_semantics/gate3_20260828_gse_action_set_node_training_v1_seed0/scratch/action_set_cache --teacher /home/zeng-workstation/mtare_topo_comm/results/gate3_semantics/gate3_20260828_gse_event_center_offset_training_v1r3_seed0/artifacts/teacher/event_center_teacher.npz --action-checkpoint /home/zeng-workstation/mtare_topo_comm/results/gate3_semantics/gate3_20260828_gse_action_set_node_training_v1_seed0/artifacts/models/seed0/best.pt --scalar-checkpoint /home/zeng-workstation/mtare_topo_comm/results/gate3_semantics/gate3_20260828_gse_event_center_pair_consistency_training_v1r3_seed0/artifacts/models/seed0/best.pt --output-dir /home/zeng-workstation/mtare_topo_comm/results/gate3_semantics/gate3_20260828_gse_spatial_event_center_training_v1_seed0/artifacts/models/seed0 --seed 0 --epochs 10 --identities-per-event 16 --learning-rate 0.0005 --evaluation-batch-size 128"
	User time (seconds): 60.94
	System time (seconds): 0.69
	Percent of CPU this job got: 99%
	Elapsed (wall clock) time (h:mm:ss or m:ss): 1:01.65
	Average shared text size (kbytes): 0
	Average unshared data size (kbytes): 0
	Average stack size (kbytes): 0
	Average total size (kbytes): 0
	Maximum resident set size (kbytes): 3260680
	Average resident set size (kbytes): 0
	Major (requiring I/O) page faults: 20
	Minor (reclaiming a frame) page faults: 458081
	Voluntary context switches: 22698
	Involuntary context switches: 254
	Swaps: 0
	File system inputs: 3264
	File system outputs: 13080
	Socket messages sent: 0
	Socket messages received: 0
	Signals delivered: 0
	Page size (bytes): 4096
	Exit status: 0
