{
  "schema_version": "native_structure_source_overlay_v1",
  "source_image": "sha256:5cbede29e4229e92d85ebaf919be2fb9ebc4ad9ed97029b7639997779062748c",
  "original_sha256": {
    "src/grid_world/grid_world.cpp": "97c95395fd7de4ec811c767502411554f3d5677e6b88cc24479a814531666c66",
    "src/sensor_coverage_planner/sensor_coverage_planner_ground.cpp": "84ea295196c7e250d6a126601695517277ac5aa9d9c0e3ebf5bcb4c0e427b6bf"
  },
  "output_sha256": {
    "src/grid_world/grid_world.cpp": "167582556e81ddfa80e999cd594bcdb705004a1da1663d96d9aea39d739d4607",
    "src/sensor_coverage_planner/sensor_coverage_planner_ground.cpp": "68af9c1f3bd7d25c5ecdb157288497046038a9883bd7c552b213d75e27ab8ac8",
    "include/native_structure_bridge/native_route_advice.hpp": "3b86044849ede37cd98495a07bbe1a66a09deee574da5099acb684d5c91a3dfe",
    "include/native_structure_bridge/native_route_ros.hpp": "9e028e63e404376475f6d687adb0530acbc4980053a57306991cdcf1a5b24585"
  },
  "source_originals_modified": false,
  "local_planners_modified": false,
  "extra_waypoint_publisher": false,
  "native_bug_GetNextGlobalSubspace_modified": false,
  "simulation_executed": false
}
{"original_sha256": "ed906e39762379074c2fbc4ac8a597403181315626d993fcfa43b6eb4f3c028e", "output_sha256": "72b5ccc1bb631bdcf89094010cb0188d43f0ecb6df63e61ad21fedf31fa2b7ae", "default_enabled": false, "scan_arithmetic_changed": false, "original_publish_preserved": true, "new_topic": "/native_structure/scan_sources", "purpose": "explicit_callback_source_identity_not_registration_accuracy"}
Scanning dependencies of target vehicleSimulator
[ 50%] Building CXX object vehicle_simulator/CMakeFiles/vehicleSimulator.dir/src/vehicleSimulator.cpp.o
[100%] Linking CXX executable /home/docker-user/mtare/autonomous_exploration_development_environment/devel/lib/vehicle_simulator/vehicleSimulator
[100%] Built target vehicleSimulator
c1d5e8c291eb1338e6f7c953af20efdb258b87d420bd799c732a0f747aa69b26  /home/docker-user/mtare/autonomous_exploration_development_environment/devel/lib/vehicle_simulator/vehicleSimulator
[  0%] Built target std_msgs_generate_messages_cpp
[  2%] Built target pursuit_mdp
[  2%] Built target std_msgs_generate_messages_eus
[  2%] Built target std_msgs_generate_messages_lisp
[  2%] Built target std_msgs_generate_messages_nodejs
[  2%] Built target std_msgs_generate_messages_py
[  2%] Built target geometry_msgs_generate_messages_cpp
[  2%] Built target geometry_msgs_generate_messages_eus
[  2%] Built target geometry_msgs_generate_messages_lisp
[  2%] Built target geometry_msgs_generate_messages_nodejs
[  2%] Built target geometry_msgs_generate_messages_py
[  2%] Built target _tare_msgs_generate_messages_check_deps_ExplorationInfo
[  2%] Built target _tare_msgs_generate_messages_check_deps_Edge
[  2%] Built target nav_msgs_generate_messages_cpp
[  2%] Built target nav_msgs_generate_messages_eus
[  2%] Built target nav_msgs_generate_messages_lisp
[  2%] Built target _tare_msgs_generate_messages_check_deps_Cell
[  2%] Built target nav_msgs_generate_messages_nodejs
[  2%] Built target nav_msgs_generate_messages_py
[  2%] Built target actionlib_msgs_generate_messages_cpp
[  2%] Built target actionlib_msgs_generate_messages_eus
[  2%] Built target actionlib_msgs_generate_messages_lisp
[  2%] Built target actionlib_msgs_generate_messages_nodejs
[  2%] Built target actionlib_msgs_generate_messages_py
[  2%] Built target _catkin_empty_exported_target
[  2%] Built target roscpp_generate_messages_cpp
[  2%] Built target roscpp_generate_messages_eus
[  2%] Built target roscpp_generate_messages_lisp
[  2%] Built target roscpp_generate_messages_nodejs
[  2%] Built target roscpp_generate_messages_py
[  2%] Built target rosgraph_msgs_generate_messages_cpp
[  2%] Built target rosgraph_msgs_generate_messages_eus
[  2%] Built target rosgraph_msgs_generate_messages_lisp
[  2%] Built target rosgraph_msgs_generate_messages_nodejs
[  2%] Built target rosgraph_msgs_generate_messages_py
[  2%] Built target sensor_msgs_generate_messages_cpp
[  2%] Built target sensor_msgs_generate_messages_eus
[  2%] Built target sensor_msgs_generate_messages_lisp
[  2%] Built target sensor_msgs_generate_messages_nodejs
[  2%] Built target sensor_msgs_generate_messages_py
[  2%] Built target pcl_ros_gencfg
[  2%] Built target dynamic_reconfigure_generate_messages_cpp
[  2%] Built target dynamic_reconfigure_generate_messages_eus
[  2%] Built target dynamic_reconfigure_generate_messages_lisp
[  2%] Built target dynamic_reconfigure_generate_messages_nodejs
[  2%] Built target dynamic_reconfigure_generate_messages_py
[  2%] Built target dynamic_reconfigure_gencfg
[  2%] Built target nodelet_generate_messages_cpp
[  2%] Built target nodelet_generate_messages_eus
[  2%] Built target nodelet_generate_messages_lisp
[  2%] Built target nodelet_generate_messages_nodejs
[  2%] Built target nodelet_generate_messages_py
[  2%] Built target bond_generate_messages_cpp
[  2%] Built target bond_generate_messages_eus
[  2%] Built target bond_generate_messages_lisp
[  2%] Built target bond_generate_messages_nodejs
[  2%] Built target bond_generate_messages_py
[  2%] Built target nodelet_topic_tools_gencfg
[  2%] Built target pcl_msgs_generate_messages_cpp
[  2%] Built target pcl_msgs_generate_messages_eus
[  2%] Built target pcl_msgs_generate_messages_lisp
[  2%] Built target pcl_msgs_generate_messages_nodejs
[  2%] Built target pcl_msgs_generate_messages_py
[  2%] Built target std_srvs_generate_messages_cpp
[  2%] Built target std_srvs_generate_messages_eus
[  2%] Built target std_srvs_generate_messages_lisp
[  2%] Built target std_srvs_generate_messages_nodejs
[  2%] Built target std_srvs_generate_messages_py
[  2%] Built target topic_tools_generate_messages_cpp
[  2%] Built target topic_tools_generate_messages_eus
[  2%] Built target topic_tools_generate_messages_lisp
[  2%] Built target topic_tools_generate_messages_nodejs
[  2%] Built target topic_tools_generate_messages_py
[  2%] Built target tf_generate_messages_cpp
[  2%] Built target tf_generate_messages_eus
[  2%] Built target tf_generate_messages_lisp
[  2%] Built target tf_generate_messages_nodejs
[  2%] Built target tf_generate_messages_py
[  2%] Built target actionlib_generate_messages_cpp
[  2%] Built target actionlib_generate_messages_eus
[  2%] Built target actionlib_generate_messages_lisp
[  2%] Built target actionlib_generate_messages_nodejs
[  2%] Built target actionlib_generate_messages_py
[  2%] Built target tf2_msgs_generate_messages_cpp
[  2%] Built target tf2_msgs_generate_messages_eus
[  2%] Built target tf2_msgs_generate_messages_lisp
[  2%] Built target tf2_msgs_generate_messages_nodejs
[  2%] Built target tf2_msgs_generate_messages_py
[  6%] Built target tare_msgs_generate_messages_cpp
[ 12%] Built target tare_msgs_generate_messages_eus
[ 15%] Built target TOPwTVR_utils
[ 19%] Built target tare_msgs_generate_messages_lisp
[ 23%] Built target tare_msgs_generate_messages_nodejs
[ 28%] Built target tare_msgs_generate_messages_py
[ 31%] Built target lidar_model
[ 34%] Built target misc_utils
[ 36%] Built target planner_seed
[ 39%] Built target pointcloud_utils
[ 42%] Built target tsp_solver
[ 45%] Built target viewpoint
[ 50%] Built target knowledge_base
[ 50%] Built target rolling_grid
[ 53%] Built target rendezvous_manager
[ 56%] Built target robot
[ 58%] Built target time_budget_manager
[ 61%] Built target pointcloud_manager
[ 64%] Built target rolling_occupancy_grid
[ 67%] Built target exploration_path
[ 69%] Built target PBS_utils
[ 72%] Built target CBS_utils
[ 75%] Built target planning_env
[ 78%] Built target tare_visualizer
[ 80%] Built target TOPwTVR
[ 83%] Built target multi_robot_exploration_manager
[ 86%] Built target keypose_graph
[ 87%] Building CXX object tare_planner/CMakeFiles/grid_world.dir/src/grid_world/grid_world.cpp.o
[ 89%] Linking CXX static library /home/docker-user/mtare/tare_system/devel/lib/libgrid_world.a
[ 89%] Built target grid_world
[ 91%] Built target viewpoint_manager
[ 94%] Built target local_coverage_planner
[ 95%] Building CXX object tare_planner/CMakeFiles/sensor_coverage_planner_ground.dir/src/sensor_coverage_planner/sensor_coverage_planner_ground.cpp.o
[ 97%] Linking CXX static library /home/docker-user/mtare/tare_system/devel/lib/libsensor_coverage_planner_ground.a
[ 97%] Built target sensor_coverage_planner_ground
[ 98%] Linking CXX executable /home/docker-user/mtare/tare_system/devel/lib/tare_planner/tare_planner_node
[100%] Built target tare_planner_node
4ca5de6a14404bb5975356261ae53ea4375755612bf2af28d9c4d397ba219a02  /home/docker-user/mtare/tare_system/devel/lib/tare_planner/tare_planner_node
{"case_id": "tunnel_seed11_native_shadow_capture", "metrics": {"coverage_time_auc_m3_s": 133958.653125, "cumulative_point_redundancy": 0.9943399784424366, "duration_sec": 120.0, "end_sim_sec": 123.349, "final_explored_volume_m3": 2284.875, "final_explored_voxels": 18279, "final_pose_xyz_m": [133.5337371826172, -5.107551574707031, 0.7041669487953186], "final_volume_per_travel_meter_m2": 9.853869807660377, "final_waypoint_xyz_m": [133.51990144007354, -10.721929070308313, 0.7043963074684143], "finish_sample_count": 119, "finish_true_count": 0, "input_scan_points": 3229493, "mean_explored_volume_m3": 1116.322109375, "planner_runtime_max_sec": 0.3310000002384186, "planner_runtime_mean_sec": 0.2270833340783914, "planner_runtime_p95_sec": 0.289000004529953, "recording_audit": {"empty_required_topics": [], "missing_topics": [], "observed_required_messages": 161759, "passed": true, "type_mismatches": []}, "runtime_sample_count": 120, "schema_version": "mtare_closed_loop_case_metrics_v1", "start_sim_sec": 3.349, "synchronized_frame_count": 600, "traveling_distance_m": 231.87590709020157, "waypoint_count": 119, "waypoint_path_length_m": 273.0729780307847}, "status": "PASS_SINGLE_ROBOT_CASE_V2_PENDING_HOST_ARCHIVE"}
{"raw_frames": 617, "registered_frames": 611, "source_echoes": 611, "native_snapshots": 115, "exported_windows": 115, "rejected_windows": 0, "unique_selected_raw_frames": 575, "model_input_population": "all recorded native epochs; no model or reference selection", "source_inference": "explicit same-callback headers, not time proximity or seq offset", "producer_manifest_ref": "results/gate6_single_robot/gate6_20260913_gse_explicit_source_capture_v1r1_seed11/artifacts/source_overlay/manifest.json", "producer_manifest_sha256": "2944f9cb47f243beca1475cc2fa8f22da13feef8475fd99e25ef5154b49c1cb8", "bag_sha256": "eac2dbfa15f8d83d979c3efa1b2d3b98b02a52078dfff1831f68eb2580e6dbe4", "caller_ids": {"/native_structure/scan_sources": ["/vehicleSimulator"], "/velodyne_points": ["/gazebo"], "/registered_scan": ["/vehicleSimulator"], "/way_point": ["/sensor_coverage_planner/tare_planner_node"]}, "physical_pose_verified": false, "model_forwards": 0, "training_steps": 0, "learning_changed_control": false}
