argv=["/tmp/mtare_cano_compat_e1_py312_np126_sp112/bin/python", "/home/zeng-workstation/mtare_topo_comm/tools/v3/execute_cano_100_topology_parent_candidate_audit_v2.py", "--run-dir", "/home/zeng-workstation/mtare_topo_comm/results/gate0_baseline/gate0_20260811_cano_100_topology_parent_candidate_audit_v2_bounded_resampling_seed0"]
finished_at_utc=2026-08-11T07:41:37.479661+00:00
CANDIDATE_START S01_flat_tree_small_C01
CANDIDATE_END S01_flat_tree_small_C01 valid=True reasons=[]
CANDIDATE_START S01_flat_tree_small_C02
CANDIDATE_END S01_flat_tree_small_C02 valid=True reasons=[]
CANDIDATE_START S01_flat_tree_small_C03
CANDIDATE_END S01_flat_tree_small_C03 valid=True reasons=[]
CANDIDATE_START S01_flat_tree_small_C04
CANDIDATE_END S01_flat_tree_small_C04 valid=True reasons=[]
CANDIDATE_START S01_flat_tree_small_C05
CANDIDATE_END S01_flat_tree_small_C05 valid=True reasons=[]
CANDIDATE_START S01_flat_tree_small_C06
CANDIDATE_END S01_flat_tree_small_C06 valid=True reasons=[]
CANDIDATE_START S01_flat_tree_small_C07
CANDIDATE_END S01_flat_tree_small_C07 valid=True reasons=[]
CANDIDATE_START S01_flat_tree_small_C08
CANDIDATE_END S01_flat_tree_small_C08 valid=False reasons=['exact_connector_cycle_rank']
CANDIDATE_START S01_flat_tree_small_C09
CANDIDATE_END S01_flat_tree_small_C09 valid=True reasons=[]
CANDIDATE_START S01_flat_tree_small_C10
CANDIDATE_END S01_flat_tree_small_C10 valid=True reasons=[]
CANDIDATE_START S01_flat_tree_small_C11
CANDIDATE_END S01_flat_tree_small_C11 valid=True reasons=[]
CANDIDATE_START S01_flat_tree_small_C12
CANDIDATE_END S01_flat_tree_small_C12 valid=True reasons=[]
CANDIDATE_START S02_3d_tree_small_C01
CANDIDATE_END S02_3d_tree_small_C01 valid=True reasons=[]
CANDIDATE_START S02_3d_tree_small_C02
CANDIDATE_END S02_3d_tree_small_C02 valid=True reasons=[]
CANDIDATE_START S02_3d_tree_small_C03
CANDIDATE_END S02_3d_tree_small_C03 valid=True reasons=[]
CANDIDATE_START S02_3d_tree_small_C04
CANDIDATE_END S02_3d_tree_small_C04 valid=True reasons=[]
CANDIDATE_START S02_3d_tree_small_C05
CANDIDATE_END S02_3d_tree_small_C05 valid=True reasons=[]
CANDIDATE_START S02_3d_tree_small_C06
CANDIDATE_END S02_3d_tree_small_C06 valid=True reasons=[]
CANDIDATE_START S02_3d_tree_small_C07
CANDIDATE_END S02_3d_tree_small_C07 valid=True reasons=[]
CANDIDATE_START S02_3d_tree_small_C08
CANDIDATE_END S02_3d_tree_small_C08 valid=True reasons=[]
CANDIDATE_START S02_3d_tree_small_C09
CANDIDATE_END S02_3d_tree_small_C09 valid=True reasons=[]
CANDIDATE_START S02_3d_tree_small_C10
CANDIDATE_END S02_3d_tree_small_C10 valid=True reasons=[]
CANDIDATE_START S02_3d_tree_small_C11
CANDIDATE_END S02_3d_tree_small_C11 valid=True reasons=[]
CANDIDATE_START S02_3d_tree_small_C12
CANDIDATE_END S02_3d_tree_small_C12 valid=True reasons=[]
CANDIDATE_START S03_flat_unicyclic_small_C01
0000
0001
0002
0003
0004
0005
0006
0007
0008
0009
0010
0011
0012
0013
0014
0015
0016
0017
0018
0019
0020
0021
0022
0023
0024
0025
0026
0027
0028
0029
0030
0031
0032
0033
0034
0035
0036
0000
0001
0002
0003
0004
0005
0006
0007
0008
0009
0010
0011
0012
0013
0014
0015
0016
0017
0018
0019
0020
0021
0022
0023
0024
0025
0026
0027
0028
0029
0030
0031
0032
0033
0034
0035
0036
CANDIDATE_END S03_flat_unicyclic_small_C01 valid=True reasons=[]
CANDIDATE_START S03_flat_unicyclic_small_C02
0000
0001
0002
0003
0004
0005
0006
0007
0008
0009
0010
0011
0000
0001
0002
0003
0004
0005
0006
0007
0008
0009
0010
0011
CANDIDATE_END S03_flat_unicyclic_small_C02 valid=True reasons=[]
CANDIDATE_START S03_flat_unicyclic_small_C03
0000
0000
CANDIDATE_END S03_flat_unicyclic_small_C03 valid=True reasons=[]
CANDIDATE_START S03_flat_unicyclic_small_C04
0000
0001
0000
0001
CANDIDATE_END S03_flat_unicyclic_small_C04 valid=True reasons=[]
CANDIDATE_START S03_flat_unicyclic_small_C05
0000
0001
0002
0003
0004
0005
0006
0007
0008
0009
0010
0011
0012
0013
0014
0015
0016
0000
0001
0002
0003
0004
0005
0006
0007
0008
0009
0010
0011
0012
0013
0014
0015
0016
CANDIDATE_END S03_flat_unicyclic_small_C05 valid=True reasons=[]
CANDIDATE_START S03_flat_unicyclic_small_C06
0000
0001
0002
0003
0004
0000
0001
0002
0003
0004
CANDIDATE_END S03_flat_unicyclic_small_C06 valid=True reasons=[]
CANDIDATE_START S03_flat_unicyclic_small_C07
0000
0001
0002
0003
0004
0005
0006
0007
0008
0009
0010
0011
0012
0013
0014
0015
0016
0017
0018
0019
0020
0021
0022
0023
0024
0025
0026
0027
0028
0029
0030
0031
0032
0033
0034
0035
0036
0037
0038
0039
0040
0041
0042
0043
0044
0045
0046
0047
0048
0049
0050
0051
0052
0053
0054
0055
0056
0057
0058
0059
0000
0001
0002
0003
0004
0005
0006
0007
0008
0009
0010
0011
0012
0013
0014
0015
0016
0017
0018
0019
0020
0021
0022
0023
0024
0025
0026
0027
0028
0029
0030
0031
0032
0033
0034
0035
0036
0037
0038
0039
0040
0041
0042
0043
0044
0045
0046
0047
0048
0049
0050
0051
0052
0053
0054
0055
0056
0057
0058
0059
CANDIDATE_END S03_flat_unicyclic_small_C07 valid=True reasons=[]
CANDIDATE_START S03_flat_unicyclic_small_C08
0000
0001
0002
0003
0004
0005
0006
0007
0008
0009
0010
0011
0012
0013
0014
0015
0016
0017
0018
0019
0020
0021
0022
0023
0024
0025
0026
0027
0028
0029
0030
0031
0032
0033
0034
0035
0036
0037
0038
0039
0040
0000
0001
0002
0003
0004
0005
0006
0007
0008
0009
0010
0011
0012
0013
0014
0015
0016
0017
0018
0019
0020
0021
0022
0023
0024
0025
0026
0027
0028
0029
0030
0031
0032
0033
0034
0035
0036
0037
0038
0039
0040
CANDIDATE_END S03_flat_unicyclic_small_C08 valid=True reasons=[]
CANDIDATE_START S03_flat_unicyclic_small_C09
0000
0001
0002
0003
0004
0005
0006
0007
0008
0009
0010
0011
0012
0013
0014
0015
0016
0017
0018
0019
0000
0001
0002
0003
0004
0005
0006
0007
0008
0009
0010
0011
0012
0013
0014
0015
0016
0017
0018
0019
CANDIDATE_END S03_flat_unicyclic_small_C09 valid=True reasons=[]
CANDIDATE_START S03_flat_unicyclic_small_C10
0000
0001
0002
0003
0004
0000
0001
0002
0003
0004
CANDIDATE_END S03_flat_unicyclic_small_C10 valid=True reasons=[]
CANDIDATE_START S03_flat_unicyclic_small_C11
0000
0001
0002
0003
0004
0005
0006
0007
0008
0009
0010
0011
0012
0013
0014
0015
0016
0017
0018
0019
0020
0021
0022
0023
0024
0025
0026
0027
0028
0029
0030
0031
0032
0033
0034
0035
0036
0037
0038
0039
0040
0041
0042
0043
0044
0045
0046
0047
0048
0049
0050
0051
0052
0053
0054
0055
0056
0057
0058
0059
0000
0001
0002
0003
0004
0005
0006
0007
0008
0009
0010
0011
0012
0013
0014
0015
0016
0017
0018
0019
0020
0021
0022
0023
0024
0025
0026
0027
0028
0029
0030
0031
0032
0033
0034
0035
0036
0037
0038
0039
0040
0041
0042
0043
0044
0045
0046
0047
0048
0049
0050
0051
0052
0053
0054
0055
0056
0057
0058
0059
CANDIDATE_END S03_flat_unicyclic_small_C11 valid=True reasons=[]
CANDIDATE_START S03_flat_unicyclic_small_C12
0000
0000
CANDIDATE_END S03_flat_unicyclic_small_C12 valid=True reasons=[]
CANDIDATE_START S04_3d_unicyclic_small_C01
0000
0001
0002
0003
0004
0005
0006
0007
0008
0009
0010
0011
0012
0013
0014
0015
0016
0017
0018
0019
0020
0021
0022
0023
0024
0025
0026
0027
0028
0029
0030
0031
0032
0033
0034
0035
0036
0037
0038
0039
0040
0041
0042
0043
0044
0045
0046
0047
0048
0049
0050
0051
0052
0053
0054
0055
0056
0057
0058
0059
0060
0061
0062
0063
0064
0065
0066
0067
0068
0069
0070
0071
0072
0073
0074
0075
0076
0077
0078
0079
0080
0081
0082
0083
0084
0085
0086
0087
0088
0089
0090
0091
0092
0093
0094
0095
0096
0097
0098
0099
0000
0001
0002
0003
0004
0005
0006
0007
0008
0009
0010
0011
0012
0013
0014
0015
0016
0017
0018
0019
0020
0021
0022
0023
0024
0025
0026
0027
0028
0029
0030
0031
0032
0033
0034
0035
0036
0037
0038
0039
0040
0041
0042
0043
0044
0045
0046
0000
0001
0002
0003
0004
0005
0006
0007
0008
0009
0010
0011
0012
0013
0014
0015
0016
0017
0018
0019
0020
0021
0022
0023
0024
0025
0026
0027
0028
0029
0030
0031
0032
0033
0034
0035
0036
0037
0038
0039
0040
0041
0042
0043
0044
0045
0046
0047
0048
0049
0050
0051
0052
0053
0054
0055
0056
0057
0058
0059
0060
0061
0062
0063
0064
0065
0066
0067
0068
0069
0070
0071
0072
0073
0074
0075
0076
0077
0078
0079
0080
0081
0082
0083
0084
0085
0086
0087
0088
0089
0090
0091
0092
0093
0094
0095
0096
0097
0098
0099
0000
0001
0002
0003
0004
0005
0006
0007
0008
0009
0010
0011
0012
0013
0014
0015
0016
0017
0018
0019
0020
0021
0022
0023
0024
0025
0026
0027
0028
0029
0030
0031
0032
0033
0034
0035
0036
0037
0038
0039
0040
0041
0042
0043
0044
0045
0046
CANDIDATE_END S04_3d_unicyclic_small_C01 valid=True reasons=[]
CANDIDATE_START S04_3d_unicyclic_small_C02
0000
0001
0002
0000
0001
0002
CANDIDATE_END S04_3d_unicyclic_small_C02 valid=True reasons=[]
CANDIDATE_START S04_3d_unicyclic_small_C03
0000
0001
0002
0003
0000
0001
0002
0003
CANDIDATE_END S04_3d_unicyclic_small_C03 valid=True reasons=[]
CANDIDATE_START S04_3d_unicyclic_small_C04
0000
0001
0002
0003
0004
0005
0006
0007
0008
0009
0010
0011
0012
0013
0000
0001
0002
0003
0004
0005
0006
0007
0008
0009
0010
0011
0012
0013
CANDIDATE_END S04_3d_unicyclic_small_C04 valid=True reasons=[]
CANDIDATE_START S04_3d_unicyclic_small_C05
0000
0001
0002
0003
0004
0005
0006
0007
0008
0009
0010
0011
0012
0013
0014
0015
0016
0000
0001
0002
0003
0004
0005
0006
0007
0008
0009
0010
0011
0012
0013
0014
0015
0016
CANDIDATE_END S04_3d_unicyclic_small_C05 valid=True reasons=[]
CANDIDATE_START S04_3d_unicyclic_small_C06
0000
0001
0000
0001
CANDIDATE_END S04_3d_unicyclic_small_C06 valid=True reasons=[]
CANDIDATE_START S04_3d_unicyclic_small_C07
0000
0001
0002
0003
0004
0005
0006
0007
0008
0000
0001
0002
0003
0004
0005
0006
0007
0008
CANDIDATE_END S04_3d_unicyclic_small_C07 valid=True reasons=[]
CANDIDATE_START S04_3d_unicyclic_small_C08
0000
0001
0002
0003
0004
0005
0006
0007
0008
0009
0010
0011
0012
0000
0001
0002
0003
0004
0005
0006
0007
0008
0009
0010
0011
0012
CANDIDATE_END S04_3d_unicyclic_small_C08 valid=True reasons=[]
CANDIDATE_START S04_3d_unicyclic_small_C09
0000
0001
0002
0003
0004
0005
0006
0007
0008
0009
0010
0011
0012
0000
0001
0002
0003
0004
0005
0006
0007
0008
0009
0010
0011
0012
CANDIDATE_END S04_3d_unicyclic_small_C09 valid=True reasons=[]
CANDIDATE_START S04_3d_unicyclic_small_C10
0000
0001
0002
0003
0004
0005
0006
0000
0001
0002
0003
0004
0005
0006
CANDIDATE_END S04_3d_unicyclic_small_C10 valid=True reasons=[]
CANDIDATE_START S04_3d_unicyclic_small_C11
0000
0001
0002
0003
0004
0005
0006
0007
0008
0009
0010
0011
0012
0013
0014
0015
0016
0017
0018
0000
0001
0002
0003
0004
0005
0006
0007
0008
0009
0010
0011
0012
0013
0014
0015
0016
0017
0018
CANDIDATE_END S04_3d_unicyclic_small_C11 valid=True reasons=[]
CANDIDATE_START S04_3d_unicyclic_small_C12
0000
0001
0002
0003
0004
0005
0006
0007
0008
0009
0010
0011
0012
0013
0014
0015
0016
0017
0018
0000
0001
0002
0003
0004
0005
0006
0007
0008
0009
0010
0011
0012
0013
0014
0015
0016
0017
0018
CANDIDATE_END S04_3d_unicyclic_small_C12 valid=True reasons=[]
CANDIDATE_START S05_flat_branch_medium_C01
0000
0001
0002
0003
0004
0005
0006
0007
0008
0009
0010
0011
0012
0013
0014
0015
0016
0017
0018
0019
0020
0021
0022
0023
0024
0025
0026
0027
0028
0029
0030
0031
0032
0033
0034
0035
0036
0037
0038
0039
0040
0041
0042
0043
0044
0045
0046
0047
0048
0049
0050
0051
0000
0001
0002
0003
0004
0005
0006
0007
0008
0009
0010
0011
0012
0013
0014
0015
0016
0017
0018
0019
0020
0021
0022
0023
0024
0025
0026
0027
0028
0029
0030
0031
0032
0033
0034
0035
0036
0037
0038
0039
0040
0041
0042
0043
0044
0045
0046
0047
0048
0049
0050
0051
CANDIDATE_END S05_flat_branch_medium_C01 valid=True reasons=[]
CANDIDATE_START S05_flat_branch_medium_C02
0000
0001
0002
0003
0004
0005
0006
0007
0008
0009
0010
0011
0012
0013
0014
0015
0016
0017
0018
0019
0020
0021
0022
0023
0024
0025
0026
0027
0028
0000
0001
0002
0003
0004
0005
0006
0007
0008
0009
0010
0011
0012
0013
0014
0015
0016
0017
0018
0019
0020
0021
0022
0023
0024
0025
0026
0027
0028
CANDIDATE_END S05_flat_branch_medium_C02 valid=True reasons=[]
CANDIDATE_START S05_flat_branch_medium_C03
0000
0001
0002
0003
0004
0005
0006
0000
0001
0002
0003
0004
0005
0006
CANDIDATE_END S05_flat_branch_medium_C03 valid=True reasons=[]
CANDIDATE_START S05_flat_branch_medium_C04
0000
0001
0002
0003
0004
0005
0006
0007
0008
0009
0010
0011
0012
0013
0014
0015
0016
0017
0000
0001
0002
0003
0004
0005
0006
0007
0008
0009
0010
0011
0012
0013
0014
0015
0016
0017
CANDIDATE_END S05_flat_branch_medium_C04 valid=True reasons=[]
CANDIDATE_START S05_flat_branch_medium_C05
0000
0001
0002
0003
0004
0005
0000
0001
0002
0003
0004
0005
CANDIDATE_END S05_flat_branch_medium_C05 valid=True reasons=[]
CANDIDATE_START S05_flat_branch_medium_C06
0000
0001
0002
0003
0004
0005
0006
0007
0008
0009
0000
0001
0002
0003
0004
0005
0006
0007
0008
0009
CANDIDATE_END S05_flat_branch_medium_C06 valid=True reasons=[]
CANDIDATE_START S05_flat_branch_medium_C07
0000
0001
0002
0003
0004
0005
0000
0001
0002
0003
0004
0005
CANDIDATE_END S05_flat_branch_medium_C07 valid=True reasons=[]
CANDIDATE_START S05_flat_branch_medium_C08
0000
0001
0002
0000
0001
0002
CANDIDATE_END S05_flat_branch_medium_C08 valid=True reasons=[]
CANDIDATE_START S05_flat_branch_medium_C09
0000
0001
0002
0003
0004
0005
0006
0000
0001
0002
0003
0004
0005
0006
CANDIDATE_END S05_flat_branch_medium_C09 valid=True reasons=[]
CANDIDATE_START S05_flat_branch_medium_C10
0000
0001
0002
0003
0004
0005
0006
0007
0008
0009
0010
0011
0012
0013
0014
0015
0016
0017
0018
0019
0020
0021
0022
0023
0024
0025
0026
0027
0028
0029
0030
0031
0032
0033
0034
0035
0036
0037
0038
0039
0040
0041
0042
0043
0044
0045
0046
0047
0048
0049
0050
0051
0052
0053
0054
0055
0056
0057
0058
0059
0060
0061
0062
0000
0001
0002
0003
0004
0005
0006
0007
0008
0009
0010
0011
0012
0013
0014
0015
0016
0017
0018
0019
0020
0021
0022
0023
0024
0025
0026
0027
0028
0029
0030
0031
0032
0033
0034
0035
0036
0037
0038
0039
0040
0041
0042
0043
0044
0045
0046
0047
0048
0049
0050
0051
0052
0053
0054
0055
0056
0057
0058
0059
0060
0061
0062
CANDIDATE_END S05_flat_branch_medium_C10 valid=True reasons=[]
CANDIDATE_START S05_flat_branch_medium_C11
0000
0001
0002
0003
0004
0005
0006
0007
0008
0009
0010
0011
0012
0013
0014
0015
0000
0001
0002
0003
0004
0005
0006
0007
0008
0009
0010
0011
0012
0013
0014
0015
CANDIDATE_END S05_flat_branch_medium_C11 valid=True reasons=[]
CANDIDATE_START S05_flat_branch_medium_C12
0000
0000
CANDIDATE_END S05_flat_branch_medium_C12 valid=True reasons=[]
CANDIDATE_START S06_3d_branch_medium_C01
0000
0001
0002
0003
0000
0001
0002
0003
CANDIDATE_END S06_3d_branch_medium_C01 valid=True reasons=[]
CANDIDATE_START S06_3d_branch_medium_C02
0000
0001
0002
0003
0004
0005
0006
0007
0008
0009
0010
0011
0012
0013
0014
0015
0016
0017
0018
0019
0000
0001
0002
0003
0004
0005
0006
0007
0008
0009
0010
0011
0012
0013
0014
0015
0016
0017
0018
0019
CANDIDATE_END S06_3d_branch_medium_C02 valid=True reasons=[]
CANDIDATE_START S06_3d_branch_medium_C03
0000
0001
0002
0003
0004
0005
0006
0000
0001
0002
0003
0004
0005
0006
CANDIDATE_END S06_3d_branch_medium_C03 valid=True reasons=[]
CANDIDATE_START S06_3d_branch_medium_C04
0000
0001
0002
0000
0001
0002
CANDIDATE_END S06_3d_branch_medium_C04 valid=True reasons=[]
CANDIDATE_START S06_3d_branch_medium_C05
0000
0001
0002
0003
0004
0005
0006
0000
0001
0002
0003
0004
0005
0006
CANDIDATE_END S06_3d_branch_medium_C05 valid=True reasons=[]
CANDIDATE_START S06_3d_branch_medium_C06
0000
0001
0002
0003
0004
0005
0006
0007
0008
0009
0010
0000
0001
0002
0003
0004
0005
0006
0007
0008
0009
0010
CANDIDATE_END S06_3d_branch_medium_C06 valid=True reasons=[]
CANDIDATE_START S06_3d_branch_medium_C07
0000
0001
0002
0003
0000
0001
0002
0003
CANDIDATE_END S06_3d_branch_medium_C07 valid=True reasons=[]
CANDIDATE_START S06_3d_branch_medium_C08
0000
0001
0002
0003
0004
0000
0001
0002
0003
0004
CANDIDATE_END S06_3d_branch_medium_C08 valid=True reasons=[]
CANDIDATE_START S06_3d_branch_medium_C09
0000
0001
0002
0000
0001
0002
CANDIDATE_END S06_3d_branch_medium_C09 valid=True reasons=[]
CANDIDATE_START S06_3d_branch_medium_C10
0000
0001
0002
0003
0004
0005
0006
0007
0008
0009
0000
0001
0002
0003
0004
0005
0006
0007
0008
0009
CANDIDATE_END S06_3d_branch_medium_C10 valid=True reasons=[]
CANDIDATE_START S06_3d_branch_medium_C11
0000
0001
0002
0003
0004
0005
0006
0007
0008
0009
0010
0011
0012
0000
0001
0002
0003
0004
0005
0006
0007
0008
0009
0010
0011
0012
CANDIDATE_END S06_3d_branch_medium_C11 valid=True reasons=[]
CANDIDATE_START S06_3d_branch_medium_C12
0000
0001
0002
0003
0004
0005
0006
0007
0008
0009
0010
0011
0012
0013
0014
0015
0016
0017
0018
0019
0020
0021
0022
0023
0000
0001
0002
0003
0004
0005
0006
0007
0008
0009
0010
0011
0012
0013
0014
0015
0016
0017
0018
0019
0020
0021
0022
0023
CANDIDATE_END S06_3d_branch_medium_C12 valid=True reasons=[]
CANDIDATE_START S07_flat_loop_rich_C01
0000
0001
0002
0003
0004
0005
0006
0007
0008
0009
0010
0011
0012
0013
0014
0015
0000
0000
0001
0002
0003
0004
0005
0006
0007
0008
0009
0010
0011
0012
0013
0014
0015
0000
CANDIDATE_END S07_flat_loop_rich_C01 valid=True reasons=[]
CANDIDATE_START S07_flat_loop_rich_C02
0000
0001
0002
0003
0004
0005
0006
0007
0008
0009
0010
0011
0012
0013
0000
0001
0002
0003
0004
0005
0006
0007
0008
0009
0010
0011
0012
0013
0014
0015
0016
0017
0018
0019
0020
0021
0022
0023
0024
0025
0026
0027
0028
0029
0030
0031
0032
0033
0034
0035
0036
0037
0038
0039
0040
0041
0042
0043
0044
0045
0000
0001
0002
0003
0004
0005
0006
0007
0008
0009
0010
0011
0012
0013
0000
0001
0002
0003
0004
0005
0006
0007
0008
0009
0010
0011
0012
0013
0014
0015
0016
0017
0018
0019
0020
0021
0022
0023
0024
0025
0026
0027
0028
0029
0030
0031
0032
0033
0034
0035
0036
0037
0038
0039
0040
0041
0042
0043
0044
0045
CANDIDATE_END S07_flat_loop_rich_C02 valid=False reasons=['exact_connector_cycle_rank']
CANDIDATE_START S07_flat_loop_rich_C03
0000
0001
0002
0003
0004
0005
0006
0007
0008
0009
0010
0011
0012
0013
0014
0015
0016
0017
0018
0019
0020
0021
0022
0023
0024
0025
0026
0027
0000
0001
0002
0003
0004
0005
0006
0007
0008
0009
0010
0011
0012
0013
0014
0015
0016
0017
0018
0019
0020
0021
0022
0023
0024
0025
0026
0027
0028
0029
0030
0031
0032
0033
0034
0035
0036
0037
0038
0039
0040
0041
0042
0043
0044
0045
0046
0047
0048
0049
0050
0051
0052
0053
0054
0055
0056
0057
0058
0059
0060
0061
0062
0063
0000
0001
0002
0003
0004
0005
0006
0007
0008
0009
0010
0011
0012
0013
0014
0015
0016
0017
0018
0019
0020
0021
0022
0023
0024
0025
0026
0027
0000
0001
0002
0003
0004
0005
0006
0007
0008
0009
0010
0011
0012
0013
0014
0015
0016
0017
0018
0019
0020
0021
0022
0023
0024
0025
0026
0027
0028
0029
0030
0031
0032
0033
0034
0035
0036
0037
0038
0039
0040
0041
0042
0043
0044
0045
0046
0047
0048
0049
0050
0051
0052
0053
0054
0055
0056
0057
0058
0059
0060
0061
0062
0063
CANDIDATE_END S07_flat_loop_rich_C03 valid=True reasons=[]
CANDIDATE_START S07_flat_loop_rich_C04
0000
0001
0002
0003
0004
0005
0000
0001
0002
0003
0004
0005
0006
0007
0008
0009
0010
0011
0012
0013
0014
0015
0000
0001
0002
0003
0004
0005
0000
0001
0002
0003
0004
0005
0006
0007
0008
0009
0010
0011
0012
0013
0014
0015
CANDIDATE_END S07_flat_loop_rich_C04 valid=False reasons=['exact_connector_cycle_rank']
CANDIDATE_START S07_flat_loop_rich_C05
0000
0001
0002
0003
0004
0005
0006
0007
0008
0009
0010
0000
0001
0002
0003
0004
0005
0000
0001
0002
0003
0004
0005
0006
0007
0008
0009
0010
0000
0001
0002
0003
0004
0005
CANDIDATE_END S07_flat_loop_rich_C05 valid=True reasons=[]
CANDIDATE_START S07_flat_loop_rich_C06
0000
0001
0002
0003
0004
0005
0006
0007
0000
0001
0002
0003
0004
0005
0006
0007
0008
0009
0010
0011
0012
0013
0014
0015
0016
0017
0018
0019
0020
0021
0022
0023
0024
0025
0026
0027
0028
0029
0030
0031
0032
0033
0034
0035
0036
0037
0038
0039
0040
0000
0001
0002
0003
0004
0005
0006
0007
0000
0001
0002
0003
0004
0005
0006
0007
0008
0009
0010
0011
0012
0013
0014
0015
0016
0017
0018
0019
0020
0021
0022
0023
0024
0025
0026
0027
0028
0029
0030
0031
0032
0033
0034
0035
0036
0037
0038
0039
0040
CANDIDATE_END S07_flat_loop_rich_C06 valid=True reasons=[]
CANDIDATE_START S07_flat_loop_rich_C07
0000
0001
0002
0003
0004
0005
0006
0007
0008
0009
0010
0011
0012
0013
0000
0000
0001
0002
0003
0004
0005
0006
0007
0008
0009
0010
0011
0012
0013
0000
CANDIDATE_END S07_flat_loop_rich_C07 valid=False reasons=['exact_connector_cycle_rank']
CANDIDATE_START S07_flat_loop_rich_C08
0000
0001
0002
0003
0004
0005
0006
0007
0008
0009
0010
0011
0012
0013
0014
0015
0016
0017
0018
0019
0020
0021
0022
0023
0024
0025
0026
0027
0028
0029
0030
0031
0032
0033
0034
0035
0036
0037
0038
0039
0040
0041
0042
0043
0044
0045
0046
0047
0048
0049
0050
0051
0052
0053
0054
0055
0056
0057
0058
0059
0060
0061
0062
0063
0064
0065
0066
0067
0068
0069
0070
0071
0072
0073
0074
0075
0076
0077
0078
0079
0080
0081
0082
0083
0084
0085
0086
0087
0088
0089
0090
0091
0092
0093
0094
0095
0096
0097
0098
0099
0000
0001
0002
0003
0004
0005
0006
0007
0008
0009
0010
0011
0012
0013
0014
0015
0016
0000
0001
0002
0003
0004
0005
0006
0007
0008
0009
0010
0011
0012
0013
0014
0015
0016
0017
0018
0019
0020
0021
0022
0023
0024
0025
0026
0027
0028
0029
0030
0031
0032
0033
0034
0035
0036
0037
0000
0001
0002
0003
0004
0005
0006
0007
0008
0009
0010
0011
0012
0013
0014
0015
0016
0017
0018
0019
0020
0021
0022
0023
0024
0025
0026
0027
0028
0029
0030
0031
0032
0033
0034
0035
0036
0037
0038
0039
0040
0041
0042
0043
0044
0045
0046
0047
0048
0049
0050
0051
0052
0053
0054
0055
0056
0057
0058
0059
0060
0061
0062
0063
0064
0065
0066
0067
0068
0069
0070
0071
0072
0073
0074
0075
0076
0077
0078
0079
0080
0081
0082
0083
0084
0085
0086
0087
0088
0089
0090
0091
0092
0093
0094
0095
0096
0097
0098
0099
0000
0001
0002
0003
0004
0005
0006
0007
0008
0009
0010
0011
0012
0013
0014
0015
0016
0000
0001
0002
0003
0004
0005
0006
0007
0008
0009
0010
0011
0012
0013
0014
0015
0016
0017
0018
0019
0020
0021
0022
0023
0024
0025
0026
0027
0028
0029
0030
0031
0032
0033
0034
0035
0036
0037
CANDIDATE_END S07_flat_loop_rich_C08 valid=True reasons=[]
CANDIDATE_START S07_flat_loop_rich_C09
0000
0001
0002
0003
0004
0005
0006
0007
0008
0000
0001
0002
0000
0001
0002
0003
0004
0005
0006
0007
0008
0000
0001
0002
CANDIDATE_END S07_flat_loop_rich_C09 valid=True reasons=[]
CANDIDATE_START S07_flat_loop_rich_C10
0000
0001
0002
0003
0004
0005
0006
0007
0008
0009
0000
0001
0002
0000
0001
0002
0003
0004
0005
0006
0007
0008
0009
0000
0001
0002
CANDIDATE_END S07_flat_loop_rich_C10 valid=True reasons=[]
CANDIDATE_START S07_flat_loop_rich_C11
0000
0001
0002
0003
0004
0000
0000
0001
0002
0003
0004
0000
CANDIDATE_END S07_flat_loop_rich_C11 valid=True reasons=[]
CANDIDATE_START S07_flat_loop_rich_C12
0000
0001
0002
0003
0004
0005
0006
0007
0000
0001
0002
0003
0004
0005
0006
0007
0008
0009
0010
0011
0012
0013
0014
0015
0016
0017
0018
0019
0020
0021
0022
0023
0024
0025
0026
0000
0001
0002
0003
0004
0005
0006
0007
0000
0001
0002
0003
0004
0005
0006
0007
0008
0009
0010
0011
0012
0013
0014
0015
0016
0017
0018
0019
0020
0021
0022
0023
0024
0025
0026
CANDIDATE_END S07_flat_loop_rich_C12 valid=True reasons=[]
CANDIDATE_START S08_3d_loop_rich_C01
0000
0001
0002
0000
0001
0002
0003
0004
0005
0006
0007
0008
0009
0010
0011
0000
0001
0002
0000
0001
0002
0003
0004
0005
0006
0007
0008
0009
0010
0011
CANDIDATE_END S08_3d_loop_rich_C01 valid=True reasons=[]
CANDIDATE_START S08_3d_loop_rich_C02
0000
0001
0002
0003
0004
0005
0006
0007
0008
0009
0010
0011
0012
0013
0014
0015
0016
0000
0001
0002
0003
0004
0005
0006
0007
0000
0001
0002
0003
0004
0005
0006
0007
0008
0009
0010
0011
0012
0013
0014
0015
0016
0000
0001
0002
0003
0004
0005
0006
0007
CANDIDATE_END S08_3d_loop_rich_C02 valid=True reasons=[]
CANDIDATE_START S08_3d_loop_rich_C03
0000
0001
0002
0003
0000
0001
0002
0003
0004
0005
0006
0007
0008
0009
0010
0011
0012
0013
0014
0015
0016
0017
0018
0019
0020
0021
0022
0023
0024
0025
0026
0027
0028
0029
0030
0031
0032
0033
0034
0035
0036
0037
0038
0039
0040
0041
0042
0043
0000
0001
0002
0003
0000
0001
0002
0003
0004
0005
0006
0007
0008
0009
0010
0011
0012
0013
0014
0015
0016
0017
0018
0019
0020
0021
0022
0023
0024
0025
0026
0027
0028
0029
0030
0031
0032
0033
0034
0035
0036
0037
0038
0039
0040
0041
0042
0043
CANDIDATE_END S08_3d_loop_rich_C03 valid=True reasons=[]
CANDIDATE_START S08_3d_loop_rich_C04
0000
0001
0002
0003
0004
0005
0006
0007
0008
0009
0010
0011
0012
0013
0014
0015
0016
0017
0018
0019
0020
0021
0022
0023
0024
0025
0026
0027
0028
0029
0030
0000
0001
0002
0003
0004
0005
0006
0007
0008
0009
0010
0011
0012
0013
0014
0015
0016
0017
0018
0019
0020
0021
0022
0023
0024
0025
0026
0027
0028
0029
0030
0031
0032
0033
0034
0035
0036
0037
0038
0039
0040
0041
0042
0043
0044
0045
0046
0047
0048
0049
0050
0051
0052
0053
0054
0055
0056
0057
0058
0059
0060
0061
0062
0063
0064
0065
0066
0067
0068
0000
0001
0002
0003
0004
0005
0006
0007
0008
0009
0010
0011
0012
0013
0014
0015
0016
0017
0018
0019
0020
0021
0022
0023
0024
0025
0026
0027
0028
0029
0030
0000
0001
0002
0003
0004
0005
0006
0007
0008
0009
0010
0011
0012
0013
0014
0015
0016
0017
0018
0019
0020
0021
0022
0023
0024
0025
0026
0027
0028
0029
0030
0031
0032
0033
0034
0035
0036
0037
0038
0039
0040
0041
0042
0043
0044
0045
0046
0047
0048
0049
0050
0051
0052
0053
0054
0055
0056
0057
0058
0059
0060
0061
0062
0063
0064
0065
0066
0067
0068
CANDIDATE_END S08_3d_loop_rich_C04 valid=True reasons=[]
CANDIDATE_START S08_3d_loop_rich_C05
0000
0001
0002
0003
0004
0005
0000
0001
0002
0003
0004
0005
0006
0007
0000
0001
0002
0003
0004
0005
0000
0001
0002
0003
0004
0005
0006
0007
CANDIDATE_END S08_3d_loop_rich_C05 valid=True reasons=[]
CANDIDATE_START S08_3d_loop_rich_C06
0000
0001
0002
0003
0004
0005
0006
0007
0008
0009
0010
0011
0012
0013
0014
0015
0016
0017
0018
0019
0020
0021
0000
0001
0002
0003
0004
0005
0006
0007
0008
0009
0010
0011
0012
0013
0014
0015
0016
0017
0018
0019
0020
0021
0022
0023
0024
0025
0026
0027
0028
0029
0030
0031
0032
0033
0034
0035
0036
0037
0038
0039
0040
0041
0042
0043
0044
0045
0046
0047
0048
0049
0050
0051
0052
0053
0054
0055
0000
0001
0002
0003
0004
0005
0006
0007
0008
0009
0010
0011
0012
0013
0014
0015
0016
0017
0018
0019
0020
0021
0000
0001
0002
0003
0004
0005
0006
0007
0008
0009
0010
0011
0012
0013
0014
0015
0016
0017
0018
0019
0020
0021
0022
0023
0024
0025
0026
0027
0028
0029
0030
0031
0032
0033
0034
0035
0036
0037
0038
0039
0040
0041
0042
0043
0044
0045
0046
0047
0048
0049
0050
0051
0052
0053
0054
0055
CANDIDATE_END S08_3d_loop_rich_C06 valid=True reasons=[]
CANDIDATE_START S08_3d_loop_rich_C07
0000
0001
0000
0001
0002
0003
0004
0005
0006
0000
0001
0000
0001
0002
0003
0004
0005
0006
CANDIDATE_END S08_3d_loop_rich_C07 valid=True reasons=[]
CANDIDATE_START S08_3d_loop_rich_C08
0000
0001
0002
0003
0004
0005
0006
0007
0008
0009
0010
0011
0012
0013
0014
0000
0001
0002
0003
0004
0005
0006
0007
0008
0009
0010
0011
0012
0013
0000
0001
0002
0003
0004
0005
0006
0007
0008
0009
0010
0011
0012
0013
0014
0000
0001
0002
0003
0004
0005
0006
0007
0008
0009
0010
0011
0012
0013
CANDIDATE_END S08_3d_loop_rich_C08 valid=True reasons=[]
CANDIDATE_START S08_3d_loop_rich_C09
0000
0000
0001
0000
0000
0001
CANDIDATE_END S08_3d_loop_rich_C09 valid=True reasons=[]
CANDIDATE_START S08_3d_loop_rich_C10
0000
0001
0002
0003
0004
0005
0006
0007
0008
0009
0010
0011
0012
0013
0014
0000
0001
0002
0003
0004
0005
0006
0007
0008
0009
0010
0000
0001
0002
0003
0004
0005
0006
0007
0008
0009
0010
0011
0012
0013
0014
0000
0001
0002
0003
0004
0005
0006
0007
0008
0009
0010
CANDIDATE_END S08_3d_loop_rich_C10 valid=True reasons=[]
CANDIDATE_START S08_3d_loop_rich_C11
0000
0001
0002
0003
0004
0005
0006
0007
0008
0009
0010
0011
0012
0013
0014
0015
0016
0017
0018
0019
0020
0021
0022
0023
0024
0025
0026
0027
0028
0029
0000
0001
0002
0003
0004
0000
0001
0002
0003
0004
0005
0006
0007
0008
0009
0010
0011
0012
0013
0014
0015
0016
0017
0018
0019
0020
0021
0022
0023
0024
0025
0026
0027
0028
0029
0000
0001
0002
0003
0004
CANDIDATE_END S08_3d_loop_rich_C11 valid=True reasons=[]
CANDIDATE_START S08_3d_loop_rich_C12
0000
0001
0002
0003
0004
0005
0006
0007
0008
0009
0010
0011
0012
0013
0014
0015
0016
0017
0018
0019
0020
0021
0022
0023
0024
0025
0026
0027
0028
0000
0001
0000
0001
0002
0003
0004
0005
0006
0007
0008
0009
0010
0011
0012
0013
0014
0015
0016
0017
0018
0019
0020
0021
0022
0023
0024
0025
0026
0027
0028
0000
0001
CANDIDATE_END S08_3d_loop_rich_C12 valid=True reasons=[]
CANDIDATE_START S09_flat_complex_C01
0000
0001
0002
0003
0004
0005
0006
0007
0000
0001
0002
0000
0001
0002
0000
0001
0002
0003
0004
0005
0006
0007
0000
0001
0002
0000
0001
0002
CANDIDATE_END S09_flat_complex_C01 valid=True reasons=[]
CANDIDATE_START S09_flat_complex_C02
0000
0001
0002
0003
0004
0005
0006
0007
0008
0009
0010
0011
0012
0013
0014
0015
0016
0017
0000
0001
0002
0003
0004
0005
0006
0007
0008
0009
0010
0011
0012
0013
0014
0015
0016
0017
0018
0019
0020
0021
0022
0023
0024
0025
0026
0027
0028
0029
0030
0031
0032
0033
0034
0035
0036
0037
0038
0039
0040
0041
0042
0043
0044
0045
0046
0047
0048
0049
0050
0051
0052
0053
0054
0000
0001
0002
0003
0004
0005
0006
0007
0000
0001
0002
0003
0004
0005
0006
0007
0008
0009
0010
0011
0012
0013
0014
0015
0016
0017
0000
0001
0002
0003
0004
0005
0006
0007
0008
0009
0010
0011
0012
0013
0014
0015
0016
0017
0018
0019
0020
0021
0022
0023
0024
0025
0026
0027
0028
0029
0030
0031
0032
0033
0034
0035
0036
0037
0038
0039
0040
0041
0042
0043
0044
0045
0046
0047
0048
0049
0050
0051
0052
0053
0054
0000
0001
0002
0003
0004
0005
0006
0007
CANDIDATE_END S09_flat_complex_C02 valid=True reasons=[]
CANDIDATE_START S09_flat_complex_C03
0000
0001
0002
0003
0004
0005
0000
0001
0002
0003
0004
0005
0000
0001
0002
0003
0004
0005
0006
0007
0008
0009
0010
0011
0012
0013
0014
0015
0016
0000
0001
0002
0003
0004
0005
0000
0001
0002
0003
0004
0005
0000
0001
0002
0003
0004
0005
0006
0007
0008
0009
0010
0011
0012
0013
0014
0015
0016
CANDIDATE_END S09_flat_complex_C03 valid=True reasons=[]
CANDIDATE_START S09_flat_complex_C04
0000
0001
0002
0000
0001
0002
0003
0004
0005
0006
0007
0008
0009
0010
0011
0012
0013
0014
0015
0000
0001
0002
0003
0004
0005
0006
0007
0008
0009
0010
0011
0012
0013
0014
0015
0016
0017
0018
0019
0020
0021
0022
0023
0024
0025
0026
0027
0028
0029
0030
0031
0032
0033
0034
0035
0036
0037
0038
0039
0040
0041
0042
0000
0001
0002
0000
0001
0002
0003
0004
0005
0006
0007
0008
0009
0010
0011
0012
0013
0014
0015
0000
0001
0002
0003
0004
0005
0006
0007
0008
0009
0010
0011
0012
0013
0014
0015
0016
0017
0018
0019
0020
0021
0022
0023
0024
0025
0026
0027
0028
0029
0030
0031
0032
0033
0034
0035
0036
0037
0038
0039
0040
0041
0042
CANDIDATE_END S09_flat_complex_C04 valid=True reasons=[]
CANDIDATE_START S09_flat_complex_C05
0000
0001
0002
0003
0004
0005
0006
0007
0008
0009
0010
0011
0012
0013
0014
0015
0016
0017
0018
0019
0020
0021
0022
0023
0024
0025
0026
0027
0028
0029
0030
0031
0032
0033
0000
0001
0002
0003
0004
0005
0006
0007
0008
0009
0010
0011
0012
0013
0014
0015
0016
0017
0018
0019
0020
0021
0022
0023
0024
0025
0026
0027
0028
0029
0030
0031
0032
0033
0034
0035
0036
0037
0038
0039
0040
0041
0042
0043
0044
0045
0046
0047
0048
0049
0050
0051
0052
0053
0054
0055
0056
0057
0058
0059
0060
0061
0062
0063
0064
0065
0066
0067
0068
0069
0070
0071
0072
0073
0074
0075
0076
0077
0078
0079
0080
0081
0082
0083
0084
0085
0086
0087
0088
0089
0090
0091
0092
0093
0094
0095
0096
0097
0098
0099
0000
0001
0002
0003
0004
0005
0006
0007
0008
0009
0010
0011
0012
0013
0014
0015
0016
0017
0018
0019
0020
0021
0022
0023
0024
0025
0026
0027
0028
0029
0030
0031
0032
0033
0034
0035
0036
0037
0038
0039
0040
0041
0042
0043
0044
0045
0046
0047
0048
0049
0050
0051
0052
0053
0054
0055
0056
0057
0058
0059
0060
0061
0062
0063
0064
0065
0066
0067
0068
0069
0070
0071
0072
0073
0074
0075
0076
0077
0078
0079
0080
0081
0082
0083
0084
0085
0086
0087
0088
0089
0090
0091
0092
0093
0094
0095
0000
0001
0002
0003
0004
0000
0001
0002
0003
0004
0005
0006
0007
0008
0009
0010
0011
0012
0013
0014
0015
0016
0017
0018
0019
0020
0021
0022
0023
0024
0025
0026
0027
0028
0029
0030
0031
0032
0033
0000
0001
0002
0003
0004
0005
0006
0007
0008
0009
0010
0011
0012
0013
0014
0015
0016
0017
0018
0019
0020
0021
0022
0023
0024
0025
0026
0027
0028
0029
0030
0031
0032
0033
0034
0035
0036
0037
0038
0039
0040
0041
0042
0043
0044
0045
0046
0047
0048
0049
0050
0051
0052
0053
0054
0055
0056
0057
0058
0059
0060
0061
0062
0063
0064
0065
0066
0067
0068
0069
0070
0071
0072
0073
0074
0075
0076
0077
0078
0079
0080
0081
0082
0083
0084
0085
0086
0087
0088
0089
0090
0091
0092
0093
0094
0095
0096
0097
0098
0099
0000
0001
0002
0003
0004
0005
0006
0007
0008
0009
0010
0011
0012
0013
0014
0015
0016
0017
0018
0019
0020
0021
0022
0023
0024
0025
0026
0027
0028
0029
0030
0031
0032
0033
0034
0035
0036
0037
0038
0039
0040
0041
0042
0043
0044
0045
0046
0047
0048
0049
0050
0051
0052
0053
0054
0055
0056
0057
0058
0059
0060
0061
0062
0063
0064
0065
0066
0067
0068
0069
0070
0071
0072
0073
0074
0075
0076
0077
0078
0079
0080
0081
0082
0083
0084
0085
0086
0087
0088
0089
0090
0091
0092
0093
0094
0095
0000
0001
0002
0003
0004
CANDIDATE_END S09_flat_complex_C05 valid=True reasons=[]
CANDIDATE_START S09_flat_complex_C06
0000
0001
0002
0003
0004
0005
0006
0007
0008
0009
0010
0011
0012
0013
0014
0015
0016
0017
0000
0001
0002
0003
0004
0005
0006
0007
0008
0009
0010
0011
0012
0013
0014
0015
0016
0017
0018
0019
0020
0021
0022
0023
0024
0025
0026
0027
0028
0029
0030
0031
0000
0001
0002
0003
0004
0005
0006
0007
0008
0009
0010
0011
0012
0013
0014
0015
0016
0017
0018
0019
0020
0021
0022
0023
0024
0025
0026
0027
0028
0029
0030
0031
0032
0033
0034
0035
0036
0000
0001
0002
0003
0004
0005
0006
0007
0008
0009
0010
0011
0012
0013
0014
0015
0016
0017
0000
0001
0002
0003
0004
0005
0006
0007
0008
0009
0010
0011
0012
0013
0014
0015
0016
0017
0018
0019
0020
0021
0022
0023
0024
0025
0026
0027
0028
0029
0030
0031
0000
0001
0002
0003
0004
0005
0006
0007
0008
0009
0010
0011
0012
0013
0014
0015
0016
0017
0018
0019
0020
0021
0022
0023
0024
0025
0026
0027
0028
0029
0030
0031
0032
0033
0034
0035
0036
CANDIDATE_END S09_flat_complex_C06 valid=True reasons=[]
CANDIDATE_START S09_flat_complex_C07
0000
0001
0002
0003
0004
0005
0000
0000
0001
0002
0003
0004
0005
0006
0007
0008
0009
0010
0011
0012
0013
0014
0015
0016
0017
0018
0019
0020
0021
0022
0023
0024
0025
0026
0027
0028
0029
0030
0031
0032
0033
0034
0035
0036
0037
0038
0039
0040
0041
0042
0043
0044
0045
0046
0047
0048
0049
0050
0051
0052
0053
0054
0055
0056
0057
0058
0059
0060
0061
0062
0063
0064
0065
0066
0067
0000
0001
0002
0003
0004
0005
0000
0000
0001
0002
0003
0004
0005
0006
0007
0008
0009
0010
0011
0012
0013
0014
0015
0016
0017
0018
0019
0020
0021
0022
0023
0024
0025
0026
0027
0028
0029
0030
0031
0032
0033
0034
0035
0036
0037
0038
0039
0040
0041
0042
0043
0044
0045
0046
0047
0048
0049
0050
0051
0052
0053
0054
0055
0056
0057
0058
0059
0060
0061
0062
0063
0064
0065
0066
0067
CANDIDATE_END S09_flat_complex_C07 valid=True reasons=[]
CANDIDATE_START S09_flat_complex_C08
0000
0001
0000
0001
0002
0003
0004
0005
0006
0007
0008
0009
0010
0011
0012
0013
0014
0015
0016
0017
0018
0019
0020
0021
0022
0023
0024
0025
0026
0027
0028
0029
0030
0031
0032
0033
0034
0035
0036
0037
0038
0039
0040
0041
0042
0043
0044
0045
0046
0047
0048
0049
0050
0051
0052
0053
0054
0055
0056
0057
0058
0000
0001
0002
0003
0004
0000
0001
0000
0001
0002
0003
0004
0005
0006
0007
0008
0009
0010
0011
0012
0013
0014
0015
0016
0017
0018
0019
0020
0021
0022
0023
0024
0025
0026
0027
0028
0029
0030
0031
0032
0033
0034
0035
0036
0037
0038
0039
0040
0041
0042
0043
0044
0045
0046
0047
0048
0049
0050
0051
0052
0053
0054
0055
0056
0057
0058
0000
0001
0002
0003
0004
CANDIDATE_END S09_flat_complex_C08 valid=True reasons=[]
CANDIDATE_START S09_flat_complex_C09
0000
0001
0002
0003
0000
0001
0002
0003
0004
0005
0006
0007
0008
0009
0010
0011
0012
0013
0014
0015
0016
0017
0018
0019
0020
0021
0022
0023
0024
0025
0026
0027
0028
0029
0030
0031
0032
0033
0034
0035
0036
0037
0038
0039
0040
0041
0042
0043
0044
0045
0046
0047
0048
0049
0050
0051
0052
0053
0054
0055
0056
0057
0058
0059
0060
0061
0062
0063
0064
0065
0066
0067
0068
0069
0070
0071
0072
0073
0074
0075
0076
0077
0078
0079
0080
0081
0082
0083
0084
0085
0086
0087
0088
0089
0090
0091
0092
0093
0094
0095
0096
0097
0098
0099
0000
0001
0002
0003
0004
0005
0006
0007
0008
0009
0010
0011
0012
0013
0014
0015
0016
0000
0001
0002
0003
0004
0005
0006
0007
0008
0000
0001
0002
0003
0000
0001
0002
0003
0004
0005
0006
0007
0008
0009
0010
0011
0012
0013
0014
0015
0016
0017
0018
0019
0020
0021
0022
0023
0024
0025
0026
0027
0028
0029
0030
0031
0032
0033
0034
0035
0036
0037
0038
0039
0040
0041
0042
0043
0044
0045
0046
0047
0048
0049
0050
0051
0052
0053
0054
0055
0056
0057
0058
0059
0060
0061
0062
0063
0064
0065
0066
0067
0068
0069
0070
0071
0072
0073
0074
0075
0076
0077
0078
0079
0080
0081
0082
0083
0084
0085
0086
0087
0088
0089
0090
0091
0092
0093
0094
0095
0096
0097
0098
0099
0000
0001
0002
0003
0004
0005
0006
0007
0008
0009
0010
0011
0012
0013
0014
0015
0016
0000
0001
0002
0003
0004
0005
0006
0007
0008
CANDIDATE_END S09_flat_complex_C09 valid=True reasons=[]
CANDIDATE_START S09_flat_complex_C10
0000
0001
0002
0003
0004
0005
0000
0001
0002
0003
0004
0005
0006
0007
0008
0009
0010
0011
0012
0013
0014
0015
0016
0017
0018
0000
0001
0002
0003
0004
0005
0006
0007
0008
0009
0010
0011
0012
0013
0014
0015
0000
0001
0002
0003
0004
0005
0000
0001
0002
0003
0004
0005
0006
0007
0008
0009
0010
0011
0012
0013
0014
0015
0016
0017
0018
0000
0001
0002
0003
0004
0005
0006
0007
0008
0009
0010
0011
0012
0013
0014
0015
CANDIDATE_END S09_flat_complex_C10 valid=False reasons=['exact_connector_cycle_rank']
CANDIDATE_START S09_flat_complex_C11
0000
0001
0002
0003
0004
0005
0000
0001
0002
0003
0004
0005
0006
0007
0008
0009
0010
0011
0012
0013
0014
0015
0016
0017
0018
0019
0020
0021
0022
0023
0024
0025
0026
0027
0028
0029
0030
0031
0032
0033
0034
0035
0036
0037
0038
0039
0000
0001
0002
0003
0004
0000
0001
0002
0003
0004
0005
0000
0001
0002
0003
0004
0005
0006
0007
0008
0009
0010
0011
0012
0013
0014
0015
0016
0017
0018
0019
0020
0021
0022
0023
0024
0025
0026
0027
0028
0029
0030
0031
0032
0033
0034
0035
0036
0037
0038
0039
0000
0001
0002
0003
0004
CANDIDATE_END S09_flat_complex_C11 valid=False reasons=['exact_connector_cycle_rank']
CANDIDATE_START S09_flat_complex_C12
0000
0001
0002
0003
0004
0005
0006
0007
0008
0009
0010
0011
0012
0013
0014
0015
0016
0017
0018
0019
0020
0021
0022
0023
0024
0025
0000
0001
0002
0003
0004
0005
0006
0007
0008
0009
0010
0011
0012
0013
0014
0015
0016
0017
0018
0019
0020
0021
0022
0023
0024
0025
0026
0000
0001
0002
0003
0004
0005
0006
0007
0008
0009
0010
0011
0012
0000
0001
0002
0003
0004
0005
0006
0007
0008
0009
0010
0011
0012
0013
0014
0015
0016
0017
0018
0019
0020
0021
0022
0023
0024
0025
0000
0001
0002
0003
0004
0005
0006
0007
0008
0009
0010
0011
0012
0013
0014
0015
0016
0017
0018
0019
0020
0021
0022
0023
0024
0025
0026
0000
0001
0002
0003
0004
0005
0006
0007
0008
0009
0010
0011
0012
CANDIDATE_END S09_flat_complex_C12 valid=True reasons=[]
CANDIDATE_START S10_3d_complex_C01
0000
0001
0002
0003
0004
0005
0006
0007
0008
0009
0010
0011
0012
0013
0014
0015
0016
0017
0018
0019
0020
0021
0000
0001
0002
0003
0004
0005
0006
0007
0000
0001
0002
0000
0001
0002
0003
0004
0005
0006
0007
0008
0009
0010
0011
0012
0013
0014
0015
0016
0017
0018
0019
0020
0021
0000
0001
0002
0003
0004
0005
0006
0007
0000
0001
0002
CANDIDATE_END S10_3d_complex_C01 valid=True reasons=[]
CANDIDATE_START S10_3d_complex_C02
0000
0001
0000
0001
0002
0003
0004
0005
0006
0007
0008
0009
0010
0011
0012
0013
0014
0015
0016
0017
0018
0019
0020
0021
0022
0023
0024
0025
0026
0027
0028
0029
0030
0031
0032
0033
0034
0035
0036
0037
0038
0039
0040
0041
0042
0043
0044
0045
0046
0047
0048
0049
0050
0051
0052
0053
0054
0055
0056
0057
0058
0059
0060
0061
0062
0063
0064
0065
0066
0067
0068
0069
0070
0071
0072
0073
0074
0075
0076
0077
0078
0079
0080
0081
0000
0001
0000
0001
0000
0001
0002
0003
0004
0005
0006
0007
0008
0009
0010
0011
0012
0013
0014
0015
0016
0017
0018
0019
0020
0021
0022
0023
0024
0025
0026
0027
0028
0029
0030
0031
0032
0033
0034
0035
0036
0037
0038
0039
0040
0041
0042
0043
0044
0045
0046
0047
0048
0049
0050
0051
0052
0053
0054
0055
0056
0057
0058
0059
0060
0061
0062
0063
0064
0065
0066
0067
0068
0069
0070
0071
0072
0073
0074
0075
0076
0077
0078
0079
0080
0081
0000
0001
CANDIDATE_END S10_3d_complex_C02 valid=True reasons=[]
CANDIDATE_START S10_3d_complex_C03
0000
0001
0002
0003
0004
0005
0006
0007
0008
0009
0010
0011
0012
0013
0014
0015
0016
0017
0018
0019
0000
0001
0002
0003
0004
0005
0006
0007
0008
0009
0010
0011
0012
0013
0014
0015
0016
0017
0018
0000
0001
0002
0003
0004
0005
0006
0007
0000
0001
0002
0003
0004
0005
0006
0007
0008
0009
0010
0011
0012
0013
0014
0015
0016
0017
0018
0019
0000
0001
0002
0003
0004
0005
0006
0007
0008
0009
0010
0011
0012
0013
0014
0015
0016
0017
0018
0000
0001
0002
0003
0004
0005
0006
0007
CANDIDATE_END S10_3d_complex_C03 valid=True reasons=[]
CANDIDATE_START S10_3d_complex_C04
0000
0001
0002
0003
0004
0005
0006
0007
0008
0009
0010
0000
0000
0000
0001
0002
0003
0004
0005
0006
0007
0008
0009
0010
0000
0000
CANDIDATE_END S10_3d_complex_C04 valid=True reasons=[]
CANDIDATE_START S10_3d_complex_C05
0000
0001
0002
0003
0004
0005
0006
0007
0008
0009
0010
0011
0012
0013
0014
0015
0016
0017
0018
0019
0020
0021
0022
0023
0024
0025
0026
0000
0001
0002
0003
0004
0005
0006
0007
0008
0009
0010
0011
0012
0013
0014
0000
0001
0002
0003
0004
0005
0006
0007
0008
0009
0010
0011
0012
0013
0014
0015
0016
0017
0018
0019
0020
0021
0022
0023
0024
0025
0026
0027
0028
0029
0030
0031
0032
0033
0034
0035
0036
0037
0038
0039
0040
0041
0042
0043
0044
0045
0046
0047
0000
0001
0002
0003
0004
0005
0006
0007
0008
0009
0010
0011
0012
0013
0014
0015
0016
0017
0018
0019
0020
0021
0022
0023
0024
0025
0026
0000
0001
0002
0003
0004
0005
0006
0007
0008
0009
0010
0011
0012
0013
0014
0000
0001
0002
0003
0004
0005
0006
0007
0008
0009
0010
0011
0012
0013
0014
0015
0016
0017
0018
0019
0020
0021
0022
0023
0024
0025
0026
0027
0028
0029
0030
0031
0032
0033
0034
0035
0036
0037
0038
0039
0040
0041
0042
0043
0044
0045
0046
0047
CANDIDATE_END S10_3d_complex_C05 valid=True reasons=[]
CANDIDATE_START S10_3d_complex_C06
0000
0001
0000
0001
0002
0003
0004
0005
0006
0007
0008
0009
0010
0011
0012
0000
0001
0000
0001
0000
0001
0002
0003
0004
0005
0006
0007
0008
0009
0010
0011
0012
0000
0001
CANDIDATE_END S10_3d_complex_C06 valid=True reasons=[]
CANDIDATE_START S10_3d_complex_C07
0000
0001
0002
0003
0004
0005
0006
0007
0008
0009
0010
0000
0001
0002
0003
0004
0005
0006
0007
0008
0000
0001
0002
0003
0004
0005
0000
0001
0002
0003
0004
0005
0006
0007
0008
0009
0010
0000
0001
0002
0003
0004
0005
0006
0007
0008
0000
0001
0002
0003
0004
0005
CANDIDATE_END S10_3d_complex_C07 valid=True reasons=[]
CANDIDATE_START S10_3d_complex_C08
0000
0000
0000
0001
0000
0000
0000
0001
CANDIDATE_END S10_3d_complex_C08 valid=True reasons=[]
CANDIDATE_START S10_3d_complex_C09
0000
0001
0002
0003
0004
0005
0006
0007
0008
0009
0010
0011
0012
0013
0014
0015
0016
0017
0018
0000
0001
0000
0001
0002
0003
0004
0005
0006
0007
0008
0009
0010
0011
0012
0013
0014
0015
0016
0017
0018
0019
0020
0021
0022
0023
0024
0025
0026
0027
0028
0000
0001
0002
0003
0004
0005
0006
0007
0008
0009
0010
0011
0012
0013
0014
0015
0016
0017
0018
0000
0001
0000
0001
0002
0003
0004
0005
0006
0007
0008
0009
0010
0011
0012
0013
0014
0015
0016
0017
0018
0019
0020
0021
0022
0023
0024
0025
0026
0027
0028
CANDIDATE_END S10_3d_complex_C09 valid=True reasons=[]
CANDIDATE_START S10_3d_complex_C10
0000
0001
0002
0003
0004
0005
0006
0007
0008
0000
0001
0002
0003
0004
0005
0006
0007
0000
0001
0002
0000
0001
0002
0003
0004
0005
0006
0007
0008
0000
0001
0002
0003
0004
0005
0006
0007
0000
0001
0002
CANDIDATE_END S10_3d_complex_C10 valid=True reasons=[]
CANDIDATE_START S10_3d_complex_C11
0000
0001
0002
0003
0004
0005
0006
0007
0008
0009
0010
0011
0012
0013
0014
0015
0016
0017
0018
0019
0000
0001
0002
0003
0000
0001
0002
0003
0004
0005
0006
0007
0008
0009
0000
0001
0002
0003
0004
0005
0006
0007
0008
0009
0010
0011
0012
0013
0014
0015
0016
0017
0018
0019
0000
0001
0002
0003
0000
0001
0002
0003
0004
0005
0006
0007
0008
0009
CANDIDATE_END S10_3d_complex_C11 valid=True reasons=[]
CANDIDATE_START S10_3d_complex_C12
0000
0001
0002
0003
0004
0005
0006
0007
0000
0001
0002
0003
0004
0005
0006
0007
0008
0009
0010
0011
0012
0013
0014
0015
0016
0017
0018
0019
0020
0021
0022
0023
0024
0025
0026
0027
0028
0029
0000
0000
0001
0002
0003
0004
0005
0006
0007
0000
0001
0002
0003
0004
0005
0006
0007
0008
0009
0010
0011
0012
0013
0014
0015
0016
0017
0018
0019
0020
0021
0022
0023
0024
0025
0026
0027
0028
0029
0000
CANDIDATE_END S10_3d_complex_C12 valid=True reasons=[]
{
  "schema_version": "cano_100_topology_parent_candidate_audit_summary_v1",
  "method_id": "v2_bounded_parameter_resampling_exact_cycle_rank",
  "overall_status": "FAIL_CANO_100_TOPOLOGY_PARENT_CANDIDATE_AUDIT",
  "scope": {
    "candidate_topology_constructions": 120,
    "same_seed_topology_replays_attempted": 120,
    "retained_topology_parents": 99,
    "train_parents": 80,
    "validation_parents": 10,
    "development_test_parents": 9,
    "meshes": 0,
    "anchors": 0,
    "lidar_observations": 0,
    "rays": 0,
    "teacher_labels": 0,
    "formal_dataset_samples": 0,
    "training_samples": 0,
    "models": 0,
    "trajectories": 0,
    "mtare_changes": 0
  },
  "strata": {
    "S01_flat_tree_small": {
      "candidate_count": 12,
      "valid_count": 11,
      "invalid_count": 1,
      "retained_count": 10,
      "retained_candidate_ids": [
        "S01_flat_tree_small_C01",
        "S01_flat_tree_small_C02",
        "S01_flat_tree_small_C03",
        "S01_flat_tree_small_C04",
        "S01_flat_tree_small_C05",
        "S01_flat_tree_small_C06",
        "S01_flat_tree_small_C07",
        "S01_flat_tree_small_C09",
        "S01_flat_tree_small_C10",
        "S01_flat_tree_small_C11"
      ],
      "passed_minimum_valid_count": true
    },
    "S02_3d_tree_small": {
      "candidate_count": 12,
      "valid_count": 12,
      "invalid_count": 0,
      "retained_count": 10,
      "retained_candidate_ids": [
        "S02_3d_tree_small_C01",
        "S02_3d_tree_small_C02",
        "S02_3d_tree_small_C03",
        "S02_3d_tree_small_C04",
        "S02_3d_tree_small_C05",
        "S02_3d_tree_small_C06",
        "S02_3d_tree_small_C07",
        "S02_3d_tree_small_C08",
        "S02_3d_tree_small_C09",
        "S02_3d_tree_small_C10"
      ],
      "passed_minimum_valid_count": true
    },
    "S03_flat_unicyclic_small": {
      "candidate_count": 12,
      "valid_count": 12,
      "invalid_count": 0,
      "retained_count": 10,
      "retained_candidate_ids": [
        "S03_flat_unicyclic_small_C01",
        "S03_flat_unicyclic_small_C02",
        "S03_flat_unicyclic_small_C03",
        "S03_flat_unicyclic_small_C04",
        "S03_flat_unicyclic_small_C05",
        "S03_flat_unicyclic_small_C06",
        "S03_flat_unicyclic_small_C07",
        "S03_flat_unicyclic_small_C08",
        "S03_flat_unicyclic_small_C09",
        "S03_flat_unicyclic_small_C10"
      ],
      "passed_minimum_valid_count": true
    },
    "S04_3d_unicyclic_small": {
      "candidate_count": 12,
      "valid_count": 12,
      "invalid_count": 0,
      "retained_count": 10,
      "retained_candidate_ids": [
        "S04_3d_unicyclic_small_C01",
        "S04_3d_unicyclic_small_C02",
        "S04_3d_unicyclic_small_C03",
        "S04_3d_unicyclic_small_C04",
        "S04_3d_unicyclic_small_C05",
        "S04_3d_unicyclic_small_C06",
        "S04_3d_unicyclic_small_C07",
        "S04_3d_unicyclic_small_C08",
        "S04_3d_unicyclic_small_C09",
        "S04_3d_unicyclic_small_C10"
      ],
      "passed_minimum_valid_count": true
    },
    "S05_flat_branch_medium": {
      "candidate_count": 12,
      "valid_count": 12,
      "invalid_count": 0,
      "retained_count": 10,
      "retained_candidate_ids": [
        "S05_flat_branch_medium_C01",
        "S05_flat_branch_medium_C02",
        "S05_flat_branch_medium_C03",
        "S05_flat_branch_medium_C04",
        "S05_flat_branch_medium_C05",
        "S05_flat_branch_medium_C06",
        "S05_flat_branch_medium_C07",
        "S05_flat_branch_medium_C08",
        "S05_flat_branch_medium_C09",
        "S05_flat_branch_medium_C10"
      ],
      "passed_minimum_valid_count": true
    },
    "S06_3d_branch_medium": {
      "candidate_count": 12,
      "valid_count": 12,
      "invalid_count": 0,
      "retained_count": 10,
      "retained_candidate_ids": [
        "S06_3d_branch_medium_C01",
        "S06_3d_branch_medium_C02",
        "S06_3d_branch_medium_C03",
        "S06_3d_branch_medium_C04",
        "S06_3d_branch_medium_C05",
        "S06_3d_branch_medium_C06",
        "S06_3d_branch_medium_C07",
        "S06_3d_branch_medium_C08",
        "S06_3d_branch_medium_C09",
        "S06_3d_branch_medium_C10"
      ],
      "passed_minimum_valid_count": true
    },
    "S07_flat_loop_rich": {
      "candidate_count": 12,
      "valid_count": 9,
      "invalid_count": 3,
      "retained_count": 9,
      "retained_candidate_ids": [
        "S07_flat_loop_rich_C01",
        "S07_flat_loop_rich_C03",
        "S07_flat_loop_rich_C05",
        "S07_flat_loop_rich_C06",
        "S07_flat_loop_rich_C08",
        "S07_flat_loop_rich_C09",
        "S07_flat_loop_rich_C10",
        "S07_flat_loop_rich_C11",
        "S07_flat_loop_rich_C12"
      ],
      "passed_minimum_valid_count": false
    },
    "S08_3d_loop_rich": {
      "candidate_count": 12,
      "valid_count": 12,
      "invalid_count": 0,
      "retained_count": 10,
      "retained_candidate_ids": [
        "S08_3d_loop_rich_C01",
        "S08_3d_loop_rich_C02",
        "S08_3d_loop_rich_C03",
        "S08_3d_loop_rich_C04",
        "S08_3d_loop_rich_C05",
        "S08_3d_loop_rich_C06",
        "S08_3d_loop_rich_C07",
        "S08_3d_loop_rich_C08",
        "S08_3d_loop_rich_C09",
        "S08_3d_loop_rich_C10"
      ],
      "passed_minimum_valid_count": true
    },
    "S09_flat_complex": {
      "candidate_count": 12,
      "valid_count": 10,
      "invalid_count": 2,
      "retained_count": 10,
      "retained_candidate_ids": [
        "S09_flat_complex_C01",
        "S09_flat_complex_C02",
        "S09_flat_complex_C03",
        "S09_flat_complex_C04",
        "S09_flat_complex_C05",
        "S09_flat_complex_C06",
        "S09_flat_complex_C07",
        "S09_flat_complex_C08",
        "S09_flat_complex_C09",
        "S09_flat_complex_C12"
      ],
      "passed_minimum_valid_count": true
    },
    "S10_3d_complex": {
      "candidate_count": 12,
      "valid_count": 12,
      "invalid_count": 0,
      "retained_count": 10,
      "retained_candidate_ids": [
        "S10_3d_complex_C01",
        "S10_3d_complex_C02",
        "S10_3d_complex_C03",
        "S10_3d_complex_C04",
        "S10_3d_complex_C05",
        "S10_3d_complex_C06",
        "S10_3d_complex_C07",
        "S10_3d_complex_C08",
        "S10_3d_complex_C09",
        "S10_3d_complex_C10"
      ],
      "passed_minimum_valid_count": true
    }
  },
  "split_audit": {
    "counts": {
      "train": 80,
      "validation": 10,
      "development_test": 9
    },
    "parent_and_identity_sets_pairwise_disjoint": true,
    "parent_id_count": 99,
    "canonical_identity_count": 99
  },
  "diversity_audit": {
    "passed": false,
    "checks": {
      "all_strata_have_ten": false,
      "exactly_100_accepted": false,
      "all_canonical_identities_unique": false,
      "at_least_40_wl_hashes": true,
      "at_least_3_wl_hashes_per_stratum": true,
      "at_least_70_structural_event_parents": true,
      "all_50_3d_parents_have_vertical_span": true
    },
    "accepted_parent_count": 99,
    "unique_canonical_identity_count": 99,
    "unique_coordinate_free_wl_hash_count": 99,
    "unique_wl_hash_count_per_stratum": {
      "S01_flat_tree_small": 10,
      "S02_3d_tree_small": 10,
      "S03_flat_unicyclic_small": 10,
      "S04_3d_unicyclic_small": 10,
      "S05_flat_branch_medium": 10,
      "S06_3d_branch_medium": 10,
      "S07_flat_loop_rich": 9,
      "S08_3d_loop_rich": 10,
      "S09_flat_complex": 10,
      "S10_3d_complex": 10
    },
    "structural_event_parent_count": 99,
    "retained_3d_parent_count": 50
  },
  "candidate_valid_count": 114,
  "candidate_invalid_count": 6,
  "invalid_candidates": [
    {
      "candidate_id": "S01_flat_tree_small_C08",
      "failure_reasons": [
        "exact_connector_cycle_rank"
      ]
    },
    {
      "candidate_id": "S07_flat_loop_rich_C02",
      "failure_reasons": [
        "exact_connector_cycle_rank"
      ]
    },
    {
      "candidate_id": "S07_flat_loop_rich_C04",
      "failure_reasons": [
        "exact_connector_cycle_rank"
      ]
    },
    {
      "candidate_id": "S07_flat_loop_rich_C07",
      "failure_reasons": [
        "exact_connector_cycle_rank"
      ]
    },
    {
      "candidate_id": "S09_flat_complex_C10",
      "failure_reasons": [
        "exact_connector_cycle_rank"
      ]
    },
    {
      "candidate_id": "S09_flat_complex_C11",
      "failure_reasons": [
        "exact_connector_cycle_rank"
      ]
    }
  ],
  "train_only_visual_parent_ids": [
    "S01_flat_tree_small_C01",
    "S02_3d_tree_small_C01",
    "S03_flat_unicyclic_small_C01",
    "S04_3d_unicyclic_small_C01",
    "S05_flat_branch_medium_C01",
    "S06_3d_branch_medium_C01",
    "S07_flat_loop_rich_C01",
    "S08_3d_loop_rich_C01",
    "S09_flat_complex_C01",
    "S10_3d_complex_C01"
  ],
  "source_before": {
    "remote": "https://github.com/LorenzoCanoAn/procedural-subt-gen",
    "commit": "b6c77621187404b4dfab1249c7a1b40f63ad9ab3",
    "tracked_clean": true,
    "entrypoint_sha256": "7c765d160b21198d611c297b160664aaffc3c12c9d18c36fc9851a9d182113a4",
    "imported_tunnel_module": "/home/zeng-workstation/mtare_topo_comm/external/procedural-subt-gen/src/subt_proc_gen/tunnel.py",
    "imported_from_fixed_checkout": true
  },
  "source_after": {
    "remote": "https://github.com/LorenzoCanoAn/procedural-subt-gen",
    "commit": "b6c77621187404b4dfab1249c7a1b40f63ad9ab3",
    "tracked_clean": true,
    "entrypoint_sha256": "7c765d160b21198d611c297b160664aaffc3c12c9d18c36fc9851a9d182113a4",
    "imported_tunnel_module": "/home/zeng-workstation/mtare_topo_comm/external/procedural-subt-gen/src/subt_proc_gen/tunnel.py",
    "imported_from_fixed_checkout": true
  },
  "source_unchanged": true,
  "flat_implementation_note": "Cano TunnelNetworkParams.flat only zeros connector vertical noise; the adapter additionally zeros grown vertical tendency/noise to realize the approved flat strata without modifying upstream source.",
  "claim_boundary": "Topology graph/spline source and split audit only; no mesh, LiDAR, label, formal dataset, model, online graph or navigation claim."
}

duration_seconds=1845.622296
exit_code=2
