{"world": "S01_flat_tree_small_C01", "index": 1, "of": 90, "selected": 135, "rejected": 2, "stored_max": 0.0, "independent_max": 0.0}
{"world": "S01_flat_tree_small_C02", "index": 2, "of": 90, "selected": 125, "rejected": 0, "stored_max": 0.0, "independent_max": 0.0}
{"world": "S01_flat_tree_small_C03", "index": 3, "of": 90, "selected": 156, "rejected": 0, "stored_max": 0.0, "independent_max": 0.0}
{"world": "S01_flat_tree_small_C04", "index": 4, "of": 90, "selected": 102, "rejected": 0, "stored_max": 0.0, "independent_max": 0.0}
{"world": "S01_flat_tree_small_C05", "index": 5, "of": 90, "selected": 126, "rejected": 0, "stored_max": 0.0, "independent_max": 0.0}
{"world": "S01_flat_tree_small_C06", "index": 6, "of": 90, "selected": 131, "rejected": 0, "stored_max": 0.0, "independent_max": 0.0}
{"world": "S01_flat_tree_small_C07", "index": 7, "of": 90, "selected": 114, "rejected": 1, "stored_max": 0.0, "independent_max": 0.0}
{"world": "S01_flat_tree_small_C08", "index": 8, "of": 90, "selected": 131, "rejected": 0, "stored_max": 0.0, "independent_max": 0.0}
{"world": "S01_flat_tree_small_C09", "index": 9, "of": 90, "selected": 148, "rejected": 0, "stored_max": 0.0, "independent_max": 0.0}
{"world": "S02_3d_tree_small_C01", "index": 10, "of": 90, "selected": 138, "rejected": 1, "stored_max": 0.0, "independent_max": 0.0}
{"world": "S02_3d_tree_small_C02", "index": 11, "of": 90, "selected": 130, "rejected": 0, "stored_max": 0.0, "independent_max": 0.0}
{"world": "S02_3d_tree_small_C03", "index": 12, "of": 90, "selected": 164, "rejected": 0, "stored_max": 0.0, "independent_max": 0.0}
{"world": "S02_3d_tree_small_C04", "index": 13, "of": 90, "selected": 118, "rejected": 0, "stored_max": 0.0, "independent_max": 0.0}
{"world": "S02_3d_tree_small_C05", "index": 14, "of": 90, "selected": 135, "rejected": 0, "stored_max": 0.0, "independent_max": 0.0}
{"world": "S02_3d_tree_small_C06", "index": 15, "of": 90, "selected": 158, "rejected": 0, "stored_max": 0.0, "independent_max": 0.0}
{"world": "S02_3d_tree_small_C07", "index": 16, "of": 90, "selected": 107, "rejected": 0, "stored_max": 0.0, "independent_max": 0.0}
{"world": "S02_3d_tree_small_C08", "index": 17, "of": 90, "selected": 161, "rejected": 0, "stored_max": 0.0, "independent_max": 0.0}
{"world": "S02_3d_tree_small_C09", "index": 18, "of": 90, "selected": 135, "rejected": 0, "stored_max": 0.0, "independent_max": 0.0}
{"world": "S03_flat_unicyclic_small_C01", "index": 19, "of": 90, "selected": 160, "rejected": 0, "stored_max": 0.0, "independent_max": 0.0}
{"world": "S03_flat_unicyclic_small_C02", "index": 20, "of": 90, "selected": 191, "rejected": 0, "stored_max": 0.0, "independent_max": 0.0}
{"world": "S03_flat_unicyclic_small_C03", "index": 21, "of": 90, "selected": 179, "rejected": 0, "stored_max": 0.0, "independent_max": 0.0}
{"world": "S03_flat_unicyclic_small_C04", "index": 22, "of": 90, "selected": 164, "rejected": 0, "stored_max": 0.0, "independent_max": 0.0}
{"world": "S03_flat_unicyclic_small_C05", "index": 23, "of": 90, "selected": 151, "rejected": 7, "stored_max": 0.0, "independent_max": 0.0}
{"world": "S03_flat_unicyclic_small_C06", "index": 24, "of": 90, "selected": 152, "rejected": 0, "stored_max": 0.0, "independent_max": 0.0}
{"world": "S03_flat_unicyclic_small_C07", "index": 25, "of": 90, "selected": 107, "rejected": 0, "stored_max": 0.0, "independent_max": 0.0}
{"world": "S03_flat_unicyclic_small_C08", "index": 26, "of": 90, "selected": 152, "rejected": 0, "stored_max": 0.0, "independent_max": 0.0}
{"world": "S03_flat_unicyclic_small_C09", "index": 27, "of": 90, "selected": 149, "rejected": 0, "stored_max": 0.0, "independent_max": 0.0}
{"world": "S04_3d_unicyclic_small_C01", "index": 28, "of": 90, "selected": 159, "rejected": 0, "stored_max": 0.0, "independent_max": 0.0}
{"world": "S04_3d_unicyclic_small_C02", "index": 29, "of": 90, "selected": 137, "rejected": 0, "stored_max": 0.0, "independent_max": 0.0}
{"world": "S04_3d_unicyclic_small_C03", "index": 30, "of": 90, "selected": 177, "rejected": 0, "stored_max": 0.0, "independent_max": 0.0}
{"world": "S04_3d_unicyclic_small_C04", "index": 31, "of": 90, "selected": 142, "rejected": 0, "stored_max": 0.0, "independent_max": 0.0}
{"world": "S04_3d_unicyclic_small_C05", "index": 32, "of": 90, "selected": 121, "rejected": 0, "stored_max": 0.0, "independent_max": 0.0}
{"world": "S04_3d_unicyclic_small_C06", "index": 33, "of": 90, "selected": 153, "rejected": 0, "stored_max": 0.0, "independent_max": 0.0}
{"world": "S04_3d_unicyclic_small_C07", "index": 34, "of": 90, "selected": 129, "rejected": 3, "stored_max": 0.0, "independent_max": 0.0}
{"world": "S04_3d_unicyclic_small_C08", "index": 35, "of": 90, "selected": 163, "rejected": 1, "stored_max": 0.0, "independent_max": 0.0}
{"world": "S04_3d_unicyclic_small_C09", "index": 36, "of": 90, "selected": 160, "rejected": 0, "stored_max": 0.0, "independent_max": 0.0}
{"world": "S05_flat_branch_medium_C01", "index": 37, "of": 90, "selected": 228, "rejected": 0, "stored_max": 0.0, "independent_max": 0.0}
{"world": "S05_flat_branch_medium_C02", "index": 38, "of": 90, "selected": 253, "rejected": 0, "stored_max": 0.0, "independent_max": 0.0}
{"world": "S05_flat_branch_medium_C03", "index": 39, "of": 90, "selected": 254, "rejected": 0, "stored_max": 0.0, "independent_max": 0.0}
{"world": "S05_flat_branch_medium_C04", "index": 40, "of": 90, "selected": 220, "rejected": 0, "stored_max": 0.0, "independent_max": 0.0}
{"world": "S05_flat_branch_medium_C05", "index": 41, "of": 90, "selected": 211, "rejected": 0, "stored_max": 0.0, "independent_max": 0.0}
{"world": "S05_flat_branch_medium_C06", "index": 42, "of": 90, "selected": 278, "rejected": 0, "stored_max": 0.0, "independent_max": 0.0}
{"world": "S05_flat_branch_medium_C07", "index": 43, "of": 90, "selected": 222, "rejected": 2, "stored_max": 0.0, "independent_max": 0.0}
{"world": "S05_flat_branch_medium_C08", "index": 44, "of": 90, "selected": 260, "rejected": 0, "stored_max": 0.0, "independent_max": 0.0}
{"world": "S05_flat_branch_medium_C09", "index": 45, "of": 90, "selected": 215, "rejected": 0, "stored_max": 0.0, "independent_max": 0.0}
{"world": "S06_3d_branch_medium_C01", "index": 46, "of": 90, "selected": 187, "rejected": 2, "stored_max": 0.0, "independent_max": 0.0}
{"world": "S06_3d_branch_medium_C02", "index": 47, "of": 90, "selected": 203, "rejected": 0, "stored_max": 0.0, "independent_max": 0.0}
{"world": "S06_3d_branch_medium_C03", "index": 48, "of": 90, "selected": 197, "rejected": 0, "stored_max": 0.0, "independent_max": 0.0}
{"world": "S06_3d_branch_medium_C04", "index": 49, "of": 90, "selected": 300, "rejected": 3, "stored_max": 0.0, "independent_max": 0.0}
{"world": "S06_3d_branch_medium_C05", "index": 50, "of": 90, "selected": 232, "rejected": 0, "stored_max": 0.0, "independent_max": 0.0}
{"world": "S06_3d_branch_medium_C06", "index": 51, "of": 90, "selected": 258, "rejected": 0, "stored_max": 0.0, "independent_max": 0.0}
{"world": "S06_3d_branch_medium_C07", "index": 52, "of": 90, "selected": 186, "rejected": 0, "stored_max": 0.0, "independent_max": 0.0}
{"world": "S06_3d_branch_medium_C08", "index": 53, "of": 90, "selected": 231, "rejected": 0, "stored_max": 0.0, "independent_max": 0.0}
{"world": "S06_3d_branch_medium_C09", "index": 54, "of": 90, "selected": 211, "rejected": 0, "stored_max": 0.0, "independent_max": 0.0}
{"world": "S07_flat_loop_rich_C01", "index": 55, "of": 90, "selected": 358, "rejected": 0, "stored_max": 0.0, "independent_max": 0.0}
{"world": "S07_flat_loop_rich_C02", "index": 56, "of": 90, "selected": 365, "rejected": 0, "stored_max": 0.0, "independent_max": 0.0}
{"world": "S07_flat_loop_rich_C03", "index": 57, "of": 90, "selected": 285, "rejected": 4, "stored_max": 0.0, "independent_max": 0.0}
{"world": "S07_flat_loop_rich_C04", "index": 58, "of": 90, "selected": 350, "rejected": 0, "stored_max": 0.0, "independent_max": 0.0}
{"world": "S07_flat_loop_rich_C05", "index": 59, "of": 90, "selected": 301, "rejected": 0, "stored_max": 0.0, "independent_max": 0.0}
{"world": "S07_flat_loop_rich_C06", "index": 60, "of": 90, "selected": 320, "rejected": 2, "stored_max": 0.0, "independent_max": 0.0}
{"world": "S07_flat_loop_rich_C07", "index": 61, "of": 90, "selected": 290, "rejected": 0, "stored_max": 0.0, "independent_max": 0.0}
{"world": "S07_flat_loop_rich_C08", "index": 62, "of": 90, "selected": 288, "rejected": 2, "stored_max": 0.0, "independent_max": 0.0}
{"world": "S07_flat_loop_rich_C09", "index": 63, "of": 90, "selected": 293, "rejected": 0, "stored_max": 0.0, "independent_max": 0.0}
{"world": "S08_3d_loop_rich_C01", "index": 64, "of": 90, "selected": 342, "rejected": 0, "stored_max": 0.0, "independent_max": 0.0}
{"world": "S08_3d_loop_rich_C02", "index": 65, "of": 90, "selected": 343, "rejected": 0, "stored_max": 0.0, "independent_max": 0.0}
{"world": "S08_3d_loop_rich_C03", "index": 66, "of": 90, "selected": 263, "rejected": 2, "stored_max": 0.0, "independent_max": 0.0}
{"world": "S08_3d_loop_rich_C04", "index": 67, "of": 90, "selected": 373, "rejected": 0, "stored_max": 0.0, "independent_max": 0.0}
{"world": "S08_3d_loop_rich_C05", "index": 68, "of": 90, "selected": 292, "rejected": 0, "stored_max": 0.0, "independent_max": 0.0}
{"world": "S08_3d_loop_rich_C06", "index": 69, "of": 90, "selected": 343, "rejected": 0, "stored_max": 0.0, "independent_max": 0.0}
{"world": "S08_3d_loop_rich_C07", "index": 70, "of": 90, "selected": 353, "rejected": 6, "stored_max": 0.0, "independent_max": 0.0}
{"world": "S08_3d_loop_rich_C08", "index": 71, "of": 90, "selected": 338, "rejected": 2, "stored_max": 0.0, "independent_max": 0.0}
{"world": "S08_3d_loop_rich_C09", "index": 72, "of": 90, "selected": 343, "rejected": 0, "stored_max": 0.0, "independent_max": 0.0}
{"world": "S09_flat_complex_C01", "index": 73, "of": 90, "selected": 484, "rejected": 0, "stored_max": 0.0, "independent_max": 0.0}
{"world": "S09_flat_complex_C02", "index": 74, "of": 90, "selected": 363, "rejected": 1, "stored_max": 0.0, "independent_max": 0.0}
{"world": "S09_flat_complex_C03", "index": 75, "of": 90, "selected": 412, "rejected": 1, "stored_max": 0.0, "independent_max": 0.0}
{"world": "S09_flat_complex_C04", "index": 76, "of": 90, "selected": 376, "rejected": 0, "stored_max": 0.0, "independent_max": 0.0}
{"world": "S09_flat_complex_C05", "index": 77, "of": 90, "selected": 477, "rejected": 0, "stored_max": 0.0, "independent_max": 0.0}
{"world": "S09_flat_complex_C06", "index": 78, "of": 90, "selected": 367, "rejected": 0, "stored_max": 0.0, "independent_max": 0.0}
{"world": "S09_flat_complex_C07", "index": 79, "of": 90, "selected": 380, "rejected": 0, "stored_max": 0.0, "independent_max": 0.0}
{"world": "S09_flat_complex_C08", "index": 80, "of": 90, "selected": 432, "rejected": 0, "stored_max": 0.0, "independent_max": 0.0}
{"world": "S09_flat_complex_C09", "index": 81, "of": 90, "selected": 403, "rejected": 3, "stored_max": 0.0, "independent_max": 0.0}
{"world": "S10_3d_complex_C01", "index": 82, "of": 90, "selected": 308, "rejected": 0, "stored_max": 0.0, "independent_max": 0.0}
{"world": "S10_3d_complex_C02", "index": 83, "of": 90, "selected": 426, "rejected": 5, "stored_max": 0.0, "independent_max": 0.0}
{"world": "S10_3d_complex_C03", "index": 84, "of": 90, "selected": 396, "rejected": 1, "stored_max": 0.0, "independent_max": 0.0}
{"world": "S10_3d_complex_C04", "index": 85, "of": 90, "selected": 453, "rejected": 2, "stored_max": 0.0, "independent_max": 0.0}
{"world": "S10_3d_complex_C05", "index": 86, "of": 90, "selected": 395, "rejected": 0, "stored_max": 0.0, "independent_max": 0.0}
{"world": "S10_3d_complex_C06", "index": 87, "of": 90, "selected": 383, "rejected": 0, "stored_max": 0.0, "independent_max": 0.0}
{"world": "S10_3d_complex_C07", "index": 88, "of": 90, "selected": 437, "rejected": 2, "stored_max": 0.0, "independent_max": 0.0}
{"world": "S10_3d_complex_C08", "index": 89, "of": 90, "selected": 419, "rejected": 6, "stored_max": 0.0, "independent_max": 0.0}
{"world": "S10_3d_complex_C09", "index": 90, "of": 90, "selected": 443, "rejected": 0, "stored_max": 0.0, "independent_max": 0.0}

duration_seconds=913.707657
exit_code=0
