{"c09_worlds_read": 0, "c10_worlds_read": 0, "degenerate_route_rows": 2, "linear_identity_max_abs_m": 4.0690104128771054e-05, "linear_identity_tolerance_m": 0.0001, "model_updates": 0, "mtare_worlds_read": 0, "optimizer_steps": 0, "output_sha256": "9fde83d7b81ff45552dfb22995b95b557dd8a6b7a341b05fcee754836db6ba4e", "position_uncertainty_mean_m": 3.8297154903411865, "position_uncertainty_p95_m": 8.032604217529297, "rows": 188126, "schema_version": "gse_spatial_longitudinal_center_ensemble_all_v1", "seed_source_sha256": {"0": "316054a29a398b2233e063c2f5a6ea991045ffced48372d88e6d166711d20e50", "1": "813fba2804cbc58eb1911f6ba87aec725f7b0c45580002dbd61f85b6cd158f17", "2": "df02dcb33a5363e40c9306a7689f098bdffeba9b3d98671653d7be6625cc823a"}}
	Command being timed: "/home/zeng-workstation/.local/share/mtare_topo_comm/envs/phase3_torch290_cu129_zarr2187_v1/bin/python /home/zeng-workstation/mtare_topo_comm/tools/v3/combine_gse_spatial_longitudinal_center_v1.py --seed0 /home/zeng-workstation/mtare_topo_comm/results/gate3_semantics/gate3_20260828_gse_spatial_trace_commit_requalification_v1r_seed0/artifacts/projection/seed0_all_rows.npz --seed1 /home/zeng-workstation/mtare_topo_comm/results/gate3_semantics/gate3_20260828_gse_spatial_trace_commit_requalification_v1r_seed0/artifacts/projection/seed1_all_rows.npz --seed2 /home/zeng-workstation/mtare_topo_comm/results/gate3_semantics/gate3_20260828_gse_spatial_trace_commit_requalification_v1r_seed0/artifacts/projection/seed2_all_rows.npz --output /home/zeng-workstation/mtare_topo_comm/results/gate3_semantics/gate3_20260828_gse_spatial_trace_commit_requalification_v1r_seed0/artifacts/projection/spatial_center_ensemble_all_rows.npz"
	User time (seconds): 0.94
	System time (seconds): 0.03
	Percent of CPU this job got: 100%
	Elapsed (wall clock) time (h:mm:ss or m:ss): 0:00.98
	Average shared text size (kbytes): 0
	Average unshared data size (kbytes): 0
	Average stack size (kbytes): 0
	Average total size (kbytes): 0
	Maximum resident set size (kbytes): 162924
	Average resident set size (kbytes): 0
	Major (requiring I/O) page faults: 0
	Minor (reclaiming a frame) page faults: 28117
	Voluntary context switches: 1
	Involuntary context switches: 3
	Swaps: 0
	File system inputs: 0
	File system outputs: 47800
	Socket messages sent: 0
	Socket messages received: 0
	Signals delivered: 0
	Page size (bytes): 4096
	Exit status: 0
