{
  "checks": {
    "axis_failure_explained_by_missing_directional_temporal": true,
    "dense_relation_safety_failure_reproduced": true,
    "diagnosis_selects_one_minimal_transport_route": true,
    "formal_metrics_reproduced": true,
    "rare_relation_weighting_is_extreme": true
  },
  "decision": "ALLOW_SPARSE_CIRCULAR_RELATION_TRANSPORT_V2_READINESS",
  "status": "PASS_GSE_AXIS_ANCHORED_V2_FAILURE_ATTRIBUTION_V1"
}
	Command being timed: "/home/zeng-workstation/.local/share/mtare_topo_comm/envs/phase3_torch290_cu129_zarr2187_v1/bin/python /home/zeng-workstation/mtare_topo_comm/tools/v3/execute_gse_axis_anchored_v2_failure_attribution_v1.py --dataset-root /home/zeng-workstation/mtare_topo_comm/results/gate2_representation/gate2_20260824_gse_deduplicated_dataset_export_v1_seed0/artifacts/dataset/train --sequence-manifest /home/zeng-workstation/mtare_topo_comm/results/gate2_representation/gate2_20260824_gse_deduplicated_dataset_export_v1_seed0/artifacts/sequence_manifest.jsonl --association-pairs /home/zeng-workstation/mtare_topo_comm/results/gate2_representation/gate2_20260824_gse_deduplicated_dataset_export_v1_seed0/artifacts/association_pairs_numeric.jsonl --formal-summary /home/zeng-workstation/mtare_topo_comm/results/gate3_semantics/gate3_20260829_gse_axis_anchored_event_relation_three_seed_training_v1_seed0/metrics/summary.json --slot-summary /home/zeng-workstation/mtare_topo_comm/results/gate3_semantics/gate3_20260829_gse_cardinality_conditioned_circular_slot_transport_three_seed_training_v1_seed0/metrics/summary.json --current-source /home/zeng-workstation/mtare_topo_comm/src/mtare_topo/representation/gse_axis_anchored_event_relation.py --predecessor-source /home/zeng-workstation/mtare_topo_comm/src/mtare_topo/representation/gse_circular_peak_geometry_model.py --output-dir /home/zeng-workstation/mtare_topo_comm/results/gate3_semantics/gate3_20260829_gse_axis_anchored_v2_failure_attribution_v1_seed0/metrics/attribution --prediction-root /home/zeng-workstation/mtare_topo_comm/results/gate3_semantics/gate3_20260829_gse_axis_anchored_event_relation_three_seed_training_v1_seed0/artifacts/models/seed0/development_predictions --prediction-root /home/zeng-workstation/mtare_topo_comm/results/gate3_semantics/gate3_20260829_gse_axis_anchored_event_relation_three_seed_training_v1_seed0/artifacts/models/seed1/development_predictions --prediction-root /home/zeng-workstation/mtare_topo_comm/results/gate3_semantics/gate3_20260829_gse_axis_anchored_event_relation_three_seed_training_v1_seed0/artifacts/models/seed2/development_predictions"
	User time (seconds): 91.90
	System time (seconds): 4.96
	Percent of CPU this job got: 108%
	Elapsed (wall clock) time (h:mm:ss or m:ss): 1:29.30
	Average shared text size (kbytes): 0
	Average unshared data size (kbytes): 0
	Average stack size (kbytes): 0
	Average total size (kbytes): 0
	Maximum resident set size (kbytes): 2981356
	Average resident set size (kbytes): 0
	Major (requiring I/O) page faults: 0
	Minor (reclaiming a frame) page faults: 417616
	Voluntary context switches: 2206125
	Involuntary context switches: 738
	Swaps: 0
	File system inputs: 0
	File system outputs: 528
	Socket messages sent: 0
	Socket messages received: 0
	Signals delivered: 0
	Page size (bytes): 4096
	Exit status: 0
