{"duration_seconds": 814.6847230030107, "epoch": 1, "optimizer_steps_total": 2946, "train_loss": {"association": 0.6500879033107456, "axis": 1.0013902055180262, "event": 1.0267383182563525, "exit_association": 2.545419015058528, "exit_geometry": 0.1854805117941623, "exit_presence": 0.6116865753309121, "geometry": 0.008226255398570519, "total": 5.79461379793385, "uncertainty": -2.344149927740645}, "validation": {"association_retrieval": {"correct_top1": 6637, "identity_count": 594, "matchable_observations": 6952, "top1_same_identity_precision": 0.9546892980437284, "valid_observations": 7011}, "axis": {"mean_angular_error_deg": 79.79232025146484, "p95_angular_error_deg": 110.0955810546875}, "event": {"accuracy": 0.6145450085847437, "confusion_matrix": [[10291, 675, 253, 2057, 4175], [344, 2341, 36, 274, 221], [3, 0, 851, 2, 13], [107, 3, 4, 84, 112], [809, 146, 90, 105, 1466]], "macro_f1": 0.5305591967143897, "per_class": {"corridor": {"f1": 0.7096017927943459, "precision": 0.8906872078933703, "recall": 0.58970832617042, "support": 17451}, "geometry_transition": {"f1": 0.3408113448796931, "precision": 0.24486387172206447, "recall": 0.5603975535168195, "support": 2616}, "junction": {"f1": 0.733740792979157, "precision": 0.739652448657188, "recall": 0.7279228855721394, "support": 3216}, "terminal": {"f1": 0.8093200190204469, "precision": 0.6896272285251216, "recall": 0.9792865362485615, "support": 869}, "turn": {"f1": 0.05932203389830508, "precision": 0.03330689928628073, "recall": 0.2709677419354839, "support": 310}}}, "exit_count": {"exact_accuracy": 0.01745564549096558, "mean_absolute_error": 1.983975145123048}, "frames": 24462, "geometry_mae": {"curvature_per_m": 0.005433556646067205, "height_m": 0.49387089465853357, "slope_deg": 3.2641084827120252, "width_m": 1.226165229540794}, "geometry_valid_count": {"curvature_per_m": 24462, "height_m": 24235, "slope_deg": 24462, "width_m": 24235}, "loss": {"association": 0.4251437687256073, "axis": 0.8292501203593361, "event": 0.90864776600222, "exit_association": 2.1520226637697815, "exit_geometry": 0.0650425263898367, "exit_presence": 0.6456986387219825, "geometry": 0.0033576697099974603, "total": 4.7694255056487265, "uncertainty": -2.597376447454535}}}
Command terminated by signal 15
	Command being timed: "/home/zeng-workstation/.local/share/mtare_topo_comm/envs/phase3_torch290_cu129_zarr2187_v1/bin/python /home/zeng-workstation/mtare_topo_comm/tools/v3/train_gse_graph_v1.py --dataset-run /home/zeng-workstation/mtare_topo_comm/results/gate2_representation/gate2_20260824_gse_deduplicated_dataset_export_v1_seed0 --output-dir /home/zeng-workstation/mtare_topo_comm/results/gate2_representation/gate2_20260824_gse_graph_three_seed_training_v1_seed0/artifacts/models/seed0 --seed 0 --epochs 30 --batch-size 64 --learning-rate 0.0003 --weight-decay 0.0001 --patience 6"
	User time (seconds): 854.53
	System time (seconds): 70.41
	Percent of CPU this job got: 108%
	Elapsed (wall clock) time (h:mm:ss or m:ss): 14:14.27
	Average shared text size (kbytes): 0
	Average unshared data size (kbytes): 0
	Average stack size (kbytes): 0
	Average total size (kbytes): 0
	Maximum resident set size (kbytes): 3153344
	Average resident set size (kbytes): 0
	Major (requiring I/O) page faults: 2058
	Minor (reclaiming a frame) page faults: 27536075
	Voluntary context switches: 4658740
	Involuntary context switches: 7154
	Swaps: 0
	File system inputs: 142976
	File system outputs: 5512
	Socket messages sent: 0
	Socket messages received: 0
	Signals delivered: 0
	Page size (bytes): 4096
	Exit status: 0

runner_observed_seconds=854.271077
