{
  "backprojection_frames": {
    "geometry_transition": 410,
    "turn": 1174
  },
  "backprojection_identities": {
    "geometry_transition": 76,
    "turn": 392
  },
  "checks": {
    "all_transition_identities_backprojectable": true,
    "all_turn_identities_backprojectable": true,
    "at_least_one_turn_anchor_per_directional_episode": true,
    "exact_event_frames": true,
    "exact_split_rows": true,
    "exact_transition_backprojection_frames": true,
    "zero_forbidden_work": true
  },
  "status": "PASS_GSE_COMPOSER_SUPERVISION_V1"
}
