argv=["/tmp/mtare_cano_compat_e1_py312_np126_sp112/bin/python", "/home/zeng-workstation/mtare_topo_comm/tools/v3/execute_cano_anchor_selector_coverage_audit_v2.py", "--run-dir", "/home/zeng-workstation/mtare_topo_comm/results/gate0_baseline/gate0_20260811_cano_anchor_selector_coverage_audit_v2_seed0"]
finished_at_utc=2026-08-11T05:29:57.658666+00:00
{
  "all_arc_length_fill_quotas_match": true,
  "all_parent_audits_passed": true,
  "all_replays_identical": true,
  "claim_boundary": "This PASS validates selector-v2 sampling only and requires visual user review before any separately approved LiDAR rerun.",
  "maximum_full_spline_coverage_radius_across_parents_m": 6.391727627342942,
  "minimum_pairwise_distance_across_parents_m": 5.006145889168729,
  "overall_status": "PASS_CANO_ANCHOR_SELECTOR_COVERAGE_AUDIT_V2",
  "parents": [
    "P01_straight_turn",
    "P02_branch_deadend",
    "P03_loop_bottleneck",
    "P04_chamber_multiexit",
    "P05_slope_multiheight"
  ],
  "schema_version": "cano_anchor_selector_coverage_audit_v2",
  "scope": {
    "canonical_anchors": 250,
    "formal_dataset_samples": 0,
    "formal_dataset_worlds": 0,
    "models": 0,
    "mtare_changes": 0,
    "new_graph_only_topology_constructions": 1,
    "new_meshes": 0,
    "raycast_observations": 0,
    "rays": 0,
    "sealed_graph_spline_parents_reused": 4,
    "topology_runtime_changes": 0,
    "training_samples": 0,
    "trajectories": 0
  }
}

duration_seconds=3.952684
exit_code=0
