{
  "c09_worlds_read": 0,
  "counts": {
    "fit_existing": 78166,
    "fit_open_set": 57066,
    "fit_total": 135232,
    "selection_existing": 27261,
    "selection_open_set": 18111,
    "selection_total": 45372
  },
  "definition": "same_parent_strictly_past_3d_euclidean_distance_le_16m",
  "global_sequence_identity": {
    "legal_c09_gaps": 9,
    "maximum": 208227,
    "minimum": 0,
    "missing_inside_span": 20102,
    "strictly_increasing": true
  },
  "identity_valid": {
    "fit": 39310,
    "selection": 13693
  },
  "mtare_worlds_read": 0,
  "open_set_jsonl_sha256": "42d74ad396d7588c2628286a77f716866cc07da5d4e79f0ec44db8e8724e2af7",
  "overall_status": "PASS_GSE_OPEN_SET_PAIR_CACHE_V1",
  "pairs_npz_sha256": "3175ec5b553aa24fb85cbe7e6512b73b2c85d5102c88f159d14c14b71539f144",
  "schema_version": "gse_open_set_pair_cache_v1",
  "sequences": {
    "fit": 142184,
    "selection": 45942
  },
  "strict_test_worlds_read": 0,
  "worlds": {
    "fit": 60,
    "selection": 20
  }
}
	Command being timed: "/home/zeng-workstation/.local/share/mtare_topo_comm/envs/phase3_torch290_cu129_zarr2187_v1/bin/python /home/zeng-workstation/mtare_topo_comm/tools/v3/build_gse_open_set_pair_cache_v1.py --dataset-run /home/zeng-workstation/mtare_topo_comm/results/gate2_representation/gate2_20260824_gse_deduplicated_dataset_export_v1_seed0 --output-dir /home/zeng-workstation/mtare_topo_comm/results/gate3_semantics/gate3_20260826_gse_exit_token_association_corrective_v2_seed0/artifacts/pair_cache"
	User time (seconds): 15.15
	System time (seconds): 0.13
	Percent of CPU this job got: 100%
	Elapsed (wall clock) time (h:mm:ss or m:ss): 0:15.29
	Average shared text size (kbytes): 0
	Average unshared data size (kbytes): 0
	Average stack size (kbytes): 0
	Average total size (kbytes): 0
	Maximum resident set size (kbytes): 463980
	Average resident set size (kbytes): 0
	Major (requiring I/O) page faults: 0
	Minor (reclaiming a frame) page faults: 117049
	Voluntary context switches: 2
	Involuntary context switches: 31
	Swaps: 0
	File system inputs: 0
	File system outputs: 48712
	Socket messages sent: 0
	Socket messages received: 0
	Signals delivered: 0
	Page size (bytes): 4096
	Exit status: 0

runner_observed_seconds=15.292292
