... logging to /root/.ros/log/57cc36fe-9c85-11f1-bbff-4a608c0a7422/roslaunch-eb02a8a2b24b-907.log
Checking log directory for disk usage. This may take a while.
Press Ctrl-C to interrupt
Done checking log file disk usage. Usage is <1GB.
]2;/workspace/configs/v3/gate5/roslaunch/explore_seeded.launch
[1mstarted roslaunch server http://eb02a8a2b24b:34783/[0m

SUMMARY
========

PARAMETERS
 * /rosdistro: noetic
 * /rosversion: 1.15.14
 * /sensor_coverage_planner/tare_planner_node/kAtHomeDistThreshold: 0.5
 * /sensor_coverage_planner/tare_planner_node/kAutoStart: True
 * /sensor_coverage_planner/tare_planner_node/kCellAlmostCoveredToExploringThr: 20
 * /sensor_coverage_planner/tare_planner_node/kCellCoveredToExploringThr: 10
 * /sensor_coverage_planner/tare_planner_node/kCellExploringToAlmostCoveredThr: 10
 * /sensor_coverage_planner/tare_planner_node/kCellExploringToCoveredThr: 1
 * /sensor_coverage_planner/tare_planner_node/kCellToCellDistanceOffset: 500
 * /sensor_coverage_planner/tare_planner_node/kCellUnknownToExploringThr: 1
 * /sensor_coverage_planner/tare_planner_node/kCheckDynamicObstacleCollision: False
 * /sensor_coverage_planner/tare_planner_node/kCheckTerrainCollision: True
 * /sensor_coverage_planner/tare_planner_node/kCheckVirtualObstacleCollision: True
 * /sensor_coverage_planner/tare_planner_node/kCollisionCloudDwzLeafSize: 0.2
 * /sensor_coverage_planner/tare_planner_node/kCollisionFrameCountMax: 3
 * /sensor_coverage_planner/tare_planner_node/kCollisionGridResolutionX: 0.2
 * /sensor_coverage_planner/tare_planner_node/kCollisionGridResolutionY: 0.2
 * /sensor_coverage_planner/tare_planner_node/kCollisionGridResolutionZ: 0.0
 * /sensor_coverage_planner/tare_planner_node/kCollisionGridZScale: 1.0
 * /sensor_coverage_planner/tare_planner_node/kCollisionPointThr: 1
 * /sensor_coverage_planner/tare_planner_node/kCommsRange: 1000.0
 * /sensor_coverage_planner/tare_planner_node/kConnectivityHeightDiffThr: 0.25
 * /sensor_coverage_planner/tare_planner_node/kCoverCloudZSqueezeRatio: 2.0
 * /sensor_coverage_planner/tare_planner_node/kCoverageDilationRadius: 0.5
 * /sensor_coverage_planner/tare_planner_node/kCoverageOcclusionThr: 0.3
 * /sensor_coverage_planner/tare_planner_node/kDirectionChangeCounterThr: 6
 * /sensor_coverage_planner/tare_planner_node/kDirectionNoChangeCounterThr: 5
 * /sensor_coverage_planner/tare_planner_node/kExploringSubspaceMarkerColorA: 1.0
 * /sensor_coverage_planner/tare_planner_node/kExploringSubspaceMarkerColorB: 0.0
 * /sensor_coverage_planner/tare_planner_node/kExploringSubspaceMarkerColorG: 1.0
 * /sensor_coverage_planner/tare_planner_node/kExploringSubspaceMarkerColorGradientAlpha: True
 * /sensor_coverage_planner/tare_planner_node/kExploringSubspaceMarkerColorMaxAlpha: 0.8
 * /sensor_coverage_planner/tare_planner_node/kExploringSubspaceMarkerColorR: 0.0
 * /sensor_coverage_planner/tare_planner_node/kExtendWayPoint: True
 * /sensor_coverage_planner/tare_planner_node/kExtendWayPointDistanceBig: 8.0
 * /sensor_coverage_planner/tare_planner_node/kExtendWayPointDistanceSmall: 3.5
 * /sensor_coverage_planner/tare_planner_node/kFrontierClusterMinSize: 30
 * /sensor_coverage_planner/tare_planner_node/kFrontierClusterTolerance: 1.0
 * /sensor_coverage_planner/tare_planner_node/kGreedyViewPointSampleRange: 3
 * /sensor_coverage_planner/tare_planner_node/kGridWorldCellHeight: 3.0
 * /sensor_coverage_planner/tare_planner_node/kGridWorldNearbyGridNum: 5
 * /sensor_coverage_planner/tare_planner_node/kGridWorldXNum: 121
 * /sensor_coverage_planner/tare_planner_node/kGridWorldYNum: 121
 * /sensor_coverage_planner/tare_planner_node/kGridWorldZNum: 121
 * /sensor_coverage_planner/tare_planner_node/kHeterogeneous: False
 * /sensor_coverage_planner/tare_planner_node/kInitTimeBudget: 120
 * /sensor_coverage_planner/tare_planner_node/kKeyposeCloudDwzFilterLeafSize: 0.2
 * /sensor_coverage_planner/tare_planner_node/kKeyposeCloudStackNum: 5
 * /sensor_coverage_planner/tare_planner_node/kLineOfSightStopAtNearestObstacle: True
 * /sensor_coverage_planner/tare_planner_node/kLocalPathOptimizationItrMax: 10
 * /sensor_coverage_planner/tare_planner_node/kLocalPlanningHorizonHeight: 3.0
 * /sensor_coverage_planner/tare_planner_node/kLocalPlanningHorizonMarkerColorA: 1.0
 * /sensor_coverage_planner/tare_planner_node/kLocalPlanningHorizonMarkerColorB: 0.0
 * /sensor_coverage_planner/tare_planner_node/kLocalPlanningHorizonMarkerColorG: 1.0
 * /sensor_coverage_planner/tare_planner_node/kLocalPlanningHorizonMarkerColorR: 0.0
 * /sensor_coverage_planner/tare_planner_node/kLocalPlanningHorizonMarkerWidth: 0.3
 * /sensor_coverage_planner/tare_planner_node/kLookAheadDistance: 8
 * /sensor_coverage_planner/tare_planner_node/kLostCommsSecThr: 10
 * /sensor_coverage_planner/tare_planner_node/kMaxCellPointNum: 100000
 * /sensor_coverage_planner/tare_planner_node/kMinAddFrontierPointNum: 30
 * /sensor_coverage_planner/tare_planner_node/kMinAddPointNumBig: 60
 * /sensor_coverage_planner/tare_planner_node/kMinAddPointNumSmall: 40
 * /sensor_coverage_planner/tare_planner_node/kNeighborRange: 3.0
 * /sensor_coverage_planner/tare_planner_node/kNoExplorationReturnHome: True
 * /sensor_coverage_planner/tare_planner_node/kPointCloudCellHeight: 1.8
 * /sensor_coverage_planner/tare_planner_node/kPointCloudCellSize: 18
 * /sensor_coverage_planner/tare_planner_node/kPointCloudColNum: 50
 * /sensor_coverage_planner/tare_planner_node/kPointCloudLevelNum: 30
 * /sensor_coverage_planner/tare_planner_node/kPointCloudManagerNeighborCellNum: 5
 * /sensor_coverage_planner/tare_planner_node/kPointCloudRowNum: 50
 * /sensor_coverage_planner/tare_planner_node/kRelayComms: True
 * /sensor_coverage_planner/tare_planner_node/kRendezvous: False
 * /sensor_coverage_planner/tare_planner_node/kRendezvousTimeInterval: 20
 * /sensor_coverage_planner/tare_planner_node/kRendezvousTree: False
 * /sensor_coverage_planner/tare_planner_node/kRendezvousType: 0
 * /sensor_coverage_planner/tare_planner_node/kRobotNum: 1
 * /sensor_coverage_planner/tare_planner_node/kRobotSpeed: 2.0
 * /sensor_coverage_planner/tare_planner_node/kRushHome: True
 * /sensor_coverage_planner/tare_planner_node/kRushHomeDist: 5
 * /sensor_coverage_planner/tare_planner_node/kSensorRange: 7.5
 * /sensor_coverage_planner/tare_planner_node/kSurfaceCloudDwzLeafSize: 0.3
 * /sensor_coverage_planner/tare_planner_node/kTerrainCollisionThreshold: 0.5
 * /sensor_coverage_planner/tare_planner_node/kTestID: 0001
 * /sensor_coverage_planner/tare_planner_node/kUseCoverageBoundaryOnFrontier: False
 * /sensor_coverage_planner/tare_planner_node/kUseCoverageBoundaryOnObjectSurface: False
 * /sensor_coverage_planner/tare_planner_node/kUseFrontier: True
 * /sensor_coverage_planner/tare_planner_node/kUseLineOfSightLookAheadPoint: True
 * /sensor_coverage_planner/tare_planner_node/kUseMomentum: True
 * /sensor_coverage_planner/tare_planner_node/kUseTerrainHeight: False
 * /sensor_coverage_planner/tare_planner_node/kUseTimeBudget: False
 * /sensor_coverage_planner/tare_planner_node/kViewPointCollisionMargin: 0.5
 * /sensor_coverage_planner/tare_planner_node/kViewPointCollisionMarginZMinus: 0.5
 * /sensor_coverage_planner/tare_planner_node/kViewPointCollisionMarginZPlus: 0.5
 * /sensor_coverage_planner/tare_planner_node/kViewPointHeightFromTerrain: 0.75
 * /sensor_coverage_planner/tare_planner_node/kViewPointHeightFromTerrainChangeThreshold: 0.6
 * /sensor_coverage_planner/tare_planner_node/keypose_graph/kAddEdgeCollisionCheckPointNumThr: 1
 * /sensor_coverage_planner/tare_planner_node/keypose_graph/kAddEdgeCollisionCheckRadius: 0.4
 * /sensor_coverage_planner/tare_planner_node/keypose_graph/kAddEdgeCollisionCheckResolution: 0.4
 * /sensor_coverage_planner/tare_planner_node/keypose_graph/kAddEdgeConnectDistThr: 3.0
 * /sensor_coverage_planner/tare_planner_node/keypose_graph/kAddEdgeToLastKeyposeDistThr: 3.0
 * /sensor_coverage_planner/tare_planner_node/keypose_graph/kAddEdgeVerticalThreshold: 1.0
 * /sensor_coverage_planner/tare_planner_node/keypose_graph/kAddNodeMinDist: 1.0
 * /sensor_coverage_planner/tare_planner_node/keypose_graph/kAddNonKeyposeNodeMinDist: 0.5
 * /sensor_coverage_planner/tare_planner_node/planner_seed: 11
 * /sensor_coverage_planner/tare_planner_node/pub_comms_relay_topic_: relay_comms
 * /sensor_coverage_planner/tare_planner_node/pub_exploration_finish_topic_: exploration_finish
 * /sensor_coverage_planner/tare_planner_node/pub_exploration_info_topic_: /exploration_info
 * /sensor_coverage_planner/tare_planner_node/pub_momentum_activation_count_topic_: momentum_activati...
 * /sensor_coverage_planner/tare_planner_node/pub_robot_position_topic_: /position
 * /sensor_coverage_planner/tare_planner_node/pub_runtime_breakdown_topic_: runtime_breakdown
 * /sensor_coverage_planner/tare_planner_node/pub_runtime_topic_: /runtime
 * /sensor_coverage_planner/tare_planner_node/pub_waypoint_topic_: /way_point
 * /sensor_coverage_planner/tare_planner_node/robot_id: 0
 * /sensor_coverage_planner/tare_planner_node/robot_types: ['wheeled']
 * /sensor_coverage_planner/tare_planner_node/rolling_occupancy_grid/resolution_x: 0.3
 * /sensor_coverage_planner/tare_planner_node/rolling_occupancy_grid/resolution_y: 0.3
 * /sensor_coverage_planner/tare_planner_node/rolling_occupancy_grid/resolution_z: 0.3
 * /sensor_coverage_planner/tare_planner_node/sub_coverage_boundary_topic_: /sensor_coverage_...
 * /sensor_coverage_planner/tare_planner_node/sub_keypose_topic_: /key_pose_to_map
 * /sensor_coverage_planner/tare_planner_node/sub_mobility_boundary_topic_: mobility_boundary
 * /sensor_coverage_planner/tare_planner_node/sub_nogo_boundary_topic_: /sensor_coverage_...
 * /sensor_coverage_planner/tare_planner_node/sub_registered_scan_topic_: /registered_scan
 * /sensor_coverage_planner/tare_planner_node/sub_start_exploration_topic_: /start_exploration
 * /sensor_coverage_planner/tare_planner_node/sub_state_estimation_topic_: /state_estimation...
 * /sensor_coverage_planner/tare_planner_node/sub_terrain_map_ext_topic_: /terrain_map_ext
 * /sensor_coverage_planner/tare_planner_node/sub_terrain_map_topic_: /terrain_map
 * /sensor_coverage_planner/tare_planner_node/sub_viewpoint_boundary_topic_: /navigation_boundary
 * /sensor_coverage_planner/tare_planner_node/sub_virtual_obstacle_topic_: /added_obstacles
 * /sensor_coverage_planner/tare_planner_node/viewpoint_manager/number_x: 50
 * /sensor_coverage_planner/tare_planner_node/viewpoint_manager/number_y: 50
 * /sensor_coverage_planner/tare_planner_node/viewpoint_manager/number_z: 1
 * /sensor_coverage_planner/tare_planner_node/viewpoint_manager/resolution_x: 0.6
 * /sensor_coverage_planner/tare_planner_node/viewpoint_manager/resolution_y: 0.6
 * /sensor_coverage_planner/tare_planner_node/viewpoint_manager/resolution_z: 0.0

NODES
  /sensor_coverage_planner/
    tare_planner_node (tare_planner/tare_planner_node)
[0m[ INFO] [ 2026-08-20 10:53:16]: M-TARE deterministic planner seed: 11[0m
[0m[ INFO] [ 2026-08-20 10:53:16]: grid world kTestID: 0001[0m
[0m[ INFO] [ 2026-08-20 10:53:16]: Comms config: full comms[0m
[0m[ INFO] [ 2026-08-20 10:53:16]: multirobot manager: kTestID: 0001[0m
[0m[ INFO] [ 2026-08-20 10:53:16]: multirobot manager: kRobotNum: 1[0m
[0m[ INFO] [ 2026-08-20 10:53:16]: multirobot manager: kCommsRange: 1000[0m

[1;32mExploration Started[0m

[1mROS_MASTER_URI=http://localhost:11311[0m
]2;/workspace/configs/v3/gate5/roslaunch/explore_seeded.launch http://localhost:11311
[1mprocess[sensor_coverage_planner/tare_planner_node-1]: started with pid [1232][0m
[sensor_coverage_planner/tare_planner_node-1] killing on exit
shutting down processing monitor...
... shutting down processing monitor complete
[1mdone[0m
