/home/zeng-workstation/anaconda3/lib/python3.13/site-packages/torch/backends/__init__.py:46: UserWarning: Please use the new API settings to control TF32 behavior, such as torch.backends.cudnn.conv.fp32_precision = 'tf32' or torch.backends.cuda.matmul.fp32_precision = 'ieee'. Old settings, e.g, torch.backends.cuda.matmul.allow_tf32 = True, torch.backends.cudnn.allow_tf32 = True, allowTF32CuDNN() and allowTF32CuBLAS() will be deprecated after Pytorch 2.9. Please see https://pytorch.org/docs/main/notes/cuda.html#tensorfloat-32-tf32-on-ampere-and-later-devices (Triggered internally at /pytorch/aten/src/ATen/Context.cpp:80.)
  self.setter(val)
{
  "checks": {
    "deterministic_repeat_exact": true,
    "frozen_support_radius_is_four": true,
    "full_real_loss_and_all_gradients_valid": true,
    "parameter_count_unchanged": true,
    "prior_geometry_corrective_pass": true,
    "real_rotation_exact": true,
    "real_tokens_are_distinct": true,
    "synthetic_tokens_are_distinct": true,
    "synthetic_wrap_rotation_exact": true,
    "zero_optimizer_checkpoint_validation_test_graph": true
  },
  "decision": "ALLOW_SPARSE_RELATION_TRANSPORT_THREE_SEED_TRAINING_DATA_CARD",
  "status": "PASS_GSE_SPARSE_RELATION_PROPOSAL_DISTINCTNESS_CORRECTIVE_V1"
}
	Command being timed: "/home/zeng-workstation/.local/share/mtare_topo_comm/envs/phase3_torch290_cu129_zarr2187_v1/bin/python /home/zeng-workstation/mtare_topo_comm/tools/v3/execute_gse_sparse_relation_proposal_distinctness_corrective_v1.py --dataset-root /home/zeng-workstation/mtare_topo_comm/results/gate2_representation/gate2_20260824_gse_deduplicated_dataset_export_v1_seed0/artifacts/dataset/train --sequence-manifest /home/zeng-workstation/mtare_topo_comm/results/gate2_representation/gate2_20260824_gse_deduplicated_dataset_export_v1_seed0/artifacts/sequence_manifest.jsonl --readiness-summary /home/zeng-workstation/mtare_topo_comm/results/gate3_semantics/gate3_20260829_gse_axis_anchored_event_relation_readiness_v2_seed0/metrics/summary.json --geometry-corrective-summary /home/zeng-workstation/mtare_topo_comm/results/gate3_semantics/gate3_20260829_gse_sparse_relation_geometry_shape_corrective_v1_seed0/metrics/summary.json --output-dir /home/zeng-workstation/mtare_topo_comm/results/gate3_semantics/gate3_20260829_gse_sparse_relation_proposal_distinctness_corrective_v1_seed0/metrics/corrective"
	User time (seconds): 2.51
	System time (seconds): 0.75
	Percent of CPU this job got: 102%
	Elapsed (wall clock) time (h:mm:ss or m:ss): 0:03.19
	Average shared text size (kbytes): 0
	Average unshared data size (kbytes): 0
	Average stack size (kbytes): 0
	Average total size (kbytes): 0
	Maximum resident set size (kbytes): 2620824
	Average resident set size (kbytes): 0
	Major (requiring I/O) page faults: 0
	Minor (reclaiming a frame) page faults: 511796
	Voluntary context switches: 6516
	Involuntary context switches: 88
	Swaps: 0
	File system inputs: 0
	File system outputs: 424
	Socket messages sent: 0
	Socket messages received: 0
	Signals delivered: 0
	Page size (bytes): 4096
	Exit status: 0
