{"completed": 1, "of": 210, "task_id": "S01_flat_tree_small_C07__c1_mixed", "sidecar_bytes": 93556}
{"completed": 2, "of": 210, "task_id": "S01_flat_tree_small_C07__ellipse", "sidecar_bytes": 95402}
{"completed": 3, "of": 210, "task_id": "S01_flat_tree_small_C07__rounded_rectangle", "sidecar_bytes": 92934}
{"completed": 4, "of": 210, "task_id": "S02_3d_tree_small_C07__c1_mixed", "sidecar_bytes": 110528}
{"completed": 5, "of": 210, "task_id": "S02_3d_tree_small_C07__ellipse", "sidecar_bytes": 112694}
{"completed": 6, "of": 210, "task_id": "S02_3d_tree_small_C07__rounded_rectangle", "sidecar_bytes": 109516}
{"completed": 7, "of": 210, "task_id": "S03_flat_unicyclic_small_C07__c1_mixed", "sidecar_bytes": 98763}
{"completed": 8, "of": 210, "task_id": "S03_flat_unicyclic_small_C07__ellipse", "sidecar_bytes": 101150}
{"completed": 9, "of": 210, "task_id": "S03_flat_unicyclic_small_C07__rounded_rectangle", "sidecar_bytes": 96581}
{"completed": 10, "of": 210, "task_id": "S04_3d_unicyclic_small_C07__c1_mixed", "sidecar_bytes": 143164}
{"completed": 11, "of": 210, "task_id": "S04_3d_unicyclic_small_C07__ellipse", "sidecar_bytes": 147101}
{"completed": 12, "of": 210, "task_id": "S04_3d_unicyclic_small_C07__rounded_rectangle", "sidecar_bytes": 140420}
{"completed": 13, "of": 210, "task_id": "S05_flat_branch_medium_C07__c1_mixed", "sidecar_bytes": 167968}
{"completed": 14, "of": 210, "task_id": "S05_flat_branch_medium_C07__ellipse", "sidecar_bytes": 171613}
{"completed": 15, "of": 210, "task_id": "S05_flat_branch_medium_C07__rounded_rectangle", "sidecar_bytes": 165267}
{"completed": 16, "of": 210, "task_id": "S06_3d_branch_medium_C07__c1_mixed", "sidecar_bytes": 207183}
{"completed": 17, "of": 210, "task_id": "S06_3d_branch_medium_C07__ellipse", "sidecar_bytes": 208204}
{"completed": 18, "of": 210, "task_id": "S06_3d_branch_medium_C07__rounded_rectangle", "sidecar_bytes": 205074}
{"completed": 19, "of": 210, "task_id": "S07_flat_loop_rich_C07__c1_mixed", "sidecar_bytes": 255917}
{"completed": 20, "of": 210, "task_id": "S07_flat_loop_rich_C07__ellipse", "sidecar_bytes": 259659}
{"completed": 21, "of": 210, "task_id": "S07_flat_loop_rich_C07__rounded_rectangle", "sidecar_bytes": 251950}
{"completed": 22, "of": 210, "task_id": "S08_3d_loop_rich_C07__c1_mixed", "sidecar_bytes": 336415}
{"completed": 23, "of": 210, "task_id": "S08_3d_loop_rich_C07__ellipse", "sidecar_bytes": 342984}
{"completed": 24, "of": 210, "task_id": "S08_3d_loop_rich_C07__rounded_rectangle", "sidecar_bytes": 332668}
{"completed": 25, "of": 210, "task_id": "S09_flat_complex_C07__c1_mixed", "sidecar_bytes": 310147}
{"completed": 26, "of": 210, "task_id": "S09_flat_complex_C07__ellipse", "sidecar_bytes": 315431}
{"completed": 27, "of": 210, "task_id": "S09_flat_complex_C07__rounded_rectangle", "sidecar_bytes": 305220}
{"completed": 28, "of": 210, "task_id": "S10_3d_complex_C07__c1_mixed", "sidecar_bytes": 447500}
{"completed": 29, "of": 210, "task_id": "S10_3d_complex_C07__ellipse", "sidecar_bytes": 452702}
{"completed": 30, "of": 210, "task_id": "S10_3d_complex_C07__rounded_rectangle", "sidecar_bytes": 442029}
{"completed": 31, "of": 210, "task_id": "S01_flat_tree_small_C01__c1_mixed", "sidecar_bytes": 103238}
{"completed": 32, "of": 210, "task_id": "S01_flat_tree_small_C01__ellipse", "sidecar_bytes": 105450}
{"completed": 33, "of": 210, "task_id": "S01_flat_tree_small_C01__rounded_rectangle", "sidecar_bytes": 101827}
{"completed": 34, "of": 210, "task_id": "S01_flat_tree_small_C02__c1_mixed", "sidecar_bytes": 96022}
{"completed": 35, "of": 210, "task_id": "S01_flat_tree_small_C02__ellipse", "sidecar_bytes": 97989}
{"completed": 36, "of": 210, "task_id": "S01_flat_tree_small_C02__rounded_rectangle", "sidecar_bytes": 95037}
{"completed": 37, "of": 210, "task_id": "S01_flat_tree_small_C03__c1_mixed", "sidecar_bytes": 109224}
{"completed": 38, "of": 210, "task_id": "S01_flat_tree_small_C03__ellipse", "sidecar_bytes": 111537}
{"completed": 39, "of": 210, "task_id": "S01_flat_tree_small_C03__rounded_rectangle", "sidecar_bytes": 107723}
{"completed": 40, "of": 210, "task_id": "S01_flat_tree_small_C04__c1_mixed", "sidecar_bytes": 78783}
{"completed": 41, "of": 210, "task_id": "S01_flat_tree_small_C04__ellipse", "sidecar_bytes": 80698}
{"completed": 42, "of": 210, "task_id": "S01_flat_tree_small_C04__rounded_rectangle", "sidecar_bytes": 76245}
{"completed": 43, "of": 210, "task_id": "S01_flat_tree_small_C05__c1_mixed", "sidecar_bytes": 94117}
{"completed": 44, "of": 210, "task_id": "S01_flat_tree_small_C05__ellipse", "sidecar_bytes": 96732}
{"completed": 45, "of": 210, "task_id": "S01_flat_tree_small_C05__rounded_rectangle", "sidecar_bytes": 92754}
{"completed": 46, "of": 210, "task_id": "S01_flat_tree_small_C06__c1_mixed", "sidecar_bytes": 97723}
{"completed": 47, "of": 210, "task_id": "S01_flat_tree_small_C06__ellipse", "sidecar_bytes": 99241}
{"completed": 48, "of": 210, "task_id": "S01_flat_tree_small_C06__rounded_rectangle", "sidecar_bytes": 95638}
{"completed": 49, "of": 210, "task_id": "S02_3d_tree_small_C01__c1_mixed", "sidecar_bytes": 140320}
{"completed": 50, "of": 210, "task_id": "S02_3d_tree_small_C01__ellipse", "sidecar_bytes": 141038}
{"completed": 51, "of": 210, "task_id": "S02_3d_tree_small_C01__rounded_rectangle", "sidecar_bytes": 139050}
{"completed": 52, "of": 210, "task_id": "S02_3d_tree_small_C02__c1_mixed", "sidecar_bytes": 137928}
{"completed": 53, "of": 210, "task_id": "S02_3d_tree_small_C02__ellipse", "sidecar_bytes": 138654}
{"completed": 54, "of": 210, "task_id": "S02_3d_tree_small_C02__rounded_rectangle", "sidecar_bytes": 136340}
{"completed": 55, "of": 210, "task_id": "S02_3d_tree_small_C03__c1_mixed", "sidecar_bytes": 142110}
{"completed": 56, "of": 210, "task_id": "S02_3d_tree_small_C03__ellipse", "sidecar_bytes": 142929}
{"completed": 57, "of": 210, "task_id": "S02_3d_tree_small_C03__rounded_rectangle", "sidecar_bytes": 140391}
{"completed": 58, "of": 210, "task_id": "S02_3d_tree_small_C04__c1_mixed", "sidecar_bytes": 127809}
{"completed": 59, "of": 210, "task_id": "S02_3d_tree_small_C04__ellipse", "sidecar_bytes": 129345}
{"completed": 60, "of": 210, "task_id": "S02_3d_tree_small_C04__rounded_rectangle", "sidecar_bytes": 126432}
{"completed": 61, "of": 210, "task_id": "S02_3d_tree_small_C05__c1_mixed", "sidecar_bytes": 130474}
{"completed": 62, "of": 210, "task_id": "S02_3d_tree_small_C05__ellipse", "sidecar_bytes": 132491}
{"completed": 63, "of": 210, "task_id": "S02_3d_tree_small_C05__rounded_rectangle", "sidecar_bytes": 128803}
{"completed": 64, "of": 210, "task_id": "S02_3d_tree_small_C06__c1_mixed", "sidecar_bytes": 139986}
{"completed": 65, "of": 210, "task_id": "S02_3d_tree_small_C06__ellipse", "sidecar_bytes": 141770}
{"completed": 66, "of": 210, "task_id": "S02_3d_tree_small_C06__rounded_rectangle", "sidecar_bytes": 138383}
{"completed": 67, "of": 210, "task_id": "S03_flat_unicyclic_small_C01__c1_mixed", "sidecar_bytes": 117811}
{"completed": 68, "of": 210, "task_id": "S03_flat_unicyclic_small_C01__ellipse", "sidecar_bytes": 119730}
{"completed": 69, "of": 210, "task_id": "S03_flat_unicyclic_small_C01__rounded_rectangle", "sidecar_bytes": 116195}
{"completed": 70, "of": 210, "task_id": "S03_flat_unicyclic_small_C02__c1_mixed", "sidecar_bytes": 141185}
{"completed": 71, "of": 210, "task_id": "S03_flat_unicyclic_small_C02__ellipse", "sidecar_bytes": 142888}
{"completed": 72, "of": 210, "task_id": "S03_flat_unicyclic_small_C02__rounded_rectangle", "sidecar_bytes": 139334}
{"completed": 73, "of": 210, "task_id": "S03_flat_unicyclic_small_C03__c1_mixed", "sidecar_bytes": 127594}
{"completed": 74, "of": 210, "task_id": "S03_flat_unicyclic_small_C03__ellipse", "sidecar_bytes": 128733}
{"completed": 75, "of": 210, "task_id": "S03_flat_unicyclic_small_C03__rounded_rectangle", "sidecar_bytes": 126264}
{"completed": 76, "of": 210, "task_id": "S03_flat_unicyclic_small_C04__c1_mixed", "sidecar_bytes": 140791}
{"completed": 77, "of": 210, "task_id": "S03_flat_unicyclic_small_C04__ellipse", "sidecar_bytes": 142273}
{"completed": 78, "of": 210, "task_id": "S03_flat_unicyclic_small_C04__rounded_rectangle", "sidecar_bytes": 133777}
{"completed": 79, "of": 210, "task_id": "S03_flat_unicyclic_small_C05__c1_mixed", "sidecar_bytes": 116368}
{"completed": 80, "of": 210, "task_id": "S03_flat_unicyclic_small_C05__ellipse", "sidecar_bytes": 118142}
{"completed": 81, "of": 210, "task_id": "S03_flat_unicyclic_small_C05__rounded_rectangle", "sidecar_bytes": 113869}
{"completed": 82, "of": 210, "task_id": "S03_flat_unicyclic_small_C06__c1_mixed", "sidecar_bytes": 119727}
{"completed": 83, "of": 210, "task_id": "S03_flat_unicyclic_small_C06__ellipse", "sidecar_bytes": 121707}
{"completed": 84, "of": 210, "task_id": "S03_flat_unicyclic_small_C06__rounded_rectangle", "sidecar_bytes": 118534}
{"completed": 85, "of": 210, "task_id": "S04_3d_unicyclic_small_C01__c1_mixed", "sidecar_bytes": 168969}
{"completed": 86, "of": 210, "task_id": "S04_3d_unicyclic_small_C01__ellipse", "sidecar_bytes": 169126}
{"completed": 87, "of": 210, "task_id": "S04_3d_unicyclic_small_C01__rounded_rectangle", "sidecar_bytes": 165687}
{"completed": 88, "of": 210, "task_id": "S04_3d_unicyclic_small_C02__c1_mixed", "sidecar_bytes": 155982}
{"completed": 89, "of": 210, "task_id": "S04_3d_unicyclic_small_C02__ellipse", "sidecar_bytes": 159473}
{"completed": 90, "of": 210, "task_id": "S04_3d_unicyclic_small_C02__rounded_rectangle", "sidecar_bytes": 154325}
{"completed": 91, "of": 210, "task_id": "S04_3d_unicyclic_small_C03__c1_mixed", "sidecar_bytes": 169525}
{"completed": 92, "of": 210, "task_id": "S04_3d_unicyclic_small_C03__ellipse", "sidecar_bytes": 169370}
{"completed": 93, "of": 210, "task_id": "S04_3d_unicyclic_small_C03__rounded_rectangle", "sidecar_bytes": 167231}
{"completed": 94, "of": 210, "task_id": "S04_3d_unicyclic_small_C04__c1_mixed", "sidecar_bytes": 156010}
{"completed": 95, "of": 210, "task_id": "S04_3d_unicyclic_small_C04__ellipse", "sidecar_bytes": 160909}
{"completed": 96, "of": 210, "task_id": "S04_3d_unicyclic_small_C04__rounded_rectangle", "sidecar_bytes": 153656}
{"completed": 97, "of": 210, "task_id": "S04_3d_unicyclic_small_C05__c1_mixed", "sidecar_bytes": 130617}
{"completed": 98, "of": 210, "task_id": "S04_3d_unicyclic_small_C05__ellipse", "sidecar_bytes": 133118}
{"completed": 99, "of": 210, "task_id": "S04_3d_unicyclic_small_C05__rounded_rectangle", "sidecar_bytes": 128648}
{"completed": 100, "of": 210, "task_id": "S04_3d_unicyclic_small_C06__c1_mixed", "sidecar_bytes": 162719}
{"completed": 101, "of": 210, "task_id": "S04_3d_unicyclic_small_C06__ellipse", "sidecar_bytes": 163532}
{"completed": 102, "of": 210, "task_id": "S04_3d_unicyclic_small_C06__rounded_rectangle", "sidecar_bytes": 160423}
{"completed": 103, "of": 210, "task_id": "S05_flat_branch_medium_C01__c1_mixed", "sidecar_bytes": 179179}
{"completed": 104, "of": 210, "task_id": "S05_flat_branch_medium_C01__ellipse", "sidecar_bytes": 183088}
{"completed": 105, "of": 210, "task_id": "S05_flat_branch_medium_C01__rounded_rectangle", "sidecar_bytes": 176199}
{"completed": 106, "of": 210, "task_id": "S05_flat_branch_medium_C02__c1_mixed", "sidecar_bytes": 198844}
{"completed": 107, "of": 210, "task_id": "S05_flat_branch_medium_C02__ellipse", "sidecar_bytes": 201871}
{"completed": 108, "of": 210, "task_id": "S05_flat_branch_medium_C02__rounded_rectangle", "sidecar_bytes": 195671}
{"completed": 109, "of": 210, "task_id": "S05_flat_branch_medium_C03__c1_mixed", "sidecar_bytes": 207827}
{"completed": 110, "of": 210, "task_id": "S05_flat_branch_medium_C03__ellipse", "sidecar_bytes": 210951}
{"completed": 111, "of": 210, "task_id": "S05_flat_branch_medium_C03__rounded_rectangle", "sidecar_bytes": 204759}
{"completed": 112, "of": 210, "task_id": "S05_flat_branch_medium_C04__c1_mixed", "sidecar_bytes": 182337}
{"completed": 113, "of": 210, "task_id": "S05_flat_branch_medium_C04__ellipse", "sidecar_bytes": 185436}
{"completed": 114, "of": 210, "task_id": "S05_flat_branch_medium_C04__rounded_rectangle", "sidecar_bytes": 180035}
{"completed": 115, "of": 210, "task_id": "S05_flat_branch_medium_C05__c1_mixed", "sidecar_bytes": 167329}
{"completed": 116, "of": 210, "task_id": "S05_flat_branch_medium_C05__ellipse", "sidecar_bytes": 169136}
{"completed": 117, "of": 210, "task_id": "S05_flat_branch_medium_C05__rounded_rectangle", "sidecar_bytes": 164432}
{"completed": 118, "of": 210, "task_id": "S05_flat_branch_medium_C06__c1_mixed", "sidecar_bytes": 203900}
{"completed": 119, "of": 210, "task_id": "S05_flat_branch_medium_C06__ellipse", "sidecar_bytes": 204941}
{"completed": 120, "of": 210, "task_id": "S05_flat_branch_medium_C06__rounded_rectangle", "sidecar_bytes": 201279}
{"completed": 121, "of": 210, "task_id": "S06_3d_branch_medium_C01__c1_mixed", "sidecar_bytes": 206631}
{"completed": 122, "of": 210, "task_id": "S06_3d_branch_medium_C01__ellipse", "sidecar_bytes": 211391}
{"completed": 123, "of": 210, "task_id": "S06_3d_branch_medium_C01__rounded_rectangle", "sidecar_bytes": 201036}
{"completed": 124, "of": 210, "task_id": "S06_3d_branch_medium_C02__c1_mixed", "sidecar_bytes": 220015}
{"completed": 125, "of": 210, "task_id": "S06_3d_branch_medium_C02__ellipse", "sidecar_bytes": 220636}
{"completed": 126, "of": 210, "task_id": "S06_3d_branch_medium_C02__rounded_rectangle", "sidecar_bytes": 217351}
{"completed": 127, "of": 210, "task_id": "S06_3d_branch_medium_C03__c1_mixed", "sidecar_bytes": 217859}
{"completed": 128, "of": 210, "task_id": "S06_3d_branch_medium_C03__ellipse", "sidecar_bytes": 221165}
{"completed": 129, "of": 210, "task_id": "S06_3d_branch_medium_C03__rounded_rectangle", "sidecar_bytes": 213875}
{"completed": 130, "of": 210, "task_id": "S06_3d_branch_medium_C04__c1_mixed", "sidecar_bytes": 278519}
{"completed": 131, "of": 210, "task_id": "S06_3d_branch_medium_C04__ellipse", "sidecar_bytes": 286046}
{"completed": 132, "of": 210, "task_id": "S06_3d_branch_medium_C04__rounded_rectangle", "sidecar_bytes": 275647}
{"completed": 133, "of": 210, "task_id": "S06_3d_branch_medium_C05__c1_mixed", "sidecar_bytes": 236492}
{"completed": 134, "of": 210, "task_id": "S06_3d_branch_medium_C05__ellipse", "sidecar_bytes": 236423}
{"completed": 135, "of": 210, "task_id": "S06_3d_branch_medium_C05__rounded_rectangle", "sidecar_bytes": 231873}
{"completed": 136, "of": 210, "task_id": "S06_3d_branch_medium_C06__c1_mixed", "sidecar_bytes": 267990}
{"completed": 137, "of": 210, "task_id": "S06_3d_branch_medium_C06__ellipse", "sidecar_bytes": 269143}
{"completed": 138, "of": 210, "task_id": "S06_3d_branch_medium_C06__rounded_rectangle", "sidecar_bytes": 267853}
{"completed": 139, "of": 210, "task_id": "S07_flat_loop_rich_C01__c1_mixed", "sidecar_bytes": 266791}
{"completed": 140, "of": 210, "task_id": "S07_flat_loop_rich_C01__ellipse", "sidecar_bytes": 272790}
{"completed": 141, "of": 210, "task_id": "S07_flat_loop_rich_C01__rounded_rectangle", "sidecar_bytes": 263594}
{"completed": 142, "of": 210, "task_id": "S07_flat_loop_rich_C02__c1_mixed", "sidecar_bytes": 297197}
{"completed": 143, "of": 210, "task_id": "S07_flat_loop_rich_C02__ellipse", "sidecar_bytes": 304141}
{"completed": 144, "of": 210, "task_id": "S07_flat_loop_rich_C02__rounded_rectangle", "sidecar_bytes": 292771}
{"completed": 145, "of": 210, "task_id": "S07_flat_loop_rich_C03__c1_mixed", "sidecar_bytes": 268416}
{"completed": 146, "of": 210, "task_id": "S07_flat_loop_rich_C03__ellipse", "sidecar_bytes": 277178}
{"completed": 147, "of": 210, "task_id": "S07_flat_loop_rich_C03__rounded_rectangle", "sidecar_bytes": 259526}
{"completed": 148, "of": 210, "task_id": "S07_flat_loop_rich_C04__c1_mixed", "sidecar_bytes": 285790}
{"completed": 149, "of": 210, "task_id": "S07_flat_loop_rich_C04__ellipse", "sidecar_bytes": 290692}
{"completed": 150, "of": 210, "task_id": "S07_flat_loop_rich_C04__rounded_rectangle", "sidecar_bytes": 273021}
{"completed": 151, "of": 210, "task_id": "S07_flat_loop_rich_C05__c1_mixed", "sidecar_bytes": 246337}
{"completed": 152, "of": 210, "task_id": "S07_flat_loop_rich_C05__ellipse", "sidecar_bytes": 250596}
{"completed": 153, "of": 210, "task_id": "S07_flat_loop_rich_C05__rounded_rectangle", "sidecar_bytes": 242573}
{"completed": 154, "of": 210, "task_id": "S07_flat_loop_rich_C06__c1_mixed", "sidecar_bytes": 275030}
{"completed": 155, "of": 210, "task_id": "S07_flat_loop_rich_C06__ellipse", "sidecar_bytes": 281401}
{"completed": 156, "of": 210, "task_id": "S07_flat_loop_rich_C06__rounded_rectangle", "sidecar_bytes": 267966}
{"completed": 157, "of": 210, "task_id": "S08_3d_loop_rich_C01__c1_mixed", "sidecar_bytes": 354860}
{"completed": 158, "of": 210, "task_id": "S08_3d_loop_rich_C01__ellipse", "sidecar_bytes": 354085}
{"completed": 159, "of": 210, "task_id": "S08_3d_loop_rich_C01__rounded_rectangle", "sidecar_bytes": 345556}
{"completed": 160, "of": 210, "task_id": "S08_3d_loop_rich_C02__c1_mixed", "sidecar_bytes": 371268}
{"completed": 161, "of": 210, "task_id": "S08_3d_loop_rich_C02__ellipse", "sidecar_bytes": 372813}
{"completed": 162, "of": 210, "task_id": "S08_3d_loop_rich_C02__rounded_rectangle", "sidecar_bytes": 367496}
{"completed": 163, "of": 210, "task_id": "S08_3d_loop_rich_C03__c1_mixed", "sidecar_bytes": 286917}
{"completed": 164, "of": 210, "task_id": "S08_3d_loop_rich_C03__ellipse", "sidecar_bytes": 285108}
{"completed": 165, "of": 210, "task_id": "S08_3d_loop_rich_C03__rounded_rectangle", "sidecar_bytes": 276210}
{"completed": 166, "of": 210, "task_id": "S08_3d_loop_rich_C04__c1_mixed", "sidecar_bytes": 374924}
{"completed": 167, "of": 210, "task_id": "S08_3d_loop_rich_C04__ellipse", "sidecar_bytes": 377486}
{"completed": 168, "of": 210, "task_id": "S08_3d_loop_rich_C04__rounded_rectangle", "sidecar_bytes": 370368}
{"completed": 169, "of": 210, "task_id": "S08_3d_loop_rich_C05__c1_mixed", "sidecar_bytes": 336265}
{"completed": 170, "of": 210, "task_id": "S08_3d_loop_rich_C05__ellipse", "sidecar_bytes": 333657}
{"completed": 171, "of": 210, "task_id": "S08_3d_loop_rich_C05__rounded_rectangle", "sidecar_bytes": 329029}
{"completed": 172, "of": 210, "task_id": "S08_3d_loop_rich_C06__c1_mixed", "sidecar_bytes": 341844}
{"completed": 173, "of": 210, "task_id": "S08_3d_loop_rich_C06__ellipse", "sidecar_bytes": 350045}
{"completed": 174, "of": 210, "task_id": "S08_3d_loop_rich_C06__rounded_rectangle", "sidecar_bytes": 337262}
{"completed": 175, "of": 210, "task_id": "S09_flat_complex_C01__c1_mixed", "sidecar_bytes": 353591}
{"completed": 176, "of": 210, "task_id": "S09_flat_complex_C01__ellipse", "sidecar_bytes": 360479}
{"completed": 177, "of": 210, "task_id": "S09_flat_complex_C01__rounded_rectangle", "sidecar_bytes": 349954}
{"completed": 178, "of": 210, "task_id": "S09_flat_complex_C02__c1_mixed", "sidecar_bytes": 309079}
{"completed": 179, "of": 210, "task_id": "S09_flat_complex_C02__ellipse", "sidecar_bytes": 314453}
{"completed": 180, "of": 210, "task_id": "S09_flat_complex_C02__rounded_rectangle", "sidecar_bytes": 302205}
{"completed": 181, "of": 210, "task_id": "S09_flat_complex_C03__c1_mixed", "sidecar_bytes": 350867}
{"completed": 182, "of": 210, "task_id": "S09_flat_complex_C03__ellipse", "sidecar_bytes": 357532}
{"completed": 183, "of": 210, "task_id": "S09_flat_complex_C03__rounded_rectangle", "sidecar_bytes": 343994}
{"completed": 184, "of": 210, "task_id": "S09_flat_complex_C04__c1_mixed", "sidecar_bytes": 309480}
{"completed": 185, "of": 210, "task_id": "S09_flat_complex_C04__ellipse", "sidecar_bytes": 315124}
{"completed": 186, "of": 210, "task_id": "S09_flat_complex_C04__rounded_rectangle", "sidecar_bytes": 305164}
{"completed": 187, "of": 210, "task_id": "S09_flat_complex_C05__c1_mixed", "sidecar_bytes": 378062}
{"completed": 188, "of": 210, "task_id": "S09_flat_complex_C05__ellipse", "sidecar_bytes": 384478}
{"completed": 189, "of": 210, "task_id": "S09_flat_complex_C05__rounded_rectangle", "sidecar_bytes": 361324}
{"completed": 190, "of": 210, "task_id": "S09_flat_complex_C06__c1_mixed", "sidecar_bytes": 311474}
{"completed": 191, "of": 210, "task_id": "S09_flat_complex_C06__ellipse", "sidecar_bytes": 319188}
{"completed": 192, "of": 210, "task_id": "S09_flat_complex_C06__rounded_rectangle", "sidecar_bytes": 306209}
{"completed": 193, "of": 210, "task_id": "S10_3d_complex_C01__c1_mixed", "sidecar_bytes": 369303}
{"completed": 194, "of": 210, "task_id": "S10_3d_complex_C01__ellipse", "sidecar_bytes": 374112}
{"completed": 195, "of": 210, "task_id": "S10_3d_complex_C01__rounded_rectangle", "sidecar_bytes": 361315}
{"completed": 196, "of": 210, "task_id": "S10_3d_complex_C02__c1_mixed", "sidecar_bytes": 412678}
{"completed": 197, "of": 210, "task_id": "S10_3d_complex_C02__ellipse", "sidecar_bytes": 418710}
{"completed": 198, "of": 210, "task_id": "S10_3d_complex_C02__rounded_rectangle", "sidecar_bytes": 409563}
{"completed": 199, "of": 210, "task_id": "S10_3d_complex_C03__c1_mixed", "sidecar_bytes": 438379}
{"completed": 200, "of": 210, "task_id": "S10_3d_complex_C03__ellipse", "sidecar_bytes": 446167}
{"completed": 201, "of": 210, "task_id": "S10_3d_complex_C03__rounded_rectangle", "sidecar_bytes": 437738}
{"completed": 202, "of": 210, "task_id": "S10_3d_complex_C04__c1_mixed", "sidecar_bytes": 468611}
{"completed": 203, "of": 210, "task_id": "S10_3d_complex_C04__ellipse", "sidecar_bytes": 472228}
{"completed": 204, "of": 210, "task_id": "S10_3d_complex_C04__rounded_rectangle", "sidecar_bytes": 461708}
{"completed": 205, "of": 210, "task_id": "S10_3d_complex_C05__c1_mixed", "sidecar_bytes": 413295}
{"completed": 206, "of": 210, "task_id": "S10_3d_complex_C05__ellipse", "sidecar_bytes": 424013}
{"completed": 207, "of": 210, "task_id": "S10_3d_complex_C05__rounded_rectangle", "sidecar_bytes": 405316}
{"completed": 208, "of": 210, "task_id": "S10_3d_complex_C06__c1_mixed", "sidecar_bytes": 432153}
{"completed": 209, "of": 210, "task_id": "S10_3d_complex_C06__ellipse", "sidecar_bytes": 432276}
{"completed": 210, "of": 210, "task_id": "S10_3d_complex_C06__rounded_rectangle", "sidecar_bytes": 425123}
