argv=["/usr/bin/timeout", "1800s", "/usr/bin/env", "PYTHONHASHSEED=0", "PYVISTA_OFF_SCREEN=true", "/tmp/mtare_cano_compat_e1_py312_np126_sp112/bin/python", "scripts/generate_environments.py", "--folder", "/home/zeng-workstation/mtare_topo_comm/results/gate0_baseline/gate0_20260810_cano_native_export_smoke_v1_seed0/artifacts/native_export", "--number_of_environments", "1", "--number_of_grown_tunnels", "3", "--number_of_connector_tunnels", "1"]
cwd=/home/zeng-workstation/mtare_topo_comm/external/procedural-subt-gen
started_at_utc=2026-08-10T10:26:04.005949+00:00
/home/zeng-workstation/mtare_topo_comm/external/procedural-subt-gen/scripts/generate_environments.py:4: PyVistaDeprecationWarning: The `pyvista.plotting.plotting` module has been deprecated. `Plotter` is now imported as: `from pyvista.plotting import Plotter`.
  from pyvista.plotting.plotting import Plotter
INFO:root:Failed for collsion
INFO:root:Failed for collsion
INFO:root:Failed for insertion angle
INFO:root:Failed for insertion angle
INFO:root:Failed for collsion
INFO:root:Failed for insertion angle
INFO:root:Failed for collsion
INFO:root:Failed for inclination
INFO:root:Setting parameters of tunnels
INFO:root:Setting perlin mappers for tunnels
INFO:root:Computing pointclouds of tunnels
INFO:root:Setting paramters for intersections
INFO:root:Calcludating radius of intersections
INFO:root:Separating the pointclouds of the tunnels for the intersections
INFO:root:Computing pointclouds of intersections
INFO:root:Computing mesh
INFO:root:Voxelizing ptcl
0000
0001
0002
0003
0004
0005
0006
0007
0008

Voxelizing floors:   0%|          | 0/938 [00:00<?, ?it/s]
Voxelizing floors:   9%|▉         | 83/938 [00:00<00:01, 820.96it/s]
Voxelizing floors:  19%|█▉        | 176/938 [00:00<00:00, 884.54it/s]
Voxelizing floors:  30%|███       | 285/938 [00:00<00:00, 974.46it/s]
Voxelizing floors:  44%|████▍     | 414/938 [00:00<00:00, 1095.81it/s]
Voxelizing floors:  62%|██████▏   | 584/938 [00:00<00:00, 1311.58it/s]
Voxelizing floors: 100%|██████████| 938/938 [00:00<00:00, 1582.86it/s]
INFO:root:Flattening floors

Checking wich vertices are floors:   0%|          | 0/61434 [00:00<?, ?it/s]
Checking wich vertices are floors:   6%|▌         | 3554/61434 [00:00<00:01, 35537.58it/s]
Checking wich vertices are floors:  12%|█▏        | 7108/61434 [00:00<00:01, 35026.44it/s]
Checking wich vertices are floors:  17%|█▋        | 10652/61434 [00:00<00:01, 35209.81it/s]
Checking wich vertices are floors:  23%|██▎       | 14174/61434 [00:00<00:01, 35003.07it/s]
Checking wich vertices are floors:  29%|██▉       | 17702/61434 [00:00<00:01, 35101.09it/s]
Checking wich vertices are floors:  35%|███▍      | 21254/61434 [00:00<00:01, 35241.76it/s]
Checking wich vertices are floors:  40%|████      | 24779/61434 [00:00<00:01, 34711.54it/s]
Checking wich vertices are floors:  46%|████▌     | 28289/61434 [00:00<00:00, 34830.83it/s]
Checking wich vertices are floors:  52%|█████▏    | 31774/61434 [00:00<00:00, 34796.47it/s]
Checking wich vertices are floors:  58%|█████▊    | 35328/61434 [00:01<00:00, 35024.20it/s]
Checking wich vertices are floors:  63%|██████▎   | 38841/61434 [00:01<00:00, 35055.50it/s]
Checking wich vertices are floors:  69%|██████▉   | 42348/61434 [00:01<00:00, 34781.34it/s]
Checking wich vertices are floors:  75%|███████▍  | 45827/61434 [00:01<00:00, 34135.34it/s]
Checking wich vertices are floors:  80%|████████  | 49244/61434 [00:01<00:00, 33856.46it/s]
Checking wich vertices are floors:  86%|████████▌ | 52632/61434 [00:01<00:00, 33604.32it/s]
Checking wich vertices are floors:  91%|█████████ | 56031/61434 [00:01<00:00, 33717.88it/s]
Checking wich vertices are floors:  97%|█████████▋| 59603/61434 [00:01<00:00, 34309.32it/s]

Checking wich intersection vertices are floors:   0%|          | 0/4 [00:00<?, ?it/s][A
Checking wich vertices are floors: 100%|██████████| 61434/61434 [00:01<00:00, 34656.29it/s]
INFO:root:Computing adjancency list
INFO:root:Computing floor adj list

Floor adj list:   0%|          | 0/19561 [00:00<?, ?it/s]
Checking wich intersection vertices are floors: 100%|██████████| 4/4 [00:00<00:00, 81.88it/s]

Floor adj list:   9%|▉         | 1769/19561 [00:00<00:01, 17682.39it/s]
Floor adj list:  18%|█▊        | 3538/19561 [00:00<00:01, 14301.81it/s]
Floor adj list:  26%|██▌       | 5009/19561 [00:00<00:01, 12345.87it/s]
Floor adj list:  32%|███▏      | 6280/19561 [00:00<00:01, 10631.62it/s]
Floor adj list:  38%|███▊      | 7379/19561 [00:00<00:01, 9355.37it/s] 
Floor adj list:  43%|████▎     | 8344/19561 [00:00<00:01, 8266.08it/s]
Floor adj list:  47%|████▋     | 9194/19561 [00:00<00:01, 7417.72it/s]
Floor adj list:  51%|█████     | 9953/19561 [00:01<00:01, 6579.04it/s]
Floor adj list:  54%|█████▍    | 10625/19561 [00:01<00:01, 6120.84it/s]
Floor adj list:  57%|█████▋    | 11243/19561 [00:01<00:01, 5696.10it/s]
Floor adj list:  60%|██████    | 11814/19561 [00:01<00:01, 5477.94it/s]
Floor adj list:  63%|██████▎   | 12360/19561 [00:01<00:01, 5246.17it/s]
Floor adj list:  66%|██████▌   | 12881/19561 [00:01<00:01, 4959.70it/s]
Floor adj list:  68%|██████▊   | 13374/19561 [00:01<00:01, 4720.23it/s]
Floor adj list:  71%|███████   | 13843/19561 [00:02<00:01, 4521.90it/s]
Floor adj list:  73%|███████▎  | 14292/19561 [00:02<00:01, 4321.69it/s]
Floor adj list:  75%|███████▌  | 14722/19561 [00:02<00:01, 4178.96it/s]
Floor adj list:  77%|███████▋  | 15137/19561 [00:02<00:01, 4017.16it/s]
Floor adj list:  79%|███████▉  | 15537/19561 [00:02<00:01, 3886.07it/s]
Floor adj list:  81%|████████▏ | 15924/19561 [00:02<00:00, 3796.43it/s]
Floor adj list:  83%|████████▎ | 16302/19561 [00:02<00:00, 3595.82it/s]
Floor adj list:  85%|████████▌ | 16662/19561 [00:02<00:00, 3457.00it/s]
Floor adj list:  87%|████████▋ | 17008/19561 [00:02<00:00, 3397.03it/s]
Floor adj list:  89%|████████▊ | 17348/19561 [00:03<00:00, 3366.45it/s]
Floor adj list:  90%|█████████ | 17685/19561 [00:03<00:00, 3271.73it/s]
Floor adj list:  92%|█████████▏| 18012/19561 [00:03<00:00, 3221.32it/s]
Floor adj list:  94%|█████████▎| 18334/19561 [00:03<00:00, 3170.05it/s]
Floor adj list:  95%|█████████▌| 18651/19561 [00:03<00:00, 3123.42it/s]
Floor adj list:  97%|█████████▋| 18963/19561 [00:03<00:00, 3036.78it/s]
Floor adj list:  99%|█████████▊| 19307/19561 [00:03<00:00, 3149.57it/s]

Floor smoothing:   0%|          | 0/391220 [00:00<?, ?it/s][A
Floor adj list: 100%|██████████| 19561/19561 [00:03<00:00, 5268.37it/s]


Floor smoothing:   6%|▌         | 21982/391220 [00:00<00:01, 219819.16it/s][A

Floor smoothing:  13%|█▎        | 51939/391220 [00:00<00:01, 266730.75it/s][A

Floor smoothing:  21%|██        | 81935/391220 [00:00<00:01, 281903.09it/s][A

Floor smoothing:  29%|██▊       | 112286/391220 [00:00<00:00, 290429.79it/s][A

Floor smoothing:  36%|███▋      | 142634/391220 [00:00<00:00, 295134.07it/s][A

Floor smoothing:  44%|████▍     | 173142/391220 [00:00<00:00, 298512.85it/s][A

Floor smoothing:  52%|█████▏    | 203462/391220 [00:00<00:00, 300042.22it/s][A

Floor smoothing:  60%|█████▉    | 233467/391220 [00:00<00:00, 298635.84it/s][A

Floor smoothing:  67%|██████▋   | 263332/391220 [00:00<00:00, 297143.20it/s][A

Floor smoothing:  75%|███████▍  | 293049/391220 [00:01<00:00, 290939.09it/s][A

Floor smoothing:  82%|████████▏ | 322169/391220 [00:01<00:00, 276662.73it/s][A

Floor smoothing:  90%|█████████ | 352454/391220 [00:01<00:00, 284250.25it/s][A

Floor smoothing:  97%|█████████▋| 381016/391220 [00:01<00:00, 263132.94it/s][A
Floor smoothing: 100%|██████████| 391220/391220 [00:01<00:00, 281538.55it/s]
finished_at_utc=2026-08-10T10:26:17.710711+00:00
duration_seconds=13.704806
exit_code=0
