/home/zeng-workstation/anaconda3/lib/python3.13/site-packages/torch/backends/__init__.py:46: UserWarning: Please use the new API settings to control TF32 behavior, such as torch.backends.cudnn.conv.fp32_precision = 'tf32' or torch.backends.cuda.matmul.fp32_precision = 'ieee'. Old settings, e.g, torch.backends.cuda.matmul.allow_tf32 = True, torch.backends.cudnn.allow_tf32 = True, allowTF32CuDNN() and allowTF32CuBLAS() will be deprecated after Pytorch 2.9. Please see https://pytorch.org/docs/main/notes/cuda.html#tensorfloat-32-tf32-on-ampere-and-later-devices (Triggered internally at /pytorch/aten/src/ATen/Context.cpp:80.)
  self.setter(val)
{"cuda_peak_allocated_bytes": 7687376384, "cuda_peak_reserved_bytes": 13992198144, "epoch": 0, "epoch_seconds": 3685.036604207009, "gpu_process_memory_bytes": 14684258304, "optimizer_steps_cumulative": 3411, "selection": {"batches": 522, "cluster_assignment": 2.351542243014231, "clustered_endpoints": 838148, "clusters": 411215, "dustbin_assignment": 0.5775426477848484, "dustbin_endpoints": 38208, "overlap_rejection": 0.032741271602791465, "rows": 64644, "selection_loss": 0.7816497306925229, "slot_presence": 0.1647727550192676, "total": 0.7816497306925229}, "training": {"batches": 3411, "cluster_assignment": 2.572090027755158, "clustered_endpoints": 5263214, "clusters": 2582076, "dustbin_assignment": 0.6447151413908387, "dustbin_endpoints": 244096, "gradient_norm": 0.3346296204100147, "overlap_rejection": 0.02725668127153378, "rows": 426552, "slot_presence": 0.153937212785592, "total": 0.8494997664032073}}
{"cuda_peak_allocated_bytes": 7688836096, "cuda_peak_reserved_bytes": 14105444352, "epoch": 1, "epoch_seconds": 3684.60042015207, "gpu_process_memory_bytes": 14797504512, "optimizer_steps_cumulative": 6822, "selection": {"batches": 522, "cluster_assignment": 2.0598137283316342, "clustered_endpoints": 838148, "clusters": 411215, "dustbin_assignment": 0.657006411704456, "dustbin_endpoints": 38208, "overlap_rejection": 0.03961494281464098, "rows": 64644, "selection_loss": 0.7291248619453158, "slot_presence": 0.1600643746604642, "total": 0.7291248619453158}, "training": {"batches": 3411, "cluster_assignment": 2.0609779285180396, "clustered_endpoints": 5263214, "clusters": 2582076, "dustbin_assignment": 0.6155996463289335, "dustbin_endpoints": 244096, "gradient_norm": 0.4897816849247117, "overlap_rejection": 0.037631638187559074, "rows": 426552, "slot_presence": 0.15929081608786214, "total": 0.7183750079813972}}
{"cuda_peak_allocated_bytes": 7688836096, "cuda_peak_reserved_bytes": 14105444352, "epoch": 2, "epoch_seconds": 3684.831272515934, "gpu_process_memory_bytes": 14768144384, "optimizer_steps_cumulative": 10233, "selection": {"batches": 522, "cluster_assignment": 2.0047933466584515, "clustered_endpoints": 838148, "clusters": 411215, "dustbin_assignment": 0.6822170252150426, "dustbin_endpoints": 38208, "overlap_rejection": 0.04225332619645747, "rows": 64644, "selection_loss": 0.7224631923406507, "slot_presence": 0.16058906756724567, "total": 0.7224631923406507}, "training": {"batches": 3411, "cluster_assignment": 1.9971181050695588, "clustered_endpoints": 5263214, "clusters": 2582076, "dustbin_assignment": 0.6105094433943667, "dustbin_endpoints": 244096, "gradient_norm": 0.4761026244323461, "overlap_rejection": 0.03850031476760333, "rows": 426552, "slot_presence": 0.15654237051579048, "total": 0.7006675575489771}}
{
  "schema_version": "primitive_local_composition_slot_seed_training_v1",
  "seed": 0,
  "parameter_count": 3637138,
  "trainable_parameters": 1001507,
  "trainable_tensors": 81,
  "frozen_parameters": 2635631,
  "epochs": 3,
  "optimizer_steps": 10233,
  "best_epoch": 2,
  "best_c07_selection_loss": 0.7224631923406507,
  "selected_checkpoint": "selected.pt",
  "source_checkpoint_sha256": "8d5d2e0ec9779c28b068d0c7db80aeed38ebdb22dff5b781c26234d9001287fb",
  "source_selected_epoch": 2,
  "frozen_state_sha256_before": "248f6d4bfe675c98afc6c9103192fa37014636c8f8f7d035bce212b77be6758a",
  "frozen_state_sha256_after": "248f6d4bfe675c98afc6c9103192fa37014636c8f8f7d035bce212b77be6758a",
  "fit_rows_per_epoch": 426552,
  "c07_rows_per_epoch": 64644,
  "c08_rows_read": 0,
  "c09_c10_worlds_read": 0,
  "peak_cuda_allocated_bytes": 7688836096,
  "peak_cuda_reserved_bytes": 14105444352,
  "peak_gpu_process_memory_bytes": 14797504512,
  "duration_seconds": 11055.343298444059,
  "history": [
    {
      "epoch": 0,
      "training": {
        "rows": 426552,
        "batches": 3411,
        "clusters": 2582076,
        "clustered_endpoints": 5263214,
        "dustbin_endpoints": 244096,
        "cluster_assignment": 2.572090027755158,
        "dustbin_assignment": 0.6447151413908387,
        "slot_presence": 0.153937212785592,
        "overlap_rejection": 0.02725668127153378,
        "total": 0.8494997664032073,
        "gradient_norm": 0.3346296204100147
      },
      "selection": {
        "rows": 64644,
        "batches": 522,
        "cluster_assignment": 2.351542243014231,
        "dustbin_assignment": 0.5775426477848484,
        "slot_presence": 0.1647727550192676,
        "overlap_rejection": 0.032741271602791465,
        "total": 0.7816497306925229,
        "selection_loss": 0.7816497306925229,
        "clusters": 411215,
        "clustered_endpoints": 838148,
        "dustbin_endpoints": 38208
      },
      "epoch_seconds": 3685.036604207009,
      "optimizer_steps_cumulative": 3411,
      "cuda_peak_allocated_bytes": 7687376384,
      "cuda_peak_reserved_bytes": 13992198144,
      "gpu_process_memory_bytes": 14684258304
    },
    {
      "epoch": 1,
      "training": {
        "rows": 426552,
        "batches": 3411,
        "clusters": 2582076,
        "clustered_endpoints": 5263214,
        "dustbin_endpoints": 244096,
        "cluster_assignment": 2.0609779285180396,
        "dustbin_assignment": 0.6155996463289335,
        "slot_presence": 0.15929081608786214,
        "overlap_rejection": 0.037631638187559074,
        "total": 0.7183750079813972,
        "gradient_norm": 0.4897816849247117
      },
      "selection": {
        "rows": 64644,
        "batches": 522,
        "cluster_assignment": 2.0598137283316342,
        "dustbin_assignment": 0.657006411704456,
        "slot_presence": 0.1600643746604642,
        "overlap_rejection": 0.03961494281464098,
        "total": 0.7291248619453158,
        "selection_loss": 0.7291248619453158,
        "clusters": 411215,
        "clustered_endpoints": 838148,
        "dustbin_endpoints": 38208
      },
      "epoch_seconds": 3684.60042015207,
      "optimizer_steps_cumulative": 6822,
      "cuda_peak_allocated_bytes": 7688836096,
      "cuda_peak_reserved_bytes": 14105444352,
      "gpu_process_memory_bytes": 14797504512
    },
    {
      "epoch": 2,
      "training": {
        "rows": 426552,
        "batches": 3411,
        "clusters": 2582076,
        "clustered_endpoints": 5263214,
        "dustbin_endpoints": 244096,
        "cluster_assignment": 1.9971181050695588,
        "dustbin_assignment": 0.6105094433943667,
        "slot_presence": 0.15654237051579048,
        "overlap_rejection": 0.03850031476760333,
        "total": 0.7006675575489771,
        "gradient_norm": 0.4761026244323461
      },
      "selection": {
        "rows": 64644,
        "batches": 522,
        "cluster_assignment": 2.0047933466584515,
        "dustbin_assignment": 0.6822170252150426,
        "slot_presence": 0.16058906756724567,
        "overlap_rejection": 0.04225332619645747,
        "total": 0.7224631923406507,
        "selection_loss": 0.7224631923406507,
        "clusters": 411215,
        "clustered_endpoints": 838148,
        "dustbin_endpoints": 38208
      },
      "epoch_seconds": 3684.831272515934,
      "optimizer_steps_cumulative": 10233,
      "cuda_peak_allocated_bytes": 7688836096,
      "cuda_peak_reserved_bytes": 14105444352,
      "gpu_process_memory_bytes": 14768144384
    }
  ]
}
