/home/zeng-workstation/anaconda3/lib/python3.13/site-packages/torch/backends/__init__.py:46: UserWarning: Please use the new API settings to control TF32 behavior, such as torch.backends.cudnn.conv.fp32_precision = 'tf32' or torch.backends.cuda.matmul.fp32_precision = 'ieee'. Old settings, e.g, torch.backends.cuda.matmul.allow_tf32 = True, torch.backends.cudnn.allow_tf32 = True, allowTF32CuDNN() and allowTF32CuBLAS() will be deprecated after Pytorch 2.9. Please see https://pytorch.org/docs/main/notes/cuda.html#tensorfloat-32-tf32-on-ampere-and-later-devices (Triggered internally at /pytorch/aten/src/ATen/Context.cpp:80.)
  self.setter(val)
{"cuda_peak_allocated_bytes": 7691129856, "cuda_peak_reserved_bytes": 13992198144, "epoch": 0, "epoch_seconds": 3674.6891264480073, "gpu_process_memory_bytes": 14684258304, "optimizer_steps_cumulative": 3411, "selection": {"batches": 522, "cluster_assignment": 2.3303344722660406, "clustered_endpoints": 838148, "clusters": 411215, "dustbin_assignment": 0.5695293601239261, "dustbin_endpoints": 38208, "overlap_rejection": 0.040586833812852614, "rows": 64644, "selection_loss": 0.7746573052048705, "slot_presence": 0.15817855746955478, "total": 0.7746573052048705}, "training": {"batches": 3411, "cluster_assignment": 2.5588673463580993, "clustered_endpoints": 5263214, "clusters": 2582076, "dustbin_assignment": 0.6494386996124732, "dustbin_endpoints": 244096, "gradient_norm": 0.34855040372367224, "overlap_rejection": 0.03100886808745611, "rows": 426552, "slot_presence": 0.15268651963028698, "total": 0.8480003579094735}}
{"cuda_peak_allocated_bytes": 7691129856, "cuda_peak_reserved_bytes": 14151581696, "epoch": 1, "epoch_seconds": 3676.686764342943, "gpu_process_memory_bytes": 14843641856, "optimizer_steps_cumulative": 6822, "selection": {"batches": 522, "cluster_assignment": 2.132551573499522, "clustered_endpoints": 838148, "clusters": 411215, "dustbin_assignment": 0.711346666327053, "dustbin_endpoints": 38208, "overlap_rejection": 0.05113331780897268, "rows": 64644, "selection_loss": 0.7645061228337408, "slot_presence": 0.16299293205039675, "total": 0.7645061228337408}, "training": {"batches": 3411, "cluster_assignment": 2.127874668432634, "clustered_endpoints": 5263214, "clusters": 2582076, "dustbin_assignment": 0.6250058525233545, "dustbin_endpoints": 244096, "gradient_norm": 0.4566784053960561, "overlap_rejection": 0.04174357414012229, "rows": 426552, "slot_presence": 0.15807307889798325, "total": 0.7381742933275314}}
{"cuda_peak_allocated_bytes": 7691129856, "cuda_peak_reserved_bytes": 14151581696, "epoch": 2, "epoch_seconds": 3669.1578390710056, "gpu_process_memory_bytes": 14709424128, "optimizer_steps_cumulative": 10233, "selection": {"batches": 522, "cluster_assignment": 2.14707103425652, "clustered_endpoints": 838148, "clusters": 411215, "dustbin_assignment": 0.6015172251627835, "dustbin_endpoints": 38208, "overlap_rejection": 0.04060496114076602, "rows": 64644, "selection_loss": 0.738389110819301, "slot_presence": 0.1643632223182928, "total": 0.738389110819301}, "training": {"batches": 3411, "cluster_assignment": 2.0551298182123645, "clustered_endpoints": 5263214, "clusters": 2582076, "dustbin_assignment": 0.622391123940938, "dustbin_endpoints": 244096, "gradient_norm": 0.4610303132690956, "overlap_rejection": 0.04041318821125294, "rows": 426552, "slot_presence": 0.15920542178595848, "total": 0.7192848875343685}}
{
  "schema_version": "primitive_local_composition_slot_seed_training_v1",
  "seed": 1,
  "parameter_count": 3637138,
  "trainable_parameters": 1001507,
  "trainable_tensors": 81,
  "frozen_parameters": 2635631,
  "epochs": 3,
  "optimizer_steps": 10233,
  "best_epoch": 2,
  "best_c07_selection_loss": 0.738389110819301,
  "selected_checkpoint": "selected.pt",
  "source_checkpoint_sha256": "2be6a799275785369bb6d2e0d77b6cfd0dc1ec24602f40600235d345651287d2",
  "source_selected_epoch": 1,
  "frozen_state_sha256_before": "370b23ec4dea2b2769f87ef945c0143765727b5e7eaa8ac418e1191d64645c39",
  "frozen_state_sha256_after": "370b23ec4dea2b2769f87ef945c0143765727b5e7eaa8ac418e1191d64645c39",
  "fit_rows_per_epoch": 426552,
  "c07_rows_per_epoch": 64644,
  "c08_rows_read": 0,
  "c09_c10_worlds_read": 0,
  "peak_cuda_allocated_bytes": 7691129856,
  "peak_cuda_reserved_bytes": 14151581696,
  "peak_gpu_process_memory_bytes": 14843641856,
  "duration_seconds": 11021.383362536086,
  "history": [
    {
      "epoch": 0,
      "training": {
        "rows": 426552,
        "batches": 3411,
        "clusters": 2582076,
        "clustered_endpoints": 5263214,
        "dustbin_endpoints": 244096,
        "cluster_assignment": 2.5588673463580993,
        "dustbin_assignment": 0.6494386996124732,
        "slot_presence": 0.15268651963028698,
        "overlap_rejection": 0.03100886808745611,
        "total": 0.8480003579094735,
        "gradient_norm": 0.34855040372367224
      },
      "selection": {
        "rows": 64644,
        "batches": 522,
        "cluster_assignment": 2.3303344722660406,
        "dustbin_assignment": 0.5695293601239261,
        "slot_presence": 0.15817855746955478,
        "overlap_rejection": 0.040586833812852614,
        "total": 0.7746573052048705,
        "selection_loss": 0.7746573052048705,
        "clusters": 411215,
        "clustered_endpoints": 838148,
        "dustbin_endpoints": 38208
      },
      "epoch_seconds": 3674.6891264480073,
      "optimizer_steps_cumulative": 3411,
      "cuda_peak_allocated_bytes": 7691129856,
      "cuda_peak_reserved_bytes": 13992198144,
      "gpu_process_memory_bytes": 14684258304
    },
    {
      "epoch": 1,
      "training": {
        "rows": 426552,
        "batches": 3411,
        "clusters": 2582076,
        "clustered_endpoints": 5263214,
        "dustbin_endpoints": 244096,
        "cluster_assignment": 2.127874668432634,
        "dustbin_assignment": 0.6250058525233545,
        "slot_presence": 0.15807307889798325,
        "overlap_rejection": 0.04174357414012229,
        "total": 0.7381742933275314,
        "gradient_norm": 0.4566784053960561
      },
      "selection": {
        "rows": 64644,
        "batches": 522,
        "cluster_assignment": 2.132551573499522,
        "dustbin_assignment": 0.711346666327053,
        "slot_presence": 0.16299293205039675,
        "overlap_rejection": 0.05113331780897268,
        "total": 0.7645061228337408,
        "selection_loss": 0.7645061228337408,
        "clusters": 411215,
        "clustered_endpoints": 838148,
        "dustbin_endpoints": 38208
      },
      "epoch_seconds": 3676.686764342943,
      "optimizer_steps_cumulative": 6822,
      "cuda_peak_allocated_bytes": 7691129856,
      "cuda_peak_reserved_bytes": 14151581696,
      "gpu_process_memory_bytes": 14843641856
    },
    {
      "epoch": 2,
      "training": {
        "rows": 426552,
        "batches": 3411,
        "clusters": 2582076,
        "clustered_endpoints": 5263214,
        "dustbin_endpoints": 244096,
        "cluster_assignment": 2.0551298182123645,
        "dustbin_assignment": 0.622391123940938,
        "slot_presence": 0.15920542178595848,
        "overlap_rejection": 0.04041318821125294,
        "total": 0.7192848875343685,
        "gradient_norm": 0.4610303132690956
      },
      "selection": {
        "rows": 64644,
        "batches": 522,
        "cluster_assignment": 2.14707103425652,
        "dustbin_assignment": 0.6015172251627835,
        "slot_presence": 0.1643632223182928,
        "overlap_rejection": 0.04060496114076602,
        "total": 0.738389110819301,
        "selection_loss": 0.738389110819301,
        "clusters": 411215,
        "clustered_endpoints": 838148,
        "dustbin_endpoints": 38208
      },
      "epoch_seconds": 3669.1578390710056,
      "optimizer_steps_cumulative": 10233,
      "cuda_peak_allocated_bytes": 7691129856,
      "cuda_peak_reserved_bytes": 14151581696,
      "gpu_process_memory_bytes": 14709424128
    }
  ]
}
