/home/zeng-workstation/anaconda3/lib/python3.13/site-packages/torch/backends/__init__.py:46: UserWarning: Please use the new API settings to control TF32 behavior, such as torch.backends.cudnn.conv.fp32_precision = 'tf32' or torch.backends.cuda.matmul.fp32_precision = 'ieee'. Old settings, e.g, torch.backends.cuda.matmul.allow_tf32 = True, torch.backends.cudnn.allow_tf32 = True, allowTF32CuDNN() and allowTF32CuBLAS() will be deprecated after Pytorch 2.9. Please see https://pytorch.org/docs/main/notes/cuda.html#tensorfloat-32-tf32-on-ampere-and-later-devices (Triggered internally at /pytorch/aten/src/ATen/Context.cpp:80.)
  self.setter(val)
{"cuda_peak_allocated_bytes": 7687291904, "cuda_peak_reserved_bytes": 13992198144, "epoch": 0, "epoch_seconds": 3683.4554500828963, "gpu_process_memory_bytes": 14684258304, "optimizer_steps_cumulative": 3411, "selection": {"batches": 522, "cluster_assignment": 2.234118035399348, "clustered_endpoints": 838148, "clusters": 411215, "dustbin_assignment": 0.6099375902831436, "dustbin_endpoints": 38208, "overlap_rejection": 0.043167310741278206, "rows": 64644, "selection_loss": 0.7659717053995592, "slot_presence": 0.17666388095304833, "total": 0.7659717053995592}, "training": {"batches": 3411, "cluster_assignment": 2.4372595413505107, "clustered_endpoints": 5263214, "clusters": 2582076, "dustbin_assignment": 0.6380503656989498, "dustbin_endpoints": 244096, "gradient_norm": 0.3206914317697534, "overlap_rejection": 0.03124146614424659, "rows": 426552, "slot_presence": 0.14422745538691392, "total": 0.8126947075882012}}
{"cuda_peak_allocated_bytes": 7687296000, "cuda_peak_reserved_bytes": 14164164608, "epoch": 1, "epoch_seconds": 3590.8540659381542, "gpu_process_memory_bytes": 14856224768, "optimizer_steps_cumulative": 6822, "selection": {"batches": 522, "cluster_assignment": 2.024801125979189, "clustered_endpoints": 838148, "clusters": 411215, "dustbin_assignment": 0.6347366894400139, "dustbin_endpoints": 38208, "overlap_rejection": 0.039753185810581064, "rows": 64644, "selection_loss": 0.7123393737110243, "slot_presence": 0.1500664940689963, "total": 0.7123393737110243}, "training": {"batches": 3411, "cluster_assignment": 2.0315961464226437, "clustered_endpoints": 5263214, "clusters": 2582076, "dustbin_assignment": 0.6125681409636228, "dustbin_endpoints": 244096, "gradient_norm": 0.37388756801956347, "overlap_rejection": 0.03998070366708709, "rows": 426552, "slot_presence": 0.14200473174470388, "total": 0.7065374310348108}}
{"cuda_peak_allocated_bytes": 7687296000, "cuda_peak_reserved_bytes": 14164164608, "epoch": 2, "epoch_seconds": 3389.4337735001463, "gpu_process_memory_bytes": 14734589952, "optimizer_steps_cumulative": 10233, "selection": {"batches": 522, "cluster_assignment": 2.023044261765815, "clustered_endpoints": 838148, "clusters": 411215, "dustbin_assignment": 0.6458494811337313, "dustbin_endpoints": 38208, "overlap_rejection": 0.04631745402999308, "rows": 64644, "selection_loss": 0.7180275677745792, "slot_presence": 0.15689907218076335, "total": 0.7180275677745792}, "training": {"batches": 3411, "cluster_assignment": 1.9623594769016788, "clustered_endpoints": 5263214, "clusters": 2582076, "dustbin_assignment": 0.6077263977576822, "dustbin_endpoints": 244096, "gradient_norm": 0.3887611715471943, "overlap_rejection": 0.03952232073686923, "rows": 426552, "slot_presence": 0.1423684471306763, "total": 0.687994160265053}}
{
  "schema_version": "primitive_local_composition_slot_seed_training_v1",
  "seed": 2,
  "parameter_count": 3637138,
  "trainable_parameters": 1001507,
  "trainable_tensors": 81,
  "frozen_parameters": 2635631,
  "epochs": 3,
  "optimizer_steps": 10233,
  "best_epoch": 1,
  "best_c07_selection_loss": 0.7123393737110243,
  "selected_checkpoint": "selected.pt",
  "source_checkpoint_sha256": "d13833bc1f1ff186d0b8fa2d094f2a7f79bebcf894d354d505686cc18e468ac4",
  "source_selected_epoch": 2,
  "frozen_state_sha256_before": "f47fcf27fe00c9bd15f8b49e330259e82a30ed16803a47fda7fa23a193d3189e",
  "frozen_state_sha256_after": "f47fcf27fe00c9bd15f8b49e330259e82a30ed16803a47fda7fa23a193d3189e",
  "fit_rows_per_epoch": 426552,
  "c07_rows_per_epoch": 64644,
  "c08_rows_read": 0,
  "c09_c10_worlds_read": 0,
  "peak_cuda_allocated_bytes": 7687296000,
  "peak_cuda_reserved_bytes": 14164164608,
  "peak_gpu_process_memory_bytes": 14856224768,
  "duration_seconds": 10664.604798597982,
  "history": [
    {
      "epoch": 0,
      "training": {
        "rows": 426552,
        "batches": 3411,
        "clusters": 2582076,
        "clustered_endpoints": 5263214,
        "dustbin_endpoints": 244096,
        "cluster_assignment": 2.4372595413505107,
        "dustbin_assignment": 0.6380503656989498,
        "slot_presence": 0.14422745538691392,
        "overlap_rejection": 0.03124146614424659,
        "total": 0.8126947075882012,
        "gradient_norm": 0.3206914317697534
      },
      "selection": {
        "rows": 64644,
        "batches": 522,
        "cluster_assignment": 2.234118035399348,
        "dustbin_assignment": 0.6099375902831436,
        "slot_presence": 0.17666388095304833,
        "overlap_rejection": 0.043167310741278206,
        "total": 0.7659717053995592,
        "selection_loss": 0.7659717053995592,
        "clusters": 411215,
        "clustered_endpoints": 838148,
        "dustbin_endpoints": 38208
      },
      "epoch_seconds": 3683.4554500828963,
      "optimizer_steps_cumulative": 3411,
      "cuda_peak_allocated_bytes": 7687291904,
      "cuda_peak_reserved_bytes": 13992198144,
      "gpu_process_memory_bytes": 14684258304
    },
    {
      "epoch": 1,
      "training": {
        "rows": 426552,
        "batches": 3411,
        "clusters": 2582076,
        "clustered_endpoints": 5263214,
        "dustbin_endpoints": 244096,
        "cluster_assignment": 2.0315961464226437,
        "dustbin_assignment": 0.6125681409636228,
        "slot_presence": 0.14200473174470388,
        "overlap_rejection": 0.03998070366708709,
        "total": 0.7065374310348108,
        "gradient_norm": 0.37388756801956347
      },
      "selection": {
        "rows": 64644,
        "batches": 522,
        "cluster_assignment": 2.024801125979189,
        "dustbin_assignment": 0.6347366894400139,
        "slot_presence": 0.1500664940689963,
        "overlap_rejection": 0.039753185810581064,
        "total": 0.7123393737110243,
        "selection_loss": 0.7123393737110243,
        "clusters": 411215,
        "clustered_endpoints": 838148,
        "dustbin_endpoints": 38208
      },
      "epoch_seconds": 3590.8540659381542,
      "optimizer_steps_cumulative": 6822,
      "cuda_peak_allocated_bytes": 7687296000,
      "cuda_peak_reserved_bytes": 14164164608,
      "gpu_process_memory_bytes": 14856224768
    },
    {
      "epoch": 2,
      "training": {
        "rows": 426552,
        "batches": 3411,
        "clusters": 2582076,
        "clustered_endpoints": 5263214,
        "dustbin_endpoints": 244096,
        "cluster_assignment": 1.9623594769016788,
        "dustbin_assignment": 0.6077263977576822,
        "slot_presence": 0.1423684471306763,
        "overlap_rejection": 0.03952232073686923,
        "total": 0.687994160265053,
        "gradient_norm": 0.3887611715471943
      },
      "selection": {
        "rows": 64644,
        "batches": 522,
        "cluster_assignment": 2.023044261765815,
        "dustbin_assignment": 0.6458494811337313,
        "slot_presence": 0.15689907218076335,
        "overlap_rejection": 0.04631745402999308,
        "total": 0.7180275677745792,
        "selection_loss": 0.7180275677745792,
        "clusters": 411215,
        "clustered_endpoints": 838148,
        "dustbin_endpoints": 38208
      },
      "epoch_seconds": 3389.4337735001463,
      "optimizer_steps_cumulative": 10233,
      "cuda_peak_allocated_bytes": 7687296000,
      "cuda_peak_reserved_bytes": 14164164608,
      "gpu_process_memory_bytes": 14734589952
    }
  ]
}
