/home/zeng-workstation/mtare_topo_comm/learning/structural_learning/tools/run_density_ablation.py:66: UserWarning: Converting a tensor with requires_grad=True to a scalar may lead to unexpected behavior.
Consider using tensor.detach() first. (Triggered internally at /pytorch/torch/csrc/autograd/generated/python_variable_methods.cpp:836.)
  loss.backward(); optimizer.step(); return float(loss)
{"epoch": 1, "train_loss": 2.203943157196045, "val_loss": 2.9462959236568875, "val_iou": 0.10474709476621553}
{"epoch": 2, "train_loss": 1.8707318425178527, "val_loss": 2.5884868966208563, "val_iou": 0.10474709476621553}
{"epoch": 3, "train_loss": 1.536888211965561, "val_loss": 2.2445137103398642, "val_iou": 0.11036164970007716}
{"epoch": 4, "train_loss": 1.2746521174907683, "val_loss": 1.9913495381673176, "val_iou": 0.31454632610025673}
{"epoch": 5, "train_loss": 1.1036404192447662, "val_loss": 1.7806173695458307, "val_iou": 0.48980353703515983}
{"epoch": 6, "train_loss": 1.00017908513546, "val_loss": 1.6387281947665744, "val_iou": 0.5560469219612124}
{"epoch": 7, "train_loss": 0.936767578125, "val_loss": 1.5593828360239665, "val_iou": 0.5715984664302921}
{"epoch": 8, "train_loss": 0.8939795374870301, "val_loss": 1.5100605620278253, "val_iou": 0.5699057807901345}
{"epoch": 9, "train_loss": 0.8634990274906158, "val_loss": 1.4428050451808505, "val_iou": 0.5852278012012018}
{"epoch": 10, "train_loss": 0.8468515574932098, "val_loss": 1.4192790587743123, "val_iou": 0.5831676841932092}
{"epoch": 11, "train_loss": 0.8329926341772079, "val_loss": 1.3836343420876398, "val_iou": 0.5875895968902656}
{"epoch": 12, "train_loss": 0.8086464285850525, "val_loss": 1.3310516940222845, "val_iou": 0.5908819868071892}
{"epoch": 13, "train_loss": 0.7939403533935547, "val_loss": 1.3240948915481567, "val_iou": 0.5922303306406822}
{"epoch": 14, "train_loss": 0.77559794485569, "val_loss": 1.3306118647257488, "val_iou": 0.5898398241897623}
{"epoch": 15, "train_loss": 0.7613612532615661, "val_loss": 1.278275363975101, "val_iou": 0.5925997995062363}
{"epoch": 16, "train_loss": 0.7482706248760224, "val_loss": 1.2832055356767442, "val_iou": 0.5929058850788573}
{"epoch": 17, "train_loss": 0.7414469689130783, "val_loss": 1.2641245590315924, "val_iou": 0.5901533516924999}
{"epoch": 18, "train_loss": 0.732267501950264, "val_loss": 1.26233090294732, "val_iou": 0.5892189087940265}
{"epoch": 19, "train_loss": 0.7169430702924728, "val_loss": 1.2478952142927382, "val_iou": 0.5856935699682811}
{"epoch": 20, "train_loss": 0.7256521761417389, "val_loss": 1.2922773228751288, "val_iou": 0.5907269849372743}
{
  "result_dir": "results/structural_density_ablation/20260805_223000_3ch_density_ablation_seed20260805",
  "status": "DENSITY_ABLATION_FAIL"
}
