{
  "scientific_pass": true,
  "decision": "PROCEED_TO_COMPOSITION_ANCHOR_MODEL_READINESS",
  "fit_safe": {
    "available": true,
    "threshold": -0.49997347593307495,
    "precision": 1.0,
    "recall": 1.0,
    "f1": 1.0,
    "true_positive": 2782487,
    "false_positive": 0,
    "false_negative": 0,
    "selected_pairs": 2782487
  },
  "c07_transfer": {
    "threshold": -0.49997347593307495,
    "true_positive": 442606,
    "false_positive": 0,
    "false_negative": 330,
    "precision": 1.0,
    "recall": 0.9992549713728394,
    "f1": 0.999627346867794,
    "selected_pairs": 442606
  },
  "target_geometry": {
    "maximum_same_cluster_anchor_distance_m": 0.0,
    "minimum_distinct_cluster_anchor_distance_m": 0.8095031976699829,
    "minimum_overlap_hard_negative_anchor_distance_m": 0.8095031976699829
  },
  "checks": {
    "exact_population": true,
    "unique_endpoint_composition_membership": true,
    "same_cluster_anchor_exact": true,
    "distinct_cluster_anchor_noncollapsed": true,
    "overlap_hard_negative_anchor_noncollapsed": true,
    "fit_safe_axis_baseline_available": true,
    "c07_fit_threshold_precision_ge_98": true,
    "c07_fit_threshold_nonzero_true_positive": true,
    "c07_observable_positive_reproduction": true,
    "linear_output_compression_ge_7x": true,
    "zero_c08_model_graph_mtare": true
  }
}
	Command being timed: "/home/zeng-workstation/.local/share/mtare_topo_comm/envs/phase3_torch290_cu129_zarr2187_v1/bin/python /home/zeng-workstation/mtare_topo_comm/tools/v3/execute_primitive_composition_anchor_teacher_readiness_v1.py --sensor-root /home/zeng-workstation/mtare_topo_comm/results/gate3_semantics/gate3_20260830_primitive_relation_p1a_lossless_storage_corrective_v1_seed0/artifacts/dataset --construction-root /home/zeng-workstation/mtare_topo_comm/results/gate3_semantics/gate3_20260830_primitive_relation_p1a_lossless_storage_corrective_v1_seed0/artifacts/constructions --teacher-root /home/zeng-workstation/mtare_topo_comm/results/gate3_semantics/gate3_20260830_primitive_relation_p1b_teacher_materialization_v1r_seed0/artifacts/teacher --sidecar-root /home/zeng-workstation/mtare_topo_comm/results/gate3_semantics/gate3_20260902_primitive_attachment_observability_sidecar_v1_seed0/artifacts/endpoint_observability --output-dir /home/zeng-workstation/mtare_topo_comm/results/gate3_semantics/gate3_20260903_primitive_composition_anchor_teacher_readiness_v1_seed0/metrics/teacher_readiness"
	User time (seconds): 61.93
	System time (seconds): 13.06
	Percent of CPU this job got: 99%
	Elapsed (wall clock) time (h:mm:ss or m:ss): 1:15.07
	Average shared text size (kbytes): 0
	Average unshared data size (kbytes): 0
	Average stack size (kbytes): 0
	Average total size (kbytes): 0
	Maximum resident set size (kbytes): 2508700
	Average resident set size (kbytes): 0
	Major (requiring I/O) page faults: 0
	Minor (reclaiming a frame) page faults: 2211378
	Voluntary context switches: 35
	Involuntary context switches: 315
	Swaps: 0
	File system inputs: 0
	File system outputs: 1072
	Socket messages sent: 0
	Socket messages received: 0
	Signals delivered: 0
	Page size (bytes): 4096
	Exit status: 0
