argv=["/tmp/mtare_gate4_meshing_sidecar_v1/bin/python", "/home/zeng-workstation/mtare_topo_comm/tools/v3/execute_cano_c08_hybrid_implicit_qualification_v3.py", "--run-dir", "/home/zeng-workstation/mtare_topo_comm/results/gate4_topology/gate4_20260815_cano_c08_support_interval_margin_qualification_v7r2_seed0"]
started_at_utc=2026-08-15T08:05:41.552436+00:00
{"world": "S01_flat_tree_small_C08", "resolution_m": 0.1, "patch_node": "node_0010", "layer_tunnel_id": 135, "state": "extracting"}
{"world": "S01_flat_tree_small_C08", "resolution_m": 0.1, "patch_node": "node_0010", "layer_tunnel_id": 135, "state": "complete", "vertices": 55912}
{"world": "S01_flat_tree_small_C08", "resolution_m": 0.1, "patch_node": "node_0010", "layer_tunnel_id": 139, "state": "extracting"}
{"world": "S01_flat_tree_small_C08", "resolution_m": 0.1, "patch_node": "node_0010", "layer_tunnel_id": 139, "state": "complete", "vertices": 58944}
{"world": "S01_flat_tree_small_C08", "resolution_m": 0.1, "patch_node": "node_0015", "layer_tunnel_id": 1, "state": "extracting"}
{"world": "S01_flat_tree_small_C08", "resolution_m": 0.1, "patch_node": "node_0015", "layer_tunnel_id": 1, "state": "complete", "vertices": 51695}
{"world": "S01_flat_tree_small_C08", "resolution_m": 0.1, "patch_node": "node_0015", "layer_tunnel_id": 135, "state": "extracting"}
{"world": "S01_flat_tree_small_C08", "resolution_m": 0.1, "patch_node": "node_0015", "layer_tunnel_id": 135, "state": "complete", "vertices": 52860}
{"world": "S01_flat_tree_small_C08", "resolution_m": 0.1, "patch_node": "node_0027", "layer_tunnel_id": 1, "state": "extracting"}
{"world": "S01_flat_tree_small_C08", "resolution_m": 0.1, "patch_node": "node_0027", "layer_tunnel_id": 1, "state": "complete", "vertices": 54204}
{"world": "S01_flat_tree_small_C08", "resolution_m": 0.1, "patch_node": "node_0027", "layer_tunnel_id": 135, "state": "extracting"}
{"world": "S01_flat_tree_small_C08", "resolution_m": 0.1, "patch_node": "node_0027", "layer_tunnel_id": 135, "state": "complete", "vertices": 54483}
{"world": "S01_flat_tree_small_C08", "resolution_m": 0.1, "patch_node": "node_0039", "layer_tunnel_id": 139, "state": "extracting"}
{"world": "S01_flat_tree_small_C08", "resolution_m": 0.1, "patch_node": "node_0039", "layer_tunnel_id": 139, "state": "complete", "vertices": 59156}
{"world": "S01_flat_tree_small_C08", "resolution_m": 0.1, "patch_node": "node_0039", "layer_tunnel_id": 156, "state": "extracting"}
{"world": "S01_flat_tree_small_C08", "resolution_m": 0.1, "patch_node": "node_0039", "layer_tunnel_id": 156, "state": "complete", "vertices": 63752}
{"world": "S01_flat_tree_small_C08", "resolution_m": 0.1, "qualified_frames": 16}
{"world": "S01_flat_tree_small_C08", "resolution_m": 0.1, "qualified_frames": 272}
{"world": "S01_flat_tree_small_C08", "resolution_m": 0.1, "qualified_frames": 528}
{"world": "S01_flat_tree_small_C08", "resolution_m": 0.1, "qualified_frames": 784}
{"world": "S01_flat_tree_small_C08", "resolution_m": 0.05, "patch_node": "node_0010", "layer_tunnel_id": 135, "state": "extracting"}
{"world": "S01_flat_tree_small_C08", "resolution_m": 0.05, "patch_node": "node_0010", "layer_tunnel_id": 135, "state": "complete", "vertices": 219900}
{"world": "S01_flat_tree_small_C08", "resolution_m": 0.05, "patch_node": "node_0010", "layer_tunnel_id": 139, "state": "extracting"}
{"world": "S01_flat_tree_small_C08", "resolution_m": 0.05, "patch_node": "node_0010", "layer_tunnel_id": 139, "state": "complete", "vertices": 232842}
{"world": "S01_flat_tree_small_C08", "resolution_m": 0.05, "patch_node": "node_0015", "layer_tunnel_id": 1, "state": "extracting"}
{"world": "S01_flat_tree_small_C08", "resolution_m": 0.05, "patch_node": "node_0015", "layer_tunnel_id": 1, "state": "complete", "vertices": 204706}
{"world": "S01_flat_tree_small_C08", "resolution_m": 0.05, "patch_node": "node_0015", "layer_tunnel_id": 135, "state": "extracting"}
{"world": "S01_flat_tree_small_C08", "resolution_m": 0.05, "patch_node": "node_0015", "layer_tunnel_id": 135, "state": "complete", "vertices": 209226}
{"world": "S01_flat_tree_small_C08", "resolution_m": 0.05, "patch_node": "node_0027", "layer_tunnel_id": 1, "state": "extracting"}
{"world": "S01_flat_tree_small_C08", "resolution_m": 0.05, "patch_node": "node_0027", "layer_tunnel_id": 1, "state": "complete", "vertices": 214734}
{"world": "S01_flat_tree_small_C08", "resolution_m": 0.05, "patch_node": "node_0027", "layer_tunnel_id": 135, "state": "extracting"}
{"world": "S01_flat_tree_small_C08", "resolution_m": 0.05, "patch_node": "node_0027", "layer_tunnel_id": 135, "state": "complete", "vertices": 215944}
{"world": "S01_flat_tree_small_C08", "resolution_m": 0.05, "patch_node": "node_0039", "layer_tunnel_id": 139, "state": "extracting"}
{"world": "S01_flat_tree_small_C08", "resolution_m": 0.05, "patch_node": "node_0039", "layer_tunnel_id": 139, "state": "complete", "vertices": 236298}
{"world": "S01_flat_tree_small_C08", "resolution_m": 0.05, "patch_node": "node_0039", "layer_tunnel_id": 156, "state": "extracting"}
{"world": "S01_flat_tree_small_C08", "resolution_m": 0.05, "patch_node": "node_0039", "layer_tunnel_id": 156, "state": "complete", "vertices": 254168}
{"world": "S01_flat_tree_small_C08", "resolution_m": 0.05, "qualified_frames": 16}
{"world": "S01_flat_tree_small_C08", "resolution_m": 0.05, "qualified_frames": 272}
{"world": "S01_flat_tree_small_C08", "resolution_m": 0.05, "qualified_frames": 528}
{"world": "S01_flat_tree_small_C08", "resolution_m": 0.05, "qualified_frames": 784}
{"world": "S01_flat_tree_small_C08", "resolution_m": 0.025, "patch_node": "node_0010", "layer_tunnel_id": 135, "state": "extracting"}
{"world": "S01_flat_tree_small_C08", "resolution_m": 0.025, "patch_node": "node_0010", "layer_tunnel_id": 135, "state": "complete", "vertices": 875691}
{"world": "S01_flat_tree_small_C08", "resolution_m": 0.025, "patch_node": "node_0010", "layer_tunnel_id": 139, "state": "extracting"}
{"world": "S01_flat_tree_small_C08", "resolution_m": 0.025, "patch_node": "node_0010", "layer_tunnel_id": 139, "state": "complete", "vertices": 931102}
{"world": "S01_flat_tree_small_C08", "resolution_m": 0.025, "patch_node": "node_0015", "layer_tunnel_id": 1, "state": "extracting"}
{"world": "S01_flat_tree_small_C08", "resolution_m": 0.025, "patch_node": "node_0015", "layer_tunnel_id": 1, "state": "complete", "vertices": 818448}
{"world": "S01_flat_tree_small_C08", "resolution_m": 0.025, "patch_node": "node_0015", "layer_tunnel_id": 135, "state": "extracting"}
{"world": "S01_flat_tree_small_C08", "resolution_m": 0.025, "patch_node": "node_0015", "layer_tunnel_id": 135, "state": "complete", "vertices": 833576}
{"world": "S01_flat_tree_small_C08", "resolution_m": 0.025, "patch_node": "node_0027", "layer_tunnel_id": 1, "state": "extracting"}
{"world": "S01_flat_tree_small_C08", "resolution_m": 0.025, "patch_node": "node_0027", "layer_tunnel_id": 1, "state": "complete", "vertices": 858144}
{"world": "S01_flat_tree_small_C08", "resolution_m": 0.025, "patch_node": "node_0027", "layer_tunnel_id": 135, "state": "extracting"}
{"world": "S01_flat_tree_small_C08", "resolution_m": 0.025, "patch_node": "node_0027", "layer_tunnel_id": 135, "state": "complete", "vertices": 861599}
{"world": "S01_flat_tree_small_C08", "resolution_m": 0.025, "patch_node": "node_0039", "layer_tunnel_id": 139, "state": "extracting"}
{"world": "S01_flat_tree_small_C08", "resolution_m": 0.025, "patch_node": "node_0039", "layer_tunnel_id": 139, "state": "complete", "vertices": 938011}
{"world": "S01_flat_tree_small_C08", "resolution_m": 0.025, "patch_node": "node_0039", "layer_tunnel_id": 156, "state": "extracting"}
{"world": "S01_flat_tree_small_C08", "resolution_m": 0.025, "patch_node": "node_0039", "layer_tunnel_id": 156, "state": "complete", "vertices": 1010961}
{"world": "S01_flat_tree_small_C08", "resolution_m": 0.025, "qualified_frames": 16}
{"world": "S01_flat_tree_small_C08", "resolution_m": 0.025, "qualified_frames": 272}
{"world": "S01_flat_tree_small_C08", "resolution_m": 0.025, "qualified_frames": 528}
{"world": "S01_flat_tree_small_C08", "resolution_m": 0.025, "qualified_frames": 784}
{"world": "S01_flat_tree_small_C08", "frames": 801, "traversals": 108, "window_frames": 80, "passed_frames": 801, "failed_frames": 0, "minimum_horizontal_clearance_m": 3.183090990159558, "maximum_floor_error_m": 0.049999990000018535, "minimum_up_clearance_m": 9.654100891402745, "maximum_xy_correction_m": 0.0, "optimizer": {"solver": "alternating_multiresolution_common_support_interval_and_slsqp_minimum_xy", "solver_success": true, "solver_message": "Optimization terminated successfully", "iterations": 1, "window_frames": 80, "primary_squared_displacement_m2": 15188.15999433081, "secondary_first_difference_energy_m2": 0.15768619240330337, "tertiary_second_difference_energy_m2": 0.30660362232074456, "minimum_step_constraint_margin_m2": 0.4100040761141841, "maximum_xy_correction_m": 0.0, "maximum_z_change_from_center_support_m": 0.04999999000273725, "objective_order": ["minimum displacement", "minimum first difference if tied", "minimum second difference if tied"], "support_xy_outer_iterations": 1, "support_xy_convergence": [{"iteration": 1, "maximum_floor_error_m": 0.049999990000320294, "minimum_common_support_interval_width_m": 0.09977064850552164, "maximum_resolution_surface_spread_m": 0.0002293314944781244, "maximum_step_m": 1.9999999841780218, "maximum_xy_correction_m": 0.0, "minimum_step_constraint_margin_m2": 0.4100040761141841}], "qualification_field_count": 3, "support_interval_rule": "intersection of every resolution's [surface+0.95m+1e-8m,surface+1.05m-1e-8m] internal optimizer interval; closest point to sealed nominal sensor z; final audit remains exact [0.95m,1.05m]", "support_interval_interior_numerical_margin_m": 1e-08, "minimum_common_support_interval_width_m": 0.09977064850552164, "maximum_resolution_surface_spread_m": 0.0002293314944781244}, "baseline_geometry": {"maximum_step_m": 1.9999999841780218, "p99_step_m": 1.999999390831667, "maximum_turn_deg": 179.97663608816848, "p99_turn_deg": 104.79453241128388}, "corrected_geometry": {"maximum_step_m": 1.9999999841780218, "p99_step_m": 1.999999390831667, "maximum_turn_deg": 179.97663597607092, "p99_turn_deg": 104.76712847802888}, "continuity_passed": true, "resolution_pass_fail_identical": true, "all_frames_passed": true, "resolution_convergence": [{"resolution_m": 0.1, "centerline_sample_count": 8005, "maximum_seam_field_error_m": 2.6645352591003757e-15, "maximum_transition_formula_error_m": 9.103828801926284e-15, "maximum_nonincident_dispatch_error_m": 0.0, "passed_frames": 801, "all_frames_passed": true}, {"resolution_m": 0.05, "centerline_sample_count": 16004, "maximum_seam_field_error_m": 2.6645352591003757e-15, "maximum_transition_formula_error_m": 9.103828801926284e-15, "maximum_nonincident_dispatch_error_m": 0.0, "passed_frames": 801, "all_frames_passed": true}, {"resolution_m": 0.025, "centerline_sample_count": 32001, "maximum_seam_field_error_m": 2.6645352591003757e-15, "maximum_transition_formula_error_m": 9.103828801926284e-15, "maximum_nonincident_dispatch_error_m": 0.0, "passed_frames": 801, "all_frames_passed": true}]}
{"world": "S06_3d_branch_medium_C08", "resolution_m": 0.1, "patch_node": "node_0006", "layer_tunnel_id": 4, "state": "extracting"}
{"world": "S06_3d_branch_medium_C08", "resolution_m": 0.1, "patch_node": "node_0006", "layer_tunnel_id": 4, "state": "complete", "vertices": 62187}
{"world": "S06_3d_branch_medium_C08", "resolution_m": 0.1, "patch_node": "node_0006", "layer_tunnel_id": 10, "state": "extracting"}
{"world": "S06_3d_branch_medium_C08", "resolution_m": 0.1, "patch_node": "node_0006", "layer_tunnel_id": 10, "state": "complete", "vertices": 55795}
{"world": "S06_3d_branch_medium_C08", "resolution_m": 0.1, "patch_node": "node_0013", "layer_tunnel_id": 4, "state": "extracting"}
{"world": "S06_3d_branch_medium_C08", "resolution_m": 0.1, "patch_node": "node_0013", "layer_tunnel_id": 4, "state": "complete", "vertices": 59891}
{"world": "S06_3d_branch_medium_C08", "resolution_m": 0.1, "patch_node": "node_0013", "layer_tunnel_id": 15, "state": "extracting"}
{"world": "S06_3d_branch_medium_C08", "resolution_m": 0.1, "patch_node": "node_0013", "layer_tunnel_id": 15, "state": "complete", "vertices": 57594}
{"world": "S06_3d_branch_medium_C08", "resolution_m": 0.1, "patch_node": "node_0018", "layer_tunnel_id": 10, "state": "extracting"}
{"world": "S06_3d_branch_medium_C08", "resolution_m": 0.1, "patch_node": "node_0018", "layer_tunnel_id": 10, "state": "complete", "vertices": 49598}
{"world": "S06_3d_branch_medium_C08", "resolution_m": 0.1, "patch_node": "node_0018", "layer_tunnel_id": 15, "state": "extracting"}
{"world": "S06_3d_branch_medium_C08", "resolution_m": 0.1, "patch_node": "node_0018", "layer_tunnel_id": 15, "state": "complete", "vertices": 51352}
{"world": "S06_3d_branch_medium_C08", "resolution_m": 0.1, "patch_node": "node_0029", "layer_tunnel_id": 1, "state": "extracting"}
{"world": "S06_3d_branch_medium_C08", "resolution_m": 0.1, "patch_node": "node_0029", "layer_tunnel_id": 1, "state": "complete", "vertices": 61224}
{"world": "S06_3d_branch_medium_C08", "resolution_m": 0.1, "patch_node": "node_0029", "layer_tunnel_id": 4, "state": "extracting"}
{"world": "S06_3d_branch_medium_C08", "resolution_m": 0.1, "patch_node": "node_0029", "layer_tunnel_id": 4, "state": "complete", "vertices": 60785}
{"world": "S06_3d_branch_medium_C08", "resolution_m": 0.1, "patch_node": "node_0044", "layer_tunnel_id": 1, "state": "extracting"}
{"world": "S06_3d_branch_medium_C08", "resolution_m": 0.1, "patch_node": "node_0044", "layer_tunnel_id": 1, "state": "complete", "vertices": 52943}
{"world": "S06_3d_branch_medium_C08", "resolution_m": 0.1, "patch_node": "node_0044", "layer_tunnel_id": 3, "state": "extracting"}
{"world": "S06_3d_branch_medium_C08", "resolution_m": 0.1, "patch_node": "node_0044", "layer_tunnel_id": 3, "state": "complete", "vertices": 52396}
{"world": "S06_3d_branch_medium_C08", "resolution_m": 0.1, "patch_node": "node_0076", "layer_tunnel_id": 8, "state": "extracting"}
{"world": "S06_3d_branch_medium_C08", "resolution_m": 0.1, "patch_node": "node_0076", "layer_tunnel_id": 8, "state": "complete", "vertices": 42810}
{"world": "S06_3d_branch_medium_C08", "resolution_m": 0.1, "patch_node": "node_0076", "layer_tunnel_id": 9, "state": "extracting"}
{"world": "S06_3d_branch_medium_C08", "resolution_m": 0.1, "patch_node": "node_0076", "layer_tunnel_id": 9, "state": "complete", "vertices": 46059}
{"world": "S06_3d_branch_medium_C08", "resolution_m": 0.1, "patch_node": "node_0078", "layer_tunnel_id": 3, "state": "extracting"}
{"world": "S06_3d_branch_medium_C08", "resolution_m": 0.1, "patch_node": "node_0078", "layer_tunnel_id": 3, "state": "complete", "vertices": 49468}
{"world": "S06_3d_branch_medium_C08", "resolution_m": 0.1, "patch_node": "node_0078", "layer_tunnel_id": 8, "state": "extracting"}
{"world": "S06_3d_branch_medium_C08", "resolution_m": 0.1, "patch_node": "node_0078", "layer_tunnel_id": 8, "state": "complete", "vertices": 49414}
{"world": "S06_3d_branch_medium_C08", "resolution_m": 0.1, "qualified_frames": 16}
{"world": "S06_3d_branch_medium_C08", "resolution_m": 0.1, "qualified_frames": 272}
{"world": "S06_3d_branch_medium_C08", "resolution_m": 0.1, "qualified_frames": 528}
{"world": "S06_3d_branch_medium_C08", "resolution_m": 0.1, "qualified_frames": 784}
{"world": "S06_3d_branch_medium_C08", "resolution_m": 0.1, "qualified_frames": 1040}
{"world": "S06_3d_branch_medium_C08", "resolution_m": 0.1, "qualified_frames": 1296}
{"world": "S06_3d_branch_medium_C08", "resolution_m": 0.05, "patch_node": "node_0006", "layer_tunnel_id": 4, "state": "extracting"}
{"world": "S06_3d_branch_medium_C08", "resolution_m": 0.05, "patch_node": "node_0006", "layer_tunnel_id": 4, "state": "complete", "vertices": 245799}
{"world": "S06_3d_branch_medium_C08", "resolution_m": 0.05, "patch_node": "node_0006", "layer_tunnel_id": 10, "state": "extracting"}
{"world": "S06_3d_branch_medium_C08", "resolution_m": 0.05, "patch_node": "node_0006", "layer_tunnel_id": 10, "state": "complete", "vertices": 221014}
{"world": "S06_3d_branch_medium_C08", "resolution_m": 0.05, "patch_node": "node_0013", "layer_tunnel_id": 4, "state": "extracting"}
{"world": "S06_3d_branch_medium_C08", "resolution_m": 0.05, "patch_node": "node_0013", "layer_tunnel_id": 4, "state": "complete", "vertices": 236516}
{"world": "S06_3d_branch_medium_C08", "resolution_m": 0.05, "patch_node": "node_0013", "layer_tunnel_id": 15, "state": "extracting"}
{"world": "S06_3d_branch_medium_C08", "resolution_m": 0.05, "patch_node": "node_0013", "layer_tunnel_id": 15, "state": "complete", "vertices": 228098}
{"world": "S06_3d_branch_medium_C08", "resolution_m": 0.05, "patch_node": "node_0018", "layer_tunnel_id": 10, "state": "extracting"}
{"world": "S06_3d_branch_medium_C08", "resolution_m": 0.05, "patch_node": "node_0018", "layer_tunnel_id": 10, "state": "complete", "vertices": 195695}
{"world": "S06_3d_branch_medium_C08", "resolution_m": 0.05, "patch_node": "node_0018", "layer_tunnel_id": 15, "state": "extracting"}
{"world": "S06_3d_branch_medium_C08", "resolution_m": 0.05, "patch_node": "node_0018", "layer_tunnel_id": 15, "state": "complete", "vertices": 203193}
{"world": "S06_3d_branch_medium_C08", "resolution_m": 0.05, "patch_node": "node_0029", "layer_tunnel_id": 1, "state": "extracting"}
{"world": "S06_3d_branch_medium_C08", "resolution_m": 0.05, "patch_node": "node_0029", "layer_tunnel_id": 1, "state": "complete", "vertices": 241989}
{"world": "S06_3d_branch_medium_C08", "resolution_m": 0.05, "patch_node": "node_0029", "layer_tunnel_id": 4, "state": "extracting"}
{"world": "S06_3d_branch_medium_C08", "resolution_m": 0.05, "patch_node": "node_0029", "layer_tunnel_id": 4, "state": "complete", "vertices": 240760}
{"world": "S06_3d_branch_medium_C08", "resolution_m": 0.05, "patch_node": "node_0044", "layer_tunnel_id": 1, "state": "extracting"}
{"world": "S06_3d_branch_medium_C08", "resolution_m": 0.05, "patch_node": "node_0044", "layer_tunnel_id": 1, "state": "complete", "vertices": 210812}
{"world": "S06_3d_branch_medium_C08", "resolution_m": 0.05, "patch_node": "node_0044", "layer_tunnel_id": 3, "state": "extracting"}
{"world": "S06_3d_branch_medium_C08", "resolution_m": 0.05, "patch_node": "node_0044", "layer_tunnel_id": 3, "state": "complete", "vertices": 209150}
{"world": "S06_3d_branch_medium_C08", "resolution_m": 0.05, "patch_node": "node_0076", "layer_tunnel_id": 8, "state": "extracting"}
{"world": "S06_3d_branch_medium_C08", "resolution_m": 0.05, "patch_node": "node_0076", "layer_tunnel_id": 8, "state": "complete", "vertices": 170207}
{"world": "S06_3d_branch_medium_C08", "resolution_m": 0.05, "patch_node": "node_0076", "layer_tunnel_id": 9, "state": "extracting"}
{"world": "S06_3d_branch_medium_C08", "resolution_m": 0.05, "patch_node": "node_0076", "layer_tunnel_id": 9, "state": "complete", "vertices": 183747}
{"world": "S06_3d_branch_medium_C08", "resolution_m": 0.05, "patch_node": "node_0078", "layer_tunnel_id": 3, "state": "extracting"}
{"world": "S06_3d_branch_medium_C08", "resolution_m": 0.05, "patch_node": "node_0078", "layer_tunnel_id": 3, "state": "complete", "vertices": 195123}
{"world": "S06_3d_branch_medium_C08", "resolution_m": 0.05, "patch_node": "node_0078", "layer_tunnel_id": 8, "state": "extracting"}
{"world": "S06_3d_branch_medium_C08", "resolution_m": 0.05, "patch_node": "node_0078", "layer_tunnel_id": 8, "state": "complete", "vertices": 195466}
{"world": "S06_3d_branch_medium_C08", "resolution_m": 0.05, "qualified_frames": 16}
{"world": "S06_3d_branch_medium_C08", "resolution_m": 0.05, "qualified_frames": 272}
{"world": "S06_3d_branch_medium_C08", "resolution_m": 0.05, "qualified_frames": 528}
{"world": "S06_3d_branch_medium_C08", "resolution_m": 0.05, "qualified_frames": 784}
{"world": "S06_3d_branch_medium_C08", "resolution_m": 0.05, "qualified_frames": 1040}
{"world": "S06_3d_branch_medium_C08", "resolution_m": 0.05, "qualified_frames": 1296}
{"world": "S06_3d_branch_medium_C08", "resolution_m": 0.025, "patch_node": "node_0006", "layer_tunnel_id": 4, "state": "extracting"}
{"world": "S06_3d_branch_medium_C08", "resolution_m": 0.025, "patch_node": "node_0006", "layer_tunnel_id": 4, "state": "complete", "vertices": 980838}
{"world": "S06_3d_branch_medium_C08", "resolution_m": 0.025, "patch_node": "node_0006", "layer_tunnel_id": 10, "state": "extracting"}
{"world": "S06_3d_branch_medium_C08", "resolution_m": 0.025, "patch_node": "node_0006", "layer_tunnel_id": 10, "state": "complete", "vertices": 883173}
{"world": "S06_3d_branch_medium_C08", "resolution_m": 0.025, "patch_node": "node_0013", "layer_tunnel_id": 4, "state": "extracting"}
{"world": "S06_3d_branch_medium_C08", "resolution_m": 0.025, "patch_node": "node_0013", "layer_tunnel_id": 4, "state": "complete", "vertices": 943605}
{"world": "S06_3d_branch_medium_C08", "resolution_m": 0.025, "patch_node": "node_0013", "layer_tunnel_id": 15, "state": "extracting"}
{"world": "S06_3d_branch_medium_C08", "resolution_m": 0.025, "patch_node": "node_0013", "layer_tunnel_id": 15, "state": "complete", "vertices": 911575}
{"world": "S06_3d_branch_medium_C08", "resolution_m": 0.025, "patch_node": "node_0018", "layer_tunnel_id": 10, "state": "extracting"}
{"world": "S06_3d_branch_medium_C08", "resolution_m": 0.025, "patch_node": "node_0018", "layer_tunnel_id": 10, "state": "complete", "vertices": 777359}
{"world": "S06_3d_branch_medium_C08", "resolution_m": 0.025, "patch_node": "node_0018", "layer_tunnel_id": 15, "state": "extracting"}
{"world": "S06_3d_branch_medium_C08", "resolution_m": 0.025, "patch_node": "node_0018", "layer_tunnel_id": 15, "state": "complete", "vertices": 808352}
{"world": "S06_3d_branch_medium_C08", "resolution_m": 0.025, "patch_node": "node_0029", "layer_tunnel_id": 1, "state": "extracting"}
{"world": "S06_3d_branch_medium_C08", "resolution_m": 0.025, "patch_node": "node_0029", "layer_tunnel_id": 1, "state": "complete", "vertices": 966059}
{"world": "S06_3d_branch_medium_C08", "resolution_m": 0.025, "patch_node": "node_0029", "layer_tunnel_id": 4, "state": "extracting"}
{"world": "S06_3d_branch_medium_C08", "resolution_m": 0.025, "patch_node": "node_0029", "layer_tunnel_id": 4, "state": "complete", "vertices": 961820}
{"world": "S06_3d_branch_medium_C08", "resolution_m": 0.025, "patch_node": "node_0044", "layer_tunnel_id": 1, "state": "extracting"}
{"world": "S06_3d_branch_medium_C08", "resolution_m": 0.025, "patch_node": "node_0044", "layer_tunnel_id": 1, "state": "complete", "vertices": 841327}
{"world": "S06_3d_branch_medium_C08", "resolution_m": 0.025, "patch_node": "node_0044", "layer_tunnel_id": 3, "state": "extracting"}
{"world": "S06_3d_branch_medium_C08", "resolution_m": 0.025, "patch_node": "node_0044", "layer_tunnel_id": 3, "state": "complete", "vertices": 835471}
{"world": "S06_3d_branch_medium_C08", "resolution_m": 0.025, "patch_node": "node_0076", "layer_tunnel_id": 8, "state": "extracting"}
{"world": "S06_3d_branch_medium_C08", "resolution_m": 0.025, "patch_node": "node_0076", "layer_tunnel_id": 8, "state": "complete", "vertices": 678703}
{"world": "S06_3d_branch_medium_C08", "resolution_m": 0.025, "patch_node": "node_0076", "layer_tunnel_id": 9, "state": "extracting"}
{"world": "S06_3d_branch_medium_C08", "resolution_m": 0.025, "patch_node": "node_0076", "layer_tunnel_id": 9, "state": "complete", "vertices": 733800}
{"world": "S06_3d_branch_medium_C08", "resolution_m": 0.025, "patch_node": "node_0078", "layer_tunnel_id": 3, "state": "extracting"}
{"world": "S06_3d_branch_medium_C08", "resolution_m": 0.025, "patch_node": "node_0078", "layer_tunnel_id": 3, "state": "complete", "vertices": 778435}
{"world": "S06_3d_branch_medium_C08", "resolution_m": 0.025, "patch_node": "node_0078", "layer_tunnel_id": 8, "state": "extracting"}
{"world": "S06_3d_branch_medium_C08", "resolution_m": 0.025, "patch_node": "node_0078", "layer_tunnel_id": 8, "state": "complete", "vertices": 780763}
{"world": "S06_3d_branch_medium_C08", "resolution_m": 0.025, "qualified_frames": 16}
{"world": "S06_3d_branch_medium_C08", "resolution_m": 0.025, "qualified_frames": 272}
{"world": "S06_3d_branch_medium_C08", "resolution_m": 0.025, "qualified_frames": 528}
{"world": "S06_3d_branch_medium_C08", "resolution_m": 0.025, "qualified_frames": 784}
{"world": "S06_3d_branch_medium_C08", "resolution_m": 0.025, "qualified_frames": 1040}
{"world": "S06_3d_branch_medium_C08", "resolution_m": 0.025, "qualified_frames": 1296}
{"world": "S06_3d_branch_medium_C08", "frames": 1414, "traversals": 184, "window_frames": 128, "passed_frames": 1414, "failed_frames": 0, "minimum_horizontal_clearance_m": 2.940001361477445, "maximum_floor_error_m": 0.049999990002893346, "minimum_up_clearance_m": 8.963620237714775, "maximum_xy_correction_m": 0.0, "optimizer": {"solver": "alternating_multiresolution_common_support_interval_and_slsqp_minimum_xy", "solver_success": true, "solver_message": "Optimization terminated successfully", "iterations": 1, "window_frames": 128, "primary_squared_displacement_m2": 22834.205651931094, "secondary_first_difference_energy_m2": 2.7214778572366405, "tertiary_second_difference_energy_m2": 5.1274787585281025, "minimum_step_constraint_margin_m2": 0.10701696348384004, "maximum_xy_correction_m": 0.0, "maximum_z_change_from_center_support_m": 0.04999999000281363, "objective_order": ["minimum displacement", "minimum first difference if tied", "minimum second difference if tied"], "support_xy_outer_iterations": 1, "support_xy_convergence": [{"iteration": 1, "maximum_floor_error_m": 0.049999990010121564, "minimum_common_support_interval_width_m": 0.09974562410363497, "maximum_resolution_surface_spread_m": 0.0002543558963647996, "maximum_step_m": 2.0743632571752353, "maximum_xy_correction_m": 0.0, "minimum_step_constraint_margin_m2": 0.10701696348384004}], "qualification_field_count": 3, "support_interval_rule": "intersection of every resolution's [surface+0.95m+1e-8m,surface+1.05m-1e-8m] internal optimizer interval; closest point to sealed nominal sensor z; final audit remains exact [0.95m,1.05m]", "support_interval_interior_numerical_margin_m": 1e-08, "minimum_common_support_interval_width_m": 0.09974562410363497, "maximum_resolution_surface_spread_m": 0.0002543558963647996}, "baseline_geometry": {"maximum_step_m": 1.9999999729046738, "p99_step_m": 1.9999886876975852, "maximum_turn_deg": 179.80717372045618, "p99_turn_deg": 59.94438197282115}, "corrected_geometry": {"maximum_step_m": 2.0743632571752353, "p99_step_m": 2.003262636085991, "maximum_turn_deg": 179.81378265161555, "p99_turn_deg": 59.470847435272766}, "continuity_passed": true, "resolution_pass_fail_identical": true, "all_frames_passed": true, "resolution_convergence": [{"resolution_m": 0.1, "centerline_sample_count": 14139, "maximum_seam_field_error_m": 2.275957200481571e-15, "maximum_transition_formula_error_m": 7.105427357601002e-15, "maximum_nonincident_dispatch_error_m": 0.0, "passed_frames": 1414, "all_frames_passed": true}, {"resolution_m": 0.05, "centerline_sample_count": 28267, "maximum_seam_field_error_m": 2.275957200481571e-15, "maximum_transition_formula_error_m": 7.105427357601002e-15, "maximum_nonincident_dispatch_error_m": 0.0, "passed_frames": 1414, "all_frames_passed": true}, {"resolution_m": 0.025, "centerline_sample_count": 56526, "maximum_seam_field_error_m": 2.275957200481571e-15, "maximum_transition_formula_error_m": 7.105427357601002e-15, "maximum_nonincident_dispatch_error_m": 0.0, "passed_frames": 1414, "all_frames_passed": true}]}
{"world": "S10_3d_complex_C08", "resolution_m": 0.1, "patch_node": "node_0013", "layer_tunnel_id": 129, "state": "extracting"}
{"world": "S10_3d_complex_C08", "resolution_m": 0.1, "patch_node": "node_0013", "layer_tunnel_id": 129, "state": "complete", "vertices": 58970}
{"world": "S10_3d_complex_C08", "resolution_m": 0.1, "patch_node": "node_0013", "layer_tunnel_id": 133, "state": "extracting"}
{"world": "S10_3d_complex_C08", "resolution_m": 0.1, "patch_node": "node_0013", "layer_tunnel_id": 133, "state": "complete", "vertices": 59991}
{"world": "S10_3d_complex_C08", "resolution_m": 0.1, "patch_node": "node_0015", "layer_tunnel_id": 133, "state": "extracting"}
{"world": "S10_3d_complex_C08", "resolution_m": 0.1, "patch_node": "node_0015", "layer_tunnel_id": 133, "state": "complete", "vertices": 58698}
{"world": "S10_3d_complex_C08", "resolution_m": 0.1, "patch_node": "node_0015", "layer_tunnel_id": 137, "state": "extracting"}
{"world": "S10_3d_complex_C08", "resolution_m": 0.1, "patch_node": "node_0015", "layer_tunnel_id": 137, "state": "complete", "vertices": 58576}
{"world": "S10_3d_complex_C08", "resolution_m": 0.1, "patch_node": "node_0019", "layer_tunnel_id": 129, "state": "extracting"}
{"world": "S10_3d_complex_C08", "resolution_m": 0.1, "patch_node": "node_0019", "layer_tunnel_id": 129, "state": "complete", "vertices": 57180}
{"world": "S10_3d_complex_C08", "resolution_m": 0.1, "patch_node": "node_0019", "layer_tunnel_id": 134, "state": "extracting"}
{"world": "S10_3d_complex_C08", "resolution_m": 0.1, "patch_node": "node_0019", "layer_tunnel_id": 134, "state": "complete", "vertices": 53865}
{"world": "S10_3d_complex_C08", "resolution_m": 0.1, "patch_node": "node_0037", "layer_tunnel_id": 1, "state": "extracting"}
{"world": "S10_3d_complex_C08", "resolution_m": 0.1, "patch_node": "node_0037", "layer_tunnel_id": 1, "state": "complete", "vertices": 57179}
{"world": "S10_3d_complex_C08", "resolution_m": 0.1, "patch_node": "node_0037", "layer_tunnel_id": 129, "state": "extracting"}
{"world": "S10_3d_complex_C08", "resolution_m": 0.1, "patch_node": "node_0037", "layer_tunnel_id": 129, "state": "complete", "vertices": 60561}
{"world": "S10_3d_complex_C08", "resolution_m": 0.1, "patch_node": "node_0052", "layer_tunnel_id": 1, "state": "extracting"}
{"world": "S10_3d_complex_C08", "resolution_m": 0.1, "patch_node": "node_0052", "layer_tunnel_id": 1, "state": "complete", "vertices": 48591}
{"world": "S10_3d_complex_C08", "resolution_m": 0.1, "patch_node": "node_0052", "layer_tunnel_id": 3, "state": "extracting"}
{"world": "S10_3d_complex_C08", "resolution_m": 0.1, "patch_node": "node_0052", "layer_tunnel_id": 3, "state": "complete", "vertices": 49295}
{"world": "S10_3d_complex_C08", "resolution_m": 0.1, "patch_node": "node_0061", "layer_tunnel_id": 3, "state": "extracting"}
{"world": "S10_3d_complex_C08", "resolution_m": 0.1, "patch_node": "node_0061", "layer_tunnel_id": 3, "state": "complete", "vertices": 46584}
{"world": "S10_3d_complex_C08", "resolution_m": 0.1, "patch_node": "node_0061", "layer_tunnel_id": 135, "state": "extracting"}
{"world": "S10_3d_complex_C08", "resolution_m": 0.1, "patch_node": "node_0061", "layer_tunnel_id": 135, "state": "complete", "vertices": 45007}
{"world": "S10_3d_complex_C08", "resolution_m": 0.1, "patch_node": "node_0062", "layer_tunnel_id": 16, "state": "extracting"}
{"world": "S10_3d_complex_C08", "resolution_m": 0.1, "patch_node": "node_0062", "layer_tunnel_id": 16, "state": "complete", "vertices": 49192}
{"world": "S10_3d_complex_C08", "resolution_m": 0.1, "patch_node": "node_0062", "layer_tunnel_id": 134, "state": "extracting"}
{"world": "S10_3d_complex_C08", "resolution_m": 0.1, "patch_node": "node_0062", "layer_tunnel_id": 134, "state": "complete", "vertices": 46405}
{"world": "S10_3d_complex_C08", "resolution_m": 0.1, "patch_node": "node_0079", "layer_tunnel_id": 32, "state": "extracting"}
{"world": "S10_3d_complex_C08", "resolution_m": 0.1, "patch_node": "node_0079", "layer_tunnel_id": 32, "state": "complete", "vertices": 48414}
{"world": "S10_3d_complex_C08", "resolution_m": 0.1, "patch_node": "node_0079", "layer_tunnel_id": 135, "state": "extracting"}
{"world": "S10_3d_complex_C08", "resolution_m": 0.1, "patch_node": "node_0079", "layer_tunnel_id": 135, "state": "complete", "vertices": 46344}
{"world": "S10_3d_complex_C08", "resolution_m": 0.1, "patch_node": "node_0087", "layer_tunnel_id": 3, "state": "extracting"}
{"world": "S10_3d_complex_C08", "resolution_m": 0.1, "patch_node": "node_0087", "layer_tunnel_id": 3, "state": "complete", "vertices": 54377}
{"world": "S10_3d_complex_C08", "resolution_m": 0.1, "patch_node": "node_0087", "layer_tunnel_id": 11, "state": "extracting"}
{"world": "S10_3d_complex_C08", "resolution_m": 0.1, "patch_node": "node_0087", "layer_tunnel_id": 11, "state": "complete", "vertices": 59516}
{"world": "S10_3d_complex_C08", "resolution_m": 0.1, "patch_node": "node_0111", "layer_tunnel_id": 3, "state": "extracting"}
{"world": "S10_3d_complex_C08", "resolution_m": 0.1, "patch_node": "node_0111", "layer_tunnel_id": 3, "state": "complete", "vertices": 46440}
{"world": "S10_3d_complex_C08", "resolution_m": 0.1, "patch_node": "node_0111", "layer_tunnel_id": 16, "state": "extracting"}
{"world": "S10_3d_complex_C08", "resolution_m": 0.1, "patch_node": "node_0111", "layer_tunnel_id": 16, "state": "complete", "vertices": 50517}
{"world": "S10_3d_complex_C08", "resolution_m": 0.1, "patch_node": "node_0133", "layer_tunnel_id": 11, "state": "extracting"}
{"world": "S10_3d_complex_C08", "resolution_m": 0.1, "patch_node": "node_0133", "layer_tunnel_id": 11, "state": "complete", "vertices": 55695}
{"world": "S10_3d_complex_C08", "resolution_m": 0.1, "patch_node": "node_0133", "layer_tunnel_id": 32, "state": "extracting"}
{"world": "S10_3d_complex_C08", "resolution_m": 0.1, "patch_node": "node_0133", "layer_tunnel_id": 32, "state": "complete", "vertices": 55310}
{"world": "S10_3d_complex_C08", "resolution_m": 0.1, "patch_node": "node_0141", "layer_tunnel_id": 124, "state": "extracting"}
{"world": "S10_3d_complex_C08", "resolution_m": 0.1, "patch_node": "node_0141", "layer_tunnel_id": 124, "state": "complete", "vertices": 57410}
{"world": "S10_3d_complex_C08", "resolution_m": 0.1, "patch_node": "node_0141", "layer_tunnel_id": 132, "state": "extracting"}
{"world": "S10_3d_complex_C08", "resolution_m": 0.1, "patch_node": "node_0141", "layer_tunnel_id": 132, "state": "complete", "vertices": 60075}
{"world": "S10_3d_complex_C08", "resolution_m": 0.1, "patch_node": "node_0153", "layer_tunnel_id": 33, "state": "extracting"}
{"world": "S10_3d_complex_C08", "resolution_m": 0.1, "patch_node": "node_0153", "layer_tunnel_id": 33, "state": "complete", "vertices": 65225}
{"world": "S10_3d_complex_C08", "resolution_m": 0.1, "patch_node": "node_0153", "layer_tunnel_id": 137, "state": "extracting"}
{"world": "S10_3d_complex_C08", "resolution_m": 0.1, "patch_node": "node_0153", "layer_tunnel_id": 137, "state": "complete", "vertices": 62853}
{"world": "S10_3d_complex_C08", "resolution_m": 0.1, "patch_node": "node_0161", "layer_tunnel_id": 3, "state": "extracting"}
{"world": "S10_3d_complex_C08", "resolution_m": 0.1, "patch_node": "node_0161", "layer_tunnel_id": 3, "state": "complete", "vertices": 63130}
{"world": "S10_3d_complex_C08", "resolution_m": 0.1, "patch_node": "node_0161", "layer_tunnel_id": 33, "state": "extracting"}
{"world": "S10_3d_complex_C08", "resolution_m": 0.1, "patch_node": "node_0161", "layer_tunnel_id": 33, "state": "complete", "vertices": 67972}
{"world": "S10_3d_complex_C08", "resolution_m": 0.1, "qualified_frames": 16}
{"world": "S10_3d_complex_C08", "resolution_m": 0.1, "qualified_frames": 272}
{"world": "S10_3d_complex_C08", "resolution_m": 0.1, "qualified_frames": 528}
{"world": "S10_3d_complex_C08", "resolution_m": 0.1, "qualified_frames": 784}
{"world": "S10_3d_complex_C08", "resolution_m": 0.1, "qualified_frames": 1040}
{"world": "S10_3d_complex_C08", "resolution_m": 0.1, "qualified_frames": 1296}
{"world": "S10_3d_complex_C08", "resolution_m": 0.1, "qualified_frames": 1552}
{"world": "S10_3d_complex_C08", "resolution_m": 0.1, "qualified_frames": 1808}
{"world": "S10_3d_complex_C08", "resolution_m": 0.1, "qualified_frames": 2064}
{"world": "S10_3d_complex_C08", "resolution_m": 0.1, "qualified_frames": 2320}
{"world": "S10_3d_complex_C08", "resolution_m": 0.05, "patch_node": "node_0013", "layer_tunnel_id": 129, "state": "extracting"}
{"world": "S10_3d_complex_C08", "resolution_m": 0.05, "patch_node": "node_0013", "layer_tunnel_id": 129, "state": "complete", "vertices": 234847}
{"world": "S10_3d_complex_C08", "resolution_m": 0.05, "patch_node": "node_0013", "layer_tunnel_id": 133, "state": "extracting"}
{"world": "S10_3d_complex_C08", "resolution_m": 0.05, "patch_node": "node_0013", "layer_tunnel_id": 133, "state": "complete", "vertices": 239273}
{"world": "S10_3d_complex_C08", "resolution_m": 0.05, "patch_node": "node_0015", "layer_tunnel_id": 133, "state": "extracting"}
{"world": "S10_3d_complex_C08", "resolution_m": 0.05, "patch_node": "node_0015", "layer_tunnel_id": 133, "state": "complete", "vertices": 233661}
{"world": "S10_3d_complex_C08", "resolution_m": 0.05, "patch_node": "node_0015", "layer_tunnel_id": 137, "state": "extracting"}
{"world": "S10_3d_complex_C08", "resolution_m": 0.05, "patch_node": "node_0015", "layer_tunnel_id": 137, "state": "complete", "vertices": 233715}
{"world": "S10_3d_complex_C08", "resolution_m": 0.05, "patch_node": "node_0019", "layer_tunnel_id": 129, "state": "extracting"}
{"world": "S10_3d_complex_C08", "resolution_m": 0.05, "patch_node": "node_0019", "layer_tunnel_id": 129, "state": "complete", "vertices": 227655}
{"world": "S10_3d_complex_C08", "resolution_m": 0.05, "patch_node": "node_0019", "layer_tunnel_id": 134, "state": "extracting"}
{"world": "S10_3d_complex_C08", "resolution_m": 0.05, "patch_node": "node_0019", "layer_tunnel_id": 134, "state": "complete", "vertices": 214991}
{"world": "S10_3d_complex_C08", "resolution_m": 0.05, "patch_node": "node_0037", "layer_tunnel_id": 1, "state": "extracting"}
{"world": "S10_3d_complex_C08", "resolution_m": 0.05, "patch_node": "node_0037", "layer_tunnel_id": 1, "state": "complete", "vertices": 227656}
{"world": "S10_3d_complex_C08", "resolution_m": 0.05, "patch_node": "node_0037", "layer_tunnel_id": 129, "state": "extracting"}
{"world": "S10_3d_complex_C08", "resolution_m": 0.05, "patch_node": "node_0037", "layer_tunnel_id": 129, "state": "complete", "vertices": 241599}
{"world": "S10_3d_complex_C08", "resolution_m": 0.05, "patch_node": "node_0052", "layer_tunnel_id": 1, "state": "extracting"}
{"world": "S10_3d_complex_C08", "resolution_m": 0.05, "patch_node": "node_0052", "layer_tunnel_id": 1, "state": "complete", "vertices": 191678}
{"world": "S10_3d_complex_C08", "resolution_m": 0.05, "patch_node": "node_0052", "layer_tunnel_id": 3, "state": "extracting"}
{"world": "S10_3d_complex_C08", "resolution_m": 0.05, "patch_node": "node_0052", "layer_tunnel_id": 3, "state": "complete", "vertices": 194907}
{"world": "S10_3d_complex_C08", "resolution_m": 0.05, "patch_node": "node_0061", "layer_tunnel_id": 3, "state": "extracting"}
{"world": "S10_3d_complex_C08", "resolution_m": 0.05, "patch_node": "node_0061", "layer_tunnel_id": 3, "state": "complete", "vertices": 185307}
{"world": "S10_3d_complex_C08", "resolution_m": 0.05, "patch_node": "node_0061", "layer_tunnel_id": 135, "state": "extracting"}
{"world": "S10_3d_complex_C08", "resolution_m": 0.05, "patch_node": "node_0061", "layer_tunnel_id": 135, "state": "complete", "vertices": 179527}
{"world": "S10_3d_complex_C08", "resolution_m": 0.05, "patch_node": "node_0062", "layer_tunnel_id": 16, "state": "extracting"}
{"world": "S10_3d_complex_C08", "resolution_m": 0.05, "patch_node": "node_0062", "layer_tunnel_id": 16, "state": "complete", "vertices": 195700}
{"world": "S10_3d_complex_C08", "resolution_m": 0.05, "patch_node": "node_0062", "layer_tunnel_id": 134, "state": "extracting"}
{"world": "S10_3d_complex_C08", "resolution_m": 0.05, "patch_node": "node_0062", "layer_tunnel_id": 134, "state": "complete", "vertices": 185125}
{"world": "S10_3d_complex_C08", "resolution_m": 0.05, "patch_node": "node_0079", "layer_tunnel_id": 32, "state": "extracting"}
{"world": "S10_3d_complex_C08", "resolution_m": 0.05, "patch_node": "node_0079", "layer_tunnel_id": 32, "state": "complete", "vertices": 191183}
{"world": "S10_3d_complex_C08", "resolution_m": 0.05, "patch_node": "node_0079", "layer_tunnel_id": 135, "state": "extracting"}
{"world": "S10_3d_complex_C08", "resolution_m": 0.05, "patch_node": "node_0079", "layer_tunnel_id": 135, "state": "complete", "vertices": 183227}
{"world": "S10_3d_complex_C08", "resolution_m": 0.05, "patch_node": "node_0087", "layer_tunnel_id": 3, "state": "extracting"}
{"world": "S10_3d_complex_C08", "resolution_m": 0.05, "patch_node": "node_0087", "layer_tunnel_id": 3, "state": "complete", "vertices": 214757}
{"world": "S10_3d_complex_C08", "resolution_m": 0.05, "patch_node": "node_0087", "layer_tunnel_id": 11, "state": "extracting"}
{"world": "S10_3d_complex_C08", "resolution_m": 0.05, "patch_node": "node_0087", "layer_tunnel_id": 11, "state": "complete", "vertices": 235521}
{"world": "S10_3d_complex_C08", "resolution_m": 0.05, "patch_node": "node_0111", "layer_tunnel_id": 3, "state": "extracting"}
{"world": "S10_3d_complex_C08", "resolution_m": 0.05, "patch_node": "node_0111", "layer_tunnel_id": 3, "state": "complete", "vertices": 184878}
{"world": "S10_3d_complex_C08", "resolution_m": 0.05, "patch_node": "node_0111", "layer_tunnel_id": 16, "state": "extracting"}
{"world": "S10_3d_complex_C08", "resolution_m": 0.05, "patch_node": "node_0111", "layer_tunnel_id": 16, "state": "complete", "vertices": 201571}
{"world": "S10_3d_complex_C08", "resolution_m": 0.05, "patch_node": "node_0133", "layer_tunnel_id": 11, "state": "extracting"}
{"world": "S10_3d_complex_C08", "resolution_m": 0.05, "patch_node": "node_0133", "layer_tunnel_id": 11, "state": "complete", "vertices": 219898}
{"world": "S10_3d_complex_C08", "resolution_m": 0.05, "patch_node": "node_0133", "layer_tunnel_id": 32, "state": "extracting"}
{"world": "S10_3d_complex_C08", "resolution_m": 0.05, "patch_node": "node_0133", "layer_tunnel_id": 32, "state": "complete", "vertices": 219058}
{"world": "S10_3d_complex_C08", "resolution_m": 0.05, "patch_node": "node_0141", "layer_tunnel_id": 124, "state": "extracting"}
{"world": "S10_3d_complex_C08", "resolution_m": 0.05, "patch_node": "node_0141", "layer_tunnel_id": 124, "state": "complete", "vertices": 228748}
{"world": "S10_3d_complex_C08", "resolution_m": 0.05, "patch_node": "node_0141", "layer_tunnel_id": 132, "state": "extracting"}
{"world": "S10_3d_complex_C08", "resolution_m": 0.05, "patch_node": "node_0141", "layer_tunnel_id": 132, "state": "complete", "vertices": 239710}
{"world": "S10_3d_complex_C08", "resolution_m": 0.05, "patch_node": "node_0153", "layer_tunnel_id": 33, "state": "extracting"}
{"world": "S10_3d_complex_C08", "resolution_m": 0.05, "patch_node": "node_0153", "layer_tunnel_id": 33, "state": "complete", "vertices": 259797}
{"world": "S10_3d_complex_C08", "resolution_m": 0.05, "patch_node": "node_0153", "layer_tunnel_id": 137, "state": "extracting"}
{"world": "S10_3d_complex_C08", "resolution_m": 0.05, "patch_node": "node_0153", "layer_tunnel_id": 137, "state": "complete", "vertices": 250866}
{"world": "S10_3d_complex_C08", "resolution_m": 0.05, "patch_node": "node_0161", "layer_tunnel_id": 3, "state": "extracting"}
{"world": "S10_3d_complex_C08", "resolution_m": 0.05, "patch_node": "node_0161", "layer_tunnel_id": 3, "state": "complete", "vertices": 251566}
{"world": "S10_3d_complex_C08", "resolution_m": 0.05, "patch_node": "node_0161", "layer_tunnel_id": 33, "state": "extracting"}
{"world": "S10_3d_complex_C08", "resolution_m": 0.05, "patch_node": "node_0161", "layer_tunnel_id": 33, "state": "complete", "vertices": 271721}
{"world": "S10_3d_complex_C08", "resolution_m": 0.05, "qualified_frames": 16}
{"world": "S10_3d_complex_C08", "resolution_m": 0.05, "qualified_frames": 272}
{"world": "S10_3d_complex_C08", "resolution_m": 0.05, "qualified_frames": 528}
{"world": "S10_3d_complex_C08", "resolution_m": 0.05, "qualified_frames": 784}
{"world": "S10_3d_complex_C08", "resolution_m": 0.05, "qualified_frames": 1040}
{"world": "S10_3d_complex_C08", "resolution_m": 0.05, "qualified_frames": 1296}
{"world": "S10_3d_complex_C08", "resolution_m": 0.05, "qualified_frames": 1552}
{"world": "S10_3d_complex_C08", "resolution_m": 0.05, "qualified_frames": 1808}
{"world": "S10_3d_complex_C08", "resolution_m": 0.05, "qualified_frames": 2064}
{"world": "S10_3d_complex_C08", "resolution_m": 0.05, "qualified_frames": 2320}
{"world": "S10_3d_complex_C08", "resolution_m": 0.025, "patch_node": "node_0013", "layer_tunnel_id": 129, "state": "extracting"}
{"world": "S10_3d_complex_C08", "resolution_m": 0.025, "patch_node": "node_0013", "layer_tunnel_id": 129, "state": "complete", "vertices": 937209}
{"world": "S10_3d_complex_C08", "resolution_m": 0.025, "patch_node": "node_0013", "layer_tunnel_id": 133, "state": "extracting"}
{"world": "S10_3d_complex_C08", "resolution_m": 0.025, "patch_node": "node_0013", "layer_tunnel_id": 133, "state": "complete", "vertices": 955926}
{"world": "S10_3d_complex_C08", "resolution_m": 0.025, "patch_node": "node_0015", "layer_tunnel_id": 133, "state": "extracting"}
{"world": "S10_3d_complex_C08", "resolution_m": 0.025, "patch_node": "node_0015", "layer_tunnel_id": 133, "state": "complete", "vertices": 932535}
{"world": "S10_3d_complex_C08", "resolution_m": 0.025, "patch_node": "node_0015", "layer_tunnel_id": 137, "state": "extracting"}
{"world": "S10_3d_complex_C08", "resolution_m": 0.025, "patch_node": "node_0015", "layer_tunnel_id": 137, "state": "complete", "vertices": 933580}
{"world": "S10_3d_complex_C08", "resolution_m": 0.025, "patch_node": "node_0019", "layer_tunnel_id": 129, "state": "extracting"}
{"world": "S10_3d_complex_C08", "resolution_m": 0.025, "patch_node": "node_0019", "layer_tunnel_id": 129, "state": "complete", "vertices": 908414}
{"world": "S10_3d_complex_C08", "resolution_m": 0.025, "patch_node": "node_0019", "layer_tunnel_id": 134, "state": "extracting"}
{"world": "S10_3d_complex_C08", "resolution_m": 0.025, "patch_node": "node_0019", "layer_tunnel_id": 134, "state": "complete", "vertices": 858939}
{"world": "S10_3d_complex_C08", "resolution_m": 0.025, "patch_node": "node_0037", "layer_tunnel_id": 1, "state": "extracting"}
{"world": "S10_3d_complex_C08", "resolution_m": 0.025, "patch_node": "node_0037", "layer_tunnel_id": 1, "state": "complete", "vertices": 908588}
{"world": "S10_3d_complex_C08", "resolution_m": 0.025, "patch_node": "node_0037", "layer_tunnel_id": 129, "state": "extracting"}
{"world": "S10_3d_complex_C08", "resolution_m": 0.025, "patch_node": "node_0037", "layer_tunnel_id": 129, "state": "complete", "vertices": 965353}
{"world": "S10_3d_complex_C08", "resolution_m": 0.025, "patch_node": "node_0052", "layer_tunnel_id": 1, "state": "extracting"}
{"world": "S10_3d_complex_C08", "resolution_m": 0.025, "patch_node": "node_0052", "layer_tunnel_id": 1, "state": "complete", "vertices": 764653}
{"world": "S10_3d_complex_C08", "resolution_m": 0.025, "patch_node": "node_0052", "layer_tunnel_id": 3, "state": "extracting"}
{"world": "S10_3d_complex_C08", "resolution_m": 0.025, "patch_node": "node_0052", "layer_tunnel_id": 3, "state": "complete", "vertices": 778461}
{"world": "S10_3d_complex_C08", "resolution_m": 0.025, "patch_node": "node_0061", "layer_tunnel_id": 3, "state": "extracting"}
{"world": "S10_3d_complex_C08", "resolution_m": 0.025, "patch_node": "node_0061", "layer_tunnel_id": 3, "state": "complete", "vertices": 739226}
{"world": "S10_3d_complex_C08", "resolution_m": 0.025, "patch_node": "node_0061", "layer_tunnel_id": 135, "state": "extracting"}
{"world": "S10_3d_complex_C08", "resolution_m": 0.025, "patch_node": "node_0061", "layer_tunnel_id": 135, "state": "complete", "vertices": 716964}
{"world": "S10_3d_complex_C08", "resolution_m": 0.025, "patch_node": "node_0062", "layer_tunnel_id": 16, "state": "extracting"}
{"world": "S10_3d_complex_C08", "resolution_m": 0.025, "patch_node": "node_0062", "layer_tunnel_id": 16, "state": "complete", "vertices": 780624}
{"world": "S10_3d_complex_C08", "resolution_m": 0.025, "patch_node": "node_0062", "layer_tunnel_id": 134, "state": "extracting"}
{"world": "S10_3d_complex_C08", "resolution_m": 0.025, "patch_node": "node_0062", "layer_tunnel_id": 134, "state": "complete", "vertices": 739389}
{"world": "S10_3d_complex_C08", "resolution_m": 0.025, "patch_node": "node_0079", "layer_tunnel_id": 32, "state": "extracting"}
{"world": "S10_3d_complex_C08", "resolution_m": 0.025, "patch_node": "node_0079", "layer_tunnel_id": 32, "state": "complete", "vertices": 759579}
{"world": "S10_3d_complex_C08", "resolution_m": 0.025, "patch_node": "node_0079", "layer_tunnel_id": 135, "state": "extracting"}
{"world": "S10_3d_complex_C08", "resolution_m": 0.025, "patch_node": "node_0079", "layer_tunnel_id": 135, "state": "complete", "vertices": 728777}
{"world": "S10_3d_complex_C08", "resolution_m": 0.025, "patch_node": "node_0087", "layer_tunnel_id": 3, "state": "extracting"}
{"world": "S10_3d_complex_C08", "resolution_m": 0.025, "patch_node": "node_0087", "layer_tunnel_id": 3, "state": "complete", "vertices": 857060}
{"world": "S10_3d_complex_C08", "resolution_m": 0.025, "patch_node": "node_0087", "layer_tunnel_id": 11, "state": "extracting"}
{"world": "S10_3d_complex_C08", "resolution_m": 0.025, "patch_node": "node_0087", "layer_tunnel_id": 11, "state": "complete", "vertices": 941238}
{"world": "S10_3d_complex_C08", "resolution_m": 0.025, "patch_node": "node_0111", "layer_tunnel_id": 3, "state": "extracting"}
{"world": "S10_3d_complex_C08", "resolution_m": 0.025, "patch_node": "node_0111", "layer_tunnel_id": 3, "state": "complete", "vertices": 737571}
{"world": "S10_3d_complex_C08", "resolution_m": 0.025, "patch_node": "node_0111", "layer_tunnel_id": 16, "state": "extracting"}
{"world": "S10_3d_complex_C08", "resolution_m": 0.025, "patch_node": "node_0111", "layer_tunnel_id": 16, "state": "complete", "vertices": 805281}
{"world": "S10_3d_complex_C08", "resolution_m": 0.025, "patch_node": "node_0133", "layer_tunnel_id": 11, "state": "extracting"}
{"world": "S10_3d_complex_C08", "resolution_m": 0.025, "patch_node": "node_0133", "layer_tunnel_id": 11, "state": "complete", "vertices": 877264}
{"world": "S10_3d_complex_C08", "resolution_m": 0.025, "patch_node": "node_0133", "layer_tunnel_id": 32, "state": "extracting"}
{"world": "S10_3d_complex_C08", "resolution_m": 0.025, "patch_node": "node_0133", "layer_tunnel_id": 32, "state": "complete", "vertices": 875244}
{"world": "S10_3d_complex_C08", "resolution_m": 0.025, "patch_node": "node_0141", "layer_tunnel_id": 124, "state": "extracting"}
{"world": "S10_3d_complex_C08", "resolution_m": 0.025, "patch_node": "node_0141", "layer_tunnel_id": 124, "state": "complete", "vertices": 913247}
{"world": "S10_3d_complex_C08", "resolution_m": 0.025, "patch_node": "node_0141", "layer_tunnel_id": 132, "state": "extracting"}
{"world": "S10_3d_complex_C08", "resolution_m": 0.025, "patch_node": "node_0141", "layer_tunnel_id": 132, "state": "complete", "vertices": 957436}
{"world": "S10_3d_complex_C08", "resolution_m": 0.025, "patch_node": "node_0153", "layer_tunnel_id": 33, "state": "extracting"}
{"world": "S10_3d_complex_C08", "resolution_m": 0.025, "patch_node": "node_0153", "layer_tunnel_id": 33, "state": "complete", "vertices": 1033096}
{"world": "S10_3d_complex_C08", "resolution_m": 0.025, "patch_node": "node_0153", "layer_tunnel_id": 137, "state": "extracting"}
{"world": "S10_3d_complex_C08", "resolution_m": 0.025, "patch_node": "node_0153", "layer_tunnel_id": 137, "state": "complete", "vertices": 998610}
{"world": "S10_3d_complex_C08", "resolution_m": 0.025, "patch_node": "node_0161", "layer_tunnel_id": 3, "state": "extracting"}
{"world": "S10_3d_complex_C08", "resolution_m": 0.025, "patch_node": "node_0161", "layer_tunnel_id": 3, "state": "complete", "vertices": 1000537}
{"world": "S10_3d_complex_C08", "resolution_m": 0.025, "patch_node": "node_0161", "layer_tunnel_id": 33, "state": "extracting"}
{"world": "S10_3d_complex_C08", "resolution_m": 0.025, "patch_node": "node_0161", "layer_tunnel_id": 33, "state": "complete", "vertices": 1082275}
{"world": "S10_3d_complex_C08", "resolution_m": 0.025, "qualified_frames": 16}
{"world": "S10_3d_complex_C08", "resolution_m": 0.025, "qualified_frames": 272}
{"world": "S10_3d_complex_C08", "resolution_m": 0.025, "qualified_frames": 528}
{"world": "S10_3d_complex_C08", "resolution_m": 0.025, "qualified_frames": 784}
{"world": "S10_3d_complex_C08", "resolution_m": 0.025, "qualified_frames": 1040}
{"world": "S10_3d_complex_C08", "resolution_m": 0.025, "qualified_frames": 1296}
{"world": "S10_3d_complex_C08", "resolution_m": 0.025, "qualified_frames": 1552}
{"world": "S10_3d_complex_C08", "resolution_m": 0.025, "qualified_frames": 1808}
{"world": "S10_3d_complex_C08", "resolution_m": 0.025, "qualified_frames": 2064}
{"world": "S10_3d_complex_C08", "resolution_m": 0.025, "qualified_frames": 2320}
{"world": "S10_3d_complex_C08", "frames": 2558, "traversals": 332, "window_frames": 258, "passed_frames": 2558, "failed_frames": 0, "minimum_horizontal_clearance_m": 1.8369589644350623, "maximum_floor_error_m": 0.049999990002902894, "minimum_up_clearance_m": 9.134100322537687, "maximum_xy_correction_m": 0.07050109250341827, "optimizer": {"solver": "alternating_multiresolution_common_support_interval_and_slsqp_minimum_xy", "solver_success": true, "solver_message": "Optimization terminated successfully", "iterations": 5, "window_frames": 258, "primary_squared_displacement_m2": 31512.19240573786, "secondary_first_difference_energy_m2": 6.298852392050093, "tertiary_second_difference_energy_m2": 11.737445268210742, "minimum_step_constraint_margin_m2": -6.306066779870889e-13, "maximum_xy_correction_m": 0.07050109250341827, "maximum_z_change_from_center_support_m": 0.08707310871735185, "objective_order": ["minimum displacement", "minimum first difference if tied", "minimum second difference if tied"], "support_xy_outer_iterations": 1, "support_xy_convergence": [{"iteration": 1, "maximum_floor_error_m": 0.04999999001120847, "minimum_common_support_interval_width_m": 0.0996719038967786, "maximum_resolution_surface_spread_m": 0.0003280761032211643, "maximum_step_m": 2.0965184033656623, "maximum_xy_correction_m": 0.07050109250341827, "minimum_step_constraint_margin_m2": -6.306066779870889e-13}], "qualification_field_count": 3, "support_interval_rule": "intersection of every resolution's [surface+0.95m+1e-8m,surface+1.05m-1e-8m] internal optimizer interval; closest point to sealed nominal sensor z; final audit remains exact [0.95m,1.05m]", "support_interval_interior_numerical_margin_m": 1e-08, "minimum_common_support_interval_width_m": 0.0996719038967786, "maximum_resolution_surface_spread_m": 0.0003280761032211643}, "baseline_geometry": {"maximum_step_m": 1.9999999899392054, "p99_step_m": 1.9999995699701967, "maximum_turn_deg": 179.98892534938292, "p99_turn_deg": 66.01532571454472}, "corrected_geometry": {"maximum_step_m": 2.0965184033656623, "p99_step_m": 2.0095284432167446, "maximum_turn_deg": 179.9889434096146, "p99_turn_deg": 67.32437540754427}, "continuity_passed": true, "resolution_pass_fail_identical": true, "all_frames_passed": true, "resolution_convergence": [{"resolution_m": 0.1, "centerline_sample_count": 25590, "maximum_seam_field_error_m": 2.886579864025407e-15, "maximum_transition_formula_error_m": 1.9539925233402755e-14, "maximum_nonincident_dispatch_error_m": 0.0, "passed_frames": 2558, "all_frames_passed": true}, {"resolution_m": 0.05, "centerline_sample_count": 51160, "maximum_seam_field_error_m": 2.886579864025407e-15, "maximum_transition_formula_error_m": 1.9539925233402755e-14, "maximum_nonincident_dispatch_error_m": 0.0, "passed_frames": 2558, "all_frames_passed": true}, {"resolution_m": 0.025, "centerline_sample_count": 102299, "maximum_seam_field_error_m": 2.886579864025407e-15, "maximum_transition_formula_error_m": 1.9984014443252818e-14, "maximum_nonincident_dispatch_error_m": 0.0, "passed_frames": 2558, "all_frames_passed": true}]}
{"schema_version": "cano_c08_support_interval_margin_qualification_v7r2", "overall_status": "PASS_CANO_C08_SUPPORT_INTERVAL_MARGIN_QUALIFICATION_V7R2", "worlds": 3, "windows": 25, "arc_endpoint_records": 624, "directed_traversals": 624, "frames": 4773, "resolution_frame_audits": 14319, "horizontal_rays": 10309680, "vertical_rays": 42957, "visual_patch_count": 150, "all_frames_passed": true, "world_metrics": [{"world": "S01_flat_tree_small_C08", "frames": 801, "traversals": 108, "window_frames": 80, "passed_frames": 801, "failed_frames": 0, "minimum_horizontal_clearance_m": 3.183090990159558, "maximum_floor_error_m": 0.049999990000018535, "minimum_up_clearance_m": 9.654100891402745, "maximum_xy_correction_m": 0.0, "optimizer": {"solver": "alternating_multiresolution_common_support_interval_and_slsqp_minimum_xy", "solver_success": true, "solver_message": "Optimization terminated successfully", "iterations": 1, "window_frames": 80, "primary_squared_displacement_m2": 15188.15999433081, "secondary_first_difference_energy_m2": 0.15768619240330337, "tertiary_second_difference_energy_m2": 0.30660362232074456, "minimum_step_constraint_margin_m2": 0.4100040761141841, "maximum_xy_correction_m": 0.0, "maximum_z_change_from_center_support_m": 0.04999999000273725, "objective_order": ["minimum displacement", "minimum first difference if tied", "minimum second difference if tied"], "support_xy_outer_iterations": 1, "support_xy_convergence": [{"iteration": 1, "maximum_floor_error_m": 0.049999990000320294, "minimum_common_support_interval_width_m": 0.09977064850552164, "maximum_resolution_surface_spread_m": 0.0002293314944781244, "maximum_step_m": 1.9999999841780218, "maximum_xy_correction_m": 0.0, "minimum_step_constraint_margin_m2": 0.4100040761141841}], "qualification_field_count": 3, "support_interval_rule": "intersection of every resolution's [surface+0.95m+1e-8m,surface+1.05m-1e-8m] internal optimizer interval; closest point to sealed nominal sensor z; final audit remains exact [0.95m,1.05m]", "support_interval_interior_numerical_margin_m": 1e-08, "minimum_common_support_interval_width_m": 0.09977064850552164, "maximum_resolution_surface_spread_m": 0.0002293314944781244}, "baseline_geometry": {"maximum_step_m": 1.9999999841780218, "p99_step_m": 1.999999390831667, "maximum_turn_deg": 179.97663608816848, "p99_turn_deg": 104.79453241128388}, "corrected_geometry": {"maximum_step_m": 1.9999999841780218, "p99_step_m": 1.999999390831667, "maximum_turn_deg": 179.97663597607092, "p99_turn_deg": 104.76712847802888}, "continuity_passed": true, "resolution_pass_fail_identical": true, "all_frames_passed": true, "resolution_convergence": [{"resolution_m": 0.1, "centerline_sample_count": 8005, "maximum_seam_field_error_m": 2.6645352591003757e-15, "maximum_transition_formula_error_m": 9.103828801926284e-15, "maximum_nonincident_dispatch_error_m": 0.0, "passed_frames": 801, "all_frames_passed": true}, {"resolution_m": 0.05, "centerline_sample_count": 16004, "maximum_seam_field_error_m": 2.6645352591003757e-15, "maximum_transition_formula_error_m": 9.103828801926284e-15, "maximum_nonincident_dispatch_error_m": 0.0, "passed_frames": 801, "all_frames_passed": true}, {"resolution_m": 0.025, "centerline_sample_count": 32001, "maximum_seam_field_error_m": 2.6645352591003757e-15, "maximum_transition_formula_error_m": 9.103828801926284e-15, "maximum_nonincident_dispatch_error_m": 0.0, "passed_frames": 801, "all_frames_passed": true}]}, {"world": "S06_3d_branch_medium_C08", "frames": 1414, "traversals": 184, "window_frames": 128, "passed_frames": 1414, "failed_frames": 0, "minimum_horizontal_clearance_m": 2.940001361477445, "maximum_floor_error_m": 0.049999990002893346, "minimum_up_clearance_m": 8.963620237714775, "maximum_xy_correction_m": 0.0, "optimizer": {"solver": "alternating_multiresolution_common_support_interval_and_slsqp_minimum_xy", "solver_success": true, "solver_message": "Optimization terminated successfully", "iterations": 1, "window_frames": 128, "primary_squared_displacement_m2": 22834.205651931094, "secondary_first_difference_energy_m2": 2.7214778572366405, "tertiary_second_difference_energy_m2": 5.1274787585281025, "minimum_step_constraint_margin_m2": 0.10701696348384004, "maximum_xy_correction_m": 0.0, "maximum_z_change_from_center_support_m": 0.04999999000281363, "objective_order": ["minimum displacement", "minimum first difference if tied", "minimum second difference if tied"], "support_xy_outer_iterations": 1, "support_xy_convergence": [{"iteration": 1, "maximum_floor_error_m": 0.049999990010121564, "minimum_common_support_interval_width_m": 0.09974562410363497, "maximum_resolution_surface_spread_m": 0.0002543558963647996, "maximum_step_m": 2.0743632571752353, "maximum_xy_correction_m": 0.0, "minimum_step_constraint_margin_m2": 0.10701696348384004}], "qualification_field_count": 3, "support_interval_rule": "intersection of every resolution's [surface+0.95m+1e-8m,surface+1.05m-1e-8m] internal optimizer interval; closest point to sealed nominal sensor z; final audit remains exact [0.95m,1.05m]", "support_interval_interior_numerical_margin_m": 1e-08, "minimum_common_support_interval_width_m": 0.09974562410363497, "maximum_resolution_surface_spread_m": 0.0002543558963647996}, "baseline_geometry": {"maximum_step_m": 1.9999999729046738, "p99_step_m": 1.9999886876975852, "maximum_turn_deg": 179.80717372045618, "p99_turn_deg": 59.94438197282115}, "corrected_geometry": {"maximum_step_m": 2.0743632571752353, "p99_step_m": 2.003262636085991, "maximum_turn_deg": 179.81378265161555, "p99_turn_deg": 59.470847435272766}, "continuity_passed": true, "resolution_pass_fail_identical": true, "all_frames_passed": true, "resolution_convergence": [{"resolution_m": 0.1, "centerline_sample_count": 14139, "maximum_seam_field_error_m": 2.275957200481571e-15, "maximum_transition_formula_error_m": 7.105427357601002e-15, "maximum_nonincident_dispatch_error_m": 0.0, "passed_frames": 1414, "all_frames_passed": true}, {"resolution_m": 0.05, "centerline_sample_count": 28267, "maximum_seam_field_error_m": 2.275957200481571e-15, "maximum_transition_formula_error_m": 7.105427357601002e-15, "maximum_nonincident_dispatch_error_m": 0.0, "passed_frames": 1414, "all_frames_passed": true}, {"resolution_m": 0.025, "centerline_sample_count": 56526, "maximum_seam_field_error_m": 2.275957200481571e-15, "maximum_transition_formula_error_m": 7.105427357601002e-15, "maximum_nonincident_dispatch_error_m": 0.0, "passed_frames": 1414, "all_frames_passed": true}]}, {"world": "S10_3d_complex_C08", "frames": 2558, "traversals": 332, "window_frames": 258, "passed_frames": 2558, "failed_frames": 0, "minimum_horizontal_clearance_m": 1.8369589644350623, "maximum_floor_error_m": 0.049999990002902894, "minimum_up_clearance_m": 9.134100322537687, "maximum_xy_correction_m": 0.07050109250341827, "optimizer": {"solver": "alternating_multiresolution_common_support_interval_and_slsqp_minimum_xy", "solver_success": true, "solver_message": "Optimization terminated successfully", "iterations": 5, "window_frames": 258, "primary_squared_displacement_m2": 31512.19240573786, "secondary_first_difference_energy_m2": 6.298852392050093, "tertiary_second_difference_energy_m2": 11.737445268210742, "minimum_step_constraint_margin_m2": -6.306066779870889e-13, "maximum_xy_correction_m": 0.07050109250341827, "maximum_z_change_from_center_support_m": 0.08707310871735185, "objective_order": ["minimum displacement", "minimum first difference if tied", "minimum second difference if tied"], "support_xy_outer_iterations": 1, "support_xy_convergence": [{"iteration": 1, "maximum_floor_error_m": 0.04999999001120847, "minimum_common_support_interval_width_m": 0.0996719038967786, "maximum_resolution_surface_spread_m": 0.0003280761032211643, "maximum_step_m": 2.0965184033656623, "maximum_xy_correction_m": 0.07050109250341827, "minimum_step_constraint_margin_m2": -6.306066779870889e-13}], "qualification_field_count": 3, "support_interval_rule": "intersection of every resolution's [surface+0.95m+1e-8m,surface+1.05m-1e-8m] internal optimizer interval; closest point to sealed nominal sensor z; final audit remains exact [0.95m,1.05m]", "support_interval_interior_numerical_margin_m": 1e-08, "minimum_common_support_interval_width_m": 0.0996719038967786, "maximum_resolution_surface_spread_m": 0.0003280761032211643}, "baseline_geometry": {"maximum_step_m": 1.9999999899392054, "p99_step_m": 1.9999995699701967, "maximum_turn_deg": 179.98892534938292, "p99_turn_deg": 66.01532571454472}, "corrected_geometry": {"maximum_step_m": 2.0965184033656623, "p99_step_m": 2.0095284432167446, "maximum_turn_deg": 179.9889434096146, "p99_turn_deg": 67.32437540754427}, "continuity_passed": true, "resolution_pass_fail_identical": true, "all_frames_passed": true, "resolution_convergence": [{"resolution_m": 0.1, "centerline_sample_count": 25590, "maximum_seam_field_error_m": 2.886579864025407e-15, "maximum_transition_formula_error_m": 1.9539925233402755e-14, "maximum_nonincident_dispatch_error_m": 0.0, "passed_frames": 2558, "all_frames_passed": true}, {"resolution_m": 0.05, "centerline_sample_count": 51160, "maximum_seam_field_error_m": 2.886579864025407e-15, "maximum_transition_formula_error_m": 1.9539925233402755e-14, "maximum_nonincident_dispatch_error_m": 0.0, "passed_frames": 2558, "all_frames_passed": true}, {"resolution_m": 0.025, "centerline_sample_count": 102299, "maximum_seam_field_error_m": 2.886579864025407e-15, "maximum_transition_formula_error_m": 1.9984014443252818e-14, "maximum_nonincident_dispatch_error_m": 0.0, "passed_frames": 2558, "all_frames_passed": true}]}], "inference_frames": 0, "graph_updates": 0, "training_samples_consumed": 0, "c09_worlds_read": 0, "c10_worlds_read": 0, "mtare_worlds_read": 0, "duration_seconds": 14417.835723684999, "claim_boundary": "Traversal-conditioned continuous implicit-field collision qualification only; per-layer local marching-cubes patches are non-authoritative visualization and no Gate-4 graph/planner claim is made."}
finished_at_utc=2026-08-15T12:06:00.180316+00:00
duration_seconds=14418.116738
exit_code=0
