Traceback (most recent call last):
  File "/home/zeng-workstation/mtare_topo_comm/tools/v3/build_gse_slope_corrective_cache_v1.py", line 25, in <module>
    raise SystemExit(main())
                     ~~~~^^
  File "/home/zeng-workstation/mtare_topo_comm/tools/v3/build_gse_slope_corrective_cache_v1.py", line 19, in main
    result = build_slope_corrective_cache(args.dataset_run, args.output_dir)
  File "/home/zeng-workstation/mtare_topo_comm/src/mtare_topo/data/gse_slope_corrective_dataset.py", line 242, in build_slope_corrective_cache
    raise RuntimeError(f"corrective causal index or geometry schema drift: {parent_id}")
RuntimeError: corrective causal index or geometry schema drift: S01_flat_tree_small_C01
Command exited with non-zero status 1
	Command being timed: "/home/zeng-workstation/.local/share/mtare_topo_comm/envs/phase3_torch290_cu129_zarr2187_v1/bin/python /home/zeng-workstation/mtare_topo_comm/tools/v3/build_gse_slope_corrective_cache_v1.py --dataset-run /home/zeng-workstation/mtare_topo_comm/results/gate2_representation/gate2_20260824_gse_deduplicated_dataset_export_v1_seed0 --output-dir /home/zeng-workstation/mtare_topo_comm/results/gate2_representation/gate2_20260824_gse_slope_corrective_three_seed_training_v1_seed0/artifacts/slope_corrective_cache"
	User time (seconds): 0.62
	System time (seconds): 0.10
	Percent of CPU this job got: 99%
	Elapsed (wall clock) time (h:mm:ss or m:ss): 0:00.73
	Average shared text size (kbytes): 0
	Average unshared data size (kbytes): 0
	Average stack size (kbytes): 0
	Average total size (kbytes): 0
	Maximum resident set size (kbytes): 545404
	Average resident set size (kbytes): 0
	Major (requiring I/O) page faults: 0
	Minor (reclaiming a frame) page faults: 80619
	Voluntary context switches: 34
	Involuntary context switches: 73
	Swaps: 0
	File system inputs: 0
	File system outputs: 8
	Socket messages sent: 0
	Socket messages received: 0
	Signals delivered: 0
	Page size (bytes): 4096
	Exit status: 1

runner_observed_seconds=0.732178
