argv=["/tmp/mtare_gate4_meshing_sidecar_v1/bin/python", "/home/zeng-workstation/mtare_topo_comm/tools/v3/execute_cano_c08_hybrid_implicit_qualification_v3.py", "--run-dir", "/home/zeng-workstation/mtare_topo_comm/results/gate4_topology/gate4_20260815_cano_c08_route_conditioned_support_corrective_v8_seed0"]
started_at_utc=2026-08-15T13:03:21.094913+00:00
{"world": "S01_flat_tree_small_C08", "resolution_m": 0.1, "patch_node": "node_0010", "layer_tunnel_id": 135, "state": "extracting"}
{"world": "S01_flat_tree_small_C08", "resolution_m": 0.1, "patch_node": "node_0010", "layer_tunnel_id": 135, "state": "complete", "vertices": 55912}
{"world": "S01_flat_tree_small_C08", "resolution_m": 0.1, "patch_node": "node_0010", "layer_tunnel_id": 139, "state": "extracting"}
{"world": "S01_flat_tree_small_C08", "resolution_m": 0.1, "patch_node": "node_0010", "layer_tunnel_id": 139, "state": "complete", "vertices": 58944}
{"world": "S01_flat_tree_small_C08", "resolution_m": 0.1, "patch_node": "node_0015", "layer_tunnel_id": 1, "state": "extracting"}
{"world": "S01_flat_tree_small_C08", "resolution_m": 0.1, "patch_node": "node_0015", "layer_tunnel_id": 1, "state": "complete", "vertices": 51695}
{"world": "S01_flat_tree_small_C08", "resolution_m": 0.1, "patch_node": "node_0015", "layer_tunnel_id": 135, "state": "extracting"}
{"world": "S01_flat_tree_small_C08", "resolution_m": 0.1, "patch_node": "node_0015", "layer_tunnel_id": 135, "state": "complete", "vertices": 52860}
{"world": "S01_flat_tree_small_C08", "resolution_m": 0.1, "patch_node": "node_0027", "layer_tunnel_id": 1, "state": "extracting"}
{"world": "S01_flat_tree_small_C08", "resolution_m": 0.1, "patch_node": "node_0027", "layer_tunnel_id": 1, "state": "complete", "vertices": 54204}
{"world": "S01_flat_tree_small_C08", "resolution_m": 0.1, "patch_node": "node_0027", "layer_tunnel_id": 135, "state": "extracting"}
{"world": "S01_flat_tree_small_C08", "resolution_m": 0.1, "patch_node": "node_0027", "layer_tunnel_id": 135, "state": "complete", "vertices": 54483}
{"world": "S01_flat_tree_small_C08", "resolution_m": 0.1, "patch_node": "node_0039", "layer_tunnel_id": 139, "state": "extracting"}
{"world": "S01_flat_tree_small_C08", "resolution_m": 0.1, "patch_node": "node_0039", "layer_tunnel_id": 139, "state": "complete", "vertices": 59156}
{"world": "S01_flat_tree_small_C08", "resolution_m": 0.1, "patch_node": "node_0039", "layer_tunnel_id": 156, "state": "extracting"}
{"world": "S01_flat_tree_small_C08", "resolution_m": 0.1, "patch_node": "node_0039", "layer_tunnel_id": 156, "state": "complete", "vertices": 63752}
{"world": "S01_flat_tree_small_C08", "resolution_m": 0.1, "qualified_frames": 16}
{"world": "S01_flat_tree_small_C08", "resolution_m": 0.1, "qualified_frames": 272}
{"world": "S01_flat_tree_small_C08", "resolution_m": 0.1, "qualified_frames": 528}
{"world": "S01_flat_tree_small_C08", "resolution_m": 0.1, "qualified_frames": 784}
{"world": "S01_flat_tree_small_C08", "resolution_m": 0.05, "patch_node": "node_0010", "layer_tunnel_id": 135, "state": "extracting"}
{"world": "S01_flat_tree_small_C08", "resolution_m": 0.05, "patch_node": "node_0010", "layer_tunnel_id": 135, "state": "complete", "vertices": 219900}
{"world": "S01_flat_tree_small_C08", "resolution_m": 0.05, "patch_node": "node_0010", "layer_tunnel_id": 139, "state": "extracting"}
{"world": "S01_flat_tree_small_C08", "resolution_m": 0.05, "patch_node": "node_0010", "layer_tunnel_id": 139, "state": "complete", "vertices": 232842}
{"world": "S01_flat_tree_small_C08", "resolution_m": 0.05, "patch_node": "node_0015", "layer_tunnel_id": 1, "state": "extracting"}
{"world": "S01_flat_tree_small_C08", "resolution_m": 0.05, "patch_node": "node_0015", "layer_tunnel_id": 1, "state": "complete", "vertices": 204706}
{"world": "S01_flat_tree_small_C08", "resolution_m": 0.05, "patch_node": "node_0015", "layer_tunnel_id": 135, "state": "extracting"}
{"world": "S01_flat_tree_small_C08", "resolution_m": 0.05, "patch_node": "node_0015", "layer_tunnel_id": 135, "state": "complete", "vertices": 209226}
{"world": "S01_flat_tree_small_C08", "resolution_m": 0.05, "patch_node": "node_0027", "layer_tunnel_id": 1, "state": "extracting"}
{"world": "S01_flat_tree_small_C08", "resolution_m": 0.05, "patch_node": "node_0027", "layer_tunnel_id": 1, "state": "complete", "vertices": 214734}
{"world": "S01_flat_tree_small_C08", "resolution_m": 0.05, "patch_node": "node_0027", "layer_tunnel_id": 135, "state": "extracting"}
{"world": "S01_flat_tree_small_C08", "resolution_m": 0.05, "patch_node": "node_0027", "layer_tunnel_id": 135, "state": "complete", "vertices": 215944}
{"world": "S01_flat_tree_small_C08", "resolution_m": 0.05, "patch_node": "node_0039", "layer_tunnel_id": 139, "state": "extracting"}
{"world": "S01_flat_tree_small_C08", "resolution_m": 0.05, "patch_node": "node_0039", "layer_tunnel_id": 139, "state": "complete", "vertices": 236298}
{"world": "S01_flat_tree_small_C08", "resolution_m": 0.05, "patch_node": "node_0039", "layer_tunnel_id": 156, "state": "extracting"}
{"world": "S01_flat_tree_small_C08", "resolution_m": 0.05, "patch_node": "node_0039", "layer_tunnel_id": 156, "state": "complete", "vertices": 254168}
{"world": "S01_flat_tree_small_C08", "resolution_m": 0.05, "qualified_frames": 16}
{"world": "S01_flat_tree_small_C08", "resolution_m": 0.05, "qualified_frames": 272}
{"world": "S01_flat_tree_small_C08", "resolution_m": 0.05, "qualified_frames": 528}
{"world": "S01_flat_tree_small_C08", "resolution_m": 0.05, "qualified_frames": 784}
{"world": "S01_flat_tree_small_C08", "resolution_m": 0.025, "patch_node": "node_0010", "layer_tunnel_id": 135, "state": "extracting"}
{"world": "S01_flat_tree_small_C08", "resolution_m": 0.025, "patch_node": "node_0010", "layer_tunnel_id": 135, "state": "complete", "vertices": 875691}
{"world": "S01_flat_tree_small_C08", "resolution_m": 0.025, "patch_node": "node_0010", "layer_tunnel_id": 139, "state": "extracting"}
{"world": "S01_flat_tree_small_C08", "resolution_m": 0.025, "patch_node": "node_0010", "layer_tunnel_id": 139, "state": "complete", "vertices": 931102}
{"world": "S01_flat_tree_small_C08", "resolution_m": 0.025, "patch_node": "node_0015", "layer_tunnel_id": 1, "state": "extracting"}
{"world": "S01_flat_tree_small_C08", "resolution_m": 0.025, "patch_node": "node_0015", "layer_tunnel_id": 1, "state": "complete", "vertices": 818448}
{"world": "S01_flat_tree_small_C08", "resolution_m": 0.025, "patch_node": "node_0015", "layer_tunnel_id": 135, "state": "extracting"}
{"world": "S01_flat_tree_small_C08", "resolution_m": 0.025, "patch_node": "node_0015", "layer_tunnel_id": 135, "state": "complete", "vertices": 833576}
{"world": "S01_flat_tree_small_C08", "resolution_m": 0.025, "patch_node": "node_0027", "layer_tunnel_id": 1, "state": "extracting"}
{"world": "S01_flat_tree_small_C08", "resolution_m": 0.025, "patch_node": "node_0027", "layer_tunnel_id": 1, "state": "complete", "vertices": 858144}
{"world": "S01_flat_tree_small_C08", "resolution_m": 0.025, "patch_node": "node_0027", "layer_tunnel_id": 135, "state": "extracting"}
{"world": "S01_flat_tree_small_C08", "resolution_m": 0.025, "patch_node": "node_0027", "layer_tunnel_id": 135, "state": "complete", "vertices": 861599}
{"world": "S01_flat_tree_small_C08", "resolution_m": 0.025, "patch_node": "node_0039", "layer_tunnel_id": 139, "state": "extracting"}
{"world": "S01_flat_tree_small_C08", "resolution_m": 0.025, "patch_node": "node_0039", "layer_tunnel_id": 139, "state": "complete", "vertices": 938011}
{"world": "S01_flat_tree_small_C08", "resolution_m": 0.025, "patch_node": "node_0039", "layer_tunnel_id": 156, "state": "extracting"}
{"world": "S01_flat_tree_small_C08", "resolution_m": 0.025, "patch_node": "node_0039", "layer_tunnel_id": 156, "state": "complete", "vertices": 1010961}
{"world": "S01_flat_tree_small_C08", "resolution_m": 0.025, "qualified_frames": 16}
{"world": "S01_flat_tree_small_C08", "resolution_m": 0.025, "qualified_frames": 272}
{"world": "S01_flat_tree_small_C08", "resolution_m": 0.025, "qualified_frames": 528}
{"world": "S01_flat_tree_small_C08", "resolution_m": 0.025, "qualified_frames": 784}
{"world": "S01_flat_tree_small_C08", "frames": 801, "traversals": 108, "window_frames": 80, "outside_window_frames": 721, "outside_window_pose_exact": true, "passed_frames": 801, "failed_frames": 0, "minimum_horizontal_clearance_m": 5.349942264388935, "maximum_floor_error_m": 1.1102230246251565e-16, "minimum_up_clearance_m": 5.50046164648863, "maximum_xy_correction_m": 0.0, "optimizer": {"solver": "alternating_multiresolution_common_support_interval_and_slsqp_minimum_xy", "solver_success": true, "solver_message": "Optimization terminated successfully", "iterations": 1, "window_frames": 80, "primary_squared_displacement_m2": 5.457885661277626e-33, "secondary_first_difference_energy_m2": 1.3480151373205072e-32, "tertiary_second_difference_energy_m2": 4.3291764173424485e-32, "minimum_step_constraint_margin_m2": 0.4100040761141841, "maximum_xy_correction_m": 0.0, "maximum_z_correction_m": 1.38264436281641e-17, "outside_window_pose_exact": true, "objective_order": ["minimum displacement", "minimum first difference if tied", "minimum second difference if tied"], "support_xy_outer_iterations": 1, "support_xy_convergence": [{"iteration": 1, "maximum_floor_error_m": 1.1102230246251565e-16, "minimum_common_support_interval_width_m": 0.09999998, "maximum_resolution_surface_spread_m": 0.0, "maximum_step_m": 1.9999999841780218, "maximum_xy_correction_m": 0.0, "minimum_step_constraint_margin_m2": 0.4100040761141841}], "qualification_field_count": 3, "support_field_count": 1, "support_interval_rule": "route-conditioned analytic support [surface+0.95m+1e-8m,surface+1.05m-1e-8m]; only frozen window frames may move; final audit remains exact [0.95m,1.05m]", "support_interval_interior_numerical_margin_m": 1e-08, "minimum_common_support_interval_width_m": 0.09999998, "maximum_resolution_surface_spread_m": 0.0}, "baseline_geometry": {"maximum_step_m": 1.9999999841780218, "p99_step_m": 1.999999390831667, "maximum_turn_deg": 179.97663608816848, "p99_turn_deg": 104.79453241128388}, "corrected_geometry": {"maximum_step_m": 1.9999999841780218, "p99_step_m": 1.999999390831667, "maximum_turn_deg": 179.97663608816848, "p99_turn_deg": 104.79453241128388}, "continuity_passed": true, "resolution_pass_fail_identical": true, "all_frames_passed": true, "resolution_convergence": [{"resolution_m": 0.1, "centerline_sample_count": 8005, "maximum_seam_field_error_m": 2.6645352591003757e-15, "maximum_transition_formula_error_m": 9.103828801926284e-15, "maximum_nonincident_dispatch_error_m": 0.0, "passed_frames": 801, "all_frames_passed": true}, {"resolution_m": 0.05, "centerline_sample_count": 16004, "maximum_seam_field_error_m": 2.6645352591003757e-15, "maximum_transition_formula_error_m": 9.103828801926284e-15, "maximum_nonincident_dispatch_error_m": 0.0, "passed_frames": 801, "all_frames_passed": true}, {"resolution_m": 0.025, "centerline_sample_count": 32001, "maximum_seam_field_error_m": 2.6645352591003757e-15, "maximum_transition_formula_error_m": 9.103828801926284e-15, "maximum_nonincident_dispatch_error_m": 0.0, "passed_frames": 801, "all_frames_passed": true}]}
{"world": "S06_3d_branch_medium_C08", "resolution_m": 0.1, "patch_node": "node_0006", "layer_tunnel_id": 4, "state": "extracting"}
{"world": "S06_3d_branch_medium_C08", "resolution_m": 0.1, "patch_node": "node_0006", "layer_tunnel_id": 4, "state": "complete", "vertices": 62187}
{"world": "S06_3d_branch_medium_C08", "resolution_m": 0.1, "patch_node": "node_0006", "layer_tunnel_id": 10, "state": "extracting"}
{"world": "S06_3d_branch_medium_C08", "resolution_m": 0.1, "patch_node": "node_0006", "layer_tunnel_id": 10, "state": "complete", "vertices": 55795}
{"world": "S06_3d_branch_medium_C08", "resolution_m": 0.1, "patch_node": "node_0013", "layer_tunnel_id": 4, "state": "extracting"}
{"world": "S06_3d_branch_medium_C08", "resolution_m": 0.1, "patch_node": "node_0013", "layer_tunnel_id": 4, "state": "complete", "vertices": 59891}
{"world": "S06_3d_branch_medium_C08", "resolution_m": 0.1, "patch_node": "node_0013", "layer_tunnel_id": 15, "state": "extracting"}
{"world": "S06_3d_branch_medium_C08", "resolution_m": 0.1, "patch_node": "node_0013", "layer_tunnel_id": 15, "state": "complete", "vertices": 57594}
{"world": "S06_3d_branch_medium_C08", "resolution_m": 0.1, "patch_node": "node_0018", "layer_tunnel_id": 10, "state": "extracting"}
{"world": "S06_3d_branch_medium_C08", "resolution_m": 0.1, "patch_node": "node_0018", "layer_tunnel_id": 10, "state": "complete", "vertices": 49598}
{"world": "S06_3d_branch_medium_C08", "resolution_m": 0.1, "patch_node": "node_0018", "layer_tunnel_id": 15, "state": "extracting"}
{"world": "S06_3d_branch_medium_C08", "resolution_m": 0.1, "patch_node": "node_0018", "layer_tunnel_id": 15, "state": "complete", "vertices": 51352}
{"world": "S06_3d_branch_medium_C08", "resolution_m": 0.1, "patch_node": "node_0029", "layer_tunnel_id": 1, "state": "extracting"}
{"world": "S06_3d_branch_medium_C08", "resolution_m": 0.1, "patch_node": "node_0029", "layer_tunnel_id": 1, "state": "complete", "vertices": 61224}
{"world": "S06_3d_branch_medium_C08", "resolution_m": 0.1, "patch_node": "node_0029", "layer_tunnel_id": 4, "state": "extracting"}
{"world": "S06_3d_branch_medium_C08", "resolution_m": 0.1, "patch_node": "node_0029", "layer_tunnel_id": 4, "state": "complete", "vertices": 60785}
{"world": "S06_3d_branch_medium_C08", "resolution_m": 0.1, "patch_node": "node_0044", "layer_tunnel_id": 1, "state": "extracting"}
{"world": "S06_3d_branch_medium_C08", "resolution_m": 0.1, "patch_node": "node_0044", "layer_tunnel_id": 1, "state": "complete", "vertices": 52943}
{"world": "S06_3d_branch_medium_C08", "resolution_m": 0.1, "patch_node": "node_0044", "layer_tunnel_id": 3, "state": "extracting"}
{"world": "S06_3d_branch_medium_C08", "resolution_m": 0.1, "patch_node": "node_0044", "layer_tunnel_id": 3, "state": "complete", "vertices": 52396}
{"world": "S06_3d_branch_medium_C08", "resolution_m": 0.1, "patch_node": "node_0076", "layer_tunnel_id": 8, "state": "extracting"}
{"world": "S06_3d_branch_medium_C08", "resolution_m": 0.1, "patch_node": "node_0076", "layer_tunnel_id": 8, "state": "complete", "vertices": 42810}
{"world": "S06_3d_branch_medium_C08", "resolution_m": 0.1, "patch_node": "node_0076", "layer_tunnel_id": 9, "state": "extracting"}
{"world": "S06_3d_branch_medium_C08", "resolution_m": 0.1, "patch_node": "node_0076", "layer_tunnel_id": 9, "state": "complete", "vertices": 46059}
{"world": "S06_3d_branch_medium_C08", "resolution_m": 0.1, "patch_node": "node_0078", "layer_tunnel_id": 3, "state": "extracting"}
{"world": "S06_3d_branch_medium_C08", "resolution_m": 0.1, "patch_node": "node_0078", "layer_tunnel_id": 3, "state": "complete", "vertices": 49468}
{"world": "S06_3d_branch_medium_C08", "resolution_m": 0.1, "patch_node": "node_0078", "layer_tunnel_id": 8, "state": "extracting"}
{"world": "S06_3d_branch_medium_C08", "resolution_m": 0.1, "patch_node": "node_0078", "layer_tunnel_id": 8, "state": "complete", "vertices": 49414}
{"world": "S06_3d_branch_medium_C08", "resolution_m": 0.1, "qualified_frames": 16}
{"world": "S06_3d_branch_medium_C08", "resolution_m": 0.1, "qualified_frames": 272}
{"world": "S06_3d_branch_medium_C08", "resolution_m": 0.1, "qualified_frames": 528}
{"world": "S06_3d_branch_medium_C08", "resolution_m": 0.1, "qualified_frames": 784}
{"world": "S06_3d_branch_medium_C08", "resolution_m": 0.1, "qualified_frames": 1040}
{"world": "S06_3d_branch_medium_C08", "resolution_m": 0.1, "qualified_frames": 1296}
{"world": "S06_3d_branch_medium_C08", "resolution_m": 0.05, "patch_node": "node_0006", "layer_tunnel_id": 4, "state": "extracting"}
{"world": "S06_3d_branch_medium_C08", "resolution_m": 0.05, "patch_node": "node_0006", "layer_tunnel_id": 4, "state": "complete", "vertices": 245799}
{"world": "S06_3d_branch_medium_C08", "resolution_m": 0.05, "patch_node": "node_0006", "layer_tunnel_id": 10, "state": "extracting"}
{"world": "S06_3d_branch_medium_C08", "resolution_m": 0.05, "patch_node": "node_0006", "layer_tunnel_id": 10, "state": "complete", "vertices": 221014}
{"world": "S06_3d_branch_medium_C08", "resolution_m": 0.05, "patch_node": "node_0013", "layer_tunnel_id": 4, "state": "extracting"}
{"world": "S06_3d_branch_medium_C08", "resolution_m": 0.05, "patch_node": "node_0013", "layer_tunnel_id": 4, "state": "complete", "vertices": 236516}
{"world": "S06_3d_branch_medium_C08", "resolution_m": 0.05, "patch_node": "node_0013", "layer_tunnel_id": 15, "state": "extracting"}
{"world": "S06_3d_branch_medium_C08", "resolution_m": 0.05, "patch_node": "node_0013", "layer_tunnel_id": 15, "state": "complete", "vertices": 228098}
{"world": "S06_3d_branch_medium_C08", "resolution_m": 0.05, "patch_node": "node_0018", "layer_tunnel_id": 10, "state": "extracting"}
{"world": "S06_3d_branch_medium_C08", "resolution_m": 0.05, "patch_node": "node_0018", "layer_tunnel_id": 10, "state": "complete", "vertices": 195695}
{"world": "S06_3d_branch_medium_C08", "resolution_m": 0.05, "patch_node": "node_0018", "layer_tunnel_id": 15, "state": "extracting"}
{"world": "S06_3d_branch_medium_C08", "resolution_m": 0.05, "patch_node": "node_0018", "layer_tunnel_id": 15, "state": "complete", "vertices": 203193}
{"world": "S06_3d_branch_medium_C08", "resolution_m": 0.05, "patch_node": "node_0029", "layer_tunnel_id": 1, "state": "extracting"}
{"world": "S06_3d_branch_medium_C08", "resolution_m": 0.05, "patch_node": "node_0029", "layer_tunnel_id": 1, "state": "complete", "vertices": 241989}
{"world": "S06_3d_branch_medium_C08", "resolution_m": 0.05, "patch_node": "node_0029", "layer_tunnel_id": 4, "state": "extracting"}
{"world": "S06_3d_branch_medium_C08", "resolution_m": 0.05, "patch_node": "node_0029", "layer_tunnel_id": 4, "state": "complete", "vertices": 240760}
{"world": "S06_3d_branch_medium_C08", "resolution_m": 0.05, "patch_node": "node_0044", "layer_tunnel_id": 1, "state": "extracting"}
{"world": "S06_3d_branch_medium_C08", "resolution_m": 0.05, "patch_node": "node_0044", "layer_tunnel_id": 1, "state": "complete", "vertices": 210812}
{"world": "S06_3d_branch_medium_C08", "resolution_m": 0.05, "patch_node": "node_0044", "layer_tunnel_id": 3, "state": "extracting"}
{"world": "S06_3d_branch_medium_C08", "resolution_m": 0.05, "patch_node": "node_0044", "layer_tunnel_id": 3, "state": "complete", "vertices": 209150}
{"world": "S06_3d_branch_medium_C08", "resolution_m": 0.05, "patch_node": "node_0076", "layer_tunnel_id": 8, "state": "extracting"}
{"world": "S06_3d_branch_medium_C08", "resolution_m": 0.05, "patch_node": "node_0076", "layer_tunnel_id": 8, "state": "complete", "vertices": 170207}
{"world": "S06_3d_branch_medium_C08", "resolution_m": 0.05, "patch_node": "node_0076", "layer_tunnel_id": 9, "state": "extracting"}
{"world": "S06_3d_branch_medium_C08", "resolution_m": 0.05, "patch_node": "node_0076", "layer_tunnel_id": 9, "state": "complete", "vertices": 183747}
{"world": "S06_3d_branch_medium_C08", "resolution_m": 0.05, "patch_node": "node_0078", "layer_tunnel_id": 3, "state": "extracting"}
{"world": "S06_3d_branch_medium_C08", "resolution_m": 0.05, "patch_node": "node_0078", "layer_tunnel_id": 3, "state": "complete", "vertices": 195123}
{"world": "S06_3d_branch_medium_C08", "resolution_m": 0.05, "patch_node": "node_0078", "layer_tunnel_id": 8, "state": "extracting"}
{"world": "S06_3d_branch_medium_C08", "resolution_m": 0.05, "patch_node": "node_0078", "layer_tunnel_id": 8, "state": "complete", "vertices": 195466}
{"world": "S06_3d_branch_medium_C08", "resolution_m": 0.05, "qualified_frames": 16}
{"world": "S06_3d_branch_medium_C08", "resolution_m": 0.05, "qualified_frames": 272}
{"world": "S06_3d_branch_medium_C08", "resolution_m": 0.05, "qualified_frames": 528}
{"world": "S06_3d_branch_medium_C08", "resolution_m": 0.05, "qualified_frames": 784}
{"world": "S06_3d_branch_medium_C08", "resolution_m": 0.05, "qualified_frames": 1040}
{"world": "S06_3d_branch_medium_C08", "resolution_m": 0.05, "qualified_frames": 1296}
{"world": "S06_3d_branch_medium_C08", "resolution_m": 0.025, "patch_node": "node_0006", "layer_tunnel_id": 4, "state": "extracting"}
{"world": "S06_3d_branch_medium_C08", "resolution_m": 0.025, "patch_node": "node_0006", "layer_tunnel_id": 4, "state": "complete", "vertices": 980838}
{"world": "S06_3d_branch_medium_C08", "resolution_m": 0.025, "patch_node": "node_0006", "layer_tunnel_id": 10, "state": "extracting"}
{"world": "S06_3d_branch_medium_C08", "resolution_m": 0.025, "patch_node": "node_0006", "layer_tunnel_id": 10, "state": "complete", "vertices": 883173}
{"world": "S06_3d_branch_medium_C08", "resolution_m": 0.025, "patch_node": "node_0013", "layer_tunnel_id": 4, "state": "extracting"}
{"world": "S06_3d_branch_medium_C08", "resolution_m": 0.025, "patch_node": "node_0013", "layer_tunnel_id": 4, "state": "complete", "vertices": 943605}
{"world": "S06_3d_branch_medium_C08", "resolution_m": 0.025, "patch_node": "node_0013", "layer_tunnel_id": 15, "state": "extracting"}
{"world": "S06_3d_branch_medium_C08", "resolution_m": 0.025, "patch_node": "node_0013", "layer_tunnel_id": 15, "state": "complete", "vertices": 911575}
{"world": "S06_3d_branch_medium_C08", "resolution_m": 0.025, "patch_node": "node_0018", "layer_tunnel_id": 10, "state": "extracting"}
{"world": "S06_3d_branch_medium_C08", "resolution_m": 0.025, "patch_node": "node_0018", "layer_tunnel_id": 10, "state": "complete", "vertices": 777359}
{"world": "S06_3d_branch_medium_C08", "resolution_m": 0.025, "patch_node": "node_0018", "layer_tunnel_id": 15, "state": "extracting"}
{"world": "S06_3d_branch_medium_C08", "resolution_m": 0.025, "patch_node": "node_0018", "layer_tunnel_id": 15, "state": "complete", "vertices": 808352}
{"world": "S06_3d_branch_medium_C08", "resolution_m": 0.025, "patch_node": "node_0029", "layer_tunnel_id": 1, "state": "extracting"}
{"world": "S06_3d_branch_medium_C08", "resolution_m": 0.025, "patch_node": "node_0029", "layer_tunnel_id": 1, "state": "complete", "vertices": 966059}
{"world": "S06_3d_branch_medium_C08", "resolution_m": 0.025, "patch_node": "node_0029", "layer_tunnel_id": 4, "state": "extracting"}
{"world": "S06_3d_branch_medium_C08", "resolution_m": 0.025, "patch_node": "node_0029", "layer_tunnel_id": 4, "state": "complete", "vertices": 961820}
{"world": "S06_3d_branch_medium_C08", "resolution_m": 0.025, "patch_node": "node_0044", "layer_tunnel_id": 1, "state": "extracting"}
finished_at_utc=2026-08-16T07:30:36.905454+00:00
duration_seconds=4328.326607
exit_code=-15
