{"index": 1, "of": 80, "tokens": 854, "unsupported": 0, "world": "S01_flat_tree_small_C01"}
{"index": 2, "of": 80, "tokens": 676, "unsupported": 0, "world": "S01_flat_tree_small_C02"}
{"index": 3, "of": 80, "tokens": 561, "unsupported": 0, "world": "S01_flat_tree_small_C03"}
{"index": 4, "of": 80, "tokens": 559, "unsupported": 0, "world": "S01_flat_tree_small_C04"}
{"index": 5, "of": 80, "tokens": 665, "unsupported": 0, "world": "S01_flat_tree_small_C05"}
{"index": 6, "of": 80, "tokens": 682, "unsupported": 0, "world": "S01_flat_tree_small_C06"}
{"index": 7, "of": 80, "tokens": 537, "unsupported": 0, "world": "S02_3d_tree_small_C01"}
{"index": 8, "of": 80, "tokens": 755, "unsupported": 0, "world": "S02_3d_tree_small_C02"}
{"index": 9, "of": 80, "tokens": 979, "unsupported": 0, "world": "S02_3d_tree_small_C03"}
{"index": 10, "of": 80, "tokens": 503, "unsupported": 0, "world": "S02_3d_tree_small_C04"}
{"index": 11, "of": 80, "tokens": 736, "unsupported": 0, "world": "S02_3d_tree_small_C05"}
{"index": 12, "of": 80, "tokens": 573, "unsupported": 0, "world": "S02_3d_tree_small_C06"}
{"index": 13, "of": 80, "tokens": 1032, "unsupported": 0, "world": "S03_flat_unicyclic_small_C01"}
{"index": 14, "of": 80, "tokens": 1148, "unsupported": 0, "world": "S03_flat_unicyclic_small_C02"}
{"index": 15, "of": 80, "tokens": 1117, "unsupported": 0, "world": "S03_flat_unicyclic_small_C03"}
{"index": 16, "of": 80, "tokens": 1015, "unsupported": 0, "world": "S03_flat_unicyclic_small_C04"}
{"index": 17, "of": 80, "tokens": 995, "unsupported": 0, "world": "S03_flat_unicyclic_small_C05"}
{"index": 18, "of": 80, "tokens": 845, "unsupported": 0, "world": "S03_flat_unicyclic_small_C06"}
{"index": 19, "of": 80, "tokens": 799, "unsupported": 0, "world": "S04_3d_unicyclic_small_C01"}
{"index": 20, "of": 80, "tokens": 841, "unsupported": 0, "world": "S04_3d_unicyclic_small_C02"}
{"index": 21, "of": 80, "tokens": 1000, "unsupported": 0, "world": "S04_3d_unicyclic_small_C03"}
{"index": 22, "of": 80, "tokens": 1110, "unsupported": 0, "world": "S04_3d_unicyclic_small_C04"}
{"index": 23, "of": 80, "tokens": 1063, "unsupported": 0, "world": "S04_3d_unicyclic_small_C05"}
{"index": 24, "of": 80, "tokens": 1118, "unsupported": 0, "world": "S04_3d_unicyclic_small_C06"}
{"index": 25, "of": 80, "tokens": 1545, "unsupported": 0, "world": "S05_flat_branch_medium_C01"}
{"index": 26, "of": 80, "tokens": 1342, "unsupported": 0, "world": "S05_flat_branch_medium_C02"}
{"index": 27, "of": 80, "tokens": 1553, "unsupported": 0, "world": "S05_flat_branch_medium_C03"}
{"index": 28, "of": 80, "tokens": 1496, "unsupported": 0, "world": "S05_flat_branch_medium_C04"}
{"index": 29, "of": 80, "tokens": 1709, "unsupported": 0, "world": "S05_flat_branch_medium_C05"}
{"index": 30, "of": 80, "tokens": 1760, "unsupported": 0, "world": "S05_flat_branch_medium_C06"}
{"index": 31, "of": 80, "tokens": 1411, "unsupported": 0, "world": "S06_3d_branch_medium_C01"}
{"index": 32, "of": 80, "tokens": 1104, "unsupported": 0, "world": "S06_3d_branch_medium_C02"}
{"index": 33, "of": 80, "tokens": 1686, "unsupported": 0, "world": "S06_3d_branch_medium_C03"}
{"index": 34, "of": 80, "tokens": 1337, "unsupported": 0, "world": "S06_3d_branch_medium_C04"}
{"index": 35, "of": 80, "tokens": 1193, "unsupported": 0, "world": "S06_3d_branch_medium_C05"}
{"index": 36, "of": 80, "tokens": 1151, "unsupported": 0, "world": "S06_3d_branch_medium_C06"}
{"index": 37, "of": 80, "tokens": 2740, "unsupported": 0, "world": "S07_flat_loop_rich_C01"}
{"index": 38, "of": 80, "tokens": 2984, "unsupported": 0, "world": "S07_flat_loop_rich_C02"}
{"index": 39, "of": 80, "tokens": 2229, "unsupported": 0, "world": "S07_flat_loop_rich_C03"}
{"index": 40, "of": 80, "tokens": 3142, "unsupported": 0, "world": "S07_flat_loop_rich_C04"}
{"index": 41, "of": 80, "tokens": 2504, "unsupported": 0, "world": "S07_flat_loop_rich_C05"}
{"index": 42, "of": 80, "tokens": 2401, "unsupported": 0, "world": "S07_flat_loop_rich_C06"}
{"index": 43, "of": 80, "tokens": 1896, "unsupported": 0, "world": "S08_3d_loop_rich_C01"}
{"index": 44, "of": 80, "tokens": 2078, "unsupported": 0, "world": "S08_3d_loop_rich_C02"}
{"index": 45, "of": 80, "tokens": 1204, "unsupported": 0, "world": "S08_3d_loop_rich_C03"}
{"index": 46, "of": 80, "tokens": 2312, "unsupported": 0, "world": "S08_3d_loop_rich_C04"}
{"index": 47, "of": 80, "tokens": 1629, "unsupported": 0, "world": "S08_3d_loop_rich_C05"}
{"index": 48, "of": 80, "tokens": 2084, "unsupported": 0, "world": "S08_3d_loop_rich_C06"}
{"index": 49, "of": 80, "tokens": 3096, "unsupported": 0, "world": "S09_flat_complex_C01"}
{"index": 50, "of": 80, "tokens": 2888, "unsupported": 0, "world": "S09_flat_complex_C02"}
{"index": 51, "of": 80, "tokens": 2924, "unsupported": 0, "world": "S09_flat_complex_C03"}
{"index": 52, "of": 80, "tokens": 3243, "unsupported": 0, "world": "S09_flat_complex_C04"}
{"index": 53, "of": 80, "tokens": 3767, "unsupported": 0, "world": "S09_flat_complex_C05"}
{"index": 54, "of": 80, "tokens": 2848, "unsupported": 0, "world": "S09_flat_complex_C06"}
{"index": 55, "of": 80, "tokens": 2270, "unsupported": 0, "world": "S10_3d_complex_C01"}
{"index": 56, "of": 80, "tokens": 2087, "unsupported": 0, "world": "S10_3d_complex_C02"}
{"index": 57, "of": 80, "tokens": 2578, "unsupported": 0, "world": "S10_3d_complex_C03"}
{"index": 58, "of": 80, "tokens": 2568, "unsupported": 0, "world": "S10_3d_complex_C04"}
{"index": 59, "of": 80, "tokens": 2315, "unsupported": 0, "world": "S10_3d_complex_C05"}
{"index": 60, "of": 80, "tokens": 3042, "unsupported": 0, "world": "S10_3d_complex_C06"}
{"index": 61, "of": 80, "tokens": 781, "unsupported": 0, "world": "S01_flat_tree_small_C07"}
{"index": 62, "of": 80, "tokens": 874, "unsupported": 0, "world": "S01_flat_tree_small_C08"}
{"index": 63, "of": 80, "tokens": 562, "unsupported": 0, "world": "S02_3d_tree_small_C07"}
{"index": 64, "of": 80, "tokens": 962, "unsupported": 0, "world": "S02_3d_tree_small_C08"}
{"index": 65, "of": 80, "tokens": 1105, "unsupported": 0, "world": "S03_flat_unicyclic_small_C07"}
{"index": 66, "of": 80, "tokens": 857, "unsupported": 0, "world": "S03_flat_unicyclic_small_C08"}
{"index": 67, "of": 80, "tokens": 992, "unsupported": 0, "world": "S04_3d_unicyclic_small_C07"}
{"index": 68, "of": 80, "tokens": 898, "unsupported": 0, "world": "S04_3d_unicyclic_small_C08"}
{"index": 69, "of": 80, "tokens": 1200, "unsupported": 0, "world": "S05_flat_branch_medium_C07"}
{"index": 70, "of": 80, "tokens": 1657, "unsupported": 0, "world": "S05_flat_branch_medium_C08"}
{"index": 71, "of": 80, "tokens": 1235, "unsupported": 0, "world": "S06_3d_branch_medium_C07"}
{"index": 72, "of": 80, "tokens": 1549, "unsupported": 0, "world": "S06_3d_branch_medium_C08"}
{"index": 73, "of": 80, "tokens": 2285, "unsupported": 0, "world": "S07_flat_loop_rich_C07"}
{"index": 74, "of": 80, "tokens": 2484, "unsupported": 0, "world": "S07_flat_loop_rich_C08"}
{"index": 75, "of": 80, "tokens": 1754, "unsupported": 0, "world": "S08_3d_loop_rich_C07"}
{"index": 76, "of": 80, "tokens": 2195, "unsupported": 0, "world": "S08_3d_loop_rich_C08"}
{"index": 77, "of": 80, "tokens": 3232, "unsupported": 0, "world": "S09_flat_complex_C07"}
{"index": 78, "of": 80, "tokens": 3153, "unsupported": 0, "world": "S09_flat_complex_C08"}
{"index": 79, "of": 80, "tokens": 2876, "unsupported": 0, "world": "S10_3d_complex_C07"}
{"index": 80, "of": 80, "tokens": 2494, "unsupported": 0, "world": "S10_3d_complex_C08"}
/home/zeng-workstation/mtare_topo_comm/tools/v3/execute_gse_geometry_anchored_spatial_event_readiness_v2.py:183: UserWarning: Converting a tensor with requires_grad=True to a scalar may lead to unexpected behavior.
Consider using tensor.detach() first. (Triggered internally at /pytorch/torch/csrc/autograd/generated/python_variable_methods.cpp:836.)
  bound_error = float(torch.max(outputs["event_radial_distance_m"] - outputs["event_free_range_anchor_m"]))
{
  "schema_version": "gse_geometry_anchored_spatial_event_readiness_v2",
  "status": "PASS_GSE_GEOMETRY_ANCHORED_SPATIAL_EVENT_READINESS_V2",
  "population": {
    "worlds": 80,
    "fit_worlds": 60,
    "selection_worlds": 20,
    "observations": 188126,
    "unique_global_sequence_indices": 188126,
    "tokens": 131424,
    "event_identities": 1076,
    "type_counts": {
      "terminal": 30714,
      "junction": 100710
    },
    "cardinality_histogram": {
      "0": 82326,
      "1": 82183,
      "2": 21756,
      "3": 1724,
      "4": 128,
      "5": 9
    }
  },
  "encoder": {
    "parameters": 264134,
    "queries": 16,
    "polar_bins": 180,
    "input_contract": {
      "student_inputs": [
        "five_frame_range_m",
        "five_frame_valid_mask"
      ],
      "forbidden_inputs": [
        "world_pose",
        "sensor_pose",
        "route_identity",
        "traversal_identity",
        "TNG_identity",
        "future_frame",
        "teacher_feature"
      ],
      "range_shape": [
        5,
        16,
        720
      ],
      "polar_bins": 180,
      "event_range_rule": "radial_fraction * attention_weighted_five_frame_local_free_range_envelope",
      "local_support_radius_bins": 1,
      "los_support_margin_m": 0.25
    },
    "real_teacher_batch_cardinalities": [
      0,
      1,
      2,
      3,
      4,
      5
    ],
    "support_profile_parity_error_m": 0.0,
    "query_permutation_loss_error": 1.1920928955078125e-07,
    "circular_rotation_xyz_max_abs_error_m": 7.152557373046875e-07,
    "circular_rotation_invariant_max_abs_error": 3.814697265625e-06,
    "free_range_bound_max_signed_error_m": -10.459345817565918,
    "seed_replay_max_abs_error": 0.0,
    "finite_backward": true
  },
  "scan_support": {
    "schema_version": "gse_geometry_anchored_causal_local_support_audit_v2",
    "tokens": 131424,
    "unsupported_tokens": 0,
    "margin_m": {
      "minimum": 2.288818359375e-05,
      "p01": 1.225190281867981,
      "median": 10.394184112548828,
      "p99": 44.83160400390625,
      "maximum": 49.9957160949707
    },
    "unsupported_examples": [],
    "definition": "max five-frame range over elevation/four-column cell, circular +/-1 polar bin, plus fixed 0.25m LOS margin capped at 50m"
  },
  "checks": {
    "exact_80_worlds": true,
    "exact_60_20_split": true,
    "exact_188126_unique_rows": true,
    "exact_131424_tokens": true,
    "exact_type_identity_counts": true,
    "exact_cardinality_histogram": true,
    "all_observable_tokens_have_causal_local_support": true,
    "numpy_torch_support_profile_parity_at_most_1e_6": true,
    "source_range_invalid_contract": true,
    "range_valid_only_forward_signature": true,
    "five_frame_local_margin_contract": true,
    "exact_264134_parameters": true,
    "real_cardinality_0_to_5_finite_backward": true,
    "query_permutation_loss_error_at_most_1e_6": true,
    "rotation_xyz_error_at_most_1e_3_m": true,
    "rotation_invariants_error_at_most_2e_5": true,
    "free_range_bound_nonpositive": true,
    "seed_replay_bit_exact": true,
    "zero_training_threshold_C09_C10_MTARE": true,
    "all_passed": true
  },
  "duration_seconds": 21.319383757887408,
  "optimizer_steps": 0,
  "trained_model_inference_frames": 0,
  "threshold_selection_steps": 0,
  "random_initialization_forward_batches": 4,
  "c09_worlds_read": 0,
  "c10_worlds_read": 0,
  "mtare_worlds_read": 0
}
