{"epoch": 0, "identity_macro_relative_vector_error_m": 3.288728679905131, "identity_macro_within_4m_fraction": 0.7183804425968557, "multi_traversal_identities": 272, "selection_component_mae_m": [2.6049857139587402, 0.22114898264408112, 0.14818952977657318], "selection_global_center_mae_m": 2.6547980308532715, "steps": 396, "train": {"direct": 1.8990745315648088, "relative": 1.1246423111720518, "total": 3.0237168501121827}, "transverse_max_drift_m": 0.0}
{"epoch": 1, "identity_macro_relative_vector_error_m": 3.233200278295797, "identity_macro_within_4m_fraction": 0.7269481491387921, "multi_traversal_identities": 272, "selection_component_mae_m": [2.565918445587158, 0.22114898264408112, 0.14818952977657318], "selection_global_center_mae_m": 2.616805076599121, "steps": 396, "train": {"direct": 1.745415917249641, "relative": 1.0287235839800402, "total": 2.774139506949319}, "transverse_max_drift_m": 0.0}
{"epoch": 2, "identity_macro_relative_vector_error_m": 3.189039317032203, "identity_macro_within_4m_fraction": 0.7344996095414487, "multi_traversal_identities": 272, "selection_component_mae_m": [2.534393548965454, 0.22114898264408112, 0.14818952977657318], "selection_global_center_mae_m": 2.5865478515625, "steps": 396, "train": {"direct": 1.6787237046342907, "relative": 1.0037306798527939, "total": 2.6824543891531047}, "transverse_max_drift_m": 0.0}
{"epoch": 3, "identity_macro_relative_vector_error_m": 3.320069010393192, "identity_macro_within_4m_fraction": 0.7191676708138925, "multi_traversal_identities": 272, "selection_component_mae_m": [2.5912575721740723, 0.22114898264408112, 0.14818952977657318], "selection_global_center_mae_m": 2.6438231468200684, "steps": 396, "train": {"direct": 1.601758990323905, "relative": 0.9448988225423929, "total": 2.546657818736452}, "transverse_max_drift_m": 0.0}
{"epoch": 4, "identity_macro_relative_vector_error_m": 3.114053822003252, "identity_macro_within_4m_fraction": 0.7434667831207743, "multi_traversal_identities": 272, "selection_component_mae_m": [2.4398446083068848, 0.22114898264408112, 0.14818952977657318], "selection_global_center_mae_m": 2.492708444595337, "steps": 396, "train": {"direct": 1.5317716297477182, "relative": 0.9047271385036334, "total": 2.436498769304969}, "transverse_max_drift_m": 0.0}
{"epoch": 5, "identity_macro_relative_vector_error_m": 3.107538351556756, "identity_macro_within_4m_fraction": 0.7500204069697954, "multi_traversal_identities": 272, "selection_component_mae_m": [2.4325644969940186, 0.22114898264408112, 0.14818952977657318], "selection_global_center_mae_m": 2.4852545261383057, "steps": 396, "train": {"direct": 1.4977056883802318, "relative": 0.8848447238255028, "total": 2.382550418075889}, "transverse_max_drift_m": 0.0}
{"epoch": 6, "identity_macro_relative_vector_error_m": 3.0929013782035035, "identity_macro_within_4m_fraction": 0.7496573174236801, "multi_traversal_identities": 272, "selection_component_mae_m": [2.4335803985595703, 0.22114898264408112, 0.14818952977657318], "selection_global_center_mae_m": 2.4867677688598633, "steps": 396, "train": {"direct": 1.4741412903925386, "relative": 0.8626921097136507, "total": 2.336833412599082}, "transverse_max_drift_m": 0.0}
{"epoch": 7, "identity_macro_relative_vector_error_m": 3.0927852244875815, "identity_macro_within_4m_fraction": 0.7472692394309041, "multi_traversal_identities": 272, "selection_component_mae_m": [2.444538116455078, 0.22114898264408112, 0.14818952977657318], "selection_global_center_mae_m": 2.49515962600708, "steps": 396, "train": {"direct": 1.4352792406624013, "relative": 0.833933577092007, "total": 2.2692128206142272}, "transverse_max_drift_m": 0.0}
{"epoch": 8, "identity_macro_relative_vector_error_m": 3.06629850903127, "identity_macro_within_4m_fraction": 0.7534096268015747, "multi_traversal_identities": 272, "selection_component_mae_m": [2.400637149810791, 0.22114898264408112, 0.14818952977657318], "selection_global_center_mae_m": 2.454084634780884, "steps": 396, "train": {"direct": 1.4184808902668231, "relative": 0.8221752789586482, "total": 2.240656175697693}, "transverse_max_drift_m": 0.0}
{"epoch": 9, "identity_macro_relative_vector_error_m": 3.1002354113532404, "identity_macro_within_4m_fraction": 0.7532701824369793, "multi_traversal_identities": 272, "selection_component_mae_m": [2.3984367847442627, 0.22114898264408112, 0.14818952977657318], "selection_global_center_mae_m": 2.4509670734405518, "steps": 396, "train": {"direct": 1.3816891982398851, "relative": 0.7970644638243348, "total": 2.178753668009633}, "transverse_max_drift_m": 0.0}
{"backbone_optimizer_steps": 0, "best_epoch": 8, "c09_worlds_read": 0, "c10_worlds_read": 0, "duration_seconds": 56.44620353798382, "epochs": 10, "fit_rows": 25294, "initial_selection_component_mae_m": [3.6046488285064697, 0.22114898264408112, 0.14818952977657318], "initial_selection_cross_view": {"identity_macro_relative_vector_error_m": 4.317541722686901, "identity_macro_within_4m_fraction": 0.5735020074942874, "multi_traversal_identities": 272}, "initial_selection_global_center_mae_m": 3.646296739578247, "mtare_worlds_read": 0, "optimizer_steps": 3960, "peak_gpu_memory_bytes": 120261632, "schema_version": "gse_spatial_longitudinal_corrective_seed_v1", "seed": 1, "selection_component_mae_m": [2.400637149810791, 0.22114898264408112, 0.14818952977657318], "selection_cross_view": {"identity_macro_relative_vector_error_m": 3.06629850903127, "identity_macro_within_4m_fraction": 0.7534096268015747, "multi_traversal_identities": 272}, "selection_global_center_mae_m": 2.454084634780884, "selection_rows": 8839, "spatial_decoder_optimizer_steps": 0, "transverse_max_drift_m": 0.0}
	Command being timed: "/home/zeng-workstation/.local/share/mtare_topo_comm/envs/phase3_torch290_cu129_zarr2187_v1/bin/python /home/zeng-workstation/mtare_topo_comm/tools/v3/train_gse_spatial_longitudinal_corrective_v1.py --spatial-cache /home/zeng-workstation/mtare_topo_comm/results/gate3_semantics/gate3_20260828_gse_spatial_longitudinal_corrective_v1_seed0/scratch/seed1_cache --action-cache /home/zeng-workstation/mtare_topo_comm/results/gate3_semantics/gate3_20260828_gse_action_set_node_training_v1_seed0/scratch/action_set_cache --teacher /home/zeng-workstation/mtare_topo_comm/results/gate3_semantics/gate3_20260828_gse_event_center_offset_training_v1r3_seed0/artifacts/teacher/event_center_teacher.npz --action-checkpoint /home/zeng-workstation/mtare_topo_comm/results/gate3_semantics/gate3_20260828_gse_action_set_node_training_v1_seed0/artifacts/models/seed1/best.pt --scalar-checkpoint /home/zeng-workstation/mtare_topo_comm/results/gate3_semantics/gate3_20260828_gse_event_center_pair_consistency_training_v1r3_seed0/artifacts/models/seed1/best.pt --spatial-checkpoint /home/zeng-workstation/mtare_topo_comm/results/gate3_semantics/gate3_20260828_gse_spatial_event_center_training_v1_seed0/artifacts/models/seed1/best.pt --initial-selection-output /home/zeng-workstation/mtare_topo_comm/results/gate3_semantics/gate3_20260828_gse_spatial_event_center_training_v1_seed0/artifacts/models/seed1/selection_outputs.npz --output-dir /home/zeng-workstation/mtare_topo_comm/results/gate3_semantics/gate3_20260828_gse_spatial_longitudinal_corrective_v1_seed0/artifacts/models/seed1 --seed 1 --epochs 10 --identities-per-event 16 --learning-rate 0.0005 --evaluation-batch-size 128"
	User time (seconds): 56.75
	System time (seconds): 0.72
	Percent of CPU this job got: 100%
	Elapsed (wall clock) time (h:mm:ss or m:ss): 0:57.40
	Average shared text size (kbytes): 0
	Average unshared data size (kbytes): 0
	Average stack size (kbytes): 0
	Average total size (kbytes): 0
	Maximum resident set size (kbytes): 3253608
	Average resident set size (kbytes): 0
	Major (requiring I/O) page faults: 1
	Minor (reclaiming a frame) page faults: 459178
	Voluntary context switches: 21703
	Involuntary context switches: 353
	Swaps: 0
	File system inputs: 160
	File system outputs: 6024
	Socket messages sent: 0
	Socket messages received: 0
	Signals delivered: 0
	Page size (bytes): 4096
	Exit status: 0
