{
  "c09_reads": 0,
  "c10_reads": 0,
  "complete_map_sha256": "d7e4a1f79270ae7eefd96a51f2c5d5f43e868b9681c3d2b13c9035ccd51d0422",
  "direction_heading_identity": true,
  "exit_count_histogram": {
    "1": 70,
    "2": 446,
    "3": 65,
    "4": 19
  },
  "nonempty_samples": 600,
  "role_histogram": {
    "0": 446,
    "1": 84,
    "2": 70
  },
  "samples": 600,
  "schema_version": "aee_objective_teacher_shard_summary_v1",
  "sensor_shard_sha256": "1680c153f7fb0fb9c087fc2ad2fa7c28fd4ac26a1efa54f76552691482cd019a",
  "status": "PASS_AEE_OBJECTIVE_TEACHER_SHARD_V1",
  "teacher_queries": 600,
  "teacher_shard_bytes": 12276,
  "teacher_shard_sha256": "94bc1c78b6d48e48e381a5813d7363ac2c7f6cfec6779b2dd06b570c231eabdb",
  "training_steps": 0,
  "trajectory_id": "01_tunnel_seed23"
}
