{
  "c09_reads": 0,
  "c10_reads": 0,
  "complete_map_sha256": "d7e4a1f79270ae7eefd96a51f2c5d5f43e868b9681c3d2b13c9035ccd51d0422",
  "direction_heading_identity": true,
  "exit_count_histogram": {
    "1": 15,
    "2": 421,
    "3": 116,
    "4": 46,
    "5": 2
  },
  "nonempty_samples": 600,
  "role_histogram": {
    "0": 421,
    "1": 164,
    "2": 15
  },
  "samples": 600,
  "schema_version": "aee_objective_teacher_shard_summary_v1",
  "sensor_shard_sha256": "95a8389cb509cc556ac6a63bebe206476bc5f5ea7927052af3ee0186f2c2f918",
  "status": "PASS_AEE_OBJECTIVE_TEACHER_SHARD_V1",
  "teacher_queries": 600,
  "teacher_shard_bytes": 13055,
  "teacher_shard_sha256": "0aa9eda7d7601efba91a3f27f09d9111666a4d1a8200a48354e22306411edac0",
  "training_steps": 0,
  "trajectory_id": "03_tunnel_seed53"
}
