{
  "c09_reads": 0,
  "c10_reads": 0,
  "complete_map_sha256": "d7e4a1f79270ae7eefd96a51f2c5d5f43e868b9681c3d2b13c9035ccd51d0422",
  "direction_heading_identity": true,
  "exit_count_histogram": {
    "1": 40,
    "2": 409,
    "3": 101,
    "4": 48,
    "5": 2
  },
  "nonempty_samples": 600,
  "role_histogram": {
    "0": 409,
    "1": 151,
    "2": 40
  },
  "samples": 600,
  "schema_version": "aee_objective_teacher_shard_summary_v1",
  "sensor_shard_sha256": "1f74153cd2a7e5b2cdf4a7a3a6b37ee725a3efb3de0a783c4d4e9f9d2eb80d9f",
  "status": "PASS_AEE_OBJECTIVE_TEACHER_SHARD_V1",
  "teacher_queries": 600,
  "teacher_shard_bytes": 12967,
  "teacher_shard_sha256": "598ce1edd1c905fc9bc4818d011bd5e371d392162a3847d081682eb1fe3dc684",
  "training_steps": 0,
  "trajectory_id": "04_tunnel_seed71"
}
