{"co_visible": 134, "index": 1, "max_tokens": 2, "multi_event": 134, "observations": 1252, "of": 80, "visible_pairs": 854, "world": "S01_flat_tree_small_C01"}
{"co_visible": 84, "index": 2, "max_tokens": 2, "multi_event": 84, "observations": 1134, "of": 80, "visible_pairs": 676, "world": "S01_flat_tree_small_C02"}
{"co_visible": 39, "index": 3, "max_tokens": 2, "multi_event": 39, "observations": 1522, "of": 80, "visible_pairs": 561, "world": "S01_flat_tree_small_C03"}
{"co_visible": 65, "index": 4, "max_tokens": 2, "multi_event": 65, "observations": 860, "of": 80, "visible_pairs": 559, "world": "S01_flat_tree_small_C04"}
{"co_visible": 43, "index": 5, "max_tokens": 2, "multi_event": 43, "observations": 1176, "of": 80, "visible_pairs": 665, "world": "S01_flat_tree_small_C05"}
{"co_visible": 147, "index": 6, "max_tokens": 2, "multi_event": 147, "observations": 1224, "of": 80, "visible_pairs": 682, "world": "S01_flat_tree_small_C06"}
{"co_visible": 143, "index": 7, "max_tokens": 2, "multi_event": 143, "observations": 1004, "of": 80, "visible_pairs": 781, "world": "S01_flat_tree_small_C07"}
{"co_visible": 83, "index": 8, "max_tokens": 2, "multi_event": 208, "observations": 1218, "of": 80, "visible_pairs": 874, "world": "S01_flat_tree_small_C08"}
{"co_visible": 37, "index": 9, "max_tokens": 2, "multi_event": 37, "observations": 1314, "of": 80, "visible_pairs": 537, "world": "S02_3d_tree_small_C01"}
{"co_visible": 78, "index": 10, "max_tokens": 3, "multi_event": 128, "observations": 1212, "of": 80, "visible_pairs": 762, "world": "S02_3d_tree_small_C02"}
{"co_visible": 79, "index": 11, "max_tokens": 2, "multi_event": 121, "observations": 1618, "of": 80, "visible_pairs": 979, "world": "S02_3d_tree_small_C03"}
{"co_visible": 58, "index": 12, "max_tokens": 2, "multi_event": 58, "observations": 1042, "of": 80, "visible_pairs": 503, "world": "S02_3d_tree_small_C04"}
{"co_visible": 166, "index": 13, "max_tokens": 2, "multi_event": 166, "observations": 1292, "of": 80, "visible_pairs": 736, "world": "S02_3d_tree_small_C05"}
{"co_visible": 163, "index": 14, "max_tokens": 2, "multi_event": 163, "observations": 1538, "of": 80, "visible_pairs": 573, "world": "S02_3d_tree_small_C06"}
{"co_visible": 65, "index": 15, "max_tokens": 3, "multi_event": 100, "observations": 922, "of": 80, "visible_pairs": 562, "world": "S02_3d_tree_small_C07"}
{"co_visible": 177, "index": 16, "max_tokens": 2, "multi_event": 177, "observations": 1590, "of": 80, "visible_pairs": 963, "world": "S02_3d_tree_small_C08"}
{"co_visible": 154, "index": 17, "max_tokens": 3, "multi_event": 202, "observations": 1510, "of": 80, "visible_pairs": 1032, "world": "S03_flat_unicyclic_small_C01"}
{"co_visible": 65, "index": 18, "max_tokens": 2, "multi_event": 203, "observations": 1864, "of": 80, "visible_pairs": 1148, "world": "S03_flat_unicyclic_small_C02"}
{"co_visible": 189, "index": 19, "max_tokens": 3, "multi_event": 238, "observations": 1770, "of": 80, "visible_pairs": 1117, "world": "S03_flat_unicyclic_small_C03"}
{"co_visible": 128, "index": 20, "max_tokens": 3, "multi_event": 135, "observations": 1566, "of": 80, "visible_pairs": 1015, "world": "S03_flat_unicyclic_small_C04"}
{"co_visible": 66, "index": 21, "max_tokens": 2, "multi_event": 153, "observations": 1444, "of": 80, "visible_pairs": 995, "world": "S03_flat_unicyclic_small_C05"}
{"co_visible": 72, "index": 22, "max_tokens": 2, "multi_event": 111, "observations": 1380, "of": 80, "visible_pairs": 845, "world": "S03_flat_unicyclic_small_C06"}
{"co_visible": 157, "index": 23, "max_tokens": 3, "multi_event": 340, "observations": 906, "of": 80, "visible_pairs": 1105, "world": "S03_flat_unicyclic_small_C07"}
{"co_visible": 89, "index": 24, "max_tokens": 2, "multi_event": 89, "observations": 1414, "of": 80, "visible_pairs": 857, "world": "S03_flat_unicyclic_small_C08"}
{"co_visible": 114, "index": 25, "max_tokens": 2, "multi_event": 114, "observations": 1408, "of": 80, "visible_pairs": 799, "world": "S04_3d_unicyclic_small_C01"}
{"co_visible": 185, "index": 26, "max_tokens": 2, "multi_event": 202, "observations": 1174, "of": 80, "visible_pairs": 842, "world": "S04_3d_unicyclic_small_C02"}
{"co_visible": 43, "index": 27, "max_tokens": 2, "multi_event": 123, "observations": 1754, "of": 80, "visible_pairs": 1133, "world": "S04_3d_unicyclic_small_C03"}
{"co_visible": 71, "index": 28, "max_tokens": 3, "multi_event": 223, "observations": 1268, "of": 80, "visible_pairs": 1110, "world": "S04_3d_unicyclic_small_C04"}
{"co_visible": 176, "index": 29, "max_tokens": 3, "multi_event": 335, "observations": 1058, "of": 80, "visible_pairs": 1083, "world": "S04_3d_unicyclic_small_C05"}
{"co_visible": 176, "index": 30, "max_tokens": 3, "multi_event": 269, "observations": 1408, "of": 80, "visible_pairs": 1281, "world": "S04_3d_unicyclic_small_C06"}
{"co_visible": 203, "index": 31, "max_tokens": 3, "multi_event": 273, "observations": 1134, "of": 80, "visible_pairs": 1002, "world": "S04_3d_unicyclic_small_C07"}
{"co_visible": 0, "index": 32, "max_tokens": 2, "multi_event": 53, "observations": 1526, "of": 80, "visible_pairs": 908, "world": "S04_3d_unicyclic_small_C08"}
{"co_visible": 178, "index": 33, "max_tokens": 2, "multi_event": 308, "observations": 2190, "of": 80, "visible_pairs": 1545, "world": "S05_flat_branch_medium_C01"}
{"co_visible": 134, "index": 34, "max_tokens": 2, "multi_event": 159, "observations": 2412, "of": 80, "visible_pairs": 1342, "world": "S05_flat_branch_medium_C02"}
{"co_visible": 126, "index": 35, "max_tokens": 3, "multi_event": 134, "observations": 2468, "of": 80, "visible_pairs": 1553, "world": "S05_flat_branch_medium_C03"}
{"co_visible": 183, "index": 36, "max_tokens": 3, "multi_event": 269, "observations": 2088, "of": 80, "visible_pairs": 1496, "world": "S05_flat_branch_medium_C04"}
{"co_visible": 312, "index": 37, "max_tokens": 3, "multi_event": 407, "observations": 1980, "of": 80, "visible_pairs": 1709, "world": "S05_flat_branch_medium_C05"}
{"co_visible": 131, "index": 38, "max_tokens": 2, "multi_event": 150, "observations": 2752, "of": 80, "visible_pairs": 1760, "world": "S05_flat_branch_medium_C06"}
{"co_visible": 257, "index": 39, "max_tokens": 2, "multi_event": 257, "observations": 2068, "of": 80, "visible_pairs": 1200, "world": "S05_flat_branch_medium_C07"}
{"co_visible": 129, "index": 40, "max_tokens": 2, "multi_event": 189, "observations": 2466, "of": 80, "visible_pairs": 1657, "world": "S05_flat_branch_medium_C08"}
{"co_visible": 199, "index": 41, "max_tokens": 3, "multi_event": 289, "observations": 1654, "of": 80, "visible_pairs": 1411, "world": "S06_3d_branch_medium_C01"}
{"co_visible": 73, "index": 42, "max_tokens": 2, "multi_event": 227, "observations": 1914, "of": 80, "visible_pairs": 1114, "world": "S06_3d_branch_medium_C02"}
{"co_visible": 284, "index": 43, "max_tokens": 3, "multi_event": 404, "observations": 1782, "of": 80, "visible_pairs": 1686, "world": "S06_3d_branch_medium_C03"}
{"co_visible": 26, "index": 44, "max_tokens": 2, "multi_event": 53, "observations": 3006, "of": 80, "visible_pairs": 1338, "world": "S06_3d_branch_medium_C04"}
{"co_visible": 46, "index": 45, "max_tokens": 2, "multi_event": 183, "observations": 2208, "of": 80, "visible_pairs": 1363, "world": "S06_3d_branch_medium_C05"}
{"co_visible": 74, "index": 46, "max_tokens": 2, "multi_event": 74, "observations": 2472, "of": 80, "visible_pairs": 1158, "world": "S06_3d_branch_medium_C06"}
{"co_visible": 279, "index": 47, "max_tokens": 2, "multi_event": 279, "observations": 1676, "of": 80, "visible_pairs": 1235, "world": "S06_3d_branch_medium_C07"}
{"co_visible": 120, "index": 48, "max_tokens": 4, "multi_event": 323, "observations": 2174, "of": 80, "visible_pairs": 1549, "world": "S06_3d_branch_medium_C08"}
{"co_visible": 132, "index": 49, "max_tokens": 4, "multi_event": 474, "observations": 3432, "of": 80, "visible_pairs": 2740, "world": "S07_flat_loop_rich_C01"}
{"co_visible": 296, "index": 50, "max_tokens": 3, "multi_event": 661, "observations": 3468, "of": 80, "visible_pairs": 2984, "world": "S07_flat_loop_rich_C02"}
{"co_visible": 284, "index": 51, "max_tokens": 5, "multi_event": 438, "observations": 2662, "of": 80, "visible_pairs": 2229, "world": "S07_flat_loop_rich_C03"}
{"co_visible": 390, "index": 52, "max_tokens": 2, "multi_event": 713, "observations": 3408, "of": 80, "visible_pairs": 3142, "world": "S07_flat_loop_rich_C04"}
{"co_visible": 297, "index": 53, "max_tokens": 3, "multi_event": 517, "observations": 2800, "of": 80, "visible_pairs": 2504, "world": "S07_flat_loop_rich_C05"}
{"co_visible": 217, "index": 54, "max_tokens": 4, "multi_event": 484, "observations": 3026, "of": 80, "visible_pairs": 2401, "world": "S07_flat_loop_rich_C06"}
{"co_visible": 109, "index": 55, "max_tokens": 3, "multi_event": 368, "observations": 2678, "of": 80, "visible_pairs": 2285, "world": "S07_flat_loop_rich_C07"}
{"co_visible": 315, "index": 56, "max_tokens": 3, "multi_event": 465, "observations": 2654, "of": 80, "visible_pairs": 2484, "world": "S07_flat_loop_rich_C08"}
{"co_visible": 131, "index": 57, "max_tokens": 3, "multi_event": 132, "observations": 3230, "of": 80, "visible_pairs": 1903, "world": "S08_3d_loop_rich_C01"}
{"co_visible": 183, "index": 58, "max_tokens": 3, "multi_event": 399, "observations": 3304, "of": 80, "visible_pairs": 2319, "world": "S08_3d_loop_rich_C02"}
{"co_visible": 146, "index": 59, "max_tokens": 2, "multi_event": 196, "observations": 2364, "of": 80, "visible_pairs": 1328, "world": "S08_3d_loop_rich_C03"}
{"co_visible": 143, "index": 60, "max_tokens": 4, "multi_event": 527, "observations": 3650, "of": 80, "visible_pairs": 2312, "world": "S08_3d_loop_rich_C04"}
{"co_visible": 120, "index": 61, "max_tokens": 2, "multi_event": 171, "observations": 2668, "of": 80, "visible_pairs": 1649, "world": "S08_3d_loop_rich_C05"}
{"co_visible": 171, "index": 62, "max_tokens": 2, "multi_event": 372, "observations": 3272, "of": 80, "visible_pairs": 2084, "world": "S08_3d_loop_rich_C06"}
{"co_visible": 125, "index": 63, "max_tokens": 2, "multi_event": 219, "observations": 3458, "of": 80, "visible_pairs": 1758, "world": "S08_3d_loop_rich_C07"}
{"co_visible": 50, "index": 64, "max_tokens": 2, "multi_event": 408, "observations": 3212, "of": 80, "visible_pairs": 2223, "world": "S08_3d_loop_rich_C08"}
{"co_visible": 421, "index": 65, "max_tokens": 3, "multi_event": 564, "observations": 4704, "of": 80, "visible_pairs": 3096, "world": "S09_flat_complex_C01"}
{"co_visible": 175, "index": 66, "max_tokens": 4, "multi_event": 653, "observations": 3344, "of": 80, "visible_pairs": 2888, "world": "S09_flat_complex_C02"}
{"co_visible": 335, "index": 67, "max_tokens": 3, "multi_event": 722, "observations": 3840, "of": 80, "visible_pairs": 2924, "world": "S09_flat_complex_C03"}
{"co_visible": 297, "index": 68, "max_tokens": 2, "multi_event": 562, "observations": 3520, "of": 80, "visible_pairs": 3243, "world": "S09_flat_complex_C04"}
{"co_visible": 280, "index": 69, "max_tokens": 3, "multi_event": 717, "observations": 4594, "of": 80, "visible_pairs": 3767, "world": "S09_flat_complex_C05"}
{"co_visible": 261, "index": 70, "max_tokens": 3, "multi_event": 696, "observations": 3376, "of": 80, "visible_pairs": 2848, "world": "S09_flat_complex_C06"}
{"co_visible": 389, "index": 71, "max_tokens": 3, "multi_event": 878, "observations": 3580, "of": 80, "visible_pairs": 3232, "world": "S09_flat_complex_C07"}
{"co_visible": 52, "index": 72, "max_tokens": 2, "multi_event": 335, "observations": 4182, "of": 80, "visible_pairs": 3153, "world": "S09_flat_complex_C08"}
{"co_visible": 352, "index": 73, "max_tokens": 3, "multi_event": 567, "observations": 2624, "of": 80, "visible_pairs": 2349, "world": "S10_3d_complex_C01"}
{"co_visible": 138, "index": 74, "max_tokens": 3, "multi_event": 343, "observations": 4052, "of": 80, "visible_pairs": 2120, "world": "S10_3d_complex_C02"}
{"co_visible": 302, "index": 75, "max_tokens": 4, "multi_event": 402, "observations": 3706, "of": 80, "visible_pairs": 2583, "world": "S10_3d_complex_C03"}
{"co_visible": 113, "index": 76, "max_tokens": 2, "multi_event": 228, "observations": 4282, "of": 80, "visible_pairs": 2597, "world": "S10_3d_complex_C04"}
{"co_visible": 233, "index": 77, "max_tokens": 4, "multi_event": 437, "observations": 3622, "of": 80, "visible_pairs": 2324, "world": "S10_3d_complex_C05"}
{"co_visible": 337, "index": 78, "max_tokens": 3, "multi_event": 686, "observations": 3522, "of": 80, "visible_pairs": 3196, "world": "S10_3d_complex_C06"}
{"co_visible": 265, "index": 79, "max_tokens": 2, "multi_event": 435, "observations": 4122, "of": 80, "visible_pairs": 2930, "world": "S10_3d_complex_C07"}
{"co_visible": 275, "index": 80, "max_tokens": 3, "multi_event": 614, "observations": 3958, "of": 80, "visible_pairs": 2805, "world": "S10_3d_complex_C08"}
{
  "schema_version": "gse_spatial_multi_event_teacher_feasibility_v1",
  "status": "PASS_GSE_SPATIAL_MULTI_EVENT_TEACHER_FEASIBILITY_V1",
  "question": "Can native-mesh LOS define unique bounded-cardinality relative event sets over all C01-C08 causal observations?",
  "population": {
    "worlds": 80,
    "observations": 188126,
    "fit_worlds": 60,
    "selection_worlds": 20,
    "objective_event_identities": 1076,
    "visible_event_identities": 1076,
    "candidate_pairs_within_50m": 326974,
    "visible_pairs": 133055,
    "blocked_pairs": 193919
  },
  "parameters": {
    "maximum_event_range_m": 50.0,
    "los_margin_m": 0.25,
    "maximum_token_capacity": 16,
    "minimum_opposite_heading_coverage": 0.9,
    "minimum_target_separation_m": 0.25,
    "target_height_rule": "TNG axis z + fta_distance_m + 1.0 m",
    "relative_frame": "forward-left-up at current (fifth) causal frame"
  },
  "partition_summary": {
    "fit": {
      "worlds": 60,
      "observations": 142184,
      "candidate_pairs": 247183,
      "visible_pairs": 99492,
      "blocked_pairs": 147691,
      "zero_event_observations": 62247,
      "single_event_observations": 62126,
      "multi_event_observations": 17811,
      "junction_terminal_covisible_observations": 10052,
      "junction_visible_observations": 66913,
      "terminal_visible_observations": 23076,
      "cardinality_histogram": {
        "0": 62247,
        "1": 62126,
        "2": 16211,
        "3": 1465,
        "4": 126,
        "5": 9
      },
      "families_with_junction_terminal_covisibility": [
        "S01_flat_tree_small",
        "S02_3d_tree_small",
        "S03_flat_unicyclic_small",
        "S04_3d_unicyclic_small",
        "S05_flat_branch_medium",
        "S06_3d_branch_medium",
        "S07_flat_loop_rich",
        "S08_3d_loop_rich",
        "S09_flat_complex",
        "S10_3d_complex"
      ]
    },
    "selection": {
      "worlds": 20,
      "observations": 45942,
      "candidate_pairs": 79791,
      "visible_pairs": 33563,
      "blocked_pairs": 46228,
      "zero_event_observations": 18822,
      "single_event_observations": 20967,
      "multi_event_observations": 6153,
      "junction_terminal_covisible_observations": 3282,
      "junction_visible_observations": 22806,
      "terminal_visible_observations": 7596,
      "cardinality_histogram": {
        "0": 18822,
        "1": 20967,
        "2": 5865,
        "3": 286,
        "4": 2
      },
      "families_with_junction_terminal_covisibility": [
        "S01_flat_tree_small",
        "S02_3d_tree_small",
        "S03_flat_unicyclic_small",
        "S04_3d_unicyclic_small",
        "S05_flat_branch_medium",
        "S06_3d_branch_medium",
        "S07_flat_loop_rich",
        "S08_3d_loop_rich",
        "S09_flat_complex",
        "S10_3d_complex"
      ]
    }
  },
  "maximum_visible_event_set_cardinality": 5,
  "opposite_heading_identity_count": 1076,
  "opposite_heading_identity_fraction": 1.0,
  "rare_failure_rows": 4,
  "gates": {
    "exact_80_C01_C08_worlds": true,
    "exact_188126_causal_observations": true,
    "all_objective_event_identities_visible": true,
    "opposite_heading_identity_coverage_at_least_0_90": true,
    "bounded_maximum_event_set_at_most_16": true,
    "fit_has_multi_event_and_junction_terminal_covisibility": true,
    "selection_has_multi_event_and_junction_terminal_covisibility": true,
    "unique_event_set_identity_and_position_mapping": true,
    "all_four_rare_rows_resolved": true,
    "rare_44299_objective_identity_visible": true,
    "rare_44300_objective_identity_visible": true,
    "rare_44301_objective_identity_visible": true,
    "rare_110361_objective_identity_visible": true,
    "S04_44299_terminal_and_junction_covisible": true,
    "S07_110361_terminal_and_junction_covisible": true,
    "zero_training_inference_threshold_selection": true,
    "zero_C09_C10_MTARE_reads": true,
    "all_passed": true
  },
  "recommendation": "freeze_spatial_multi_event_teacher_data_card_before_model_design",
  "duration_seconds": 26.495847666985355,
  "optimizer_steps": 0,
  "model_inference_frames": 0,
  "model_updates": 0,
  "threshold_selection_steps": 0,
  "c09_worlds_read": 0,
  "c10_worlds_read": 0,
  "mtare_worlds_read": 0,
  "student_inputs_read": 0,
  "full_teacher_export_rows": 0
}
