{
  "adapted_cano_dense_validation": {
    "count": {
      "accuracy": 0.9562,
      "confusion_matrix": [
        [
          130,
          21,
          0,
          0,
          0,
          0
        ],
        [
          10,
          4061,
          48,
          0,
          0,
          0
        ],
        [
          0,
          42,
          590,
          0,
          0,
          0
        ],
        [
          0,
          8,
          90,
          0,
          0,
          0
        ],
        [
          0,
          0,
          0,
          0,
          0,
          0
        ],
        [
          0,
          0,
          0,
          0,
          0,
          0
        ]
      ],
      "f1": [
        0.8934707903780069,
        0.9843655314507332,
        0.8676470588235294,
        0.0,
        0.0,
        0.0
      ],
      "gate_branch_counts": [
        1,
        2,
        3,
        4
      ],
      "macro_f1_count_1_to_4": 0.6863708451630675,
      "macro_f1_present": 0.6863708451630675,
      "precision": [
        0.9285714285714286,
        0.9828170377541142,
        0.8104395604395604,
        0.0,
        0.0,
        0.0
      ],
      "rare_branch_counts_diagnostic_only": {
        "5": {
          "f1": 0.0,
          "support": 0
        },
        "6": {
          "f1": 0.0,
          "support": 0
        }
      },
      "recall": [
        0.8609271523178808,
        0.9859189123573683,
        0.9335443037974683,
        0.0,
        0.0,
        0.0
      ],
      "support": [
        151,
        4119,
        632,
        98,
        0,
        0
      ]
    },
    "direction": {
      "empty_frames": 1624,
      "empty_rate": 0.3248,
      "f1": 0.6298432601880879,
      "matched": 5023,
      "matching_tolerance_deg": 20.0,
      "mean_matched_angular_error_deg": 3.4027131393282435,
      "precision": 0.9525886592072824,
      "predicted": 5273,
      "recall": 0.4704505010770816,
      "threshold": 0.5,
      "truth": 10677
    },
    "frames": 5000,
    "loss": {
      "count": 0.11334041694998741,
      "direction": 0.09800598163604736,
      "role": 0.20835445375442505,
      "total": 0.17842970142364503
    },
    "role": {
      "accuracy": 0.9592,
      "confusion_matrix": [
        [
          3699,
          97,
          19
        ],
        [
          45,
          800,
          0
        ],
        [
          17,
          26,
          297
        ]
      ],
      "f1": [
        0.9765047518479408,
        0.9049773755656109,
        0.9054878048780487
      ],
      "macro_f1_present": 0.9289899774305335,
      "precision": [
        0.9835150226003723,
        0.866738894907909,
        0.939873417721519
      ],
      "recall": [
        0.9695937090432504,
        0.9467455621301775,
        0.8735294117647059
      ],
      "support": [
        3815,
        845,
        340
      ]
    }
  },
  "adapted_cano_sparse_validation": {
    "count": {
      "accuracy": 0.9442,
      "confusion_matrix": [
        [
          125,
          26,
          0,
          0,
          0,
          0
        ],
        [
          31,
          4054,
          34,
          0,
          0,
          0
        ],
        [
          0,
          93,
          539,
          0,
          0,
          0
        ],
        [
          2,
          11,
          82,
          3,
          0,
          0
        ],
        [
          0,
          0,
          0,
          0,
          0,
          0
        ],
        [
          0,
          0,
          0,
          0,
          0,
          0
        ]
      ],
      "f1": [
        0.8090614886731392,
        0.9765145128266892,
        0.8376068376068376,
        0.05940594059405941,
        0.0,
        0.0
      ],
      "gate_branch_counts": [
        1,
        2,
        3,
        4
      ],
      "macro_f1_count_1_to_4": 0.6706471949251814,
      "macro_f1_present": 0.6706471949251814,
      "precision": [
        0.7911392405063291,
        0.9689292543021033,
        0.8229007633587786,
        1.0,
        0.0,
        0.0
      ],
      "rare_branch_counts_diagnostic_only": {
        "5": {
          "f1": 0.0,
          "support": 0
        },
        "6": {
          "f1": 0.0,
          "support": 0
        }
      },
      "recall": [
        0.8278145695364238,
        0.9842194707453266,
        0.8528481012658228,
        0.030612244897959183,
        0.0,
        0.0
      ],
      "support": [
        151,
        4119,
        632,
        98,
        0,
        0
      ]
    },
    "direction": {
      "empty_frames": 2355,
      "empty_rate": 0.471,
      "f1": 0.5165030005455536,
      "matched": 3787,
      "matching_tolerance_deg": 20.0,
      "mean_matched_angular_error_deg": 3.313191844568647,
      "precision": 0.9498369701529973,
      "predicted": 3987,
      "recall": 0.3546876463426056,
      "threshold": 0.5,
      "truth": 10677
    },
    "frames": 5000,
    "loss": {
      "count": 0.1508862368106842,
      "direction": 0.10212875435352325,
      "role": 0.33409105052947996,
      "total": 0.2233730749130249
    },
    "role": {
      "accuracy": 0.9118,
      "confusion_matrix": [
        [
          3539,
          205,
          71
        ],
        [
          103,
          730,
          12
        ],
        [
          29,
          21,
          290
        ]
      ],
      "f1": [
        0.94549826342506,
        0.8106607440310938,
        0.8134642356241234
      ],
      "macro_f1_present": 0.8565410810267591,
      "precision": [
        0.9640424952329065,
        0.7635983263598326,
        0.7774798927613941
      ],
      "recall": [
        0.927653997378768,
        0.863905325443787,
        0.8529411764705882
      ],
      "support": [
        3815,
        845,
        340
      ]
    }
  },
  "aee_train_diagnostic_frames": 1000,
  "aee_train_fit_diagnostic_only": {
    "count": {
      "accuracy": 0.779,
      "confusion_matrix": [
        [
          164,
          46,
          1,
          0,
          0,
          0
        ],
        [
          40,
          471,
          37,
          0,
          0,
          0
        ],
        [
          3,
          22,
          80,
          26,
          0,
          0
        ],
        [
          0,
          1,
          19,
          64,
          0,
          0
        ],
        [
          0,
          0,
          1,
          20,
          0,
          0
        ],
        [
          0,
          0,
          0,
          5,
          0,
          0
        ]
      ],
      "f1": [
        0.784688995215311,
        0.8658088235294118,
        0.5947955390334573,
        0.6432160804020102,
        0.0,
        0.0
      ],
      "gate_branch_counts": [
        1,
        2,
        3,
        4
      ],
      "macro_f1_count_1_to_4": 0.7221273595450476,
      "macro_f1_present": 0.4814182396966984,
      "precision": [
        0.7922705314009661,
        0.8722222222222222,
        0.5797101449275363,
        0.5565217391304348,
        0.0,
        0.0
      ],
      "rare_branch_counts_diagnostic_only": {
        "5": {
          "f1": 0.0,
          "support": 21
        },
        "6": {
          "f1": 0.0,
          "support": 5
        }
      },
      "recall": [
        0.7772511848341233,
        0.8594890510948905,
        0.6106870229007634,
        0.7619047619047619,
        0.0,
        0.0
      ],
      "support": [
        211,
        548,
        131,
        84,
        21,
        5
      ]
    },
    "direction": {
      "empty_frames": 969,
      "empty_rate": 0.969,
      "f1": 0.022706630336058124,
      "matched": 25,
      "matching_tolerance_deg": 20.0,
      "mean_matched_angular_error_deg": 6.510244943986995,
      "precision": 0.8064516129032258,
      "predicted": 31,
      "recall": 0.011515430677107323,
      "threshold": 0.5,
      "truth": 2171
    },
    "frames": 1000,
    "loss": {
      "count": 0.5488018937110901,
      "direction": 0.17409817385673523,
      "role": 0.3093121840953827,
      "total": 0.38862669610977174
    },
    "role": {
      "accuracy": 0.791,
      "confusion_matrix": [
        [
          364,
          72,
          112
        ],
        [
          9,
          223,
          9
        ],
        [
          6,
          1,
          204
        ]
      ],
      "f1": [
        0.785329018338727,
        0.8305400372439479,
        0.7611940298507462
      ],
      "macro_f1_present": 0.7923543618111403,
      "precision": [
        0.9604221635883905,
        0.7533783783783784,
        0.6276923076923077
      ],
      "recall": [
        0.6642335766423357,
        0.9253112033195021,
        0.966824644549763
      ],
      "support": [
        548,
        241,
        211
      ]
    }
  },
  "b0_cano_sparse_validation": {
    "configuration": {
      "absolute_open_range_m": 7.0,
      "adaptive_percentile": 62.0,
      "horizon_max_elevation_deg": 5.0,
      "horizon_min_elevation_deg": -5.0,
      "maximum_exits": 8,
      "minimum_sector_width_deg": 4.0,
      "smoothing_columns": 15
    },
    "empty_frames": 0,
    "empty_rate": 0.0,
    "f1": 0.7804832540348914,
    "frames": 5000,
    "matched": 8366,
    "mean_matched_angular_error_deg": 9.464242424221359,
    "precision": 0.7774370411671778,
    "predicted": 10761,
    "recall": 0.7835534326121569,
    "truth": 10677
  },
  "best_checkpoint_sha256": "482437c618f25becfaad7e7817268c98a05d7844a4adf148b3c0ad012501cf3b",
  "best_epoch": 10,
  "c09_frames_read": 0,
  "c10_frames_read": 0,
  "cano_dense_validation_frames": 5000,
  "cano_sparse_validation_frames": 5000,
  "duration_seconds": 152.3863617029856,
  "epochs_completed": 10,
  "formal_benchmark_frames_read": 0,
  "gate": {
    "all_model_tensors_finite": true,
    "dense_direction_retention": false,
    "embedding_changed": true,
    "encoder_changed": true,
    "semantic_heads_changed": true,
    "sparse_count_1_to_4_macro_f1": false,
    "sparse_direction_improvement_0p05": false,
    "sparse_direction_vs_b0": false,
    "sparse_empty_rate": false,
    "sparse_role_macro_f1": true
  },
  "independent_train_samples_per_epoch": {
    "aee": 1000,
    "cano": 5000
  },
  "optimizer_steps": 470,
  "schema_version": "aee_corrective_full_encoder_seed_summary_v3",
  "scientific_gate_passed": false,
  "seed": 1,
  "source_cano_dense_validation": {
    "count": {
      "accuracy": 0.9474,
      "confusion_matrix": [
        [
          118,
          33,
          0,
          0,
          0,
          0
        ],
        [
          6,
          4105,
          8,
          0,
          0,
          0
        ],
        [
          0,
          131,
          498,
          3,
          0,
          0
        ],
        [
          0,
          10,
          72,
          16,
          0,
          0
        ],
        [
          0,
          0,
          0,
          0,
          0,
          0
        ],
        [
          0,
          0,
          0,
          0,
          0,
          0
        ]
      ],
      "f1": [
        0.8581818181818183,
        0.977613717551798,
        0.8231404958677686,
        0.2735042735042735,
        0.0,
        0.0
      ],
      "gate_branch_counts": [
        1,
        2,
        3,
        4
      ],
      "macro_f1_count_1_to_4": 0.7331100762764146,
      "macro_f1_present": 0.7331100762764146,
      "precision": [
        0.9516129032258065,
        0.9593362935265249,
        0.8615916955017301,
        0.8421052631578947,
        0.0,
        0.0
      ],
      "rare_branch_counts_diagnostic_only": {
        "5": {
          "f1": 0.0,
          "support": 0
        },
        "6": {
          "f1": 0.0,
          "support": 0
        }
      },
      "recall": [
        0.7814569536423841,
        0.9966011167759165,
        0.7879746835443038,
        0.16326530612244897,
        0.0,
        0.0
      ],
      "support": [
        151,
        4119,
        632,
        98,
        0,
        0
      ]
    },
    "direction": {
      "empty_frames": 444,
      "empty_rate": 0.0888,
      "f1": 0.8390414590181317,
      "matched": 7913,
      "matching_tolerance_deg": 20.0,
      "mean_matched_angular_error_deg": 3.759041996946045,
      "precision": 0.9667684789248625,
      "predicted": 8185,
      "recall": 0.741125784396366,
      "threshold": 0.5,
      "truth": 10677
    },
    "frames": 5000,
    "loss": {
      "count": 0.14631931875348092,
      "direction": 0.0950933012008667,
      "role": 0.17905742065906524,
      "total": 0.17643748722076416
    },
    "role": {
      "accuracy": 0.9628,
      "confusion_matrix": [
        [
          3705,
          75,
          35
        ],
        [
          45,
          793,
          7
        ],
        [
          8,
          16,
          316
        ]
      ],
      "f1": [
        0.978476165324178,
        0.9172932330827067,
        0.9054441260744985
      ],
      "macro_f1_present": 0.9337378414937945,
      "precision": [
        0.9858967535923363,
        0.8970588235294118,
        0.88268156424581
      ],
      "recall": [
        0.9711664482306684,
        0.9384615384615385,
        0.9294117647058824
      ],
      "support": [
        3815,
        845,
        340
      ]
    }
  },
  "source_cano_sparse_validation": {
    "count": {
      "accuracy": 0.8006,
      "confusion_matrix": [
        [
          47,
          101,
          2,
          1,
          0,
          0
        ],
        [
          1,
          3527,
          520,
          71,
          0,
          0
        ],
        [
          0,
          145,
          381,
          106,
          0,
          0
        ],
        [
          0,
          14,
          36,
          48,
          0,
          0
        ],
        [
          0,
          0,
          0,
          0,
          0,
          0
        ],
        [
          0,
          0,
          0,
          0,
          0,
          0
        ]
      ],
      "f1": [
        0.4723618090452261,
        0.8922337465216291,
        0.48504137492043287,
        0.2962962962962963,
        0.0,
        0.0
      ],
      "gate_branch_counts": [
        1,
        2,
        3,
        4
      ],
      "macro_f1_count_1_to_4": 0.5364833066958961,
      "macro_f1_present": 0.5364833066958961,
      "precision": [
        0.9791666666666666,
        0.9313440718246633,
        0.4057507987220447,
        0.21238938053097345,
        0.0,
        0.0
      ],
      "rare_branch_counts_diagnostic_only": {
        "5": {
          "f1": 0.0,
          "support": 0
        },
        "6": {
          "f1": 0.0,
          "support": 0
        }
      },
      "recall": [
        0.31125827814569534,
        0.856275795095897,
        0.6028481012658228,
        0.4897959183673469,
        0.0,
        0.0
      ],
      "support": [
        151,
        4119,
        632,
        98,
        0,
        0
      ]
    },
    "direction": {
      "empty_frames": 1545,
      "empty_rate": 0.309,
      "f1": 0.6718390107891865,
      "matched": 5542,
      "matching_tolerance_deg": 20.0,
      "mean_matched_angular_error_deg": 3.6796395377357443,
      "precision": 0.9520700910496478,
      "predicted": 5821,
      "recall": 0.5190596609534514,
      "threshold": 0.5,
      "truth": 10677
    },
    "frames": 5000,
    "loss": {
      "count": 0.5369860723495483,
      "direction": 0.10549525244235992,
      "role": 1.3635713529586793,
      "total": 0.5806346096038818
    },
    "role": {
      "accuracy": 0.597,
      "confusion_matrix": [
        [
          2008,
          1796,
          11
        ],
        [
          21,
          824,
          0
        ],
        [
          42,
          145,
          153
        ]
      ],
      "f1": [
        0.6822969758749575,
        0.45650969529085883,
        0.6071428571428571
      ],
      "macro_f1_present": 0.5819831761028912,
      "precision": [
        0.969579913085466,
        0.2980108499095841,
        0.9329268292682927
      ],
      "recall": [
        0.526343381389253,
        0.9751479289940829,
        0.45
      ],
      "support": [
        3815,
        845,
        340
      ]
    }
  },
  "source_checkpoint": "results/gate2_representation/gate2_20260812_cano_phase3_masking_corrective_ray_dropout_v1r3_seed0/artifacts/models/m1d_seed1/best.pt",
  "source_checkpoint_sha256": "3822d27af6d5fb0ef920da3e310927d42c5a112c5d671b4cbdc81d9db251f8df",
  "status": "COMPLETED_AEE_CORRECTIVE_FULL_ENCODER_SEED_V3",
  "trainable_contract": {
    "frozen_parameters": [],
    "trainable_parameters": [
      "encoder.0.conv.weight",
      "encoder.1.weight",
      "encoder.1.bias",
      "encoder.3.conv1.conv.weight",
      "encoder.3.norm1.weight",
      "encoder.3.norm1.bias",
      "encoder.3.conv2.conv.weight",
      "encoder.3.norm2.weight",
      "encoder.3.norm2.bias",
      "encoder.3.skip.0.weight",
      "encoder.3.skip.1.weight",
      "encoder.3.skip.1.bias",
      "encoder.4.conv1.conv.weight",
      "encoder.4.norm1.weight",
      "encoder.4.norm1.bias",
      "encoder.4.conv2.conv.weight",
      "encoder.4.norm2.weight",
      "encoder.4.norm2.bias",
      "encoder.4.skip.0.weight",
      "encoder.4.skip.1.weight",
      "encoder.4.skip.1.bias",
      "encoder.5.conv1.conv.weight",
      "encoder.5.norm1.weight",
      "encoder.5.norm1.bias",
      "encoder.5.conv2.conv.weight",
      "encoder.5.norm2.weight",
      "encoder.5.norm2.bias",
      "encoder.5.skip.0.weight",
      "encoder.5.skip.1.weight",
      "encoder.5.skip.1.bias",
      "direction_head.0.weight",
      "direction_head.0.bias",
      "direction_head.2.weight",
      "direction_head.2.bias",
      "embedding_head.0.weight",
      "embedding_head.0.bias",
      "embedding_head.2.weight",
      "embedding_head.2.bias",
      "count_head.weight",
      "count_head.bias",
      "role_head.weight",
      "role_head.bias"
    ]
  },
  "training_views_per_epoch": {
    "aee": 1000,
    "cano_dense": 5000,
    "cano_mask_matched": 5000
  }
}

exit_code=0
