{
  "adapted_cano_dense_validation": {
    "count": {
      "accuracy": 0.9556,
      "confusion_matrix": [
        [
          147,
          4,
          0,
          0,
          0,
          0
        ],
        [
          29,
          4056,
          34,
          0,
          0,
          0
        ],
        [
          0,
          57,
          575,
          0,
          0,
          0
        ],
        [
          0,
          11,
          87,
          0,
          0,
          0
        ],
        [
          0,
          0,
          0,
          0,
          0,
          0
        ],
        [
          0,
          0,
          0,
          0,
          0,
          0
        ]
      ],
      "f1": [
        0.8990825688073394,
        0.9836304110585666,
        0.8659638554216869,
        0.0,
        0.0,
        0.0
      ],
      "gate_branch_counts": [
        1,
        2,
        3,
        4
      ],
      "macro_f1_count_1_to_4": 0.6871692088218981,
      "macro_f1_present": 0.6871692088218981,
      "precision": [
        0.8352272727272727,
        0.9825581395348837,
        0.8261494252873564,
        0.0,
        0.0,
        0.0
      ],
      "rare_branch_counts_diagnostic_only": {
        "5": {
          "f1": 0.0,
          "support": 0
        },
        "6": {
          "f1": 0.0,
          "support": 0
        }
      },
      "recall": [
        0.9735099337748344,
        0.9847050254916242,
        0.9098101265822784,
        0.0,
        0.0,
        0.0
      ],
      "support": [
        151,
        4119,
        632,
        98,
        0,
        0
      ]
    },
    "direction": {
      "empty_frames": 1606,
      "empty_rate": 0.3212,
      "f1": 0.6541221880465593,
      "matched": 5423,
      "matching_tolerance_deg": 20.0,
      "mean_matched_angular_error_deg": 3.460879340560297,
      "precision": 0.918529810298103,
      "predicted": 5904,
      "recall": 0.5079142081108926,
      "threshold": 0.5,
      "truth": 10677
    },
    "frames": 5000,
    "loss": {
      "count": 0.1311492884516716,
      "direction": 0.09947553882598877,
      "role": 0.2343134027481079,
      "total": 0.1908412112236023
    },
    "role": {
      "accuracy": 0.9586,
      "confusion_matrix": [
        [
          3746,
          40,
          29
        ],
        [
          95,
          737,
          13
        ],
        [
          8,
          22,
          310
        ]
      ],
      "f1": [
        0.9775574112734864,
        0.8965936739659368,
        0.8959537572254335
      ],
      "macro_f1_present": 0.9233682808216189,
      "precision": [
        0.9732398025461159,
        0.9224030037546934,
        0.8806818181818182
      ],
      "recall": [
        0.981913499344692,
        0.8721893491124261,
        0.9117647058823529
      ],
      "support": [
        3815,
        845,
        340
      ]
    }
  },
  "adapted_cano_sparse_validation": {
    "count": {
      "accuracy": 0.935,
      "confusion_matrix": [
        [
          133,
          18,
          0,
          0,
          0,
          0
        ],
        [
          65,
          4032,
          22,
          0,
          0,
          0
        ],
        [
          2,
          120,
          510,
          0,
          0,
          0
        ],
        [
          1,
          12,
          85,
          0,
          0,
          0
        ],
        [
          0,
          0,
          0,
          0,
          0,
          0
        ],
        [
          0,
          0,
          0,
          0,
          0,
          0
        ]
      ],
      "f1": [
        0.755681818181818,
        0.9714492229851825,
        0.8166533226581265,
        0.0,
        0.0,
        0.0
      ],
      "gate_branch_counts": [
        1,
        2,
        3,
        4
      ],
      "macro_f1_count_1_to_4": 0.6359460909562817,
      "macro_f1_present": 0.6359460909562817,
      "precision": [
        0.6616915422885572,
        0.9641319942611191,
        0.826580226904376,
        0.0,
        0.0,
        0.0
      ],
      "rare_branch_counts_diagnostic_only": {
        "5": {
          "f1": 0.0,
          "support": 0
        },
        "6": {
          "f1": 0.0,
          "support": 0
        }
      },
      "recall": [
        0.8807947019867549,
        0.9788783685360525,
        0.8069620253164557,
        0.0,
        0.0,
        0.0
      ],
      "support": [
        151,
        4119,
        632,
        98,
        0,
        0
      ]
    },
    "direction": {
      "empty_frames": 2564,
      "empty_rate": 0.5128,
      "f1": 0.5062274552507997,
      "matched": 3719,
      "matching_tolerance_deg": 20.0,
      "mean_matched_angular_error_deg": 3.2148314576366666,
      "precision": 0.9260458167330677,
      "predicted": 4016,
      "recall": 0.3483188161468577,
      "threshold": 0.5,
      "truth": 10677
    },
    "frames": 5000,
    "loss": {
      "count": 0.191480033159256,
      "direction": 0.10454228043556213,
      "role": 0.38583904972076416,
      "total": 0.248872052192688
    },
    "role": {
      "accuracy": 0.8952,
      "confusion_matrix": [
        [
          3499,
          104,
          212
        ],
        [
          116,
          672,
          57
        ],
        [
          17,
          18,
          305
        ]
      ],
      "f1": [
        0.9397072646703372,
        0.8200122025625382,
        0.6673960612691466
      ],
      "macro_f1_present": 0.8090385095006739,
      "precision": [
        0.9633810572687225,
        0.8463476070528967,
        0.5313588850174216
      ],
      "recall": [
        0.9171690694626474,
        0.7952662721893491,
        0.8970588235294118
      ],
      "support": [
        3815,
        845,
        340
      ]
    }
  },
  "aee_train_diagnostic_frames": 1000,
  "aee_train_fit_diagnostic_only": {
    "count": {
      "accuracy": 0.805,
      "confusion_matrix": [
        [
          177,
          33,
          1,
          0,
          0,
          0
        ],
        [
          48,
          481,
          19,
          0,
          0,
          0
        ],
        [
          3,
          36,
          87,
          5,
          0,
          0
        ],
        [
          0,
          1,
          23,
          60,
          0,
          0
        ],
        [
          0,
          0,
          0,
          21,
          0,
          0
        ],
        [
          0,
          0,
          0,
          5,
          0,
          0
        ]
      ],
      "f1": [
        0.8063781321184511,
        0.875341219290264,
        0.6666666666666666,
        0.6857142857142857,
        0.0,
        0.0
      ],
      "gate_branch_counts": [
        1,
        2,
        3,
        4
      ],
      "macro_f1_count_1_to_4": 0.7585250759474169,
      "macro_f1_present": 0.5056833839649446,
      "precision": [
        0.7763157894736842,
        0.8729582577132486,
        0.6692307692307692,
        0.6593406593406593,
        0.0,
        0.0
      ],
      "rare_branch_counts_diagnostic_only": {
        "5": {
          "f1": 0.0,
          "support": 21
        },
        "6": {
          "f1": 0.0,
          "support": 5
        }
      },
      "recall": [
        0.8388625592417062,
        0.8777372262773723,
        0.6641221374045801,
        0.7142857142857143,
        0.0,
        0.0
      ],
      "support": [
        211,
        548,
        131,
        84,
        21,
        5
      ]
    },
    "direction": {
      "empty_frames": 931,
      "empty_rate": 0.931,
      "f1": 0.05153265215459796,
      "matched": 58,
      "matching_tolerance_deg": 20.0,
      "mean_matched_angular_error_deg": 4.6961513447081575,
      "precision": 0.725,
      "predicted": 80,
      "recall": 0.026715799170888992,
      "threshold": 0.5,
      "truth": 2171
    },
    "frames": 1000,
    "loss": {
      "count": 0.5911944208145141,
      "direction": 0.17462133193016052,
      "role": 0.33057257056236267,
      "total": 0.4050630717277527
    },
    "role": {
      "accuracy": 0.759,
      "confusion_matrix": [
        [
          336,
          44,
          168
        ],
        [
          9,
          216,
          16
        ],
        [
          2,
          2,
          207
        ]
      ],
      "f1": [
        0.7508379888268156,
        0.8588469184890657,
        0.6877076411960134
      ],
      "macro_f1_present": 0.7657975161706315,
      "precision": [
        0.968299711815562,
        0.8244274809160306,
        0.5294117647058824
      ],
      "recall": [
        0.6131386861313869,
        0.8962655601659751,
        0.981042654028436
      ],
      "support": [
        548,
        241,
        211
      ]
    }
  },
  "b0_cano_sparse_validation": {
    "configuration": {
      "absolute_open_range_m": 7.0,
      "adaptive_percentile": 62.0,
      "horizon_max_elevation_deg": 5.0,
      "horizon_min_elevation_deg": -5.0,
      "maximum_exits": 8,
      "minimum_sector_width_deg": 4.0,
      "smoothing_columns": 15
    },
    "empty_frames": 0,
    "empty_rate": 0.0,
    "f1": 0.7804832540348914,
    "frames": 5000,
    "matched": 8366,
    "mean_matched_angular_error_deg": 9.464242424221359,
    "precision": 0.7774370411671778,
    "predicted": 10761,
    "recall": 0.7835534326121569,
    "truth": 10677
  },
  "best_checkpoint_sha256": "f31abc7d231471250a42ac7aa3e9954f900e9d809a93a00fdfefbce63bfab02f",
  "best_epoch": 8,
  "c09_frames_read": 0,
  "c10_frames_read": 0,
  "cano_dense_validation_frames": 5000,
  "cano_sparse_validation_frames": 5000,
  "duration_seconds": 152.87697225401644,
  "epochs_completed": 10,
  "formal_benchmark_frames_read": 0,
  "gate": {
    "all_model_tensors_finite": true,
    "dense_direction_retention": false,
    "embedding_changed": true,
    "encoder_changed": true,
    "semantic_heads_changed": true,
    "sparse_count_1_to_4_macro_f1": false,
    "sparse_direction_improvement_0p05": false,
    "sparse_direction_vs_b0": false,
    "sparse_empty_rate": false,
    "sparse_role_macro_f1": true
  },
  "independent_train_samples_per_epoch": {
    "aee": 1000,
    "cano": 5000
  },
  "optimizer_steps": 470,
  "schema_version": "aee_corrective_full_encoder_seed_summary_v3",
  "scientific_gate_passed": false,
  "seed": 2,
  "source_cano_dense_validation": {
    "count": {
      "accuracy": 0.9424,
      "confusion_matrix": [
        [
          128,
          23,
          0,
          0,
          0,
          0
        ],
        [
          18,
          4087,
          14,
          0,
          0,
          0
        ],
        [
          0,
          134,
          496,
          2,
          0,
          0
        ],
        [
          0,
          9,
          88,
          1,
          0,
          0
        ],
        [
          0,
          0,
          0,
          0,
          0,
          0
        ],
        [
          0,
          0,
          0,
          0,
          0,
          0
        ]
      ],
      "f1": [
        0.861952861952862,
        0.9763497372193024,
        0.8065040650406503,
        0.0198019801980198,
        0.0,
        0.0
      ],
      "gate_branch_counts": [
        1,
        2,
        3,
        4
      ],
      "macro_f1_count_1_to_4": 0.6661521611027086,
      "macro_f1_present": 0.6661521611027086,
      "precision": [
        0.8767123287671232,
        0.9609687279567364,
        0.8294314381270903,
        0.3333333333333333,
        0.0,
        0.0
      ],
      "rare_branch_counts_diagnostic_only": {
        "5": {
          "f1": 0.0,
          "support": 0
        },
        "6": {
          "f1": 0.0,
          "support": 0
        }
      },
      "recall": [
        0.847682119205298,
        0.9922311240592376,
        0.7848101265822784,
        0.01020408163265306,
        0.0,
        0.0
      ],
      "support": [
        151,
        4119,
        632,
        98,
        0,
        0
      ]
    },
    "direction": {
      "empty_frames": 202,
      "empty_rate": 0.0404,
      "f1": 0.8738186205509753,
      "matched": 8691,
      "matching_tolerance_deg": 20.0,
      "mean_matched_angular_error_deg": 3.9808619615819176,
      "precision": 0.9431361909929463,
      "predicted": 9215,
      "recall": 0.8139926945771284,
      "threshold": 0.5,
      "truth": 10677
    },
    "frames": 5000,
    "loss": {
      "count": 0.16890172219872474,
      "direction": 0.09765754201412201,
      "role": 0.18097894892692565,
      "total": 0.1851277126312256
    },
    "role": {
      "accuracy": 0.9574,
      "confusion_matrix": [
        [
          3701,
          76,
          38
        ],
        [
          57,
          772,
          16
        ],
        [
          11,
          15,
          314
        ]
      ],
      "f1": [
        0.9760021097046413,
        0.9039812646370025,
        0.887005649717514
      ],
      "macro_f1_present": 0.9223296746863859,
      "precision": [
        0.9819580790660652,
        0.8945538818076477,
        0.8532608695652174
      ],
      "recall": [
        0.9701179554390563,
        0.9136094674556213,
        0.9235294117647059
      ],
      "support": [
        3815,
        845,
        340
      ]
    }
  },
  "source_cano_sparse_validation": {
    "count": {
      "accuracy": 0.7554,
      "confusion_matrix": [
        [
          47,
          95,
          9,
          0,
          0,
          0
        ],
        [
          6,
          3224,
          865,
          24,
          0,
          0
        ],
        [
          0,
          107,
          495,
          30,
          0,
          0
        ],
        [
          0,
          14,
          73,
          11,
          0,
          0
        ],
        [
          0,
          0,
          0,
          0,
          0,
          0
        ],
        [
          0,
          0,
          0,
          0,
          0,
          0
        ]
      ],
      "f1": [
        0.4607843137254901,
        0.8530228866252149,
        0.47733847637415616,
        0.13496932515337423,
        0.0,
        0.0
      ],
      "gate_branch_counts": [
        1,
        2,
        3,
        4
      ],
      "macro_f1_count_1_to_4": 0.4815287504695589,
      "macro_f1_present": 0.4815287504695589,
      "precision": [
        0.8867924528301887,
        0.9372093023255814,
        0.3432732316227462,
        0.16923076923076924,
        0.0,
        0.0
      ],
      "rare_branch_counts_diagnostic_only": {
        "5": {
          "f1": 0.0,
          "support": 0
        },
        "6": {
          "f1": 0.0,
          "support": 0
        }
      },
      "recall": [
        0.31125827814569534,
        0.7827142510318038,
        0.7832278481012658,
        0.11224489795918367,
        0.0,
        0.0
      ],
      "support": [
        151,
        4119,
        632,
        98,
        0,
        0
      ]
    },
    "direction": {
      "empty_frames": 1490,
      "empty_rate": 0.298,
      "f1": 0.668399419729207,
      "matched": 5529,
      "matching_tolerance_deg": 20.0,
      "mean_matched_angular_error_deg": 4.041250023858152,
      "precision": 0.9423896369524459,
      "predicted": 5867,
      "recall": 0.5178420904748525,
      "threshold": 0.5,
      "truth": 10677
    },
    "frames": 5000,
    "loss": {
      "count": 0.7274772289276124,
      "direction": 0.10844527952671051,
      "role": 1.5235573249816894,
      "total": 0.6712039126396179
    },
    "role": {
      "accuracy": 0.5688,
      "confusion_matrix": [
        [
          1883,
          1923,
          9
        ],
        [
          22,
          818,
          5
        ],
        [
          54,
          143,
          143
        ]
      ],
      "f1": [
        0.6522341531001039,
        0.438723518369536,
        0.5754527162977867
      ],
      "macro_f1_present": 0.5554701292558089,
      "precision": [
        0.9612046962736089,
        0.28363384188626906,
        0.910828025477707
      ],
      "recall": [
        0.4935779816513762,
        0.9680473372781065,
        0.42058823529411765
      ],
      "support": [
        3815,
        845,
        340
      ]
    }
  },
  "source_checkpoint": "results/gate2_representation/gate2_20260813_cano_phase3_masking_corrective_recovery_seed2_v1_seed2/artifacts/models/m1d_seed2/best.pt",
  "source_checkpoint_sha256": "20b1e9c8198b06473b68e31f4d8a3eb50eb5f2fc1b7aa577aa1aac92ba35346e",
  "status": "COMPLETED_AEE_CORRECTIVE_FULL_ENCODER_SEED_V3",
  "trainable_contract": {
    "frozen_parameters": [],
    "trainable_parameters": [
      "encoder.0.conv.weight",
      "encoder.1.weight",
      "encoder.1.bias",
      "encoder.3.conv1.conv.weight",
      "encoder.3.norm1.weight",
      "encoder.3.norm1.bias",
      "encoder.3.conv2.conv.weight",
      "encoder.3.norm2.weight",
      "encoder.3.norm2.bias",
      "encoder.3.skip.0.weight",
      "encoder.3.skip.1.weight",
      "encoder.3.skip.1.bias",
      "encoder.4.conv1.conv.weight",
      "encoder.4.norm1.weight",
      "encoder.4.norm1.bias",
      "encoder.4.conv2.conv.weight",
      "encoder.4.norm2.weight",
      "encoder.4.norm2.bias",
      "encoder.4.skip.0.weight",
      "encoder.4.skip.1.weight",
      "encoder.4.skip.1.bias",
      "encoder.5.conv1.conv.weight",
      "encoder.5.norm1.weight",
      "encoder.5.norm1.bias",
      "encoder.5.conv2.conv.weight",
      "encoder.5.norm2.weight",
      "encoder.5.norm2.bias",
      "encoder.5.skip.0.weight",
      "encoder.5.skip.1.weight",
      "encoder.5.skip.1.bias",
      "direction_head.0.weight",
      "direction_head.0.bias",
      "direction_head.2.weight",
      "direction_head.2.bias",
      "embedding_head.0.weight",
      "embedding_head.0.bias",
      "embedding_head.2.weight",
      "embedding_head.2.bias",
      "count_head.weight",
      "count_head.bias",
      "role_head.weight",
      "role_head.bias"
    ]
  },
  "training_views_per_epoch": {
    "aee": 1000,
    "cano_dense": 5000,
    "cano_mask_matched": 5000
  }
}

exit_code=0
