{"epoch": 0, "optimizer_steps": 2222, "selection": {"boundary_mae_m": 1.8562157154083252, "boundary_offset": 0.01966150850057602, "corridor_negative": 0.12586314976215363, "positive_episode_joint": 0.19313564616784978, "total": 0.33866030443057943}, "train": {"boundary_offset": 0.0009481149367672919, "corridor_negative": 0.0821813804034184, "positive_episode_joint": 0.23172909649835619, "total": 0.31485859150885126}}
{"epoch": 1, "optimizer_steps": 2222, "selection": {"boundary_mae_m": 1.8485099077224731, "boundary_offset": 0.019842345267534256, "corridor_negative": 0.0926903635263443, "positive_episode_joint": 0.1988704896032151, "total": 0.31140319839709363}, "train": {"boundary_offset": 0.0009050857458887311, "corridor_negative": 0.07556233208997026, "positive_episode_joint": 0.201794610920553, "total": 0.27826202889123947}}
{"epoch": 2, "optimizer_steps": 2222, "selection": {"boundary_mae_m": 1.805287480354309, "boundary_offset": 0.019242210313677788, "corridor_negative": 0.0682855173945427, "positive_episode_joint": 0.21389709736814339, "total": 0.30142482507636387}, "train": {"boundary_offset": 0.0008439624178685201, "corridor_negative": 0.07094854485154702, "positive_episode_joint": 0.1777763015664725, "total": 0.24956880866245615}}
{"epoch": 3, "optimizer_steps": 2222, "selection": {"boundary_mae_m": 1.7247912883758545, "boundary_offset": 0.01766831800341606, "corridor_negative": 0.07602375000715256, "positive_episode_joint": 0.20451931187308264, "total": 0.29821137988365126}, "train": {"boundary_offset": 0.000797241280303009, "corridor_negative": 0.07040657031745504, "positive_episode_joint": 0.14424914996537808, "total": 0.21545296154445176}}
{"epoch": 4, "optimizer_steps": 2222, "selection": {"boundary_mae_m": 1.8133277893066406, "boundary_offset": 0.019817061722278595, "corridor_negative": 0.052049268037080765, "positive_episode_joint": 0.3106735964258481, "total": 0.38253992618520744}, "train": {"boundary_offset": 0.0007250497928040117, "corridor_negative": 0.06298962501885703, "positive_episode_joint": 0.12144416487345581, "total": 0.18515883940496272}}
{"epoch": 5, "optimizer_steps": 2222, "selection": {"boundary_mae_m": 1.789424180984497, "boundary_offset": 0.019333021715283394, "corridor_negative": 0.09375719726085663, "positive_episode_joint": 0.2139216332896337, "total": 0.32701185226577373}, "train": {"boundary_offset": 0.0007315776539290815, "corridor_negative": 0.05734834246033068, "positive_episode_joint": 0.10369120096524437, "total": 0.16177112125395735}}
{"backbone_optimizer_steps": 0, "best_epoch": 3, "boundary_valid_selection_rows": 240, "c09_worlds_read": 0, "duration_seconds": 170.29474745795596, "epochs": 6, "fit_observations": 142184, "mtare_worlds_read": 0, "optimizer_steps": 13332, "peak_gpu_memory_bytes": 234143744, "schema_version": "gse_causal_episode_detector_training_seed_v1", "seed": 0, "selection_frame_metrics": {"accuracy": 0.9221409603412999, "macro_f1": 0.6294427500901348, "per_event": {"corridor": {"f1": 0.952249041887985, "precision": 0.9313220053658793, "predicted_rows": 38018, "recall": 0.974138168211957, "target_rows": 36347}, "geometry_transition": {"f1": 0.0, "precision": 0.0, "predicted_rows": 51, "recall": 0.0, "target_rows": 240}, "junction": {"f1": 0.8154470170694609, "precision": 0.9710203260213323, "predicted_rows": 4969, "recall": 0.7028404952658412, "target_rows": 6865}, "terminal": {"f1": 0.938818565400844, "precision": 0.9790979097909791, "predicted_rows": 1818, "recall": 0.9017223910840932, "target_rows": 1974}, "turn": {"f1": 0.44069912609238454, "precision": 0.3250460405156538, "predicted_rows": 1086, "recall": 0.6841085271317829, "target_rows": 516}}}, "selection_mil": {"boundary_mae_m": 1.7247912883758545, "boundary_offset": 0.01766831800341606, "corridor_negative": 0.07602375120581582, "positive_episode_joint": 0.20451931187308264, "total": 0.29821138108231454}, "selection_observations": 45942, "selection_trigger_metrics": {"class_correct_episode_recall": 0.7651851851851852, "class_correct_trigger_precision": 0.9800759013282733, "correctly_classified_unique_episodes": 1033, "per_event": {"geometry_transition": {"correct_unique_episodes": 0, "f1": 0.0, "precision": 0.0, "predicted_triggers": 0, "recall": 0.0, "true_episodes": 34}, "junction": {"correct_unique_episodes": 772, "f1": 0.9245508982035928, "precision": 0.9796954314720813, "predicted_triggers": 788, "recall": 0.8752834467120182, "true_episodes": 882}, "terminal": {"correct_unique_episodes": 246, "f1": 0.976190476190476, "precision": 0.984, "predicted_triggers": 250, "recall": 0.968503937007874, "true_episodes": 254}, "turn": {"correct_unique_episodes": 15, "f1": 0.15306122448979592, "precision": 0.9375, "predicted_triggers": 16, "recall": 0.08333333333333333, "true_episodes": 180}}, "predicted_triggers": 1054, "structural_episode_macro_f1": 0.5134506497209662, "structural_episode_recall": 0.7651851851851852, "structural_threshold": 0.982, "structural_trigger_precision": 0.9800759013282733, "structurally_matched_unique_episodes": 1033, "true_episodes": 1350}, "selection_trigger_threshold_error": null, "strict_test_worlds_read": 0}
	Command being timed: "/home/zeng-workstation/.local/share/mtare_topo_comm/envs/phase3_torch290_cu129_zarr2187_v1/bin/python /home/zeng-workstation/mtare_topo_comm/tools/v3/train_gse_causal_episode_detector_v1.py --cache-dir /home/zeng-workstation/mtare_topo_comm/results/gate3_semantics/gate3_20260827_gse_causal_episode_training_v1r_seed0/scratch/seed0_cache --baseline-features /home/zeng-workstation/mtare_topo_comm/results/gate3_semantics/gate3_20260826_gse_exit_token_association_corrective_v2_seed0/artifacts/models/seed0/frozen_observation_features.npy --teacher /home/zeng-workstation/mtare_topo_comm/results/gate2_representation/gate2_20260827_gse_corrected_causal_teacher_manifest_v1r_seed0/artifacts/teacher_observations.jsonl --output-dir /home/zeng-workstation/mtare_topo_comm/results/gate3_semantics/gate3_20260827_gse_causal_episode_training_v1r_seed0/artifacts/models/seed0 --seed 0 --epochs 6 --batch-size 64 --evaluation-batch-size 256 --learning-rate 0.0003 --weight-decay 0.0001"
	User time (seconds): 183.96
	System time (seconds): 18.32
	Percent of CPU this job got: 117%
	Elapsed (wall clock) time (h:mm:ss or m:ss): 2:51.68
	Average shared text size (kbytes): 0
	Average unshared data size (kbytes): 0
	Average stack size (kbytes): 0
	Average total size (kbytes): 0
	Maximum resident set size (kbytes): 5275000
	Average resident set size (kbytes): 0
	Major (requiring I/O) page faults: 223
	Minor (reclaiming a frame) page faults: 18039337
	Voluntary context switches: 311586
	Involuntary context switches: 1195
	Swaps: 0
	File system inputs: 97128
	File system outputs: 14488
	Socket messages sent: 0
	Socket messages received: 0
	Signals delivered: 0
	Page size (bytes): 4096
	Exit status: 0
