{"cache_bytes": 2408652266, "causal_observations": 188126, "duration_seconds": 24.01123041298706, "schema_version": "gse_causal_episode_spatial_cache_v1", "seed": 1, "structural_episodes": 5306, "unique_frames": 252430, "worlds": 80}
	Command being timed: "/home/zeng-workstation/.local/share/mtare_topo_comm/envs/phase3_torch290_cu129_zarr2187_v1/bin/python /home/zeng-workstation/mtare_topo_comm/tools/v3/build_gse_causal_episode_spatial_cache_v1.py --dataset-run /home/zeng-workstation/mtare_topo_comm/results/gate2_representation/gate2_20260824_gse_deduplicated_dataset_export_v1_seed0 --teacher /home/zeng-workstation/mtare_topo_comm/results/gate2_representation/gate2_20260827_gse_corrected_causal_teacher_manifest_v1r_seed0/artifacts/teacher_observations.jsonl --transition-timing /home/zeng-workstation/mtare_topo_comm/results/gate3_semantics/gate3_20260827_gse_causal_event_supervision_audit_v1_seed0/artifacts/transition_timing.csv --checkpoint /home/zeng-workstation/mtare_topo_comm/results/gate2_representation/gate2_20260824_gse_graph_three_seed_training_v1r_seed0/artifacts/models/seed1/best.pt --baseline-features /home/zeng-workstation/mtare_topo_comm/results/gate3_semantics/gate3_20260826_gse_exit_token_association_corrective_v2_seed0/artifacts/models/seed1/frozen_observation_features.npy --population-index /home/zeng-workstation/mtare_topo_comm/results/gate3_semantics/gate3_20260826_gse_exit_token_association_corrective_v2_seed0/artifacts/pair_cache/pairs.npz --output-dir /home/zeng-workstation/mtare_topo_comm/results/gate3_semantics/gate3_20260827_gse_causal_episode_training_v1r_seed0/scratch/seed1_cache --seed 1 --batch-size 128"
	User time (seconds): 25.37
	System time (seconds): 2.56
	Percent of CPU this job got: 112%
	Elapsed (wall clock) time (h:mm:ss or m:ss): 0:24.92
	Average shared text size (kbytes): 0
	Average unshared data size (kbytes): 0
	Average stack size (kbytes): 0
	Average total size (kbytes): 0
	Maximum resident set size (kbytes): 4160704
	Average resident set size (kbytes): 0
	Major (requiring I/O) page faults: 11
	Minor (reclaiming a frame) page faults: 526264
	Voluntary context switches: 258644
	Involuntary context switches: 168
	Swaps: 0
	File system inputs: 1088
	File system outputs: 4704744
	Socket messages sent: 0
	Socket messages received: 0
	Signals delivered: 0
	Page size (bytes): 4096
	Exit status: 0
