{"epoch": 0, "optimizer_steps": 2222, "selection": {"boundary_mae_m": 1.856918454170227, "boundary_offset": 0.019531015306711197, "corridor_negative": 0.06480647623538971, "positive_episode_joint": 0.302943554608041, "total": 0.3872810461501419}, "train": {"boundary_offset": 0.0009799269421996832, "corridor_negative": 0.0809522918262037, "positive_episode_joint": 0.24799447249405743, "total": 0.3299266910331339}}
{"epoch": 1, "optimizer_steps": 2222, "selection": {"boundary_mae_m": 1.7122184038162231, "boundary_offset": 0.017244059592485428, "corridor_negative": 0.14379124343395233, "positive_episode_joint": 0.16414331314815903, "total": 0.32517861617459676}, "train": {"boundary_offset": 0.0008717766878279773, "corridor_negative": 0.07887042406464413, "positive_episode_joint": 0.2020562896137582, "total": 0.28179848996518325}}
{"epoch": 2, "optimizer_steps": 2222, "selection": {"boundary_mae_m": 1.9895731210708618, "boundary_offset": 0.02517562359571457, "corridor_negative": 0.09821879118680954, "positive_episode_joint": 0.2178457795675274, "total": 0.3412401943500515}, "train": {"boundary_offset": 0.0007572787391352128, "corridor_negative": 0.07692111627935179, "positive_episode_joint": 0.17902669126353618, "total": 0.2567050861115932}}
{"epoch": 3, "optimizer_steps": 2222, "selection": {"boundary_mae_m": 1.586272120475769, "boundary_offset": 0.015230574645102024, "corridor_negative": 0.054739441722631454, "positive_episode_joint": 0.29673943902995686, "total": 0.36670945539769034}, "train": {"boundary_offset": 0.0008077230482088934, "corridor_negative": 0.074587501201554, "positive_episode_joint": 0.1533960570849289, "total": 0.22879128103709465}}
{"epoch": 4, "optimizer_steps": 2222, "selection": {"boundary_mae_m": 1.631876826286316, "boundary_offset": 0.01644609495997429, "corridor_negative": 0.042075302451848984, "positive_episode_joint": 0.41390595806868785, "total": 0.4724273554805111}, "train": {"boundary_offset": 0.0007369932152739953, "corridor_negative": 0.07174698037821942, "positive_episode_joint": 0.1302149563170674, "total": 0.20269893021936822}}
{"epoch": 5, "optimizer_steps": 2222, "selection": {"boundary_mae_m": 1.8332797288894653, "boundary_offset": 0.021846232935786247, "corridor_negative": 0.06268637627363205, "positive_episode_joint": 0.3291684870132294, "total": 0.4137010962226477}, "train": {"boundary_offset": 0.000706796393215046, "corridor_negative": 0.06403862796712316, "positive_episode_joint": 0.11272081092109812, "total": 0.17746623554449314}}
{"backbone_optimizer_steps": 0, "best_epoch": 1, "boundary_valid_selection_rows": 240, "c09_worlds_read": 0, "duration_seconds": 173.24341915803961, "epochs": 6, "fit_observations": 142184, "mtare_worlds_read": 0, "optimizer_steps": 13332, "peak_gpu_memory_bytes": 234143744, "schema_version": "gse_causal_episode_detector_training_seed_v1", "seed": 2, "selection_frame_metrics": {"accuracy": 0.9341561098776718, "macro_f1": 0.6568860012270725, "per_event": {"corridor": {"f1": 0.9587099792242815, "precision": 0.9588814884130566, "predicted_rows": 36334, "recall": 0.9585385313781055, "target_rows": 36347}, "geometry_transition": {"f1": 0.03333333333333333, "precision": 0.03888888888888889, "predicted_rows": 180, "recall": 0.029166666666666667, "target_rows": 240}, "junction": {"f1": 0.8868331791551033, "precision": 0.9418699852628132, "predicted_rows": 6107, "recall": 0.8378732702112163, "target_rows": 6865}, "terminal": {"f1": 0.9668438370032904, "precision": 0.966110268082954, "predicted_rows": 1977, "recall": 0.9675785207700102, "target_rows": 1974}, "turn": {"f1": 0.4387096774193548, "precision": 0.30357142857142855, "predicted_rows": 1344, "recall": 0.7906976744186046, "target_rows": 516}}}, "selection_mil": {"boundary_mae_m": 1.7122184038162231, "boundary_offset": 0.017244059592485428, "corridor_negative": 0.14379124434691393, "positive_episode_joint": 0.16414331314815903, "total": 0.32517861708755835}, "selection_observations": 45942, "selection_trigger_metrics": {"class_correct_episode_recall": 0.8007407407407408, "class_correct_trigger_precision": 0.9800543970988214, "correctly_classified_unique_episodes": 1081, "per_event": {"geometry_transition": {"correct_unique_episodes": 0, "f1": 0.0, "precision": 0.0, "predicted_triggers": 0, "recall": 0.0, "true_episodes": 34}, "junction": {"correct_unique_episodes": 823, "f1": 0.9586488060570763, "precision": 0.98562874251497, "predicted_triggers": 835, "recall": 0.9331065759637188, "true_episodes": 882}, "terminal": {"correct_unique_episodes": 246, "f1": 0.9723320158102767, "precision": 0.9761904761904762, "predicted_triggers": 252, "recall": 0.968503937007874, "true_episodes": 254}, "turn": {"correct_unique_episodes": 12, "f1": 0.12244897959183675, "precision": 0.75, "predicted_triggers": 16, "recall": 0.06666666666666667, "true_episodes": 180}}, "predicted_triggers": 1103, "structural_episode_macro_f1": 0.5133574503647974, "structural_episode_recall": 0.8007407407407408, "structural_threshold": 0.985, "structural_trigger_precision": 0.9800543970988214, "structurally_matched_unique_episodes": 1081, "true_episodes": 1350}, "selection_trigger_threshold_error": null, "strict_test_worlds_read": 0}
	Command being timed: "/home/zeng-workstation/.local/share/mtare_topo_comm/envs/phase3_torch290_cu129_zarr2187_v1/bin/python /home/zeng-workstation/mtare_topo_comm/tools/v3/train_gse_causal_episode_detector_v1.py --cache-dir /home/zeng-workstation/mtare_topo_comm/results/gate3_semantics/gate3_20260827_gse_causal_episode_training_v1r_seed0/scratch/seed2_cache --baseline-features /home/zeng-workstation/mtare_topo_comm/results/gate3_semantics/gate3_20260826_gse_exit_token_association_corrective_v2_seed0/artifacts/models/seed2/frozen_observation_features.npy --teacher /home/zeng-workstation/mtare_topo_comm/results/gate2_representation/gate2_20260827_gse_corrected_causal_teacher_manifest_v1r_seed0/artifacts/teacher_observations.jsonl --output-dir /home/zeng-workstation/mtare_topo_comm/results/gate3_semantics/gate3_20260827_gse_causal_episode_training_v1r_seed0/artifacts/models/seed2 --seed 2 --epochs 6 --batch-size 64 --evaluation-batch-size 256 --learning-rate 0.0003 --weight-decay 0.0001"
	User time (seconds): 189.29
	System time (seconds): 17.78
	Percent of CPU this job got: 118%
	Elapsed (wall clock) time (h:mm:ss or m:ss): 2:54.43
	Average shared text size (kbytes): 0
	Average unshared data size (kbytes): 0
	Average stack size (kbytes): 0
	Average total size (kbytes): 0
	Maximum resident set size (kbytes): 5312600
	Average resident set size (kbytes): 0
	Major (requiring I/O) page faults: 7
	Minor (reclaiming a frame) page faults: 17913467
	Voluntary context switches: 308841
	Involuntary context switches: 1228
	Swaps: 0
	File system inputs: 9488
	File system outputs: 8520
	Socket messages sent: 0
	Socket messages received: 0
	Signals delivered: 0
	Page size (bytes): 4096
	Exit status: 0
