Traceback (most recent call last):
  File "/home/zeng-workstation/mtare_topo_comm/tools/v3/evaluate_gse_registered_skeleton_feasibility_v1.py", line 26, in <module>
    from mtare_topo.representation.gse_registered_structural_skeleton import relative_pose_window
  File "/home/zeng-workstation/mtare_topo_comm/src/mtare_topo/representation/__init__.py", line 2, in <module>
    from mtare_topo.representation.gse_graph import (
  File "/home/zeng-workstation/mtare_topo_comm/src/mtare_topo/representation/gse_graph.py", line 8, in <module>
    import torch
ModuleNotFoundError: No module named 'torch'
Command exited with non-zero status 1
	Command being timed: "/tmp/mtare_gate4_meshing_sidecar_v1/bin/python /home/zeng-workstation/mtare_topo_comm/tools/v3/evaluate_gse_registered_skeleton_feasibility_v1.py --dataset /home/zeng-workstation/mtare_topo_comm/results/gate2_representation/gate2_20260824_gse_deduplicated_dataset_export_v1_seed0 --supervision /home/zeng-workstation/mtare_topo_comm/results/gate3_semantics/gate3_20260829_gse_composer_supervision_v1r_seed0 --mesh-root /home/zeng-workstation/mtare_topo_comm/results/gate0_baseline/gate0_20260811_cano_100_parent_perception_mesh_m1r_sanitized_assets_seed0/artifacts/meshes --output-dir /home/zeng-workstation/mtare_topo_comm/results/gate3_semantics/gate3_20260829_gse_registered_skeleton_feasibility_v1r_seed0/metrics/registered_skeleton_feasibility"
	User time (seconds): 1.05
	System time (seconds): 0.49
	Percent of CPU this job got: 138%
	Elapsed (wall clock) time (h:mm:ss or m:ss): 0:01.11
	Average shared text size (kbytes): 0
	Average unshared data size (kbytes): 0
	Average stack size (kbytes): 0
	Average total size (kbytes): 0
	Maximum resident set size (kbytes): 350288
	Average resident set size (kbytes): 0
	Major (requiring I/O) page faults: 235
	Minor (reclaiming a frame) page faults: 59891
	Voluntary context switches: 839
	Involuntary context switches: 20
	Swaps: 0
	File system inputs: 24488
	File system outputs: 16
	Socket messages sent: 0
	Socket messages received: 0
	Signals delivered: 0
	Page size (bytes): 4096
	Exit status: 1
