{
  "checks": {
    "action_forward_accepts_only_typed_input": true,
    "batch_permutation_consistent": true,
    "c07_population_exact": true,
    "causal_backprojection_support_valid": true,
    "complete_backward_finite": true,
    "deterministic_repeat_exact": true,
    "fixed_real_sample_has_all_events": true,
    "global_rotation_invariant": true,
    "metric_forward_accepts_only_typed_input": true,
    "real_outputs_finite_and_normalized": true,
    "small_parameter_budget": true,
    "ten_world_prediction_population_exact": true,
    "token_permutation_invariant": true,
    "typed_inputs_exclude_forbidden_fields": true,
    "zero_training_test_graph": true
  },
  "status": "PASS_GSE_TYPED_COMPOSER_READINESS_V1"
}
	Command being timed: "/home/zeng-workstation/.local/share/mtare_topo_comm/envs/phase3_torch290_cu129_zarr2187_v1/bin/python /home/zeng-workstation/mtare_topo_comm/tools/v3/evaluate_gse_typed_composer_readiness_v1.py --prediction-root /home/zeng-workstation/mtare_topo_comm/results/gate3_semantics/gate3_20260829_gse_sparse_circular_relation_transport_three_seed_training_v2r5_seed0/artifacts/models/seed0/development_predictions --teacher /home/zeng-workstation/mtare_topo_comm/results/gate2_representation/gate2_20260827_gse_corrected_causal_teacher_manifest_v1r_seed0/artifacts/teacher_observations.jsonl --output-dir /home/zeng-workstation/mtare_topo_comm/results/gate3_semantics/gate3_20260829_gse_typed_composer_readiness_v1_seed0/metrics/readiness"
	User time (seconds): 1.92
	System time (seconds): 0.33
	Percent of CPU this job got: 99%
	Elapsed (wall clock) time (h:mm:ss or m:ss): 0:02.27
	Average shared text size (kbytes): 0
	Average unshared data size (kbytes): 0
	Average stack size (kbytes): 0
	Average total size (kbytes): 0
	Maximum resident set size (kbytes): 711088
	Average resident set size (kbytes): 0
	Major (requiring I/O) page faults: 0
	Minor (reclaiming a frame) page faults: 126476
	Voluntary context switches: 3783
	Involuntary context switches: 86
	Swaps: 0
	File system inputs: 0
	File system outputs: 632
	Socket messages sent: 0
	Socket messages received: 0
	Signals delivered: 0
	Page size (bytes): 4096
	Exit status: 0
