argv=["docker", "run", "--rm", "--user", "0:0", "--gpus", "all", "--network", "none", "--shm-size", "2g", "-e", "ACCEPT_EULA=Y", "-e", "PRIVACY_CONSENT=Y", "-v", "/home/zeng-workstation/mtare_topo_comm:/workspace:rw", "--entrypoint", "/isaac-sim/python.sh", "nvcr.io/nvidia/isaac-sim:6.0.1", "/workspace/tools/v3/isaac/probe_official_local_usda_writer_runtime.py", "--official-usda", "/workspace/results/gate0_baseline/gate0_20260810_isaac_official_lidar_asset_freeze_v1_seed0/artifacts/official_asset/Example_Rotary.usda", "--expected-usda-sha256", "0812faf5c310f40316d5a11ab0c6786e19e18ac12cea10edc2e7ee44fc56c8c6", "--control-output-dir", "/workspace/results/gate0_baseline/gate0_20260810_isaac_official_local_usda_writer_control_v2_seed0/artifacts/runtime", "--control-metrics-dir", "/workspace/results/gate0_baseline/gate0_20260810_isaac_official_local_usda_writer_control_v2_seed0/metrics"]
cwd=/home/zeng-workstation/mtare_topo_comm
started_at_utc=2026-08-10T13:04:56.978799+00:00
2026-08-10T13:04:57Z [Info] [carb] Logging to file: /isaac-sim/kit/logs/Kit/Isaac-Sim Python/6.0/kit_20260810_130457.log
[0.053s] [ext: omni.assets.plugins-0.0.0] startup
[0.054s] [ext: omni.blobkey-1.1.2] startup
[0.054s] [ext: omni.kit.async_engine-0.0.3] startup
[0.433s] [ext: omni.client.lib-1.1.1] startup
[0.448s] [ext: omni.client-1.3.0] startup
2026-08-10T13:04:58Z [472ms] [Warning] [carb.omniclient.plugin]  57: OmniHub: ThreadId(02) Hub encountered error. Trying to reconnect to Hub. retry_reason="Hub failed to launch: Io(\"child exited with exit status: 1 without writing file \\\"/tmp/hub-root-58E08FC8.config.json\\\"\")"
2026-08-10T13:04:58Z [543ms] [Warning] [carb.omniclient.plugin]  57: OmniHub: ThreadId(02) Hub encountered error. Trying to reconnect to Hub. retry_reason="Hub failed to launch: Io(\"child exited with exit status: 1 without writing file \\\"/tmp/hub-root-58E08FC8.config.json\\\"\")"
2026-08-10T13:04:58Z [625ms] [Warning] [carb.omniclient.plugin]  57: OmniHub: ThreadId(02) Hub encountered error. Trying to reconnect to Hub. retry_reason="Hub failed to launch: Io(\"child exited with exit status: 1 without writing file \\\"/tmp/hub-root-58E08FC8.config.json\\\"\")"
2026-08-10T13:04:58Z [716ms] [Warning] [carb.omniclient.plugin]  57: OmniHub: ThreadId(02) Hub encountered error. Trying to reconnect to Hub. retry_reason="Hub failed to launch: Io(\"child exited with exit status: 1 without writing file \\\"/tmp/hub-root-58E08FC8.config.json\\\"\")"
2026-08-10T13:04:58Z [818ms] [Warning] [carb.omniclient.plugin]  57: OmniHub: ThreadId(02) Hub encountered error. Trying to reconnect to Hub. retry_reason="Hub failed to launch: Io(\"child exited with exit status: 1 without writing file \\\"/tmp/hub-root-58E08FC8.config.json\\\"\")"
2026-08-10T13:04:58Z [929ms] [Warning] [carb.omniclient.plugin]  57: OmniHub: ThreadId(02) Hub encountered error. Trying to reconnect to Hub. retry_reason="Hub failed to launch: Io(\"child exited with exit status: 1 without writing file \\\"/tmp/hub-root-58E08FC8.config.json\\\"\")"
2026-08-10T13:04:58Z [1,051ms] [Warning] [carb.omniclient.plugin]  57: OmniHub: ThreadId(02) Hub encountered error. Trying to reconnect to Hub. retry_reason="Hub failed to launch: Io(\"child exited with exit status: 1 without writing file \\\"/tmp/hub-root-58E08FC8.config.json\\\"\")"
2026-08-10T13:04:58Z [1,182ms] [Warning] [carb.omniclient.plugin]  57: OmniHub: ThreadId(02) Hub encountered error. Trying to reconnect to Hub. retry_reason="Hub failed to launch: Io(\"child exited with exit status: 1 without writing file \\\"/tmp/hub-root-58E08FC8.config.json\\\"\")"
2026-08-10T13:04:59Z [1,324ms] [Warning] [carb.omniclient.plugin]  57: OmniHub: ThreadId(02) Hub encountered error. Trying to reconnect to Hub. retry_reason="Hub failed to launch: Io(\"child exited with exit status: 1 without writing file \\\"/tmp/hub-root-58E08FC8.config.json\\\"\")"
2026-08-10T13:04:59Z [1,475ms] [Warning] [carb.omniclient.plugin]  57: OmniHub: ThreadId(02) Hub encountered error. Trying to reconnect to Hub. retry_reason="Hub failed to launch: Io(\"child exited with exit status: 1 without writing file \\\"/tmp/hub-root-58E08FC8.config.json\\\"\")"
2026-08-10T13:04:59Z [1,637ms] [Warning] [carb.omniclient.plugin]  57: OmniHub: ThreadId(02) Hub encountered error. Trying to reconnect to Hub. retry_reason="Hub failed to launch: Io(\"child exited with exit status: 1 without writing file \\\"/tmp/hub-root-58E08FC8.config.json\\\"\")"
2026-08-10T13:04:59Z [1,808ms] [Warning] [carb.omniclient.plugin]  57: OmniHub: ThreadId(02) Hub encountered error. Trying to reconnect to Hub. retry_reason="Hub failed to launch: Io(\"child exited with exit status: 1 without writing file \\\"/tmp/hub-root-58E08FC8.config.json\\\"\")"
2026-08-10T13:04:59Z [1,989ms] [Warning] [carb.omniclient.plugin]  57: OmniHub: ThreadId(02) Hub encountered error. Trying to reconnect to Hub. retry_reason="Hub failed to launch: Io(\"child exited with exit status: 1 without writing file \\\"/tmp/hub-root-58E08FC8.config.json\\\"\")"
2026-08-10T13:04:59Z [2,181ms] [Warning] [carb.omniclient.plugin]  57: OmniHub: ThreadId(02) Hub encountered error. Trying to reconnect to Hub. retry_reason="Hub failed to launch: Io(\"child exited with exit status: 1 without writing file \\\"/tmp/hub-root-58E08FC8.config.json\\\"\")"
2026-08-10T13:05:00Z [2,382ms] [Warning] [carb.omniclient.plugin]  57: OmniHub: ThreadId(02) Hub encountered error. Trying to reconnect to Hub. retry_reason="Hub failed to launch: Io(\"child exited with exit status: 1 without writing file \\\"/tmp/hub-root-58E08FC8.config.json\\\"\")"
2026-08-10T13:05:00Z [2,594ms] [Warning] [carb.omniclient.plugin]  57: OmniHub: ThreadId(02) Hub encountered error. Trying to reconnect to Hub. retry_reason="Hub failed to launch: Io(\"child exited with exit status: 1 without writing file \\\"/tmp/hub-root-58E08FC8.config.json\\\"\")"
2026-08-10T13:05:00Z [2,815ms] [Warning] [carb.omniclient.plugin]  57: OmniHub: ThreadId(02) Hub encountered error. Trying to reconnect to Hub. retry_reason="Hub failed to launch: Io(\"child exited with exit status: 1 without writing file \\\"/tmp/hub-root-58E08FC8.config.json\\\"\")"
2026-08-10T13:05:00Z [3,047ms] [Warning] [carb.omniclient.plugin]  57: OmniHub: ThreadId(02) Hub encountered error. Trying to reconnect to Hub. retry_reason="Hub failed to launch: Io(\"child exited with exit status: 1 without writing file \\\"/tmp/hub-root-58E08FC8.config.json\\\"\")"
2026-08-10T13:05:00Z [3,288ms] [Warning] [carb.omniclient.plugin]  57: OmniHub: ThreadId(02) Hub encountered error. Trying to reconnect to Hub. retry_reason="Hub failed to launch: Io(\"child exited with exit status: 1 without writing file \\\"/tmp/hub-root-58E08FC8.config.json\\\"\")"
2026-08-10T13:05:01Z [3,540ms] [Warning] [carb.omniclient.plugin]  57: OmniHub: ThreadId(02) Hub encountered error. Trying to reconnect to Hub. retry_reason="Hub failed to launch: Io(\"child exited with exit status: 1 without writing file \\\"/tmp/hub-root-58E08FC8.config.json\\\"\")"
2026-08-10T13:05:01Z [3,801ms] [Warning] [carb.omniclient.plugin]  57: OmniHub: ThreadId(02) Hub encountered error. Trying to reconnect to Hub. retry_reason="Hub failed to launch: Io(\"child exited with exit status: 1 without writing file \\\"/tmp/hub-root-58E08FC8.config.json\\\"\")"
2026-08-10T13:05:01Z [4,072ms] [Warning] [carb.omniclient.plugin]  57: OmniHub: ThreadId(02) Hub encountered error. Trying to reconnect to Hub. retry_reason="Hub failed to launch: Io(\"child exited with exit status: 1 without writing file \\\"/tmp/hub-root-58E08FC8.config.json\\\"\")"
2026-08-10T13:05:02Z [4,353ms] [Warning] [carb.omniclient.plugin]  57: OmniHub: ThreadId(02) Hub encountered error. Trying to reconnect to Hub. retry_reason="Hub failed to launch: Io(\"child exited with exit status: 1 without writing file \\\"/tmp/hub-root-58E08FC8.config.json\\\"\")"
2026-08-10T13:05:02Z [4,644ms] [Warning] [carb.omniclient.plugin]  57: OmniHub: ThreadId(02) Hub encountered error. Trying to reconnect to Hub. retry_reason="Hub failed to launch: Io(\"child exited with exit status: 1 without writing file \\\"/tmp/hub-root-58E08FC8.config.json\\\"\")"
2026-08-10T13:05:02Z [4,946ms] [Warning] [carb.omniclient.plugin]  57: OmniHub: ThreadId(02) Hub encountered error. Trying to reconnect to Hub. retry_reason="Hub failed to launch: Io(\"child exited with exit status: 1 without writing file \\\"/tmp/hub-root-58E08FC8.config.json\\\"\")"
2026-08-10T13:05:02Z [5,257ms] [Warning] [carb.omniclient.plugin]  57: OmniHub: ThreadId(02) Hub encountered error. Trying to reconnect to Hub. retry_reason="Hub failed to launch: Io(\"child exited with exit status: 1 without writing file \\\"/tmp/hub-root-58E08FC8.config.json\\\"\")"
2026-08-10T13:05:03Z [5,578ms] [Warning] [carb.omniclient.plugin]  57: OmniHub: ThreadId(02) Hub encountered error. Trying to reconnect to Hub. retry_reason="Hub failed to launch: Io(\"child exited with exit status: 1 without writing file \\\"/tmp/hub-root-58E08FC8.config.json\\\"\")"
2026-08-10T13:05:03Z [5,910ms] [Warning] [carb.omniclient.plugin]  57: OmniHub: ThreadId(02) Hub encountered error. Trying to reconnect to Hub. retry_reason="Hub failed to launch: Io(\"child exited with exit status: 1 without writing file \\\"/tmp/hub-root-58E08FC8.config.json\\\"\")"
2026-08-10T13:05:03Z [6,252ms] [Warning] [carb.omniclient.plugin]  57: OmniHub: ThreadId(02) Hub encountered error. Trying to reconnect to Hub. retry_reason="Hub failed to launch: Io(\"child exited with exit status: 1 without writing file \\\"/tmp/hub-root-58E08FC8.config.json\\\"\")"
WARNING: All log messages before absl::InitializeLog() is called are written to STDERR
E0000 00:00:1786367108.381677      11 descriptor_database.cc:633] File already exists in database: grpc/health/v1/health.proto
W0000 00:00:1786367108.381697      11 message.cc:301] Protobuf GeneratedMessageFactory: File is already registered: grpc/health/v1/health.proto
2026-08-10T13:05:04Z [6,603ms] [Warning] [carb.omniclient.plugin]  57: OmniHub: ThreadId(02) Hub encountered error. Trying to reconnect to Hub. retry_reason="Hub failed to launch: Io(\"child exited with exit status: 1 without writing file \\\"/tmp/hub-root-58E08FC8.config.json\\\"\")"
2026-08-10T13:05:04Z [6,965ms] [Warning] [carb.omniclient.plugin]  57: OmniHub: ThreadId(02) Hub encountered error. Trying to reconnect to Hub. retry_reason="Hub failed to launch: Io(\"child exited with exit status: 1 without writing file \\\"/tmp/hub-root-58E08FC8.config.json\\\"\")"
2026-08-10T13:05:05Z [7,336ms] [Warning] [carb.omniclient.plugin]  57: OmniHub: ThreadId(02) Hub encountered error. Trying to reconnect to Hub. retry_reason="Hub failed to launch: Io(\"child exited with exit status: 1 without writing file \\\"/tmp/hub-root-58E08FC8.config.json\\\"\")"
2026-08-10T13:05:05Z [7,717ms] [Warning] [carb.omniclient.plugin]  57: OmniHub: ThreadId(02) Hub encountered error. Trying to reconnect to Hub. retry_reason="Hub failed to launch: Io(\"child exited with exit status: 1 without writing file \\\"/tmp/hub-root-58E08FC8.config.json\\\"\")"
2026-08-10T13:05:05Z [8,109ms] [Warning] [carb.omniclient.plugin]  57: OmniHub: ThreadId(02) Hub encountered error. Trying to reconnect to Hub. retry_reason="Hub failed to launch: Io(\"child exited with exit status: 1 without writing file \\\"/tmp/hub-root-58E08FC8.config.json\\\"\")"
2026-08-10T13:05:06Z [8,510ms] [Warning] [carb.omniclient.plugin]  57: OmniHub: ThreadId(02) Hub encountered error. Trying to reconnect to Hub. retry_reason="Hub failed to launch: Io(\"child exited with exit status: 1 without writing file \\\"/tmp/hub-root-58E08FC8.config.json\\\"\")"
2026-08-10T13:05:06Z [8,921ms] [Warning] [carb.omniclient.plugin]  57: OmniHub: ThreadId(02) Hub encountered error. Trying to reconnect to Hub. retry_reason="Hub failed to launch: Io(\"child exited with exit status: 1 without writing file \\\"/tmp/hub-root-58E08FC8.config.json\\\"\")"
2026-08-10T13:05:07Z [9,342ms] [Warning] [carb.omniclient.plugin]  57: OmniHub: ThreadId(02) Hub encountered error. Trying to reconnect to Hub. retry_reason="Hub failed to launch: Io(\"child exited with exit status: 1 without writing file \\\"/tmp/hub-root-58E08FC8.config.json\\\"\")"
2026-08-10T13:05:07Z [9,773ms] [Warning] [carb.omniclient.plugin]  57: OmniHub: ThreadId(02) Hub encountered error. Trying to reconnect to Hub. retry_reason="Hub failed to launch: Io(\"child exited with exit status: 1 without writing file \\\"/tmp/hub-root-58E08FC8.config.json\\\"\")"
2026-08-10T13:05:07Z [10,214ms] [Warning] [carb.omniclient.plugin]  57: OmniHub: ThreadId(02) Hub encountered error. Trying to reconnect to Hub. retry_reason="Hub failed to launch: Io(\"child exited with exit status: 1 without writing file \\\"/tmp/hub-root-58E08FC8.config.json\\\"\")"
[10.695s] [ext: omni.protobuf.lib-1.0.0] startup
[10.696s] [ext: omni.grpc.lib-1.0.0] startup
[10.700s] [ext: omni.metrics.core-0.0.3] startup
[10.700s] [ext: omni.datastore-0.0.0] startup
[10.701s] [ext: omni.gpu_foundation.shadercache.vulkan-1.0.0] startup
[10.704s] [ext: omni.hsscclient-1.1.4] startup
[10.705s] [ext: omni.stats-1.0.1] startup
[10.705s] [ext: omni.ujitso.default-1.0.0] startup
[10.707s] [ext: omni.gpu_foundation-0.0.0] startup
[10.866s] [ext: carb.windowing.plugins-1.0.1] startup
[10.867s] [ext: omni.kit.renderer.init-1.0.1] startup
2026-08-10T13:05:08Z [10,862ms] [Warning] [omni.platforminfo.plugin] failed to open the default display.  Can't verify X Server version.

|---------------------------------------------------------------------------------------------|
| Driver Version: 580.173.02    | Graphics API: Vulkan
|=============================================================================================|
| GPU | Name                             | Active | LDA | GPU Memory | Vendor-ID | LUID       |
|     |                                  |        |     |            | Device-ID | UUID       |
|     |                                  |        |     |            | Bus-ID    |            |
|---------------------------------------------------------------------------------------------|
| 0   | NVIDIA GeForce RTX 5090 D        | Yes: 0 |     | 32853   MB | 10de      | 0          |
|     |                                  |        |     |            | 2b87      | 033d0899.. |
|     |                                  |        |     |            | 1         |            |
|=============================================================================================|
| OS: 24.04.3 LTS (Noble Numbat) ubuntu, Version: 24.04.3, Kernel: 7.0.0-28-generic
| Processor: Intel(R) Core(TM) i9-14900K
| Bare Metal Cores: 24 | Bare Metal Logical Cores: 48
| Available Cores:  32 
|---------------------------------------------------------------------------------------------|
| Total Memory (MB): 64055 | Free Memory: 49492
| Total Page/Swap (MB): 8191 | Free Page/Swap: 0
|---------------------------------------------------------------------------------------------|
2026-08-10T13:05:09Z [11,363ms] [Warning] [omni.rtx] CPU performance profile is set to powersave. This profile sets the CPU to the lowest frequency reducing performance.
[11.512s] [ext: omni.kit.pipapi-0.0.0] startup
[11.515s] [ext: omni.kit.pip_archive-0.0.0] startup
[11.515s] [ext: isaacsim.pip.newton-0.6.1] startup
[11.515s] [ext: omni.pip.compute-1.9.2] startup
[11.516s] [ext: omni.isaac.core_archive-5.3.1] startup
[11.516s] [ext: omni.kit.telemetry-0.5.2] startup
[11.537s] [ext: omni.kit.loop-isaac-1.6.0] startup
[11.539s] [ext: omni.kit.test-2.0.7] startup
[11.770s] [ext: omni.materialx.libs-1.0.9] startup
[11.777s] [ext: omni.gpucompute.plugins-0.0.0] startup
[11.777s] [ext: omni.usd.config-1.0.7] startup
[11.781s] [ext: omni.usd.libs-1.0.3] startup
[11.837s] [ext: omni.iray.libs-0.0.1] startup
[11.841s] [ext: omni.mdl-57.0.3] startup
[12.087s] [ext: omni.mdl.neuraylib-0.2.20] startup
[12.091s] [ext: omni.kit.usd.mdl-1.1.9] startup
[12.175s] [ext: omni.appwindow-1.2.2] startup
[12.177s] [ext: omni.kit.renderer.core-1.2.2] startup
2026-08-10T13:05:09Z [12,262ms] [Warning] [carb.windowing-glfw.plugin] GLFW initialization failed.
2026-08-10T13:05:09Z [12,262ms] [Warning] [carb] Failed to startup plugin carb.windowing-glfw.plugin (interfaces: [carb::windowing::IGLContext v1.0],[carb::windowing::IWindowing v1.5]) (impl: carb.windowing-glfw.plugin)
[12.304s] [ext: omni.kit.renderer.capture-2.0.1] startup
[12.306s] [ext: omni.kit.renderer.imgui-2.0.6] startup
2026-08-10T13:05:09Z [12,279ms] [Warning] [carb.windowing-glfw.plugin] GLFW initialization failed.
2026-08-10T13:05:09Z [12,279ms] [Warning] [carb] Failed to startup plugin carb.windowing-glfw.plugin (interfaces: [carb::windowing::IGLContext v1.0],[carb::windowing::IWindowing v1.5]) (impl: carb.windowing-glfw.plugin)
2026-08-10T13:05:09Z [12,281ms] [Warning] [carb.windowing-glfw.plugin] GLFW initialization failed.
2026-08-10T13:05:09Z [12,281ms] [Warning] [carb] Failed to startup plugin carb.windowing-glfw.plugin (interfaces: [carb::windowing::IGLContext v1.0],[carb::windowing::IWindowing v1.5]) (impl: carb.windowing-glfw.plugin)
[12.350s] [ext: omni.ui-3.2.0] startup
[12.363s] [ext: omni.kit.mainwindow-1.0.3] startup
[12.366s] [ext: carb.audio-0.1.0] startup
[12.368s] [ext: omni.uiaudio-1.0.0] startup
[12.369s] [ext: omni.kit.uiapp-0.0.0] startup
[12.369s] [ext: omni.usd.schema.metrics.assembler-110.1.0] startup
[12.371s] [ext: omni.usd.schema.audio-0.0.1] startup
[12.374s] [ext: omni.usd_resolver-1.0.0] startup
[12.377s] [ext: omni.usd.core-1.8.3] startup
[12.379s] [ext: omni.metropolis.schema-0.0.3] startup
[12.380s] [ext: isaacsim.anim.robot.schema-0.1.1] startup
[12.381s] [ext: omni.usd.schema.anim-0.0.1] startup
[12.397s] [ext: omni.usd.schema.geospatial-0.0.1] startup
[12.399s] [ext: omni.usd.schema.omnigraph-1.0.1] startup
[12.404s] [ext: omni.usd.schema.semantics-0.0.0] startup
[12.406s] [ext: omni.activity.core-1.0.3] startup
[12.407s] [ext: omni.cubric-0.1.0] startup
[12.407s] [ext: omni.graph.exec-0.9.6] startup
[12.407s] [ext: omni.hydra.scene_delegate-0.3.5] startup
[12.410s] [ext: usdrt.scenegraph-7.6.3] startup
[12.434s] [ext: omni.hydra.usdrt_delegate-7.5.2] startup
[12.438s] [ext: omni.inspect-1.0.2] startup
[12.440s] [ext: omni.kit.actions.core-1.0.0] startup
[12.443s] [ext: omni.kit.audiodeviceenum-1.0.2] startup
[12.444s] [ext: omni.kit.commands-1.5.0] startup
[12.453s] [ext: omni.kit.exec.core-0.13.5] startup
[12.454s] [ext: omni.kit.usd_undo-0.1.8] startup
[12.455s] [ext: omni.kit.window.popup_dialog-2.0.25] startup
[12.463s] [ext: omni.kit.widget.nucleus_connector-2.3.1] startup
[12.474s] [ext: omni.timeline-1.1.0] startup
[12.476s] [ext: omni.usd-1.16.0] startup
[12.551s] [ext: omni.graph.core-3.1.2] startup
[12.553s] [ext: omni.kit.notification_manager-1.0.11] startup
[12.558s] [ext: isaacsim.core.deprecation_manager-0.4.2] startup
[12.560s] [ext: isaacsim.replicator.agent.schema-0.1.1] startup
[12.560s] [ext: isaacsim.robot.schema-6.3.7] startup
[12.568s] [ext: isaacsim.robot_motion.schema-0.2.1] startup
[12.569s] [ext: omni.anim.behavior.schema-110.1.0] startup
[12.572s] [ext: omni.anim.graph.schema-110.1.1] startup
[12.577s] [ext: omni.anim.navigation.schema-110.1.0] startup
[12.579s] [ext: omni.behavior.tree.schema-110.1.0] startup
[12.580s] [ext: omni.isaac.ml_archive-3.3.0] startup
[12.581s] [ext: omni.kit.asset_converter-6.0.1] startup
[12.593s] [ext: omni.pip.cloud-1.5.4] startup
[12.605s] [ext: omni.usd.schema.flow-110.0.0] startup
[12.606s] [ext: omni.usd.schema.mujoco-1.1.1] startup
[12.606s] [ext: omni.usd.schema.newton-1.2.1] startup
[12.607s] [ext: omni.usd.schema.omni_lens_distortion-1.0.0] startup
[12.608s] [ext: omni.usd.schema.omni_projectors-1.0.0] startup
[12.608s] [ext: omni.usd.schema.omni_sensors-0.0.0] startup
[12.615s] [ext: omni.usd.schema.omniscripting-1.0.1] startup
[12.619s] [ext: omni.usd.schema.physical_lighting-0.1.0] startup
[12.622s] [ext: omni.usd.schema.physx-110.1.13] startup
[12.644s] [ext: omni.usd.schema.render_settings.rtx-1.0.2] startup
[12.648s] [ext: omni.usd.schema.usd_particle_field-1.0.0] startup
[12.649s] [ext: isaacsim.core.version-2.1.1] startup
[12.650s] [ext: omni.kit.menu.core-1.2.0] startup
[12.652s] [ext: omni.kit.menu.utils-2.2.4] startup
[12.678s] [ext: isaacsim.app.about-2.3.1] startup
[12.686s] [ext: isaacsim.asset.transformer-1.2.5] startup
[12.691s] [ext: omni.scene.optimizer.core-110.1.0] startup
[12.735s] [ext: isaacsim.asset.importer.utils-1.8.1] startup
[12.742s] [ext: omni.convexdecomposition-110.1.13] startup
[12.744s] [ext: omni.physics-110.1.13] startup
[12.747s] [ext: omni.physx.gpu-110.1.13] startup
[12.747s] [ext: omni.physx.foundation-110.1.13] startup
[12.749s] [ext: omni.usdphysics-110.1.13] startup
[12.750s] [ext: omni.physx.cooking-110.1.13] startup
[12.753s] [ext: omni.physx-110.1.13] startup
[12.770s] [ext: omni.physics.physx-110.1.13] startup
[12.771s] [ext: isaacsim.asset.exporter.urdf-2.0.5] startup
[12.794s] [ext: omni.kit.clipboard-1.1.1] startup
[12.795s] [ext: omni.kit.usd.layers-2.6.1] startup
[12.819s] [ext: omni.kit.widget.context_menu-1.4.0] startup
[12.823s] [ext: omni.kit.context_menu-1.9.0] startup
[12.830s] [ext: omni.kit.helper.file_utils-0.1.10] startup
[12.834s] [ext: omni.kit.widget.nucleus_info-2.0.2] startup
[12.836s] [ext: omni.kit.search_core-1.0.8] startup
[12.838s] [ext: omni.kit.widget.path_field-2.0.13] startup
[12.843s] [ext: omni.kit.widget.browser_bar-2.0.10] startup
[12.847s] [ext: omni.kit.widget.filebrowser-2.13.4] startup
[12.874s] [ext: omni.kit.widget.options_menu-1.1.6] startup
[12.883s] [ext: omni.kit.widget.options_button-1.0.3] startup
[12.884s] [ext: omni.kit.widget.search_delegate-1.0.9] startup
[12.888s] [ext: omni.ui.scene-2.0.3] startup
[12.893s] [ext: omni.kit.window.filepicker-2.15.5] startup
[12.961s] [ext: omni.kit.window.file_importer-1.1.21] startup
[12.965s] [ext: omni.kit.material.library-3.1.2] startup
[12.989s] [ext: isaacsim.asset.transformer.rules-1.7.10] startup
[13.047s] [ext: omni.usdex.libs-2.2.2] startup
[13.057s] [ext: isaacsim.asset.importer.mjcf-3.10.1] startup
[13.063s] [ext: isaacsim.asset.importer.urdf-3.11.2] startup
[13.078s] [ext: omni.kit.primitive.mesh-1.1.0] startup
[13.091s] [ext: omni.kit.stage_template.core-1.1.22] startup
[13.093s] [ext: omni.kit.stage_templates-2.0.2] startup
[13.098s] [ext: omni.usd.metrics.assembler-110.1.2] startup
[13.101s] [ext: omni.warp.core-1.13.0] startup
[13.456s] [ext: isaacsim.core.experimental.utils-0.17.2] startup
[13.457s] [ext: omni.physics.stageupdate-110.1.13] startup
[13.460s] [ext: omni.physics.tensors-110.1.13] startup
[13.472s] [ext: omni.physx.tensors-110.1.13] startup
[13.475s] [ext: isaacsim.core.simulation_manager-1.15.6] startup
[13.505s] [ext: isaacsim.storage.native-1.9.3] startup
[13.511s] [ext: omni.usd.metrics.assembler.physics-110.1.13] startup
[13.519s] [ext: isaacsim.core.utils-4.1.7] startup
[13.524s] [ext: isaacsim.core.prims-0.11.7] startup
[15.825s] [ext: isaacsim.core.api-5.2.13] startup
[15.865s] [ext: isaacsim.core.cloner-1.7.3] startup
[15.869s] [ext: isaacsim.test.docstring-1.3.2] startup
[15.893s] [ext: isaacsim.core.experimental.prims-1.8.9] startup
[15.952s] [ext: isaacsim.core.experimental.primdata-0.3.2] startup
[15.954s] [ext: omni.graph.tools-1.81.0] startup
[16.068s] [ext: omni.graph-1.142.5] startup
[16.162s] [ext: isaacsim.core.experimental.actuators-0.1.2] startup
[16.189s] [ext: isaacsim.core.experimental.materials-0.7.1] startup
[16.203s] [ext: isaacsim.core.experimental.objects-0.8.1] startup
[16.456s] [ext: omni.hydra.engine.stats-1.0.5] startup
[16.459s] [ext: omni.hydra.rtx.shadercache.vulkan-1.0.0] startup
[16.460s] [ext: omni.index.libs-387500.4413.0] startup
[16.460s] [ext: omni.index-1.0.1] startup
[16.460s] [ext: omni.ujitso.client-0.0.0] startup
[16.461s] [ext: omni.usd.schema.playback-1.0.0] startup
[16.465s] [ext: omni.volume-0.5.2] startup
[16.468s] [ext: omni.hydra.rtx-1.0.4] startup
2026-08-10T13:05:14Z [16,450ms] [Warning] [omni.log] Source: omni.hydra was already registered.
[16.491s] [ext: omni.kit.hydra_texture-1.6.0] startup
[16.495s] [ext: omni.kit.raycast.query-1.2.0] startup
[16.500s] [ext: omni.kit.viewport.legacy_gizmos-1.0.24] startup
[16.503s] [ext: omni.kit.viewport.registry-104.0.6] startup
[16.505s] [ext: omni.kit.viewport.scene_camera_model-1.0.7] startup
[16.510s] [ext: omni.kit.widget.viewport-109.2.0] startup
[16.527s] [ext: omni.kit.window.drop_support-1.0.8] startup
[16.528s] [ext: omni.kit.viewport.window-109.0.2] startup
[16.567s] [ext: omni.kit.viewport.utility-2.0.1] startup
[16.571s] [ext: isaacsim.core.rendering_manager-0.4.3] startup
[16.595s] [ext: omni.graph.action_core-1.1.9] startup
[16.598s] [ext: omni.graph.action_nodes_core-2.11.0] startup
[16.600s] [ext: omni.graph.action_nodes-2.11.0] startup
[16.683s] [ext: omni.graph.action-2.10.2] startup
[16.685s] [ext: omni.graph.image.core-0.6.1] startup
[16.687s] [ext: omni.graph.image.nodes-1.3.1] startup
[16.688s] [ext: omni.graph.nodes_core-2.11.0] startup
[16.697s] [ext: omni.graph.nodes-2.12.0] startup
[16.703s] [ext: omni.kit.hotkeys.core-1.3.12] startup
[16.704s] [ext: omni.kit.property.adapter.core-1.1.1] startup
[16.708s] [ext: omni.kit.property.adapter.usd-1.0.5] startup
[16.712s] [ext: omni.kit.widget.filter-1.1.5] startup
[16.714s] [ext: omni.kit.widget.highlight_label-1.0.3] startup
[16.716s] [ext: omni.kit.widget.searchfield-1.1.8] startup
[16.721s] [ext: omni.kit.window.file_exporter-1.0.36] startup
[16.725s] [ext: omni.kit.widget.stage-4.4.0] startup
[16.761s] [ext: omni.kit.window.content_browser_registry-0.0.6] startup
[16.763s] [ext: omni.kit.window.file-2.0.10] startup
[16.775s] [ext: omni.kit.window.content_browser-3.1.8] startup
[16.793s] [ext: omni.kit.window.property-1.15.1] startup
[16.857s] [ext: omni.kit.property.usd-4.9.4] startup
[16.920s] [ext: omni.graph.scriptnode-2.10.2] startup
[16.934s] [ext: omni.kit.widget.searchable_combobox-1.0.7] startup
[16.938s] [ext: omni.kit.widget.settings-2.0.0] startup
[16.947s] [ext: omni.kit.window.preferences-1.8.3] startup
[16.969s] [ext: omni.kit.viewport.menubar.core-107.2.2] startup
[17.005s] [ext: omni.syntheticdata-0.6.15] startup
[17.065s] [ext: omni.replicator.nv-1.1.1] startup
[17.074s] [ext: omni.videoencoding-0.2.1] startup
[17.079s] [ext: omni.replicator.core-1.13.27] startup
2026-08-10T13:05:14Z [17,109ms] [Warning] [pxr.Semantics] pxr.Semantics is deprecated - please use Semantics instead
2026-08-10T13:05:14Z [17,269ms] [Warning] [omni.replicator.core.scripts.extension] No material configuration file, adding configuration to material settings directly.
[17.701s] [ext: isaacsim.core.nodes-5.10.5] startup
[17.782s] [ext: isaacsim.core.throttling-2.3.5] startup
[17.785s] [ext: omni.kit.manipulator.viewport-107.0.1] startup
[17.788s] [ext: omni.graph.visualization.nodes-2.1.4] startup
[17.833s] [ext: omni.kit.window.extensions-1.5.10] startup
[17.867s] [ext: isaacsim.gui.components-1.8.5] startup
[17.891s] [ext: isaacsim.robot.surface_gripper-3.6.2] startup
[17.909s] [ext: isaacsim.robot.manipulators-3.4.4] startup
[17.929s] [ext: isaacsim.robot_motion.lula-4.1.3] startup
[17.936s] [ext: isaacsim.robot_motion.motion_generation-8.2.9] startup
[17.958s] [ext: isaacsim.cortex.framework-1.0.18] startup
[17.959s] [ext: isaacsim.cortex.behaviors-2.0.17] startup
[17.961s] [ext: isaacsim.examples.base-1.3.2] startup
[17.964s] [ext: omni.kit.widget.zoombar-1.0.7] startup
[17.966s] [ext: omni.kit.browser.core-2.3.18] startup
[17.980s] [ext: omni.kit.browser.folder.core-2.0.2] startup
[17.999s] [ext: omni.kit.widget.stage_icons-1.0.8] startup
[18.001s] [ext: omni.kit.window.stage-2.6.1] startup
[18.006s] [ext: omni.kit.menu.stage-1.2.7] startup
[18.009s] [ext: omni.kit.usd.collect-3.0.6] startup
[18.021s] [ext: omni.kit.widget.prompt-1.0.7] startup
[18.024s] [ext: omni.kit.tool.collect-2.2.19] startup
[18.031s] [ext: isaacsim.examples.browser-0.3.2] startup
[18.038s] [ext: omni.kit.search.files-1.0.4] startup
[18.039s] [ext: omni.kit.widget.calendar-1.0.9] startup
[18.042s] [ext: omni.kit.widget.extended_searchfield-1.0.31] startup
[18.067s] [ext: omni.simready.content.browser-0.3.7] startup
[18.411s] [ext: isaacsim.gui.content_browser-0.4.3] startup
[18.415s] [ext: omni.kit.selection-0.1.6] startup
[18.418s] [ext: isaacsim.gui.menu-2.10.5] startup
[18.441s] [ext: isaacsim.gui.property-1.6.4] startup
[18.467s] [ext: omni.kit.viewport.actions-110.0.0] startup
[18.474s] [ext: omni.kit.viewport.menubar.display-107.1.3] startup
[18.478s] [ext: isaacsim.gui.sensors.icon-2.2.1] startup
[18.485s] [ext: omni.behavior.scripting.core-110.1.0] startup
[18.496s] [ext: isaacsim.replicator.behavior-1.5.4] startup
[18.497s] [ext: isaacsim.replicator.experimental.domain_randomization-1.2.5] startup
[18.535s] [ext: isaacsim.replicator.domain_randomization-1.2.2] startup
[18.611s] [ext: isaacsim.replicator.writers-1.5.4] startup
[18.683s] [ext: isaacsim.robot.experimental.wheeled_robots-0.2.11] startup
[18.750s] [ext: isaacsim.robot.policy.examples-5.2.12] startup
[18.801s] [ext: isaacsim.robot.wheeled_robots-5.2.4] startup
[18.809s] [ext: isaacsim.robot.wheeled_robots.nodes-0.1.5] startup
[18.859s] [ext: isaacsim.robot_motion.experimental.motion_generation-6.1.3] startup
[18.885s] [ext: isaacsim.robot_motion.cumotion-1.3.1] startup
[18.908s] [ext: omni.kit.numpy.common-0.1.3] startup
[18.910s] [ext: isaacsim.sensors.camera-1.7.9] startup
[18.953s] [ext: isaacsim.sensors.experimental.physics-3.0.2] startup
[18.967s] [ext: omni.sensors.net-1.0.1] startup
[18.970s] [ext: omni.sensors.nv.common-3.0.0] startup
[18.980s] [ext: omni.sensors.nv.materials-2.0.0] startup
[18.983s] [ext: omni.sensors.nv.acoustic-3.0.0] startup
[18.985s] [ext: omni.sensors.nv.ids-2.0.1] startup
[18.987s] [ext: omni.sensors.nv.lidar-3.0.0] startup
[18.990s] [ext: omni.sensors.nv.radar-3.0.0] startup
[18.993s] [ext: isaacsim.sensors.experimental.rtx-1.4.6] startup
[19.652s] [ext: isaacsim.sensors.physics.nodes-1.5.3] startup
[19.659s] [ext: isaacsim.util.debug_draw-3.2.3] startup
[19.665s] [ext: isaacsim.sensors.physx-2.5.5] startup
[19.677s] [ext: isaacsim.sensors.rtx-15.17.1] startup
[19.695s] [ext: isaacsim.simulation_app-2.18.4] startup
[19.695s] [ext: omni.anim.curve.core-1.6.0] startup
[19.720s] [ext: omni.graph.ui_nodes-2.11.1] startup
[19.873s] [ext: omni.hydra.scene_api-0.1.3] startup
[19.878s] [ext: omni.kit.manipulator.camera-110.0.0] startup
[19.898s] [ext: omni.kit.manipulator.selector-1.1.4] startup
[19.901s] [ext: omni.kit.manipulator.transform-107.0.0] startup
[19.923s] [ext: omni.kit.widget.toolbar-2.1.0] startup
[19.944s] [ext: omni.kit.manipulator.tool.snap-1.5.14] startup
[19.958s] [ext: omni.kit.viewport.manipulator.transform-107.0.4] startup
[19.965s] [ext: omni.kit.manipulator.prim.core-108.0.2] startup
[19.989s] [ext: omni.kit.manipulator.prim.usd-107.0.3] startup
[19.993s] [ext: omni.kit.manipulator.prim-108.0.0] startup
[19.993s] [ext: omni.kit.manipulator.selection-109.0.1] startup
[19.997s] [ext: omni.kit.menu.create-2.0.2] startup
[20.000s] [ext: omni.kit.property.audio-1.0.16] startup
[20.006s] [ext: omni.kit.property.camera-1.0.14] startup
[20.009s] [ext: omni.kit.property.geometry-2.1.2] startup
[20.018s] [ext: omni.kit.property.light-1.0.14] startup
2026-08-10T13:05:17Z [20,017ms] [Warning] [omni.usd] Encountered USD Warnings but USD Diagnostics are currently muted. To view USD Warnings, please set the '/persistent/app/usd/muteUsdDiagnostics' setting to false in Preferences page.
[20.054s] [ext: omni.kit.property.material-1.14.6] startup
[20.076s] [ext: omni.kit.property.render-1.2.2] startup
[20.079s] [ext: omni.kit.property.transform-1.6.9] startup
[20.098s] [ext: omni.kit.property.bundle-1.5.1] startup
[20.101s] [ext: omni.kit.usdz_export-1.1.0] startup
[20.107s] [ext: omni.kit.tool.asset_importer-6.0.1] startup
[20.126s] [ext: omni.kit.ui.actions-1.0.5] startup
[20.129s] [ext: omni.kit.viewport.menubar.camera-107.0.10] startup
[20.144s] [ext: omni.kit.viewport.menubar.lighting-107.3.2] startup
[20.154s] [ext: omni.kit.viewport.menubar.render-110.0.0] startup
[20.163s] [ext: omni.kit.viewport.menubar.settings-110.0.1] startup
[20.177s] [ext: omni.kit.window.console-1.1.9] startup
[20.186s] [ext: omni.kit.window.status_bar-0.1.11] startup
[20.189s] [ext: omni.kit.window.toolbar-3.0.3] startup
[20.192s] [ext: omni.ocio-0.1.1] startup
[20.193s] [ext: omni.physx.commands-110.1.13] startup
[20.209s] [ext: omni.replicator.replicator_yaml-2.0.12] startup
[20.230s] [ext: omni.rtx.window.settings-0.8.0] startup
[20.240s] [ext: omni.rtx.settings.core-0.7.1] startup
[20.256s] [ext: omni.usd.metrics.assembler.ui-110.1.1] startup
[20.269s] [ext: semantics.schema.editor-2.0.2] startup
[20.277s] [ext: semantics.schema.property-2.0.2] startup
[20.281s] [ext: omni.kit.menu.common-2.0.2] startup
[20.283s] [ext: isaacsim.exp.base-6.0.1] startup
[20.283s] [ext: isaacsim.exp.base.python-6.0.1] startup
[20.285s] Simulation App Starting
[22.963s] Simulation App Startup Complete
[22.964s] app ready
Starting kit application with the following args:  ['/isaac-sim/exts/isaacsim.simulation_app/isaacsim/simulation_app/simulation_app.py', '/isaac-sim/apps/isaacsim.exp.base.python.kit', '--/app/tokens/exe-path=/isaac-sim/kit', '--/persistent/app/viewport/displayOptions=3094', '--/rtx/materialDb/syncLoads=True', '--/rtx/hydra/materialSyncLoads=True', '--/omni/kit/plugin/syncUsdLoads=True', '--/app/renderer/resolution/width=1280', '--/app/renderer/resolution/height=720', '--/app/window/width=1440', '--/app/window/height=900', '--/renderer/multiGpu/enabled=True', '--/app/fastShutdown=True', '--/app/installSignalHandlers=0', '--ext-folder', '/isaac-sim/exts', '--ext-folder', '/isaac-sim/apps', '--/physics/cudaDevice=0', '--/renderer/raytracingMotion/enabled=true', '--/renderer/raytracingMotion/enableHydraEngineMasking=true', "--/renderer/raytracingMotion/enabledForHydraEngines='0'", '--/plugins/carb.tasking.plugin/threadCount=32', '--/plugins/omni.tbb.globalcontrol/maxThreadCount=32', '--portable', '--no-window', '--/app/window/hideUi=1', '--allow-root']
Passing the following args to the base kit application:  ['--official-usda', '/workspace/results/gate0_baseline/gate0_20260810_isaac_official_lidar_asset_freeze_v1_seed0/artifacts/official_asset/Example_Rotary.usda', '--expected-usda-sha256', '0812faf5c310f40316d5a11ab0c6786e19e18ac12cea10edc2e7ee44fc56c8c6', '--control-output-dir', '/workspace/results/gate0_baseline/gate0_20260810_isaac_official_local_usda_writer_control_v2_seed0/artifacts/runtime', '--control-metrics-dir', '/workspace/results/gate0_baseline/gate0_20260810_isaac_official_local_usda_writer_control_v2_seed0/metrics']
Warp 1.13.0 initialized:
   CUDA Toolkit 12.9, Driver 13.0
   Devices:
     "cpu"      : "x86_64"
     "cuda:0"   : "NVIDIA GeForce RTX 5090 D" (31 GiB, sm_120, mempool enabled)
   Kernel cache:
     /root/.cache/warp/1.13.0
2026-08-10T13:05:23Z [26,014ms] [Warning] [omni.replicator.core.scripts.orchestrator] Timed out while waiting for pending Replicator writer schedules to drain.
2026-08-10T13:05:23Z [26,014ms] [Warning] [omni.replicator.core.scripts.orchestrator] Timed out while waiting for pending Replicator writer schedules to drain.
[26.174s] Simulation App Shutting Down
finished_at_utc=2026-08-10T13:05:25.115358+00:00
duration_seconds=28.136597
exit_code=0
