{"task": "S01_flat_tree_small_C01__c1_mixed", "state": "READING", "elapsed_s": 0.3626847940031439}
{"task": "S01_flat_tree_small_C01__c1_mixed", "counts": {"observations": 18, "unique_sensor_frames": 90, "visible_fragments": 140, "candidate_region_instances": 158, "center_labels": 117, "events": {"corridor": 76, "junction": 4, "terminal": 0}, "member_positive": 210, "member_negative": 1294, "observations_with_nonincident_source_ambiguity": 2}, "old_teacher_exact": true, "state": "TARGETS_WRITTEN", "elapsed_s": 1.5115878737997264}
{"task": "S02_3d_tree_small_C01__c1_mixed", "state": "READING", "elapsed_s": 1.5117202899418771}
{"task": "S02_3d_tree_small_C01__c1_mixed", "counts": {"observations": 18, "unique_sensor_frames": 90, "visible_fragments": 134, "candidate_region_instances": 152, "center_labels": 115, "events": {"corridor": 88, "junction": 0, "terminal": 0}, "member_positive": 204, "member_negative": 1286, "observations_with_nonincident_source_ambiguity": 4}, "old_teacher_exact": true, "state": "TARGETS_WRITTEN", "elapsed_s": 2.6830120699014515}
{"task": "S03_flat_unicyclic_small_C01__c1_mixed", "state": "READING", "elapsed_s": 2.683149080025032}
{"task": "S03_flat_unicyclic_small_C01__c1_mixed", "counts": {"observations": 18, "unique_sensor_frames": 90, "visible_fragments": 156, "candidate_region_instances": 174, "center_labels": 130, "events": {"corridor": 80, "junction": 0, "terminal": 0}, "member_positive": 214, "member_negative": 1419, "observations_with_nonincident_source_ambiguity": 0}, "old_teacher_exact": true, "state": "TARGETS_WRITTEN", "elapsed_s": 3.621824461966753}
{"task": "S04_3d_unicyclic_small_C01__c1_mixed", "state": "READING", "elapsed_s": 3.6219775578938425}
{"task": "S04_3d_unicyclic_small_C01__c1_mixed", "counts": {"observations": 18, "unique_sensor_frames": 90, "visible_fragments": 170, "candidate_region_instances": 188, "center_labels": 139, "events": {"corridor": 95, "junction": 2, "terminal": 0}, "member_positive": 242, "member_negative": 1685, "observations_with_nonincident_source_ambiguity": 8}, "old_teacher_exact": true, "state": "TARGETS_WRITTEN", "elapsed_s": 4.572264572838321}
{"task": "S05_flat_branch_medium_C01__c1_mixed", "state": "READING", "elapsed_s": 4.572444252902642}
{"task": "S05_flat_branch_medium_C01__c1_mixed", "counts": {"observations": 18, "unique_sensor_frames": 90, "visible_fragments": 140, "candidate_region_instances": 158, "center_labels": 120, "events": {"corridor": 85, "junction": 0, "terminal": 0}, "member_positive": 209, "member_negative": 1324, "observations_with_nonincident_source_ambiguity": 3}, "old_teacher_exact": true, "state": "TARGETS_WRITTEN", "elapsed_s": 5.639817470917478}
{"task": "S06_3d_branch_medium_C01__c1_mixed", "state": "READING", "elapsed_s": 5.640019429847598}
{"task": "S06_3d_branch_medium_C01__c1_mixed", "counts": {"observations": 18, "unique_sensor_frames": 90, "visible_fragments": 160, "candidate_region_instances": 178, "center_labels": 121, "events": {"corridor": 86, "junction": 6, "terminal": 0}, "member_positive": 229, "member_negative": 1371, "observations_with_nonincident_source_ambiguity": 3}, "old_teacher_exact": true, "state": "TARGETS_WRITTEN", "elapsed_s": 6.84082288085483}
{"task": "S07_flat_loop_rich_C01__c1_mixed", "state": "READING", "elapsed_s": 6.8410334719810635}
{"task": "S07_flat_loop_rich_C01__c1_mixed", "counts": {"observations": 18, "unique_sensor_frames": 90, "visible_fragments": 126, "candidate_region_instances": 144, "center_labels": 100, "events": {"corridor": 74, "junction": 1, "terminal": 0}, "member_positive": 184, "member_negative": 893, "observations_with_nonincident_source_ambiguity": 0}, "old_teacher_exact": true, "state": "TARGETS_WRITTEN", "elapsed_s": 7.952693583909422}
{"task": "S08_3d_loop_rich_C01__c1_mixed", "state": "READING", "elapsed_s": 7.952995605999604}
{"task": "S08_3d_loop_rich_C01__c1_mixed", "counts": {"observations": 18, "unique_sensor_frames": 90, "visible_fragments": 163, "candidate_region_instances": 182, "center_labels": 139, "events": {"corridor": 119, "junction": 1, "terminal": 0}, "member_positive": 262, "member_negative": 1849, "observations_with_nonincident_source_ambiguity": 2}, "old_teacher_exact": true, "state": "TARGETS_WRITTEN", "elapsed_s": 8.969018446980044}
{"task": "S09_flat_complex_C01__c1_mixed", "state": "READING", "elapsed_s": 8.969321643933654}
{"task": "S09_flat_complex_C01__c1_mixed", "counts": {"observations": 18, "unique_sensor_frames": 90, "visible_fragments": 122, "candidate_region_instances": 140, "center_labels": 108, "events": {"corridor": 85, "junction": 0, "terminal": 0}, "member_positive": 197, "member_negative": 1056, "observations_with_nonincident_source_ambiguity": 0}, "old_teacher_exact": true, "state": "TARGETS_WRITTEN", "elapsed_s": 10.14168306789361}
{"task": "S10_3d_complex_C01__c1_mixed", "state": "READING", "elapsed_s": 10.142074916977435}
{"task": "S10_3d_complex_C01__c1_mixed", "counts": {"observations": 18, "unique_sensor_frames": 90, "visible_fragments": 141, "candidate_region_instances": 161, "center_labels": 117, "events": {"corridor": 84, "junction": 0, "terminal": 0}, "member_positive": 204, "member_negative": 1333, "observations_with_nonincident_source_ambiguity": 3}, "old_teacher_exact": true, "state": "TARGETS_WRITTEN", "elapsed_s": 11.192199867917225}
