{"completed": 1, "of": 210, "task_id": "S01_flat_tree_small_C07__c1_mixed", "sidecar_bytes": 93556}
{"completed": 2, "of": 210, "task_id": "S01_flat_tree_small_C07__ellipse", "sidecar_bytes": 95402}
{"completed": 3, "of": 210, "task_id": "S01_flat_tree_small_C07__rounded_rectangle", "sidecar_bytes": 92934}
{"completed": 4, "of": 210, "task_id": "S02_3d_tree_small_C07__c1_mixed", "sidecar_bytes": 110528}
{"completed": 5, "of": 210, "task_id": "S02_3d_tree_small_C07__ellipse", "sidecar_bytes": 112694}
{"completed": 6, "of": 210, "task_id": "S02_3d_tree_small_C07__rounded_rectangle", "sidecar_bytes": 109516}
{"completed": 7, "of": 210, "task_id": "S03_flat_unicyclic_small_C07__c1_mixed", "sidecar_bytes": 98763}
{"completed": 8, "of": 210, "task_id": "S03_flat_unicyclic_small_C07__ellipse", "sidecar_bytes": 101150}
{"completed": 9, "of": 210, "task_id": "S03_flat_unicyclic_small_C07__rounded_rectangle", "sidecar_bytes": 96581}
{"completed": 10, "of": 210, "task_id": "S04_3d_unicyclic_small_C07__c1_mixed", "sidecar_bytes": 143164}
{"completed": 11, "of": 210, "task_id": "S04_3d_unicyclic_small_C07__ellipse", "sidecar_bytes": 147101}
{"completed": 12, "of": 210, "task_id": "S04_3d_unicyclic_small_C07__rounded_rectangle", "sidecar_bytes": 140420}
{"completed": 13, "of": 210, "task_id": "S05_flat_branch_medium_C07__c1_mixed", "sidecar_bytes": 167968}
{"completed": 14, "of": 210, "task_id": "S05_flat_branch_medium_C07__ellipse", "sidecar_bytes": 171613}
{"completed": 15, "of": 210, "task_id": "S05_flat_branch_medium_C07__rounded_rectangle", "sidecar_bytes": 165267}
{"completed": 16, "of": 210, "task_id": "S06_3d_branch_medium_C07__c1_mixed", "sidecar_bytes": 207183}
{"completed": 17, "of": 210, "task_id": "S06_3d_branch_medium_C07__ellipse", "sidecar_bytes": 208204}
{"completed": 18, "of": 210, "task_id": "S06_3d_branch_medium_C07__rounded_rectangle", "sidecar_bytes": 205074}
{"completed": 19, "of": 210, "task_id": "S07_flat_loop_rich_C07__c1_mixed", "sidecar_bytes": 255917}
{"completed": 20, "of": 210, "task_id": "S07_flat_loop_rich_C07__ellipse", "sidecar_bytes": 259659}
{"completed": 21, "of": 210, "task_id": "S07_flat_loop_rich_C07__rounded_rectangle", "sidecar_bytes": 251950}
Traceback (most recent call last):
  File "/home/zeng-workstation/mtare_topo_comm/tools/v3/execute_primitive_composition_anchor_target_sidecar_v1.py", line 363, in <module>
    raise SystemExit(main())
                     ~~~~^^
  File "/home/zeng-workstation/mtare_topo_comm/tools/v3/execute_primitive_composition_anchor_target_sidecar_v1.py", line 307, in main
    record = _task(
        row,
    ...<5 lines>...
        output_root=output / "anchor_targets",
    )
  File "/home/zeng-workstation/mtare_topo_comm/tools/v3/execute_primitive_composition_anchor_target_sidecar_v1.py", line 223, in _task
    raise RuntimeError(f"composition-anchor norm exceeds histogram contract: {task_id}")
RuntimeError: composition-anchor norm exceeds histogram contract: S08_3d_loop_rich_C07__c1_mixed
