{
  "c09_worlds_read": 0,
  "fit_sequences": 142184,
  "fit_worlds": 60,
  "mtare_worlds_read": 0,
  "selection_sequences": 45942,
  "selection_worlds": 20,
  "strict_test_worlds_read": 0,
  "unique_frames": 252430
}
	Command being timed: "/home/zeng-workstation/.local/share/mtare_topo_comm/envs/phase3_torch290_cu129_zarr2187_v1/bin/python /home/zeng-workstation/mtare_topo_comm/tools/v3/build_gse_slope_corrective_cache_v1.py --dataset-run /home/zeng-workstation/mtare_topo_comm/results/gate2_representation/gate2_20260824_gse_deduplicated_dataset_export_v1_seed0 --output-dir /home/zeng-workstation/mtare_topo_comm/results/gate2_representation/gate2_20260824_gse_slope_corrective_three_seed_training_v1r_seed0/artifacts/slope_corrective_cache"
	User time (seconds): 517.98
	System time (seconds): 16.13
	Percent of CPU this job got: 112%
	Elapsed (wall clock) time (h:mm:ss or m:ss): 7:55.17
	Average shared text size (kbytes): 0
	Average unshared data size (kbytes): 0
	Average stack size (kbytes): 0
	Average total size (kbytes): 0
	Maximum resident set size (kbytes): 646976
	Average resident set size (kbytes): 0
	Major (requiring I/O) page faults: 0
	Minor (reclaiming a frame) page faults: 98493
	Voluntary context switches: 6878150
	Involuntary context switches: 6281
	Swaps: 0
	File system inputs: 0
	File system outputs: 16536
	Socket messages sent: 0
	Socket messages received: 0
	Signals delivered: 0
	Page size (bytes): 4096
	Exit status: 0

runner_observed_seconds=475.180358
