{"index": 1, "of": 90, "pairs": 707, "sequences": 1252, "structural": 355, "world": "S01_flat_tree_small_C01"}
{"index": 2, "of": 90, "pairs": 480, "sequences": 1134, "structural": 241, "world": "S01_flat_tree_small_C02"}
{"index": 3, "of": 90, "pairs": 669, "sequences": 1522, "structural": 338, "world": "S01_flat_tree_small_C03"}
{"index": 4, "of": 90, "pairs": 517, "sequences": 860, "structural": 263, "world": "S01_flat_tree_small_C04"}
{"index": 5, "of": 90, "pairs": 844, "sequences": 1176, "structural": 424, "world": "S01_flat_tree_small_C05"}
{"index": 6, "of": 90, "pairs": 500, "sequences": 1224, "structural": 254, "world": "S01_flat_tree_small_C06"}
{"index": 7, "of": 90, "pairs": 488, "sequences": 1004, "structural": 245, "world": "S01_flat_tree_small_C07"}
{"index": 8, "of": 90, "pairs": 842, "sequences": 1218, "structural": 422, "world": "S01_flat_tree_small_C08"}
{"index": 9, "of": 90, "pairs": 728, "sequences": 1474, "structural": 366, "world": "S01_flat_tree_small_C09"}
{"index": 10, "of": 90, "pairs": 605, "sequences": 1314, "structural": 304, "world": "S02_3d_tree_small_C01"}
{"index": 11, "of": 90, "pairs": 552, "sequences": 1212, "structural": 280, "world": "S02_3d_tree_small_C02"}
{"index": 12, "of": 90, "pairs": 654, "sequences": 1618, "structural": 329, "world": "S02_3d_tree_small_C03"}
{"index": 13, "of": 90, "pairs": 491, "sequences": 1042, "structural": 246, "world": "S02_3d_tree_small_C04"}
{"index": 14, "of": 90, "pairs": 626, "sequences": 1292, "structural": 315, "world": "S02_3d_tree_small_C05"}
{"index": 15, "of": 90, "pairs": 723, "sequences": 1538, "structural": 366, "world": "S02_3d_tree_small_C06"}
{"index": 16, "of": 90, "pairs": 418, "sequences": 922, "structural": 209, "world": "S02_3d_tree_small_C07"}
{"index": 17, "of": 90, "pairs": 652, "sequences": 1590, "structural": 327, "world": "S02_3d_tree_small_C08"}
{"index": 18, "of": 90, "pairs": 1062, "sequences": 1334, "structural": 533, "world": "S02_3d_tree_small_C09"}
{"index": 19, "of": 90, "pairs": 663, "sequences": 1510, "structural": 333, "world": "S03_flat_unicyclic_small_C01"}
{"index": 20, "of": 90, "pairs": 925, "sequences": 1864, "structural": 465, "world": "S03_flat_unicyclic_small_C02"}
{"index": 21, "of": 90, "pairs": 919, "sequences": 1770, "structural": 462, "world": "S03_flat_unicyclic_small_C03"}
{"index": 22, "of": 90, "pairs": 733, "sequences": 1566, "structural": 369, "world": "S03_flat_unicyclic_small_C04"}
{"index": 23, "of": 90, "pairs": 1264, "sequences": 1444, "structural": 635, "world": "S03_flat_unicyclic_small_C05"}
{"index": 24, "of": 90, "pairs": 724, "sequences": 1380, "structural": 366, "world": "S03_flat_unicyclic_small_C06"}
{"index": 25, "of": 90, "pairs": 641, "sequences": 906, "structural": 322, "world": "S03_flat_unicyclic_small_C07"}
{"index": 26, "of": 90, "pairs": 597, "sequences": 1414, "structural": 300, "world": "S03_flat_unicyclic_small_C08"}
{"index": 27, "of": 90, "pairs": 1083, "sequences": 1466, "structural": 543, "world": "S03_flat_unicyclic_small_C09"}
{"index": 28, "of": 90, "pairs": 774, "sequences": 1408, "structural": 390, "world": "S04_3d_unicyclic_small_C01"}
{"index": 29, "of": 90, "pairs": 723, "sequences": 1174, "structural": 362, "world": "S04_3d_unicyclic_small_C02"}
{"index": 30, "of": 90, "pairs": 932, "sequences": 1754, "structural": 470, "world": "S04_3d_unicyclic_small_C03"}
{"index": 31, "of": 90, "pairs": 808, "sequences": 1268, "structural": 406, "world": "S04_3d_unicyclic_small_C04"}
{"index": 32, "of": 90, "pairs": 757, "sequences": 1058, "structural": 381, "world": "S04_3d_unicyclic_small_C05"}
{"index": 33, "of": 90, "pairs": 915, "sequences": 1408, "structural": 461, "world": "S04_3d_unicyclic_small_C06"}
{"index": 34, "of": 90, "pairs": 818, "sequences": 1134, "structural": 411, "world": "S04_3d_unicyclic_small_C07"}
{"index": 35, "of": 90, "pairs": 883, "sequences": 1526, "structural": 445, "world": "S04_3d_unicyclic_small_C08"}
{"index": 36, "of": 90, "pairs": 1112, "sequences": 1624, "structural": 559, "world": "S04_3d_unicyclic_small_C09"}
{"index": 37, "of": 90, "pairs": 1041, "sequences": 2190, "structural": 524, "world": "S05_flat_branch_medium_C01"}
{"index": 38, "of": 90, "pairs": 1431, "sequences": 2412, "structural": 718, "world": "S05_flat_branch_medium_C02"}
{"index": 39, "of": 90, "pairs": 1102, "sequences": 2468, "structural": 554, "world": "S05_flat_branch_medium_C03"}
{"index": 40, "of": 90, "pairs": 1209, "sequences": 2088, "structural": 609, "world": "S05_flat_branch_medium_C04"}
{"index": 41, "of": 90, "pairs": 1123, "sequences": 1980, "structural": 565, "world": "S05_flat_branch_medium_C05"}
{"index": 42, "of": 90, "pairs": 1887, "sequences": 2752, "structural": 948, "world": "S05_flat_branch_medium_C06"}
{"index": 43, "of": 90, "pairs": 876, "sequences": 2068, "structural": 439, "world": "S05_flat_branch_medium_C07"}
{"index": 44, "of": 90, "pairs": 1281, "sequences": 2466, "structural": 643, "world": "S05_flat_branch_medium_C08"}
{"index": 45, "of": 90, "pairs": 1257, "sequences": 2032, "structural": 630, "world": "S05_flat_branch_medium_C09"}
{"index": 46, "of": 90, "pairs": 1053, "sequences": 1654, "structural": 528, "world": "S06_3d_branch_medium_C01"}
{"index": 47, "of": 90, "pairs": 1198, "sequences": 1914, "structural": 602, "world": "S06_3d_branch_medium_C02"}
{"index": 48, "of": 90, "pairs": 1255, "sequences": 1782, "structural": 631, "world": "S06_3d_branch_medium_C03"}
{"index": 49, "of": 90, "pairs": 1534, "sequences": 3006, "structural": 776, "world": "S06_3d_branch_medium_C04"}
{"index": 50, "of": 90, "pairs": 1274, "sequences": 2208, "structural": 639, "world": "S06_3d_branch_medium_C05"}
{"index": 51, "of": 90, "pairs": 719, "sequences": 2472, "structural": 362, "world": "S06_3d_branch_medium_C06"}
{"index": 52, "of": 90, "pairs": 802, "sequences": 1676, "structural": 402, "world": "S06_3d_branch_medium_C07"}
{"index": 53, "of": 90, "pairs": 1200, "sequences": 2174, "structural": 603, "world": "S06_3d_branch_medium_C08"}
{"index": 54, "of": 90, "pairs": 912, "sequences": 2082, "structural": 459, "world": "S06_3d_branch_medium_C09"}
{"index": 55, "of": 90, "pairs": 1971, "sequences": 3432, "structural": 1002, "world": "S07_flat_loop_rich_C01"}
{"index": 56, "of": 90, "pairs": 1870, "sequences": 3468, "structural": 936, "world": "S07_flat_loop_rich_C02"}
{"index": 57, "of": 90, "pairs": 1923, "sequences": 2662, "structural": 966, "world": "S07_flat_loop_rich_C03"}
{"index": 58, "of": 90, "pairs": 2013, "sequences": 3408, "structural": 1011, "world": "S07_flat_loop_rich_C04"}
{"index": 59, "of": 90, "pairs": 1538, "sequences": 2800, "structural": 772, "world": "S07_flat_loop_rich_C05"}
{"index": 60, "of": 90, "pairs": 1680, "sequences": 3026, "structural": 842, "world": "S07_flat_loop_rich_C06"}
{"index": 61, "of": 90, "pairs": 1512, "sequences": 2678, "structural": 759, "world": "S07_flat_loop_rich_C07"}
{"index": 62, "of": 90, "pairs": 1305, "sequences": 2654, "structural": 655, "world": "S07_flat_loop_rich_C08"}
{"index": 63, "of": 90, "pairs": 1814, "sequences": 2742, "structural": 913, "world": "S07_flat_loop_rich_C09"}
{"index": 64, "of": 90, "pairs": 1726, "sequences": 3230, "structural": 866, "world": "S08_3d_loop_rich_C01"}
{"index": 65, "of": 90, "pairs": 1517, "sequences": 3304, "structural": 762, "world": "S08_3d_loop_rich_C02"}
{"index": 66, "of": 90, "pairs": 1511, "sequences": 2364, "structural": 760, "world": "S08_3d_loop_rich_C03"}
{"index": 67, "of": 90, "pairs": 1870, "sequences": 3650, "structural": 940, "world": "S08_3d_loop_rich_C04"}
{"index": 68, "of": 90, "pairs": 1518, "sequences": 2668, "structural": 764, "world": "S08_3d_loop_rich_C05"}
{"index": 69, "of": 90, "pairs": 1838, "sequences": 3272, "structural": 925, "world": "S08_3d_loop_rich_C06"}
{"index": 70, "of": 90, "pairs": 2386, "sequences": 3458, "structural": 1199, "world": "S08_3d_loop_rich_C07"}
{"index": 71, "of": 90, "pairs": 2013, "sequences": 3212, "structural": 1013, "world": "S08_3d_loop_rich_C08"}
{"index": 72, "of": 90, "pairs": 1809, "sequences": 3434, "structural": 910, "world": "S08_3d_loop_rich_C09"}
{"index": 73, "of": 90, "pairs": 1779, "sequences": 4704, "structural": 892, "world": "S09_flat_complex_C01"}
{"index": 74, "of": 90, "pairs": 2027, "sequences": 3344, "structural": 1017, "world": "S09_flat_complex_C02"}
{"index": 75, "of": 90, "pairs": 2012, "sequences": 3840, "structural": 1009, "world": "S09_flat_complex_C03"}
{"index": 76, "of": 90, "pairs": 1804, "sequences": 3520, "structural": 904, "world": "S09_flat_complex_C04"}
{"index": 77, "of": 90, "pairs": 2617, "sequences": 4594, "structural": 1314, "world": "S09_flat_complex_C05"}
{"index": 78, "of": 90, "pairs": 2057, "sequences": 3376, "structural": 1035, "world": "S09_flat_complex_C06"}
{"index": 79, "of": 90, "pairs": 1984, "sequences": 3580, "structural": 995, "world": "S09_flat_complex_C07"}
{"index": 80, "of": 90, "pairs": 3064, "sequences": 4182, "structural": 1538, "world": "S09_flat_complex_C08"}
{"index": 81, "of": 90, "pairs": 2056, "sequences": 3914, "structural": 1030, "world": "S09_flat_complex_C09"}
{"index": 82, "of": 90, "pairs": 1563, "sequences": 2624, "structural": 784, "world": "S10_3d_complex_C01"}
{"index": 83, "of": 90, "pairs": 2368, "sequences": 4052, "structural": 1193, "world": "S10_3d_complex_C02"}
{"index": 84, "of": 90, "pairs": 2121, "sequences": 3706, "structural": 1067, "world": "S10_3d_complex_C03"}
{"index": 85, "of": 90, "pairs": 2338, "sequences": 4282, "structural": 1174, "world": "S10_3d_complex_C04"}
{"index": 86, "of": 90, "pairs": 2137, "sequences": 3622, "structural": 1079, "world": "S10_3d_complex_C05"}
{"index": 87, "of": 90, "pairs": 2037, "sequences": 3522, "structural": 1025, "world": "S10_3d_complex_C06"}
{"index": 88, "of": 90, "pairs": 2337, "sequences": 4122, "structural": 1175, "world": "S10_3d_complex_C07"}
{"index": 89, "of": 90, "pairs": 3162, "sequences": 3958, "structural": 1591, "world": "S10_3d_complex_C08"}
{"index": 90, "of": 90, "pairs": 2130, "sequences": 4360, "structural": 1068, "world": "S10_3d_complex_C09"}
{
  "association_pair_counts": {
    "train": {
      "cross_traversal_positive": 52174,
      "same_event_geometry_hard_negative": 52962,
      "same_traversal_revisit_positive": 291
    },
    "validation": {
      "cross_traversal_positive": 6906,
      "same_event_geometry_hard_negative": 7011,
      "same_traversal_revisit_positive": 46
    }
  },
  "checks": {
    "all_association_pair_keys_unique": true,
    "all_observation_ids_unique": true,
    "exact_total_directed_traversals": true,
    "exact_total_referenced_frames": true,
    "exact_total_sequences": true,
    "exact_total_unique_frames": true,
    "exact_train_directed_traversal_count": true,
    "exact_train_edge_count": true,
    "exact_train_referenced_frame_count": true,
    "exact_train_sequence_count": true,
    "exact_train_unique_frame_count": true,
    "exact_train_world_count": true,
    "exact_two_zero_sequence_traversals": true,
    "exact_validation_directed_traversal_count": true,
    "exact_validation_edge_count": true,
    "exact_validation_referenced_frame_count": true,
    "exact_validation_sequence_count": true,
    "exact_validation_unique_frame_count": true,
    "exact_validation_world_count": true,
    "train_cross_traversal_positives_nonzero": true,
    "train_event_distribution_matches_sealed_proof": true,
    "train_hard_negatives_nonzero": true,
    "validation_cross_traversal_positives_nonzero": true,
    "validation_hard_negatives_nonzero": true,
    "zero_strict_test_mtare_reads": true
  },
  "duration_seconds": 96.92890678002732,
  "event_counts": {
    "train": {
      "corridor": 135123,
      "geometry_transition": 16867,
      "junction": 26608,
      "terminal": 7525,
      "turn": 2003
    },
    "validation": {
      "corridor": 17451,
      "geometry_transition": 2616,
      "junction": 3216,
      "terminal": 869,
      "turn": 310
    }
  },
  "model_inference_frames": 0,
  "mtare_worlds_read": 0,
  "optimizer_steps": 0,
  "overall_status": "PASS_GSE_TEACHER_MANIFEST_V1",
  "resource_estimate": {
    "compression_estimate": "not claimed; teacher export must enforce an observed disk limit",
    "forbidden_duplicated_five_frame_payload_bytes": 61225344000,
    "forbidden_duplicated_payload_gib": 57.02054500579834,
    "range_shape_per_frame": [
      16,
      720
    ],
    "sequence_reference_int64_bytes": 8503520,
    "unique_payload_gib": 15.294384956359863,
    "unique_range_float32_plus_valid_uint8_bytes": 16422220800
  },
  "schema_version": "gse_teacher_manifest_v1",
  "split_totals": {
    "train": {
      "association_identity_count": 4493,
      "directed_traversal_count": 16078,
      "edge_count": 8039,
      "hard_negative_anchor_count": 52962,
      "positive_anchor_count": 52465,
      "referenced_frame_count": 940630,
      "sequence_count": 188126,
      "structural_observation_count": 53003,
      "unique_frame_count": 252430,
      "world_count": 80,
      "zero_sequence_traversal_count": 2
    },
    "validation": {
      "association_identity_count": 594,
      "directed_traversal_count": 2054,
      "edge_count": 1027,
      "hard_negative_anchor_count": 7011,
      "positive_anchor_count": 6952,
      "referenced_frame_count": 122310,
      "sequence_count": 24462,
      "structural_observation_count": 7011,
      "unique_frame_count": 32678,
      "world_count": 10,
      "zero_sequence_traversal_count": 0
    }
  },
  "strict_test_worlds_read": 0,
  "total_association_pair_count": 119390,
  "total_observation_count": 212588,
  "training_samples_consumed": 0,
  "validation_worlds_read": 10
}

duration_seconds=97.997511
exit_code=0
