{
  "c09_reads": 0,
  "c10_reads": 0,
  "contract": {
    "effective_frames": 600,
    "effective_stride": 5,
    "environment_seed": 11,
    "maximum_collection_sim_seconds": 660.0,
    "minimum_distance_m": 50.0,
    "planner_seed": 11,
    "raw_frames": 3000,
    "schema_version": "aee_domain_trajectory_contract_v1",
    "split": "train",
    "test_id": "0001",
    "trajectory_id": "00_tunnel_seed11",
    "world": "tunnel"
  },
  "evidence": {
    "conversion_totals": {
      "accepted_points": 16052428,
      "duplicate_cell_returns": 39486,
      "finite_points": 16059678,
      "input_points": 16059678,
      "out_of_range_points": 7250,
      "out_of_ring_points": 0,
      "unique_valid_cells": 16012942
    },
    "effective_frames": 600,
    "raw_frames": 3000,
    "sensor_shard_audit": {
      "effective_frames": 600,
      "missing_arrays": [],
      "nonfinite_arrays": [],
      "passed": true,
      "range_and_valid_contract_passed": true,
      "raw_frame_indices_exact": true,
      "schema_version": "aee_domain_sensor_shard_audit_v1",
      "shape_mismatches": {}
    },
    "sensor_shard_bytes": 12712623,
    "sensor_shard_sha256": "f4203f0ae68c830a01b6d788d5b662c56d799c9dc091c49b656362c10499a338",
    "topic_audit": {
      "empty_required_topics": [],
      "missing_topics": [],
      "observed_required_messages": 772285,
      "passed": true,
      "type_mismatches": []
    },
    "trajectory_distance_m": 1131.998926796052
  },
  "live_matched_frames": 3000,
  "raw_bag_bytes": 5374640214,
  "raw_bag_sha256": "c508f0bca333d546ecf33a5cf388d860373debc6e84a245b174ce6872dc0733a",
  "schema_version": "aee_domain_trajectory_summary_v1",
  "start_sim_sec": 1.5779999999999998,
  "status": "PASS_AEE_DOMAIN_TRAJECTORY_V1",
  "teacher_queries": 0,
  "training_steps": 0,
  "wall_duration_sec": 631.9894989890017
}
