{
  "c09_reads": 0,
  "c10_reads": 0,
  "contract": {
    "effective_frames": 600,
    "effective_stride": 5,
    "environment_seed": 37,
    "maximum_collection_sim_seconds": 660.0,
    "minimum_distance_m": 50.0,
    "planner_seed": 37,
    "raw_frames": 3000,
    "schema_version": "aee_domain_trajectory_contract_v1",
    "split": "train",
    "test_id": "0001",
    "trajectory_id": "02_tunnel_seed37",
    "world": "tunnel"
  },
  "evidence": {
    "conversion_totals": {
      "accepted_points": 15990948,
      "duplicate_cell_returns": 39144,
      "finite_points": 15998947,
      "input_points": 15998947,
      "out_of_range_points": 7999,
      "out_of_ring_points": 0,
      "unique_valid_cells": 15951804
    },
    "effective_frames": 600,
    "raw_frames": 3000,
    "sensor_shard_audit": {
      "effective_frames": 600,
      "missing_arrays": [],
      "nonfinite_arrays": [],
      "passed": true,
      "range_and_valid_contract_passed": true,
      "raw_frame_indices_exact": true,
      "schema_version": "aee_domain_sensor_shard_audit_v1",
      "shape_mismatches": {}
    },
    "sensor_shard_bytes": 12650162,
    "sensor_shard_sha256": "2349341dcef83094688122a07d2b5425b15bb1a17baed0fe0ee1b7e9dfed0d88",
    "topic_audit": {
      "empty_required_topics": [],
      "missing_topics": [],
      "observed_required_messages": 772168,
      "passed": true,
      "type_mismatches": []
    },
    "trajectory_distance_m": 1136.2096343970516
  },
  "live_matched_frames": 3000,
  "raw_bag_bytes": 5322737680,
  "raw_bag_sha256": "10b615432d3bbd1bea216ee320ff796aae54cc70b445d6557dac3f4d36cdc9d5",
  "schema_version": "aee_domain_trajectory_summary_v1",
  "start_sim_sec": 1.474,
  "status": "PASS_AEE_DOMAIN_TRAJECTORY_V1",
  "teacher_queries": 0,
  "training_steps": 0,
  "wall_duration_sec": 634.1381845819997
}
