{
  "c09_reads": 0,
  "c10_reads": 0,
  "contract": {
    "effective_frames": 600,
    "effective_stride": 5,
    "environment_seed": 53,
    "maximum_collection_sim_seconds": 660.0,
    "minimum_distance_m": 50.0,
    "planner_seed": 53,
    "raw_frames": 3000,
    "schema_version": "aee_domain_trajectory_contract_v1",
    "split": "train",
    "test_id": "0001",
    "trajectory_id": "03_tunnel_seed53",
    "world": "tunnel"
  },
  "evidence": {
    "conversion_totals": {
      "accepted_points": 15971943,
      "duplicate_cell_returns": 33618,
      "finite_points": 15980517,
      "input_points": 15980517,
      "out_of_range_points": 8574,
      "out_of_ring_points": 0,
      "unique_valid_cells": 15938325
    },
    "effective_frames": 600,
    "raw_frames": 3000,
    "sensor_shard_audit": {
      "effective_frames": 600,
      "missing_arrays": [],
      "nonfinite_arrays": [],
      "passed": true,
      "range_and_valid_contract_passed": true,
      "raw_frame_indices_exact": true,
      "schema_version": "aee_domain_sensor_shard_audit_v1",
      "shape_mismatches": {}
    },
    "sensor_shard_bytes": 12637569,
    "sensor_shard_sha256": "95a8389cb509cc556ac6a63bebe206476bc5f5ea7927052af3ee0186f2c2f918",
    "topic_audit": {
      "empty_required_topics": [],
      "missing_topics": [],
      "observed_required_messages": 772389,
      "passed": true,
      "type_mismatches": []
    },
    "trajectory_distance_m": 1158.226897521718
  },
  "live_matched_frames": 3000,
  "raw_bag_bytes": 5611118092,
  "raw_bag_sha256": "6d1f0e627c3d7f861b43978fb26aa595c7d01ca8a2b6b3a47f749c399c644aa7",
  "schema_version": "aee_domain_trajectory_summary_v1",
  "start_sim_sec": 1.714,
  "status": "PASS_AEE_DOMAIN_TRAJECTORY_V1",
  "teacher_queries": 0,
  "training_steps": 0,
  "wall_duration_sec": 631.1115267310088
}
