{
  "c09_reads": 0,
  "c10_reads": 0,
  "contract": {
    "effective_frames": 600,
    "effective_stride": 5,
    "environment_seed": 71,
    "maximum_collection_sim_seconds": 660.0,
    "minimum_distance_m": 50.0,
    "planner_seed": 71,
    "raw_frames": 3000,
    "schema_version": "aee_domain_trajectory_contract_v1",
    "split": "train",
    "test_id": "0001",
    "trajectory_id": "04_tunnel_seed71",
    "world": "tunnel"
  },
  "evidence": {
    "conversion_totals": {
      "accepted_points": 16027996,
      "duplicate_cell_returns": 39072,
      "finite_points": 16035706,
      "input_points": 16035706,
      "out_of_range_points": 7710,
      "out_of_ring_points": 0,
      "unique_valid_cells": 15988924
    },
    "effective_frames": 600,
    "raw_frames": 3000,
    "sensor_shard_audit": {
      "effective_frames": 600,
      "missing_arrays": [],
      "nonfinite_arrays": [],
      "passed": true,
      "range_and_valid_contract_passed": true,
      "raw_frame_indices_exact": true,
      "schema_version": "aee_domain_sensor_shard_audit_v1",
      "shape_mismatches": {}
    },
    "sensor_shard_bytes": 12680840,
    "sensor_shard_sha256": "1f74153cd2a7e5b2cdf4a7a3a6b37ee725a3efb3de0a783c4d4e9f9d2eb80d9f",
    "topic_audit": {
      "empty_required_topics": [],
      "missing_topics": [],
      "observed_required_messages": 772047,
      "passed": true,
      "type_mismatches": []
    },
    "trajectory_distance_m": 1144.196337997636
  },
  "live_matched_frames": 3000,
  "raw_bag_bytes": 5614268578,
  "raw_bag_sha256": "6ca4bda3c04332571860516900a7774313916b7171629a38187a3ff8cd5d9d52",
  "schema_version": "aee_domain_trajectory_summary_v1",
  "start_sim_sec": 1.498,
  "status": "PASS_AEE_DOMAIN_TRAJECTORY_V1",
  "teacher_queries": 0,
  "training_steps": 0,
  "wall_duration_sec": 631.839343478001
}
