{"partition": "fit", "task": "S01_flat_tree_small_C01__c1_mixed", "rows": 1252, "max_clusters": 11, "nonclique_rows": 0, "mismatched_pairs": 0}
{"partition": "fit", "task": "S01_flat_tree_small_C01__ellipse", "rows": 1252, "max_clusters": 11, "nonclique_rows": 0, "mismatched_pairs": 0}
{"partition": "fit", "task": "S01_flat_tree_small_C01__rounded_rectangle", "rows": 1252, "max_clusters": 11, "nonclique_rows": 0, "mismatched_pairs": 0}
{"partition": "fit", "task": "S01_flat_tree_small_C02__c1_mixed", "rows": 1134, "max_clusters": 12, "nonclique_rows": 0, "mismatched_pairs": 0}
{"partition": "fit", "task": "S01_flat_tree_small_C02__ellipse", "rows": 1134, "max_clusters": 13, "nonclique_rows": 0, "mismatched_pairs": 0}
{"partition": "fit", "task": "S01_flat_tree_small_C02__rounded_rectangle", "rows": 1134, "max_clusters": 12, "nonclique_rows": 0, "mismatched_pairs": 0}
{"partition": "fit", "task": "S01_flat_tree_small_C03__c1_mixed", "rows": 1522, "max_clusters": 9, "nonclique_rows": 0, "mismatched_pairs": 0}
{"partition": "fit", "task": "S01_flat_tree_small_C03__ellipse", "rows": 1522, "max_clusters": 9, "nonclique_rows": 0, "mismatched_pairs": 0}
{"partition": "fit", "task": "S01_flat_tree_small_C03__rounded_rectangle", "rows": 1522, "max_clusters": 9, "nonclique_rows": 0, "mismatched_pairs": 0}
{"partition": "fit", "task": "S01_flat_tree_small_C04__c1_mixed", "rows": 860, "max_clusters": 14, "nonclique_rows": 0, "mismatched_pairs": 0}
{"partition": "fit", "task": "S01_flat_tree_small_C04__ellipse", "rows": 860, "max_clusters": 17, "nonclique_rows": 0, "mismatched_pairs": 0}
{"partition": "fit", "task": "S01_flat_tree_small_C04__rounded_rectangle", "rows": 860, "max_clusters": 14, "nonclique_rows": 0, "mismatched_pairs": 0}
{"partition": "fit", "task": "S01_flat_tree_small_C05__c1_mixed", "rows": 1176, "max_clusters": 14, "nonclique_rows": 0, "mismatched_pairs": 0}
{"partition": "fit", "task": "S01_flat_tree_small_C05__ellipse", "rows": 1176, "max_clusters": 14, "nonclique_rows": 0, "mismatched_pairs": 0}
{"partition": "fit", "task": "S01_flat_tree_small_C05__rounded_rectangle", "rows": 1176, "max_clusters": 14, "nonclique_rows": 0, "mismatched_pairs": 0}
{"partition": "fit", "task": "S01_flat_tree_small_C06__c1_mixed", "rows": 1224, "max_clusters": 14, "nonclique_rows": 0, "mismatched_pairs": 0}
{"partition": "fit", "task": "S01_flat_tree_small_C06__ellipse", "rows": 1224, "max_clusters": 14, "nonclique_rows": 0, "mismatched_pairs": 0}
{"partition": "fit", "task": "S01_flat_tree_small_C06__rounded_rectangle", "rows": 1224, "max_clusters": 13, "nonclique_rows": 0, "mismatched_pairs": 0}
{"partition": "fit", "task": "S02_3d_tree_small_C01__c1_mixed", "rows": 1314, "max_clusters": 12, "nonclique_rows": 0, "mismatched_pairs": 0}
{"partition": "fit", "task": "S02_3d_tree_small_C01__ellipse", "rows": 1314, "max_clusters": 12, "nonclique_rows": 0, "mismatched_pairs": 0}
{"partition": "fit", "task": "S02_3d_tree_small_C01__rounded_rectangle", "rows": 1314, "max_clusters": 12, "nonclique_rows": 0, "mismatched_pairs": 0}
{"partition": "fit", "task": "S02_3d_tree_small_C02__c1_mixed", "rows": 1212, "max_clusters": 12, "nonclique_rows": 0, "mismatched_pairs": 0}
{"partition": "fit", "task": "S02_3d_tree_small_C02__ellipse", "rows": 1212, "max_clusters": 12, "nonclique_rows": 0, "mismatched_pairs": 0}
{"partition": "fit", "task": "S02_3d_tree_small_C02__rounded_rectangle", "rows": 1212, "max_clusters": 12, "nonclique_rows": 0, "mismatched_pairs": 0}
{"partition": "fit", "task": "S02_3d_tree_small_C03__c1_mixed", "rows": 1618, "max_clusters": 8, "nonclique_rows": 0, "mismatched_pairs": 0}
{"partition": "fit", "task": "S02_3d_tree_small_C03__ellipse", "rows": 1618, "max_clusters": 8, "nonclique_rows": 0, "mismatched_pairs": 0}
{"partition": "fit", "task": "S02_3d_tree_small_C03__rounded_rectangle", "rows": 1618, "max_clusters": 8, "nonclique_rows": 0, "mismatched_pairs": 0}
{"partition": "fit", "task": "S02_3d_tree_small_C04__c1_mixed", "rows": 1042, "max_clusters": 15, "nonclique_rows": 0, "mismatched_pairs": 0}
{"partition": "fit", "task": "S02_3d_tree_small_C04__ellipse", "rows": 1042, "max_clusters": 15, "nonclique_rows": 0, "mismatched_pairs": 0}
{"partition": "fit", "task": "S02_3d_tree_small_C04__rounded_rectangle", "rows": 1042, "max_clusters": 14, "nonclique_rows": 0, "mismatched_pairs": 0}
{"partition": "fit", "task": "S02_3d_tree_small_C05__c1_mixed", "rows": 1292, "max_clusters": 10, "nonclique_rows": 0, "mismatched_pairs": 0}
{"partition": "fit", "task": "S02_3d_tree_small_C05__ellipse", "rows": 1292, "max_clusters": 10, "nonclique_rows": 0, "mismatched_pairs": 0}
{"partition": "fit", "task": "S02_3d_tree_small_C05__rounded_rectangle", "rows": 1292, "max_clusters": 10, "nonclique_rows": 0, "mismatched_pairs": 0}
{"partition": "fit", "task": "S02_3d_tree_small_C06__c1_mixed", "rows": 1538, "max_clusters": 10, "nonclique_rows": 0, "mismatched_pairs": 0}
{"partition": "fit", "task": "S02_3d_tree_small_C06__ellipse", "rows": 1538, "max_clusters": 8, "nonclique_rows": 0, "mismatched_pairs": 0}
{"partition": "fit", "task": "S02_3d_tree_small_C06__rounded_rectangle", "rows": 1538, "max_clusters": 9, "nonclique_rows": 0, "mismatched_pairs": 0}
{"partition": "fit", "task": "S03_flat_unicyclic_small_C01__c1_mixed", "rows": 1510, "max_clusters": 10, "nonclique_rows": 0, "mismatched_pairs": 0}
{"partition": "fit", "task": "S03_flat_unicyclic_small_C01__ellipse", "rows": 1510, "max_clusters": 11, "nonclique_rows": 0, "mismatched_pairs": 0}
{"partition": "fit", "task": "S03_flat_unicyclic_small_C01__rounded_rectangle", "rows": 1510, "max_clusters": 10, "nonclique_rows": 0, "mismatched_pairs": 0}
{"partition": "fit", "task": "S03_flat_unicyclic_small_C02__c1_mixed", "rows": 1864, "max_clusters": 11, "nonclique_rows": 0, "mismatched_pairs": 0}
{"partition": "fit", "task": "S03_flat_unicyclic_small_C02__ellipse", "rows": 1864, "max_clusters": 11, "nonclique_rows": 0, "mismatched_pairs": 0}
{"partition": "fit", "task": "S03_flat_unicyclic_small_C02__rounded_rectangle", "rows": 1864, "max_clusters": 11, "nonclique_rows": 0, "mismatched_pairs": 0}
{"partition": "fit", "task": "S03_flat_unicyclic_small_C03__c1_mixed", "rows": 1770, "max_clusters": 12, "nonclique_rows": 0, "mismatched_pairs": 0}
{"partition": "fit", "task": "S03_flat_unicyclic_small_C03__ellipse", "rows": 1770, "max_clusters": 12, "nonclique_rows": 0, "mismatched_pairs": 0}
{"partition": "fit", "task": "S03_flat_unicyclic_small_C03__rounded_rectangle", "rows": 1770, "max_clusters": 12, "nonclique_rows": 0, "mismatched_pairs": 0}
{"partition": "fit", "task": "S03_flat_unicyclic_small_C04__c1_mixed", "rows": 1566, "max_clusters": 12, "nonclique_rows": 0, "mismatched_pairs": 0}
{"partition": "fit", "task": "S03_flat_unicyclic_small_C04__ellipse", "rows": 1566, "max_clusters": 12, "nonclique_rows": 0, "mismatched_pairs": 0}
{"partition": "fit", "task": "S03_flat_unicyclic_small_C04__rounded_rectangle", "rows": 1566, "max_clusters": 12, "nonclique_rows": 0, "mismatched_pairs": 0}
{"partition": "fit", "task": "S03_flat_unicyclic_small_C05__c1_mixed", "rows": 1444, "max_clusters": 12, "nonclique_rows": 0, "mismatched_pairs": 0}
{"partition": "fit", "task": "S03_flat_unicyclic_small_C05__ellipse", "rows": 1444, "max_clusters": 12, "nonclique_rows": 0, "mismatched_pairs": 0}
{"partition": "fit", "task": "S03_flat_unicyclic_small_C05__rounded_rectangle", "rows": 1444, "max_clusters": 11, "nonclique_rows": 0, "mismatched_pairs": 0}
{"partition": "fit", "task": "S03_flat_unicyclic_small_C06__c1_mixed", "rows": 1380, "max_clusters": 12, "nonclique_rows": 0, "mismatched_pairs": 0}
{"partition": "fit", "task": "S03_flat_unicyclic_small_C06__ellipse", "rows": 1380, "max_clusters": 13, "nonclique_rows": 0, "mismatched_pairs": 0}
{"partition": "fit", "task": "S03_flat_unicyclic_small_C06__rounded_rectangle", "rows": 1380, "max_clusters": 12, "nonclique_rows": 0, "mismatched_pairs": 0}
{"partition": "fit", "task": "S04_3d_unicyclic_small_C01__c1_mixed", "rows": 1408, "max_clusters": 11, "nonclique_rows": 0, "mismatched_pairs": 0}
{"partition": "fit", "task": "S04_3d_unicyclic_small_C01__ellipse", "rows": 1408, "max_clusters": 11, "nonclique_rows": 0, "mismatched_pairs": 0}
{"partition": "fit", "task": "S04_3d_unicyclic_small_C01__rounded_rectangle", "rows": 1408, "max_clusters": 11, "nonclique_rows": 0, "mismatched_pairs": 0}
{"partition": "fit", "task": "S04_3d_unicyclic_small_C02__c1_mixed", "rows": 1174, "max_clusters": 14, "nonclique_rows": 0, "mismatched_pairs": 0}
{"partition": "fit", "task": "S04_3d_unicyclic_small_C02__ellipse", "rows": 1174, "max_clusters": 15, "nonclique_rows": 0, "mismatched_pairs": 0}
{"partition": "fit", "task": "S04_3d_unicyclic_small_C02__rounded_rectangle", "rows": 1174, "max_clusters": 14, "nonclique_rows": 0, "mismatched_pairs": 0}
{"partition": "fit", "task": "S04_3d_unicyclic_small_C03__c1_mixed", "rows": 1754, "max_clusters": 8, "nonclique_rows": 0, "mismatched_pairs": 0}
{"partition": "fit", "task": "S04_3d_unicyclic_small_C03__ellipse", "rows": 1754, "max_clusters": 9, "nonclique_rows": 0, "mismatched_pairs": 0}
{"partition": "fit", "task": "S04_3d_unicyclic_small_C03__rounded_rectangle", "rows": 1754, "max_clusters": 9, "nonclique_rows": 0, "mismatched_pairs": 0}
{"partition": "fit", "task": "S04_3d_unicyclic_small_C04__c1_mixed", "rows": 1268, "max_clusters": 13, "nonclique_rows": 0, "mismatched_pairs": 0}
{"partition": "fit", "task": "S04_3d_unicyclic_small_C04__ellipse", "rows": 1268, "max_clusters": 13, "nonclique_rows": 0, "mismatched_pairs": 0}
{"partition": "fit", "task": "S04_3d_unicyclic_small_C04__rounded_rectangle", "rows": 1268, "max_clusters": 13, "nonclique_rows": 0, "mismatched_pairs": 0}
{"partition": "fit", "task": "S04_3d_unicyclic_small_C05__c1_mixed", "rows": 1058, "max_clusters": 13, "nonclique_rows": 0, "mismatched_pairs": 0}
{"partition": "fit", "task": "S04_3d_unicyclic_small_C05__ellipse", "rows": 1058, "max_clusters": 13, "nonclique_rows": 0, "mismatched_pairs": 0}
{"partition": "fit", "task": "S04_3d_unicyclic_small_C05__rounded_rectangle", "rows": 1058, "max_clusters": 13, "nonclique_rows": 0, "mismatched_pairs": 0}
{"partition": "fit", "task": "S04_3d_unicyclic_small_C06__c1_mixed", "rows": 1408, "max_clusters": 13, "nonclique_rows": 0, "mismatched_pairs": 0}
{"partition": "fit", "task": "S04_3d_unicyclic_small_C06__ellipse", "rows": 1408, "max_clusters": 13, "nonclique_rows": 0, "mismatched_pairs": 0}
{"partition": "fit", "task": "S04_3d_unicyclic_small_C06__rounded_rectangle", "rows": 1408, "max_clusters": 12, "nonclique_rows": 0, "mismatched_pairs": 0}
{"partition": "fit", "task": "S05_flat_branch_medium_C01__c1_mixed", "rows": 2190, "max_clusters": 13, "nonclique_rows": 0, "mismatched_pairs": 0}
{"partition": "fit", "task": "S05_flat_branch_medium_C01__ellipse", "rows": 2190, "max_clusters": 12, "nonclique_rows": 0, "mismatched_pairs": 0}
{"partition": "fit", "task": "S05_flat_branch_medium_C01__rounded_rectangle", "rows": 2190, "max_clusters": 13, "nonclique_rows": 0, "mismatched_pairs": 0}
{"partition": "fit", "task": "S05_flat_branch_medium_C02__c1_mixed", "rows": 2412, "max_clusters": 12, "nonclique_rows": 0, "mismatched_pairs": 0}
{"partition": "fit", "task": "S05_flat_branch_medium_C02__ellipse", "rows": 2412, "max_clusters": 12, "nonclique_rows": 0, "mismatched_pairs": 0}
{"partition": "fit", "task": "S05_flat_branch_medium_C02__rounded_rectangle", "rows": 2412, "max_clusters": 12, "nonclique_rows": 0, "mismatched_pairs": 0}
{"partition": "fit", "task": "S05_flat_branch_medium_C03__c1_mixed", "rows": 2468, "max_clusters": 12, "nonclique_rows": 0, "mismatched_pairs": 0}
{"partition": "fit", "task": "S05_flat_branch_medium_C03__ellipse", "rows": 2468, "max_clusters": 12, "nonclique_rows": 0, "mismatched_pairs": 0}
{"partition": "fit", "task": "S05_flat_branch_medium_C03__rounded_rectangle", "rows": 2468, "max_clusters": 11, "nonclique_rows": 0, "mismatched_pairs": 0}
{"partition": "fit", "task": "S05_flat_branch_medium_C04__c1_mixed", "rows": 2088, "max_clusters": 14, "nonclique_rows": 0, "mismatched_pairs": 0}
{"partition": "fit", "task": "S05_flat_branch_medium_C04__ellipse", "rows": 2088, "max_clusters": 14, "nonclique_rows": 0, "mismatched_pairs": 0}
{"partition": "fit", "task": "S05_flat_branch_medium_C04__rounded_rectangle", "rows": 2088, "max_clusters": 13, "nonclique_rows": 0, "mismatched_pairs": 0}
{"partition": "fit", "task": "S05_flat_branch_medium_C05__c1_mixed", "rows": 1980, "max_clusters": 13, "nonclique_rows": 0, "mismatched_pairs": 0}
{"partition": "fit", "task": "S05_flat_branch_medium_C05__ellipse", "rows": 1980, "max_clusters": 12, "nonclique_rows": 0, "mismatched_pairs": 0}
{"partition": "fit", "task": "S05_flat_branch_medium_C05__rounded_rectangle", "rows": 1980, "max_clusters": 11, "nonclique_rows": 0, "mismatched_pairs": 0}
{"partition": "fit", "task": "S05_flat_branch_medium_C06__c1_mixed", "rows": 2752, "max_clusters": 10, "nonclique_rows": 0, "mismatched_pairs": 0}
{"partition": "fit", "task": "S05_flat_branch_medium_C06__ellipse", "rows": 2752, "max_clusters": 10, "nonclique_rows": 0, "mismatched_pairs": 0}
{"partition": "fit", "task": "S05_flat_branch_medium_C06__rounded_rectangle", "rows": 2752, "max_clusters": 10, "nonclique_rows": 0, "mismatched_pairs": 0}
{"partition": "fit", "task": "S06_3d_branch_medium_C01__c1_mixed", "rows": 1654, "max_clusters": 15, "nonclique_rows": 0, "mismatched_pairs": 0}
{"partition": "fit", "task": "S06_3d_branch_medium_C01__ellipse", "rows": 1654, "max_clusters": 17, "nonclique_rows": 0, "mismatched_pairs": 0}
{"partition": "fit", "task": "S06_3d_branch_medium_C01__rounded_rectangle", "rows": 1654, "max_clusters": 14, "nonclique_rows": 0, "mismatched_pairs": 0}
{"partition": "fit", "task": "S06_3d_branch_medium_C02__c1_mixed", "rows": 1914, "max_clusters": 14, "nonclique_rows": 0, "mismatched_pairs": 0}
{"partition": "fit", "task": "S06_3d_branch_medium_C02__ellipse", "rows": 1914, "max_clusters": 14, "nonclique_rows": 0, "mismatched_pairs": 0}
{"partition": "fit", "task": "S06_3d_branch_medium_C02__rounded_rectangle", "rows": 1914, "max_clusters": 13, "nonclique_rows": 0, "mismatched_pairs": 0}
{"partition": "fit", "task": "S06_3d_branch_medium_C03__c1_mixed", "rows": 1782, "max_clusters": 13, "nonclique_rows": 0, "mismatched_pairs": 0}
{"partition": "fit", "task": "S06_3d_branch_medium_C03__ellipse", "rows": 1782, "max_clusters": 14, "nonclique_rows": 0, "mismatched_pairs": 0}
{"partition": "fit", "task": "S06_3d_branch_medium_C03__rounded_rectangle", "rows": 1782, "max_clusters": 13, "nonclique_rows": 0, "mismatched_pairs": 0}
{"partition": "fit", "task": "S06_3d_branch_medium_C04__c1_mixed", "rows": 3006, "max_clusters": 10, "nonclique_rows": 0, "mismatched_pairs": 0}
{"partition": "fit", "task": "S06_3d_branch_medium_C04__ellipse", "rows": 3006, "max_clusters": 10, "nonclique_rows": 0, "mismatched_pairs": 0}
{"partition": "fit", "task": "S06_3d_branch_medium_C04__rounded_rectangle", "rows": 3006, "max_clusters": 10, "nonclique_rows": 0, "mismatched_pairs": 0}
{"partition": "fit", "task": "S06_3d_branch_medium_C05__c1_mixed", "rows": 2208, "max_clusters": 14, "nonclique_rows": 0, "mismatched_pairs": 0}
{"partition": "fit", "task": "S06_3d_branch_medium_C05__ellipse", "rows": 2208, "max_clusters": 14, "nonclique_rows": 0, "mismatched_pairs": 0}
{"partition": "fit", "task": "S06_3d_branch_medium_C05__rounded_rectangle", "rows": 2208, "max_clusters": 14, "nonclique_rows": 0, "mismatched_pairs": 0}
{"partition": "fit", "task": "S06_3d_branch_medium_C06__c1_mixed", "rows": 2472, "max_clusters": 10, "nonclique_rows": 0, "mismatched_pairs": 0}
{"partition": "fit", "task": "S06_3d_branch_medium_C06__ellipse", "rows": 2472, "max_clusters": 10, "nonclique_rows": 0, "mismatched_pairs": 0}
{"partition": "fit", "task": "S06_3d_branch_medium_C06__rounded_rectangle", "rows": 2472, "max_clusters": 10, "nonclique_rows": 0, "mismatched_pairs": 0}
{"partition": "fit", "task": "S07_flat_loop_rich_C01__c1_mixed", "rows": 3432, "max_clusters": 11, "nonclique_rows": 0, "mismatched_pairs": 0}
{"partition": "fit", "task": "S07_flat_loop_rich_C01__ellipse", "rows": 3432, "max_clusters": 11, "nonclique_rows": 0, "mismatched_pairs": 0}
{"partition": "fit", "task": "S07_flat_loop_rich_C01__rounded_rectangle", "rows": 3432, "max_clusters": 11, "nonclique_rows": 0, "mismatched_pairs": 0}
{"partition": "fit", "task": "S07_flat_loop_rich_C02__c1_mixed", "rows": 3468, "max_clusters": 11, "nonclique_rows": 0, "mismatched_pairs": 0}
{"partition": "fit", "task": "S07_flat_loop_rich_C02__ellipse", "rows": 3468, "max_clusters": 12, "nonclique_rows": 0, "mismatched_pairs": 0}
{"partition": "fit", "task": "S07_flat_loop_rich_C02__rounded_rectangle", "rows": 3468, "max_clusters": 11, "nonclique_rows": 0, "mismatched_pairs": 0}
{"partition": "fit", "task": "S07_flat_loop_rich_C03__c1_mixed", "rows": 2662, "max_clusters": 17, "nonclique_rows": 0, "mismatched_pairs": 0}
{"partition": "fit", "task": "S07_flat_loop_rich_C03__ellipse", "rows": 2662, "max_clusters": 18, "nonclique_rows": 0, "mismatched_pairs": 0}
{"partition": "fit", "task": "S07_flat_loop_rich_C03__rounded_rectangle", "rows": 2662, "max_clusters": 16, "nonclique_rows": 0, "mismatched_pairs": 0}
{"partition": "fit", "task": "S07_flat_loop_rich_C04__c1_mixed", "rows": 3408, "max_clusters": 12, "nonclique_rows": 0, "mismatched_pairs": 0}
{"partition": "fit", "task": "S07_flat_loop_rich_C04__ellipse", "rows": 3408, "max_clusters": 12, "nonclique_rows": 0, "mismatched_pairs": 0}
{"partition": "fit", "task": "S07_flat_loop_rich_C04__rounded_rectangle", "rows": 3408, "max_clusters": 12, "nonclique_rows": 0, "mismatched_pairs": 0}
{"partition": "fit", "task": "S07_flat_loop_rich_C05__c1_mixed", "rows": 2800, "max_clusters": 15, "nonclique_rows": 0, "mismatched_pairs": 0}
{"partition": "fit", "task": "S07_flat_loop_rich_C05__ellipse", "rows": 2800, "max_clusters": 15, "nonclique_rows": 0, "mismatched_pairs": 0}
{"partition": "fit", "task": "S07_flat_loop_rich_C05__rounded_rectangle", "rows": 2800, "max_clusters": 15, "nonclique_rows": 0, "mismatched_pairs": 0}
{"partition": "fit", "task": "S07_flat_loop_rich_C06__c1_mixed", "rows": 3026, "max_clusters": 12, "nonclique_rows": 0, "mismatched_pairs": 0}
{"partition": "fit", "task": "S07_flat_loop_rich_C06__ellipse", "rows": 3026, "max_clusters": 13, "nonclique_rows": 0, "mismatched_pairs": 0}
{"partition": "fit", "task": "S07_flat_loop_rich_C06__rounded_rectangle", "rows": 3026, "max_clusters": 12, "nonclique_rows": 0, "mismatched_pairs": 0}
{"partition": "fit", "task": "S08_3d_loop_rich_C01__c1_mixed", "rows": 3230, "max_clusters": 15, "nonclique_rows": 0, "mismatched_pairs": 0}
{"partition": "fit", "task": "S08_3d_loop_rich_C01__ellipse", "rows": 3230, "max_clusters": 14, "nonclique_rows": 0, "mismatched_pairs": 0}
{"partition": "fit", "task": "S08_3d_loop_rich_C01__rounded_rectangle", "rows": 3230, "max_clusters": 13, "nonclique_rows": 0, "mismatched_pairs": 0}
{"partition": "fit", "task": "S08_3d_loop_rich_C02__c1_mixed", "rows": 3304, "max_clusters": 13, "nonclique_rows": 0, "mismatched_pairs": 0}
{"partition": "fit", "task": "S08_3d_loop_rich_C02__ellipse", "rows": 3304, "max_clusters": 13, "nonclique_rows": 0, "mismatched_pairs": 0}
{"partition": "fit", "task": "S08_3d_loop_rich_C02__rounded_rectangle", "rows": 3304, "max_clusters": 14, "nonclique_rows": 0, "mismatched_pairs": 0}
{"partition": "fit", "task": "S08_3d_loop_rich_C03__c1_mixed", "rows": 2364, "max_clusters": 17, "nonclique_rows": 0, "mismatched_pairs": 0}
{"partition": "fit", "task": "S08_3d_loop_rich_C03__ellipse", "rows": 2364, "max_clusters": 17, "nonclique_rows": 0, "mismatched_pairs": 0}
{"partition": "fit", "task": "S08_3d_loop_rich_C03__rounded_rectangle", "rows": 2364, "max_clusters": 16, "nonclique_rows": 0, "mismatched_pairs": 0}
{"partition": "fit", "task": "S08_3d_loop_rich_C04__c1_mixed", "rows": 3650, "max_clusters": 12, "nonclique_rows": 0, "mismatched_pairs": 0}
{"partition": "fit", "task": "S08_3d_loop_rich_C04__ellipse", "rows": 3650, "max_clusters": 13, "nonclique_rows": 0, "mismatched_pairs": 0}
{"partition": "fit", "task": "S08_3d_loop_rich_C04__rounded_rectangle", "rows": 3650, "max_clusters": 11, "nonclique_rows": 0, "mismatched_pairs": 0}
{"partition": "fit", "task": "S08_3d_loop_rich_C05__c1_mixed", "rows": 2668, "max_clusters": 15, "nonclique_rows": 0, "mismatched_pairs": 0}
{"partition": "fit", "task": "S08_3d_loop_rich_C05__ellipse", "rows": 2668, "max_clusters": 15, "nonclique_rows": 0, "mismatched_pairs": 0}
{"partition": "fit", "task": "S08_3d_loop_rich_C05__rounded_rectangle", "rows": 2668, "max_clusters": 15, "nonclique_rows": 0, "mismatched_pairs": 0}
{"partition": "fit", "task": "S08_3d_loop_rich_C06__c1_mixed", "rows": 3272, "max_clusters": 14, "nonclique_rows": 0, "mismatched_pairs": 0}
{"partition": "fit", "task": "S08_3d_loop_rich_C06__ellipse", "rows": 3272, "max_clusters": 14, "nonclique_rows": 0, "mismatched_pairs": 0}
{"partition": "fit", "task": "S08_3d_loop_rich_C06__rounded_rectangle", "rows": 3272, "max_clusters": 14, "nonclique_rows": 0, "mismatched_pairs": 0}
{"partition": "fit", "task": "S09_flat_complex_C01__c1_mixed", "rows": 4704, "max_clusters": 11, "nonclique_rows": 0, "mismatched_pairs": 0}
{"partition": "fit", "task": "S09_flat_complex_C01__ellipse", "rows": 4704, "max_clusters": 12, "nonclique_rows": 0, "mismatched_pairs": 0}
{"partition": "fit", "task": "S09_flat_complex_C01__rounded_rectangle", "rows": 4704, "max_clusters": 11, "nonclique_rows": 0, "mismatched_pairs": 0}
{"partition": "fit", "task": "S09_flat_complex_C02__c1_mixed", "rows": 3344, "max_clusters": 13, "nonclique_rows": 0, "mismatched_pairs": 0}
{"partition": "fit", "task": "S09_flat_complex_C02__ellipse", "rows": 3344, "max_clusters": 13, "nonclique_rows": 0, "mismatched_pairs": 0}
{"partition": "fit", "task": "S09_flat_complex_C02__rounded_rectangle", "rows": 3344, "max_clusters": 13, "nonclique_rows": 0, "mismatched_pairs": 0}
{"partition": "fit", "task": "S09_flat_complex_C03__c1_mixed", "rows": 3840, "max_clusters": 13, "nonclique_rows": 0, "mismatched_pairs": 0}
{"partition": "fit", "task": "S09_flat_complex_C03__ellipse", "rows": 3840, "max_clusters": 13, "nonclique_rows": 0, "mismatched_pairs": 0}
{"partition": "fit", "task": "S09_flat_complex_C03__rounded_rectangle", "rows": 3840, "max_clusters": 14, "nonclique_rows": 0, "mismatched_pairs": 0}
{"partition": "fit", "task": "S09_flat_complex_C04__c1_mixed", "rows": 3520, "max_clusters": 15, "nonclique_rows": 0, "mismatched_pairs": 0}
{"partition": "fit", "task": "S09_flat_complex_C04__ellipse", "rows": 3520, "max_clusters": 15, "nonclique_rows": 0, "mismatched_pairs": 0}
{"partition": "fit", "task": "S09_flat_complex_C04__rounded_rectangle", "rows": 3520, "max_clusters": 15, "nonclique_rows": 0, "mismatched_pairs": 0}
{"partition": "fit", "task": "S09_flat_complex_C05__c1_mixed", "rows": 4594, "max_clusters": 12, "nonclique_rows": 0, "mismatched_pairs": 0}
{"partition": "fit", "task": "S09_flat_complex_C05__ellipse", "rows": 4594, "max_clusters": 12, "nonclique_rows": 0, "mismatched_pairs": 0}
{"partition": "fit", "task": "S09_flat_complex_C05__rounded_rectangle", "rows": 4594, "max_clusters": 12, "nonclique_rows": 0, "mismatched_pairs": 0}
{"partition": "fit", "task": "S09_flat_complex_C06__c1_mixed", "rows": 3376, "max_clusters": 14, "nonclique_rows": 0, "mismatched_pairs": 0}
{"partition": "fit", "task": "S09_flat_complex_C06__ellipse", "rows": 3376, "max_clusters": 14, "nonclique_rows": 0, "mismatched_pairs": 0}
{"partition": "fit", "task": "S09_flat_complex_C06__rounded_rectangle", "rows": 3376, "max_clusters": 14, "nonclique_rows": 0, "mismatched_pairs": 0}
{"partition": "fit", "task": "S10_3d_complex_C01__c1_mixed", "rows": 2624, "max_clusters": 17, "nonclique_rows": 0, "mismatched_pairs": 0}
{"partition": "fit", "task": "S10_3d_complex_C01__ellipse", "rows": 2624, "max_clusters": 16, "nonclique_rows": 0, "mismatched_pairs": 0}
{"partition": "fit", "task": "S10_3d_complex_C01__rounded_rectangle", "rows": 2624, "max_clusters": 17, "nonclique_rows": 0, "mismatched_pairs": 0}
{"partition": "fit", "task": "S10_3d_complex_C02__c1_mixed", "rows": 4052, "max_clusters": 11, "nonclique_rows": 0, "mismatched_pairs": 0}
{"partition": "fit", "task": "S10_3d_complex_C02__ellipse", "rows": 4052, "max_clusters": 11, "nonclique_rows": 0, "mismatched_pairs": 0}
{"partition": "fit", "task": "S10_3d_complex_C02__rounded_rectangle", "rows": 4052, "max_clusters": 11, "nonclique_rows": 0, "mismatched_pairs": 0}
{"partition": "fit", "task": "S10_3d_complex_C03__c1_mixed", "rows": 3706, "max_clusters": 16, "nonclique_rows": 0, "mismatched_pairs": 0}
{"partition": "fit", "task": "S10_3d_complex_C03__ellipse", "rows": 3706, "max_clusters": 17, "nonclique_rows": 0, "mismatched_pairs": 0}
{"partition": "fit", "task": "S10_3d_complex_C03__rounded_rectangle", "rows": 3706, "max_clusters": 16, "nonclique_rows": 0, "mismatched_pairs": 0}
{"partition": "fit", "task": "S10_3d_complex_C04__c1_mixed", "rows": 4282, "max_clusters": 17, "nonclique_rows": 0, "mismatched_pairs": 0}
{"partition": "fit", "task": "S10_3d_complex_C04__ellipse", "rows": 4282, "max_clusters": 16, "nonclique_rows": 0, "mismatched_pairs": 0}
{"partition": "fit", "task": "S10_3d_complex_C04__rounded_rectangle", "rows": 4282, "max_clusters": 15, "nonclique_rows": 0, "mismatched_pairs": 0}
{"partition": "fit", "task": "S10_3d_complex_C05__c1_mixed", "rows": 3622, "max_clusters": 17, "nonclique_rows": 0, "mismatched_pairs": 0}
{"partition": "fit", "task": "S10_3d_complex_C05__ellipse", "rows": 3622, "max_clusters": 18, "nonclique_rows": 0, "mismatched_pairs": 0}
{"partition": "fit", "task": "S10_3d_complex_C05__rounded_rectangle", "rows": 3622, "max_clusters": 17, "nonclique_rows": 0, "mismatched_pairs": 0}
{"partition": "fit", "task": "S10_3d_complex_C06__c1_mixed", "rows": 3522, "max_clusters": 13, "nonclique_rows": 0, "mismatched_pairs": 0}
{"partition": "fit", "task": "S10_3d_complex_C06__ellipse", "rows": 3522, "max_clusters": 14, "nonclique_rows": 0, "mismatched_pairs": 0}
{"partition": "fit", "task": "S10_3d_complex_C06__rounded_rectangle", "rows": 3522, "max_clusters": 13, "nonclique_rows": 0, "mismatched_pairs": 0}
{"partition": "c07", "task": "S01_flat_tree_small_C07__c1_mixed", "rows": 1004, "max_clusters": 11, "nonclique_rows": 0, "mismatched_pairs": 0}
{"partition": "c07", "task": "S01_flat_tree_small_C07__ellipse", "rows": 1004, "max_clusters": 11, "nonclique_rows": 0, "mismatched_pairs": 0}
{"partition": "c07", "task": "S01_flat_tree_small_C07__rounded_rectangle", "rows": 1004, "max_clusters": 12, "nonclique_rows": 0, "mismatched_pairs": 0}
{"partition": "c07", "task": "S02_3d_tree_small_C07__c1_mixed", "rows": 922, "max_clusters": 16, "nonclique_rows": 0, "mismatched_pairs": 0}
{"partition": "c07", "task": "S02_3d_tree_small_C07__ellipse", "rows": 922, "max_clusters": 16, "nonclique_rows": 0, "mismatched_pairs": 0}
{"partition": "c07", "task": "S02_3d_tree_small_C07__rounded_rectangle", "rows": 922, "max_clusters": 16, "nonclique_rows": 0, "mismatched_pairs": 0}
{"partition": "c07", "task": "S03_flat_unicyclic_small_C07__c1_mixed", "rows": 906, "max_clusters": 19, "nonclique_rows": 0, "mismatched_pairs": 0}
{"partition": "c07", "task": "S03_flat_unicyclic_small_C07__ellipse", "rows": 906, "max_clusters": 19, "nonclique_rows": 0, "mismatched_pairs": 0}
{"partition": "c07", "task": "S03_flat_unicyclic_small_C07__rounded_rectangle", "rows": 906, "max_clusters": 17, "nonclique_rows": 0, "mismatched_pairs": 0}
{"partition": "c07", "task": "S04_3d_unicyclic_small_C07__c1_mixed", "rows": 1134, "max_clusters": 12, "nonclique_rows": 0, "mismatched_pairs": 0}
{"partition": "c07", "task": "S04_3d_unicyclic_small_C07__ellipse", "rows": 1134, "max_clusters": 12, "nonclique_rows": 0, "mismatched_pairs": 0}
{"partition": "c07", "task": "S04_3d_unicyclic_small_C07__rounded_rectangle", "rows": 1134, "max_clusters": 12, "nonclique_rows": 0, "mismatched_pairs": 0}
{"partition": "c07", "task": "S05_flat_branch_medium_C07__c1_mixed", "rows": 2068, "max_clusters": 15, "nonclique_rows": 0, "mismatched_pairs": 0}
{"partition": "c07", "task": "S05_flat_branch_medium_C07__ellipse", "rows": 2068, "max_clusters": 16, "nonclique_rows": 0, "mismatched_pairs": 0}
{"partition": "c07", "task": "S05_flat_branch_medium_C07__rounded_rectangle", "rows": 2068, "max_clusters": 15, "nonclique_rows": 0, "mismatched_pairs": 0}
{"partition": "c07", "task": "S06_3d_branch_medium_C07__c1_mixed", "rows": 1676, "max_clusters": 14, "nonclique_rows": 0, "mismatched_pairs": 0}
{"partition": "c07", "task": "S06_3d_branch_medium_C07__ellipse", "rows": 1676, "max_clusters": 14, "nonclique_rows": 0, "mismatched_pairs": 0}
{"partition": "c07", "task": "S06_3d_branch_medium_C07__rounded_rectangle", "rows": 1676, "max_clusters": 14, "nonclique_rows": 0, "mismatched_pairs": 0}
{"partition": "c07", "task": "S07_flat_loop_rich_C07__c1_mixed", "rows": 2678, "max_clusters": 16, "nonclique_rows": 0, "mismatched_pairs": 0}
{"partition": "c07", "task": "S07_flat_loop_rich_C07__ellipse", "rows": 2678, "max_clusters": 17, "nonclique_rows": 0, "mismatched_pairs": 0}
{"partition": "c07", "task": "S07_flat_loop_rich_C07__rounded_rectangle", "rows": 2678, "max_clusters": 16, "nonclique_rows": 0, "mismatched_pairs": 0}
{"partition": "c07", "task": "S08_3d_loop_rich_C07__c1_mixed", "rows": 3458, "max_clusters": 11, "nonclique_rows": 0, "mismatched_pairs": 0}
{"partition": "c07", "task": "S08_3d_loop_rich_C07__ellipse", "rows": 3458, "max_clusters": 11, "nonclique_rows": 0, "mismatched_pairs": 0}
{"partition": "c07", "task": "S08_3d_loop_rich_C07__rounded_rectangle", "rows": 3458, "max_clusters": 11, "nonclique_rows": 0, "mismatched_pairs": 0}
{"partition": "c07", "task": "S09_flat_complex_C07__c1_mixed", "rows": 3580, "max_clusters": 14, "nonclique_rows": 0, "mismatched_pairs": 0}
{"partition": "c07", "task": "S09_flat_complex_C07__ellipse", "rows": 3580, "max_clusters": 14, "nonclique_rows": 0, "mismatched_pairs": 0}
{"partition": "c07", "task": "S09_flat_complex_C07__rounded_rectangle", "rows": 3580, "max_clusters": 13, "nonclique_rows": 0, "mismatched_pairs": 0}
{"partition": "c07", "task": "S10_3d_complex_C07__c1_mixed", "rows": 4122, "max_clusters": 14, "nonclique_rows": 0, "mismatched_pairs": 0}
{"partition": "c07", "task": "S10_3d_complex_C07__ellipse", "rows": 4122, "max_clusters": 14, "nonclique_rows": 0, "mismatched_pairs": 0}
{"partition": "c07", "task": "S10_3d_complex_C07__rounded_rectangle", "rows": 4122, "max_clusters": 14, "nonclique_rows": 0, "mismatched_pairs": 0}
{
  "overall_status": "PASS_LOCAL_COMPOSITION_SLOT_TEACHER_FEASIBILITY_V1",
  "checks": {
    "exact_fit_c07_population": true,
    "exact_observable_positive_populations": true,
    "attachment_symmetric": true,
    "components_are_cliques": true,
    "slot_decode_is_lossless": true,
    "disconnected_overlap_isolated": true,
    "deterministic_rederive_exact": true,
    "fit_capacity_available": true,
    "c07_zero_capacity_overflow": true,
    "nonempty_composition_supervision": true
  },
  "capacity": {
    "maximum_fit_clusters": 18,
    "margin": 1.25,
    "required_with_margin": 23,
    "candidates": [
      8,
      16,
      32
    ],
    "selected_capacity": 32,
    "available": true,
    "c07_maximum_clusters": 19,
    "c07_overflow_rows": 0
  }
}
	Command being timed: "/home/zeng-workstation/.local/share/mtare_topo_comm/envs/phase3_torch290_cu129_zarr2187_v1/bin/python /home/zeng-workstation/mtare_topo_comm/tools/v3/execute_local_composition_slot_teacher_feasibility_v1.py --teacher-root /home/zeng-workstation/mtare_topo_comm/results/gate3_semantics/gate3_20260830_primitive_relation_p1b_teacher_materialization_v1r_seed0/artifacts/teacher --observability-root /home/zeng-workstation/mtare_topo_comm/results/gate3_semantics/gate3_20260902_primitive_attachment_observability_sidecar_v1_seed0/artifacts/endpoint_observability --output-dir /home/zeng-workstation/mtare_topo_comm/results/gate3_semantics/gate3_20260903_local_composition_slot_teacher_feasibility_v1_seed0/metrics/teacher_feasibility"
	User time (seconds): 83.66
	System time (seconds): 0.32
	Percent of CPU this job got: 100%
	Elapsed (wall clock) time (h:mm:ss or m:ss): 1:23.97
	Average shared text size (kbytes): 0
	Average unshared data size (kbytes): 0
	Average stack size (kbytes): 0
	Average total size (kbytes): 0
	Maximum resident set size (kbytes): 120484
	Average resident set size (kbytes): 0
	Major (requiring I/O) page faults: 0
	Minor (reclaiming a frame) page faults: 240622
	Voluntary context switches: 35
	Involuntary context switches: 309
	Swaps: 0
	File system inputs: 0
	File system outputs: 808
	Socket messages sent: 0
	Socket messages received: 0
	Signals delivered: 0
	Page size (bytes): 4096
	Exit status: 0
