argv=["docker", "run", "--memory", "4294967296", "--memory-swap", "4294967296", "--rm", "--name", "aee-corrective-09", "-v", "/home/zeng-workstation/mtare_topo_comm:/workspace:ro", "-v", "/home/zeng-workstation/mtare_topo_comm/results/gate2_representation/gate2_20260822_aee_corrective_sensor_teacher_dataset_v1r4_seed20260822/artifacts:/evidence:rw", "--entrypoint", "/bin/bash", "mtare-semantic-runtime:planner-seed-v1-runnable", "-lc", "source /opt/ros/noetic/setup.bash && source /home/docker-user/mtare/autonomous_exploration_development_environment/devel/setup.bash && source /home/docker-user/mtare/tare_system/devel/setup.bash --extend && export PYTHONPATH=/workspace/src:$PYTHONPATH && python3 /workspace/tools/v3/collect_aee_corrective_trajectory_v1r3.py --output-dir /evidence/aee_trajectories/09_garage_seed71 --trajectory-id 09_garage_seed71 --world garage --split corrective_train --environment-seed 71 --host-uid 1000 --host-gid 1000"]
started_at_utc=2026-08-22T10:09:11.080857+00:00
{
  "c09_reads": 0,
  "c10_reads": 0,
  "contract": {
    "effective_frames": 100,
    "effective_raw_indices": [
      0,
      30,
      60,
      90,
      120,
      150,
      180,
      210,
      240,
      270,
      300,
      330,
      360,
      390,
      420,
      450,
      480,
      510,
      540,
      570,
      600,
      630,
      660,
      690,
      720,
      750,
      780,
      810,
      840,
      870,
      900,
      930,
      960,
      990,
      1020,
      1050,
      1080,
      1110,
      1140,
      1170,
      1200,
      1230,
      1260,
      1290,
      1320,
      1350,
      1380,
      1410,
      1440,
      1470,
      1500,
      1530,
      1560,
      1590,
      1620,
      1650,
      1680,
      1710,
      1740,
      1770,
      1800,
      1830,
      1860,
      1890,
      1920,
      1950,
      1980,
      2010,
      2040,
      2070,
      2100,
      2130,
      2160,
      2190,
      2220,
      2250,
      2280,
      2310,
      2340,
      2370,
      2400,
      2430,
      2460,
      2490,
      2520,
      2550,
      2580,
      2610,
      2640,
      2670,
      2700,
      2730,
      2760,
      2790,
      2820,
      2850,
      2880,
      2910,
      2940,
      2970
    ],
    "environment_seed": 71,
    "index": 9,
    "maximum_collection_sim_seconds": 660.0,
    "maximum_raw_registered_stamp_delta_sec": 0.1,
    "minimum_distance_m": 50.0,
    "odometry_topic": "/state_estimation_at_scan",
    "pairing_method": "strict_monotonic_nearest_timestamp_v1",
    "planner_seed": 71,
    "raw_frames": 3000,
    "raw_topic": "/velodyne_points",
    "registered_topic": "/registered_scan",
    "schema_version": "aee_corrective_trajectory_contract_v1",
    "split": "corrective_train",
    "test_id": "0001",
    "trajectory_id": "09_garage_seed71",
    "world": "garage"
  },
  "evidence": {
    "effective_frames": 100,
    "maximum_raw_registered_stamp_delta_sec": 0.003,
    "organized_source_totals": {
      "azimuth_samples": 35000,
      "model_far_rejections": 618,
      "model_near_rejections": 0,
      "model_valid_returns": 558888,
      "raw_finite_returns": 559506,
      "raw_no_returns": 494,
      "raw_records": 560000,
      "rings": 1600
    },
    "pairing_method": "strict_monotonic_nearest_timestamp_v1",
    "raw_candidate_frames": 3004,
    "raw_frames": 3000,
    "registered_candidate_frames": 3002,
    "registered_frames_with_exact_odometry": 3002,
    "sensor_shard_audit": {
      "expected_frames": 100,
      "frame_identities_unique": true,
      "missing_arrays": [],
      "model_16x720_contract_passed": true,
      "nonfinite_arrays": [],
      "passed": true,
      "raw_16x350_contract_passed": true,
      "raw_to_model_resample_bitwise_exact": true,
      "schema_version": "aee_corrective_sensor_shard_audit_v1",
      "shape_mismatches": {}
    },
    "sensor_shard_bytes": 5841813,
    "sensor_shard_sha256": "ce508ca3144518193add6ab100ea2e6b808a3b8ff8ddbd37432150ae8c0992e1",
    "topic_audit": {
      "empty_required_topics": [],
      "missing_topics": [],
      "observed_required_messages": 772122,
      "passed": true,
      "type_mismatches": []
    },
    "trajectory_distance_m": 1139.2763844834471
  },
  "raw_bag_bytes": 7569371510,
  "raw_bag_sha256": "107cfc2bf00bda50fed3d8c52c2a41d704a0df8effe270ef484a345d57c73778",
  "schema_version": "aee_corrective_trajectory_summary_v1",
  "start_sim_sec": 1.124,
  "status": "PASS_AEE_CORRECTIVE_TRAJECTORY_V1",
  "teacher_queries": 0,
  "training_steps": 0,
  "wall_duration_sec": 669.7124416109873
}

finished_at_utc=2026-08-22T10:20:22.635411+00:00
resource_summary={"definition": "Sum of psutil RSS for the batch runner and its live recursive descendants during one fresh child process.", "duration_seconds": 671.5505406829761, "executor_exit_code": 0, "forced_kill": false, "peak_process_ids": [3628461, 3694181], "peak_process_tree_rss_bytes": 99139584, "rss_limit_bytes": 4294967296, "sample_count": 2642, "sample_interval_seconds": 0.25, "schema_version": "process_tree_rss_contract_v1", "stop_reason": null, "time_limit_seconds": 2700.0, "within_rss_limit": true, "within_time_limit": true}
