/home/zeng-workstation/anaconda3/lib/python3.13/site-packages/torch/backends/__init__.py:46: UserWarning: Please use the new API settings to control TF32 behavior, such as torch.backends.cudnn.conv.fp32_precision = 'tf32' or torch.backends.cuda.matmul.fp32_precision = 'ieee'. Old settings, e.g, torch.backends.cuda.matmul.allow_tf32 = True, torch.backends.cudnn.allow_tf32 = True, allowTF32CuDNN() and allowTF32CuBLAS() will be deprecated after Pytorch 2.9. Please see https://pytorch.org/docs/main/notes/cuda.html#tensorfloat-32-tf32-on-ampere-and-later-devices (Triggered internally at /pytorch/aten/src/ATen/Context.cpp:80.)
  self.setter(val)
{"c07": {"axis_mean_error_deg": 8.521901281330965, "causal_count_accuracy": 0.9321177802944507, "core_loss": {"axis": 0.018740156949837473, "column_exclusivity": 0.057805637290646986, "count": 0.2119198128469883, "event": 0.7153139841471905, "global_geometry": 0.004474989728021783, "proposal": 0.19674131023611632, "reveal": 0.2572483649483932, "token_geometry": -2.4255118881901496, "total": -0.16766066794600584, "transport_row": 0.7720392517937741, "uncertainty": 0.02356771583253449}, "event": {"accuracy": 0.8468999443103769, "confusion": [[14569, 724, 97, 2, 0], [295, 2893, 1, 0, 0], [102, 9, 787, 1, 1], [258, 13, 8, 0, 0], [1550, 215, 22, 1, 0]], "macro_f1": 0.5189211766335513, "per_class": {"corridor": {"f1": 0.9058633339551079, "precision": 0.8685465601526171, "recall": 0.9465306652806653, "support": 15392}, "geometry_transition": {"f1": 0.0, "precision": 0.0, "recall": 0.0, "support": 1788}, "junction": {"f1": 0.821524918358654, "precision": 0.750648676699533, "recall": 0.9071809344622138, "support": 3189}, "terminal": {"f1": 0.8672176308539945, "precision": 0.8601092896174863, "recall": 0.8744444444444445, "support": 900}, "turn": {"f1": 0.0, "precision": 0.0, "recall": 0.0, "support": 279}}}, "rows": 21548, "selection_loss": -0.16766066794600584}, "core_steps": 1137, "descriptor_steps": 86, "epoch": 0, "optimizer_steps": 1223, "train": {"core": {"axis": 0.02201618516568863, "column_exclusivity": 0.057805172012530076, "count": 0.27160800035573623, "event": 0.7551261975938713, "global_geometry": 0.004095423203324429, "proposal": 0.2147698376288138, "reveal": 0.27111161944798523, "token_geometry": -2.3167871636976933, "total": 0.23710310604528714, "transport_row": 0.9369540551499916, "uncertainty": 0.02040377961362054}, "descriptor": {"branch_association": 3.213055741956934, "place_association": 1.9321563093257885, "total": 5.1452120601126055}}}
Command terminated by signal 15
	Command being timed: "/home/zeng-workstation/.local/share/mtare_topo_comm/envs/phase3_torch290_cu129_zarr2187_v1/bin/python /home/zeng-workstation/mtare_topo_comm/tools/v3/train_gse_sparse_circular_relation_transport_v2.py --dataset-root /home/zeng-workstation/mtare_topo_comm/results/gate2_representation/gate2_20260824_gse_deduplicated_dataset_export_v1_seed0/artifacts/dataset/train --sequence-manifest /home/zeng-workstation/mtare_topo_comm/results/gate2_representation/gate2_20260824_gse_deduplicated_dataset_export_v1_seed0/artifacts/sequence_manifest.jsonl --predecessor-checkpoint /home/zeng-workstation/mtare_topo_comm/results/gate3_semantics/gate3_20260829_gse_cardinality_conditioned_circular_slot_transport_three_seed_training_v1_seed0/artifacts/models/seed0/best.pt --output-dir /home/zeng-workstation/mtare_topo_comm/results/gate3_semantics/gate3_20260829_gse_sparse_circular_relation_transport_three_seed_training_v2r3_seed0/artifacts/models/seed0 --seed 0 --epochs 10 --batch-size 128 --evaluation-batch-size 256 --learning-rate 0.0003 --weight-decay 0.0001"
	User time (seconds): 546.48
	System time (seconds): 11.11
	Percent of CPU this job got: 100%
	Elapsed (wall clock) time (h:mm:ss or m:ss): 9:12.63
	Average shared text size (kbytes): 0
	Average unshared data size (kbytes): 0
	Average stack size (kbytes): 0
	Average total size (kbytes): 0
	Maximum resident set size (kbytes): 3477032
	Average resident set size (kbytes): 0
	Major (requiring I/O) page faults: 0
	Minor (reclaiming a frame) page faults: 2104165
	Voluntary context switches: 358634
	Involuntary context switches: 1850
	Swaps: 0
	File system inputs: 0
	File system outputs: 6224
	Socket messages sent: 0
	Socket messages received: 0
	Signals delivered: 0
	Page size (bytes): 4096
	Exit status: 0
