{
  "best_epoch": 2,
  "best_selection": {
    "negative_pairs": 31804,
    "positive_pairs": 13568,
    "threshold_selection": null,
    "weighted_bce": 0.34795655006035225
  },
  "c09_worlds_read": 0,
  "duration_seconds": 804.8161715009483,
  "epochs_completed": 8,
  "fit_pairs": 135232,
  "mtare_worlds_read": 0,
  "optimizer_steps": 536,
  "overall_status": "FAIL_GSE_OPEN_SET_ASSOCIATION_TRAINING_SEED_V1",
  "parameters": 51266,
  "peak_gpu_memory_bytes": 4182167552,
  "schema_version": "gse_open_set_association_training_seed_v1",
  "seed": 0,
  "selection_contract": {
    "maximum_candidate_distance_m": 16.0,
    "maximum_false_accept_rate": 0.01,
    "minimum_family_precision": 0.95,
    "minimum_family_recall": 0.1,
    "minimum_precision": 0.98,
    "minimum_recall": 0.25
  },
  "selection_pairs": 45372,
  "source_gse_checkpoint_sha256": "36a826e3013cb01871e83cfc4a9d425e7f8f5dc8509165a8ee1fb2788694753a",
  "strict_test_worlds_read": 0
}
Command exited with non-zero status 2
	Command being timed: "/home/zeng-workstation/.local/share/mtare_topo_comm/envs/phase3_torch290_cu129_zarr2187_v1/bin/python /home/zeng-workstation/mtare_topo_comm/tools/v3/train_gse_open_set_association_v1.py --dataset-run /home/zeng-workstation/mtare_topo_comm/results/gate2_representation/gate2_20260824_gse_deduplicated_dataset_export_v1_seed0 --checkpoint /home/zeng-workstation/mtare_topo_comm/results/gate2_representation/gate2_20260824_gse_graph_three_seed_training_v1r_seed0/artifacts/models/seed0/best.pt --pair-cache /home/zeng-workstation/mtare_topo_comm/results/gate3_semantics/gate3_20260826_gse_open_set_association_corrective_v1r_seed0/artifacts/pair_cache --output-dir /home/zeng-workstation/mtare_topo_comm/results/gate3_semantics/gate3_20260826_gse_open_set_association_corrective_v1r_seed0/artifacts/models/seed0 --seed 0"
	User time (seconds): 812.09
	System time (seconds): 50.40
	Percent of CPU this job got: 106%
	Elapsed (wall clock) time (h:mm:ss or m:ss): 13:26.10
	Average shared text size (kbytes): 0
	Average unshared data size (kbytes): 0
	Average stack size (kbytes): 0
	Average total size (kbytes): 0
	Maximum resident set size (kbytes): 3000092
	Average resident set size (kbytes): 0
	Major (requiring I/O) page faults: 71
	Minor (reclaiming a frame) page faults: 21717828
	Voluntary context switches: 3956932
	Involuntary context switches: 5274
	Swaps: 0
	File system inputs: 23096
	File system outputs: 216096
	Socket messages sent: 0
	Socket messages received: 0
	Signals delivered: 0
	Page size (bytes): 4096
	Exit status: 2

runner_observed_seconds=806.107039
