{
  "best_epoch": 3,
  "best_selection": {
    "negative_pairs": 31804,
    "positive_pairs": 13568,
    "threshold_selection": null,
    "weighted_bce": 0.33013263857628444
  },
  "c09_worlds_read": 0,
  "duration_seconds": 840.2242118859431,
  "epochs_completed": 9,
  "fit_pairs": 135232,
  "mtare_worlds_read": 0,
  "optimizer_steps": 603,
  "overall_status": "FAIL_GSE_OPEN_SET_ASSOCIATION_TRAINING_SEED_V1",
  "parameters": 51266,
  "peak_gpu_memory_bytes": 4182167552,
  "schema_version": "gse_open_set_association_training_seed_v1",
  "seed": 2,
  "selection_contract": {
    "maximum_candidate_distance_m": 16.0,
    "maximum_false_accept_rate": 0.01,
    "minimum_family_precision": 0.95,
    "minimum_family_recall": 0.1,
    "minimum_precision": 0.98,
    "minimum_recall": 0.25
  },
  "selection_pairs": 45372,
  "source_gse_checkpoint_sha256": "307a73aec8fdfea0ec93d2c3f7656b2ea2277a7443c205ab1016ce5d716ba176",
  "strict_test_worlds_read": 0
}
Command exited with non-zero status 2
	Command being timed: "/home/zeng-workstation/.local/share/mtare_topo_comm/envs/phase3_torch290_cu129_zarr2187_v1/bin/python /home/zeng-workstation/mtare_topo_comm/tools/v3/train_gse_open_set_association_v1.py --dataset-run /home/zeng-workstation/mtare_topo_comm/results/gate2_representation/gate2_20260824_gse_deduplicated_dataset_export_v1_seed0 --checkpoint /home/zeng-workstation/mtare_topo_comm/results/gate2_representation/gate2_20260824_gse_graph_three_seed_training_v1r_seed0/artifacts/models/seed2/best.pt --pair-cache /home/zeng-workstation/mtare_topo_comm/results/gate3_semantics/gate3_20260826_gse_open_set_association_corrective_v1r_seed0/artifacts/pair_cache --output-dir /home/zeng-workstation/mtare_topo_comm/results/gate3_semantics/gate3_20260826_gse_open_set_association_corrective_v1r_seed0/artifacts/models/seed2 --seed 2"
	User time (seconds): 848.70
	System time (seconds): 49.13
	Percent of CPU this job got: 106%
	Elapsed (wall clock) time (h:mm:ss or m:ss): 14:01.54
	Average shared text size (kbytes): 0
	Average unshared data size (kbytes): 0
	Average stack size (kbytes): 0
	Average total size (kbytes): 0
	Maximum resident set size (kbytes): 2990404
	Average resident set size (kbytes): 0
	Major (requiring I/O) page faults: 0
	Minor (reclaiming a frame) page faults: 21698053
	Voluntary context switches: 3964074
	Involuntary context switches: 5821
	Swaps: 0
	File system inputs: 0
	File system outputs: 216536
	Socket messages sent: 0
	Socket messages received: 0
	Signals delivered: 0
	Page size (bytes): 4096
	Exit status: 2

runner_observed_seconds=841.545655
