{"c07": {"assignment": 2.639507816599985, "axis": 0.03881036686411579, "bearing": 0.09395892107167612, "cardinality": 0.5457124902661222, "global_geometry": 0.004427986508856419, "slot_geometry": 0.008522903642943743, "total": 3.3309404745778193}, "epoch": 0, "optimizer_steps": 1137, "train": {"assignment": 2.7884000449197237, "axis": 0.1513610029577285, "bearing": 0.10430245441287278, "cardinality": 0.33437893856682566, "global_geometry": 0.011298046622488579, "slot_geometry": 0.010247554835705134, "total": 3.399988044048076}}
{"c07": {"assignment": 2.6121792864972107, "axis": 0.02441868635908624, "bearing": 0.07108699641855011, "cardinality": 0.19850327769603066, "global_geometry": 0.004101249263566976, "slot_geometry": 0.0047855837444711015, "total": 2.9150750783106294}, "epoch": 1, "optimizer_steps": 1137, "train": {"assignment": 2.4393799291882874, "axis": 0.03226845187943273, "bearing": 0.06038335289815088, "cardinality": 0.16962196647176928, "global_geometry": 0.0040781793949809545, "slot_geometry": 0.00471104422068367, "total": 2.710442922798534}}
{"c07": {"assignment": 2.473472990816193, "axis": 0.0250614097511364, "bearing": 0.036675993115608325, "cardinality": 0.13873919125856232, "global_geometry": 0.0038059016575220195, "slot_geometry": 0.003993382925177707, "total": 2.681748875963991}, "epoch": 2, "optimizer_steps": 1137, "train": {"assignment": 2.313515436571853, "axis": 0.02134925572288713, "bearing": 0.04721477508571463, "cardinality": 0.14347099141002373, "global_geometry": 0.003782008117796181, "slot_geometry": 0.0037677554683064776, "total": 2.5331002212564093}}
{"c07": {"assignment": 2.403449687573603, "axis": 0.013254287456265054, "bearing": 0.04068260485447087, "cardinality": 0.13377060661989362, "global_geometry": 0.0035577351265004813, "slot_geometry": 0.004158391856957486, "total": 2.59887332315013}, "epoch": 3, "optimizer_steps": 1137, "train": {"assignment": 2.2251310849564696, "axis": 0.016356071095339805, "bearing": 0.03928759080730263, "cardinality": 0.12484601347357226, "global_geometry": 0.0034691345058109205, "slot_geometry": 0.003208235973651996, "total": 2.412298125583306}}
{"c07": {"assignment": 2.297337252166069, "axis": 0.012725811143173985, "bearing": 0.04249400969328196, "cardinality": 0.11772680445027481, "global_geometry": 0.0033537243899452716, "slot_geometry": 0.003885961864545996, "total": 2.477523576102408}, "epoch": 4, "optimizer_steps": 1137, "train": {"assignment": 2.148142872463434, "axis": 0.013461933458417666, "bearing": 0.03419806272398222, "cardinality": 0.1127202030105125, "global_geometry": 0.00327968345267366, "slot_geometry": 0.0030474348682923893, "total": 2.314850193679296}}
{"c07": {"assignment": 2.385283388254128, "axis": 0.013434861226597134, "bearing": 0.052502490335452005, "cardinality": 0.12282518857297113, "global_geometry": 0.003236216661798515, "slot_geometry": 0.004561338923588507, "total": 2.5818434658266516}, "epoch": 5, "optimizer_steps": 1137, "train": {"assignment": 2.0819560082160127, "axis": 0.01119091168703119, "bearing": 0.03338639232353041, "cardinality": 0.10511222404884842, "global_geometry": 0.0031469363829869593, "slot_geometry": 0.00296902813112594, "total": 2.237761499003353}}
{"c07": {"assignment": 2.3674230061503274, "axis": 0.011643422970457984, "bearing": 0.032907224930047684, "cardinality": 0.10993710332722235, "global_geometry": 0.0031664148564159566, "slot_geometry": 0.00279739238829734, "total": 2.5278745334777315}, "epoch": 6, "optimizer_steps": 1137, "train": {"assignment": 2.0256735868146247, "axis": 0.01010468128584703, "bearing": 0.03252988744191984, "cardinality": 0.09720182030494336, "global_geometry": 0.0030637504452121103, "slot_geometry": 0.002884196628824509, "total": 2.1714579229221247}}
{"c07": {"assignment": 2.180236476514829, "axis": 0.00952633503515854, "bearing": 0.03780630687262168, "cardinality": 0.14900482314299207, "global_geometry": 0.0032975240171470247, "slot_geometry": 0.003452977601264732, "total": 2.383324420969938}, "epoch": 7, "optimizer_steps": 1137, "train": {"assignment": 1.9856882644566232, "axis": 0.01002195480625294, "bearing": 0.030369179829729313, "cardinality": 0.09262455717402425, "global_geometry": 0.00296803885163482, "slot_geometry": 0.002737745059773224, "total": 2.1244097388884646}}
{"c07": {"assignment": 2.2296967969791375, "axis": 0.011284679526273239, "bearing": 0.03590715016547993, "cardinality": 0.10237165689507606, "global_geometry": 0.003036615546018585, "slot_geometry": 0.0032761899184927286, "total": 2.3855731201477255}, "epoch": 8, "optimizer_steps": 1137, "train": {"assignment": 1.9385871027462096, "axis": 0.009182223620693998, "bearing": 0.028568135270179016, "cardinality": 0.08647867503078381, "global_geometry": 0.0028967802063201717, "slot_geometry": 0.0026289884905247884, "total": 2.068341910181763}}
{"c07": {"assignment": 2.1555785855867216, "axis": 0.008942035238981582, "bearing": 0.030421755107391906, "cardinality": 0.12776030315056822, "global_geometry": 0.0031143336389454863, "slot_geometry": 0.0027768721051591254, "total": 2.3285938805300783}, "epoch": 9, "optimizer_steps": 1137, "train": {"assignment": 1.8901646658044577, "axis": 0.008140018426958126, "bearing": 0.027186703323362964, "cardinality": 0.08436514556850867, "global_geometry": 0.0028874228073048147, "slot_geometry": 0.00261867573535663, "total": 2.015362635287558}}
{"best_c07_validation_loss": 2.3285938805300783, "best_epoch": 9, "c07_checkpoint_observations": 21548, "c08_checkpoint_observations": 0, "c09_worlds_read": 0, "c10_worlds_read": 0, "development_output_observations": 45942, "duration_seconds": 1922.7218972379342, "epochs": 10, "final_inference_c07_observations": 21548, "final_inference_c08_observations": 24394, "fit_observations": 142184, "mtare_worlds_read": 0, "optimizer_steps": 11370, "parameters": 787328, "peak_gpu_memory_bytes": 7923989504, "schema_version": "gse_circular_peak_geometry_training_seed_v1", "seed": 2}
	Command being timed: "/home/zeng-workstation/.local/share/mtare_topo_comm/envs/phase3_torch290_cu129_zarr2187_v1/bin/python /home/zeng-workstation/mtare_topo_comm/tools/v3/train_gse_cardinality_conditioned_circular_slot_transport_v1.py --teacher-root /home/zeng-workstation/mtare_topo_comm/results/gate2_representation/gate2_20260829_gse_circular_exit_geometry_field_teacher_export_v1_seed0/artifacts/export/teacher --source-root /home/zeng-workstation/mtare_topo_comm/results/gate2_representation/gate2_20260824_gse_deduplicated_dataset_export_v1_seed0/artifacts/dataset/train --output-dir /home/zeng-workstation/mtare_topo_comm/results/gate3_semantics/gate3_20260829_gse_cardinality_conditioned_circular_slot_transport_three_seed_training_v1_seed0/artifacts/models/seed2 --seed 2 --epochs 10 --batch-size 128 --evaluation-batch-size 256 --learning-rate 0.0003 --weight-decay 0.0001"
	User time (seconds): 1874.15
	System time (seconds): 91.73
	Percent of CPU this job got: 102%
	Elapsed (wall clock) time (h:mm:ss or m:ss): 32:03.68
	Average shared text size (kbytes): 0
	Average unshared data size (kbytes): 0
	Average stack size (kbytes): 0
	Average total size (kbytes): 0
	Maximum resident set size (kbytes): 3427108
	Average resident set size (kbytes): 0
	Major (requiring I/O) page faults: 0
	Minor (reclaiming a frame) page faults: 9583357
	Voluntary context switches: 2727856
	Involuntary context switches: 7023
	Swaps: 0
	File system inputs: 0
	File system outputs: 344056
	Socket messages sent: 0
	Socket messages received: 0
	Signals delivered: 0
	Page size (bytes): 4096
	Exit status: 0
