argv=["/tmp/mtare_cano_compat_e1_rebuilt_20260813/bin/python", "/home/zeng-workstation/mtare_topo_comm/tools/v3/execute_cano_s10_perception_mesh_replacement_v1.py", "--run-dir", "/home/zeng-workstation/mtare_topo_comm/results/gate4_topology/gate4_20260813_cano_s10_perception_mesh_replacement_v1r_seed0"]
finished_at_utc=2026-08-13T13:46:00.681558+00:00
0000
0000
0000
0001
[S10_3d_complex_C08/replacement_primary] compute_all start

Voxelizing floors:   0%|          | 0/3231 [00:00<?, ?it/s]
Voxelizing floors:   1%|          | 23/3231 [00:00<00:14, 228.86it/s]
Voxelizing floors:   1%|▏         | 47/3231 [00:00<00:13, 230.38it/s]
Voxelizing floors:   2%|▏         | 71/3231 [00:00<00:13, 231.54it/s]
Voxelizing floors:   3%|▎         | 96/3231 [00:00<00:13, 235.34it/s]
Voxelizing floors:   4%|▎         | 121/3231 [00:00<00:13, 237.27it/s]
Voxelizing floors:   5%|▍         | 146/3231 [00:00<00:12, 241.22it/s]
Voxelizing floors:   5%|▌         | 171/3231 [00:00<00:12, 242.61it/s]
Voxelizing floors:   6%|▌         | 196/3231 [00:00<00:12, 243.70it/s]
Voxelizing floors:   7%|▋         | 222/3231 [00:00<00:12, 246.52it/s]
Voxelizing floors:   8%|▊         | 248/3231 [00:01<00:12, 247.88it/s]
Voxelizing floors:   8%|▊         | 274/3231 [00:01<00:11, 248.75it/s]
Voxelizing floors:   9%|▉         | 300/3231 [00:01<00:11, 251.39it/s]
Voxelizing floors:  10%|█         | 326/3231 [00:01<00:11, 252.37it/s]
Voxelizing floors:  11%|█         | 353/3231 [00:01<00:11, 254.90it/s]
Voxelizing floors:  12%|█▏        | 380/3231 [00:01<00:11, 257.15it/s]
Voxelizing floors:  13%|█▎        | 407/3231 [00:01<00:10, 258.66it/s]
Voxelizing floors:  13%|█▎        | 434/3231 [00:01<00:10, 261.68it/s]
Voxelizing floors:  14%|█▍        | 462/3231 [00:01<00:10, 264.99it/s]
Voxelizing floors:  15%|█▌        | 491/3231 [00:01<00:10, 269.89it/s]
Voxelizing floors:  16%|█▌        | 519/3231 [00:02<00:09, 271.46it/s]
Voxelizing floors:  17%|█▋        | 548/3231 [00:02<00:09, 275.23it/s]
Voxelizing floors:  18%|█▊        | 576/3231 [00:02<00:09, 275.31it/s]
Voxelizing floors:  19%|█▊        | 605/3231 [00:02<00:09, 277.30it/s]
Voxelizing floors:  20%|█▉        | 634/3231 [00:02<00:09, 280.84it/s]
Voxelizing floors:  21%|██        | 664/3231 [00:02<00:08, 285.32it/s]
Voxelizing floors:  21%|██▏       | 694/3231 [00:02<00:08, 288.30it/s]
Voxelizing floors:  22%|██▏       | 724/3231 [00:02<00:08, 291.43it/s]
Voxelizing floors:  23%|██▎       | 755/3231 [00:02<00:08, 296.20it/s]
Voxelizing floors:  24%|██▍       | 787/3231 [00:02<00:08, 300.79it/s]
Voxelizing floors:  25%|██▌       | 820/3231 [00:03<00:07, 307.26it/s]
Voxelizing floors:  26%|██▋       | 852/3231 [00:03<00:07, 310.12it/s]
Voxelizing floors:  27%|██▋       | 885/3231 [00:03<00:07, 314.11it/s]
Voxelizing floors:  28%|██▊       | 918/3231 [00:03<00:07, 317.10it/s]
Voxelizing floors:  29%|██▉       | 952/3231 [00:03<00:07, 322.03it/s]
Voxelizing floors:  31%|███       | 986/3231 [00:03<00:06, 327.30it/s]
Voxelizing floors:  32%|███▏      | 1021/3231 [00:03<00:06, 333.98it/s]
Voxelizing floors:  33%|███▎      | 1057/3231 [00:03<00:06, 341.43it/s]
Voxelizing floors:  34%|███▍      | 1093/3231 [00:03<00:06, 346.40it/s]
Voxelizing floors:  35%|███▍      | 1129/3231 [00:03<00:06, 349.88it/s]
Voxelizing floors:  36%|███▌      | 1166/3231 [00:04<00:05, 354.95it/s]
Voxelizing floors:  37%|███▋      | 1203/3231 [00:04<00:05, 359.14it/s]
Voxelizing floors:  38%|███▊      | 1241/3231 [00:04<00:05, 363.55it/s]
Voxelizing floors:  40%|███▉      | 1281/3231 [00:04<00:05, 371.78it/s]
Voxelizing floors:  41%|████      | 1322/3231 [00:04<00:05, 381.09it/s]
Voxelizing floors:  42%|████▏     | 1364/3231 [00:04<00:04, 390.63it/s]
Voxelizing floors:  44%|████▎     | 1406/3231 [00:04<00:04, 398.19it/s]
Voxelizing floors:  45%|████▍     | 1449/3231 [00:04<00:04, 405.66it/s]
Voxelizing floors:  46%|████▌     | 1493/3231 [00:04<00:04, 413.62it/s]
Voxelizing floors:  48%|████▊     | 1538/3231 [00:04<00:04, 422.07it/s]
Voxelizing floors:  49%|████▉     | 1585/3231 [00:05<00:03, 435.34it/s]
Voxelizing floors:  51%|█████     | 1633/3231 [00:05<00:03, 447.46it/s]
Voxelizing floors:  52%|█████▏    | 1682/3231 [00:05<00:03, 460.11it/s]
Voxelizing floors:  54%|█████▎    | 1733/3231 [00:05<00:03, 472.50it/s]
Voxelizing floors:  55%|█████▌    | 1787/3231 [00:05<00:02, 489.85it/s]
Voxelizing floors:  57%|█████▋    | 1842/3231 [00:05<00:02, 507.40it/s]
Voxelizing floors:  59%|█████▉    | 1899/3231 [00:05<00:02, 525.39it/s]
Voxelizing floors:  61%|██████    | 1959/3231 [00:05<00:02, 546.36it/s]
Voxelizing floors:  63%|██████▎   | 2022/3231 [00:05<00:02, 571.29it/s]
Voxelizing floors:  65%|██████▍   | 2088/3231 [00:05<00:01, 597.19it/s]
Voxelizing floors:  67%|██████▋   | 2158/3231 [00:06<00:01, 625.56it/s]
Voxelizing floors:  69%|██████▉   | 2234/3231 [00:06<00:01, 663.24it/s]
Voxelizing floors:  72%|███████▏  | 2312/3231 [00:06<00:01, 697.38it/s]
Voxelizing floors:  74%|███████▍  | 2400/3231 [00:06<00:01, 750.26it/s]
Voxelizing floors:  77%|███████▋  | 2499/3231 [00:06<00:00, 819.45it/s]
Voxelizing floors:  81%|████████  | 2609/3231 [00:06<00:00, 902.25it/s]
Voxelizing floors:  85%|████████▍ | 2742/3231 [00:06<00:00, 1029.32it/s]
Voxelizing floors:  91%|█████████ | 2928/3231 [00:06<00:00, 1276.08it/s]
Voxelizing floors: 100%|██████████| 3231/3231 [00:06<00:00, 470.45it/s] 

Checking wich vertices are floors:   0%|          | 0/221126 [00:00<?, ?it/s]
Checking wich vertices are floors:   2%|▏         | 3909/221126 [00:00<00:05, 39088.36it/s]
Checking wich vertices are floors:   4%|▎         | 7818/221126 [00:00<00:05, 38652.92it/s]
Checking wich vertices are floors:   5%|▌         | 11684/221126 [00:00<00:05, 38143.18it/s]
Checking wich vertices are floors:   7%|▋         | 15499/221126 [00:00<00:05, 36734.29it/s]
Checking wich vertices are floors:   9%|▊         | 19179/221126 [00:00<00:05, 36368.55it/s]
Checking wich vertices are floors:  10%|█         | 22820/221126 [00:00<00:05, 36328.99it/s]
Checking wich vertices are floors:  12%|█▏        | 26464/221126 [00:00<00:05, 36363.40it/s]
Checking wich vertices are floors:  14%|█▎        | 30124/221126 [00:00<00:05, 36436.66it/s]
Checking wich vertices are floors:  15%|█▌        | 33772/221126 [00:00<00:05, 36448.75it/s]
Checking wich vertices are floors:  17%|█▋        | 37439/221126 [00:01<00:05, 36515.28it/s]
Checking wich vertices are floors:  19%|█▊        | 41092/221126 [00:01<00:04, 36228.80it/s]
Checking wich vertices are floors:  20%|██        | 44716/221126 [00:01<00:04, 35911.06it/s]
Checking wich vertices are floors:  22%|██▏       | 48309/221126 [00:01<00:04, 35290.33it/s]
Checking wich vertices are floors:  23%|██▎       | 51841/221126 [00:01<00:04, 34910.72it/s]
Checking wich vertices are floors:  25%|██▌       | 55334/221126 [00:01<00:04, 34525.94it/s]
Checking wich vertices are floors:  27%|██▋       | 58789/221126 [00:01<00:04, 34304.29it/s]
Checking wich vertices are floors:  28%|██▊       | 62240/221126 [00:01<00:04, 34362.13it/s]
Checking wich vertices are floors:  30%|██▉       | 65941/221126 [00:01<00:04, 35145.54it/s]
Checking wich vertices are floors:  31%|███▏      | 69505/221126 [00:01<00:04, 35289.45it/s]
Checking wich vertices are floors:  33%|███▎      | 73036/221126 [00:02<00:04, 35098.30it/s]
Checking wich vertices are floors:  35%|███▍      | 76547/221126 [00:02<00:04, 34871.49it/s]
Checking wich vertices are floors:  36%|███▋      | 80189/221126 [00:02<00:03, 35331.11it/s]
Checking wich vertices are floors:  38%|███▊      | 83760/221126 [00:02<00:03, 35441.17it/s]
Checking wich vertices are floors:  40%|███▉      | 87409/221126 [00:02<00:03, 35752.93it/s]
Checking wich vertices are floors:  41%|████      | 90986/221126 [00:02<00:03, 35720.52it/s]
Checking wich vertices are floors:  43%|████▎     | 94559/221126 [00:02<00:03, 35690.82it/s]
Checking wich vertices are floors:  44%|████▍     | 98129/221126 [00:02<00:03, 35609.60it/s]
Checking wich vertices are floors:  46%|████▌     | 101691/221126 [00:02<00:03, 35550.22it/s]
Checking wich vertices are floors:  48%|████▊     | 105247/221126 [00:02<00:03, 35270.54it/s]
Checking wich vertices are floors:  49%|████▉     | 108775/221126 [00:03<00:03, 35023.14it/s]
Checking wich vertices are floors:  51%|█████     | 112283/221126 [00:03<00:03, 35039.21it/s]
Checking wich vertices are floors:  52%|█████▏    | 115788/221126 [00:03<00:03, 35025.05it/s]
Checking wich vertices are floors:  54%|█████▍    | 119291/221126 [00:03<00:02, 35022.15it/s]
Checking wich vertices are floors:  56%|█████▌    | 122794/221126 [00:03<00:02, 34757.35it/s]
Checking wich vertices are floors:  57%|█████▋    | 126388/221126 [00:03<00:02, 35108.23it/s]
Checking wich vertices are floors:  59%|█████▉    | 130006/221126 [00:03<00:02, 35426.94it/s]
Checking wich vertices are floors:  60%|██████    | 133602/221126 [00:03<00:02, 35584.47it/s]
Checking wich vertices are floors:  62%|██████▏   | 137218/221126 [00:03<00:02, 35754.17it/s]
Checking wich vertices are floors:  64%|██████▎   | 140846/221126 [00:03<00:02, 35910.50it/s]
Checking wich vertices are floors:  65%|██████▌   | 144438/221126 [00:04<00:02, 35866.86it/s]
Checking wich vertices are floors:  67%|██████▋   | 148025/221126 [00:04<00:02, 35744.54it/s]
Checking wich vertices are floors:  69%|██████▊   | 151600/221126 [00:04<00:01, 35569.52it/s]
Checking wich vertices are floors:  70%|███████   | 155158/221126 [00:04<00:01, 35300.08it/s]
Checking wich vertices are floors:  72%|███████▏  | 158689/221126 [00:04<00:01, 34956.37it/s]
Checking wich vertices are floors:  73%|███████▎  | 162189/221126 [00:04<00:01, 34968.16it/s]
Checking wich vertices are floors:  75%|███████▍  | 165803/221126 [00:04<00:01, 35315.97it/s]
Checking wich vertices are floors:  77%|███████▋  | 169336/221126 [00:04<00:01, 34887.88it/s]
Checking wich vertices are floors:  78%|███████▊  | 172827/221126 [00:04<00:01, 34641.94it/s]
Checking wich vertices are floors:  80%|███████▉  | 176293/221126 [00:04<00:01, 34563.52it/s]
Checking wich vertices are floors:  81%|████████▏ | 179803/221126 [00:05<00:01, 34722.08it/s]
Checking wich vertices are floors:  83%|████████▎ | 183372/221126 [00:05<00:01, 35008.12it/s]
Checking wich vertices are floors:  85%|████████▍ | 186992/221126 [00:05<00:00, 35361.23it/s]
Checking wich vertices are floors:  86%|████████▌ | 190635/221126 [00:05<00:00, 35677.87it/s]
Checking wich vertices are floors:  88%|████████▊ | 194204/221126 [00:05<00:00, 35676.04it/s]
Checking wich vertices are floors:  89%|████████▉ | 197773/221126 [00:05<00:00, 35529.96it/s]
Checking wich vertices are floors:  91%|█████████ | 201327/221126 [00:05<00:00, 35242.52it/s]
Checking wich vertices are floors:  93%|█████████▎| 204968/221126 [00:05<00:00, 35589.47it/s]
Checking wich vertices are floors:  94%|█████████▍| 208827/221126 [00:05<00:00, 36482.01it/s]
Checking wich vertices are floors:  96%|█████████▌| 212477/221126 [00:05<00:00, 35984.96it/s]
Checking wich vertices are floors:  98%|█████████▊| 216078/221126 [00:06<00:00, 35690.54it/s]
Checking wich vertices are floors:  99%|█████████▉| 219762/221126 [00:06<00:00, 36028.45it/s]

Checking wich intersection vertices are floors:   0%|          | 0/15 [00:00<?, ?it/s][A
Checking wich vertices are floors: 100%|██████████| 221126/221126 [00:06<00:00, 35550.55it/s]

Floor adj list:   0%|          | 0/70219 [00:00<?, ?it/s]
Checking wich intersection vertices are floors: 100%|██████████| 15/15 [00:00<00:00, 65.88it/s]

Floor adj list:   3%|▎         | 2189/70219 [00:00<00:03, 21855.32it/s]
Floor adj list:   6%|▌         | 4375/70219 [00:00<00:07, 8422.88it/s] 
Floor adj list:   8%|▊         | 5622/70219 [00:00<00:09, 7088.12it/s]
Floor adj list:   9%|▉         | 6543/70219 [00:00<00:09, 6482.73it/s]
Floor adj list:  10%|█         | 7305/70219 [00:01<00:10, 6041.41it/s]
Floor adj list:  11%|█▏        | 7970/70219 [00:01<00:11, 5580.69it/s]
Floor adj list:  12%|█▏        | 8559/70219 [00:01<00:12, 5066.46it/s]
Floor adj list:  13%|█▎        | 9081/70219 [00:01<00:12, 4722.98it/s]
Floor adj list:  14%|█▎        | 9558/70219 [00:01<00:13, 4515.94it/s]
Floor adj list:  14%|█▍        | 10008/70219 [00:01<00:14, 4193.18it/s]
Floor adj list:  15%|█▍        | 10483/70219 [00:01<00:13, 4322.98it/s]
Floor adj list:  16%|█▌        | 10917/70219 [00:01<00:15, 3746.15it/s]
Floor adj list:  16%|█▌        | 11301/70219 [00:02<00:16, 3607.89it/s]
Floor adj list:  17%|█▋        | 11667/70219 [00:02<00:16, 3450.38it/s]
Floor adj list:  17%|█▋        | 12125/70219 [00:02<00:15, 3731.32it/s]
Floor adj list:  18%|█▊        | 12523/70219 [00:02<00:15, 3796.41it/s]
Floor adj list:  18%|█▊        | 12909/70219 [00:02<00:16, 3421.72it/s]
Floor adj list:  19%|█▉        | 13261/70219 [00:02<00:17, 3296.70it/s]
Floor adj list:  19%|█▉        | 13633/70219 [00:02<00:16, 3405.95it/s]
Floor adj list:  20%|█▉        | 13997/70219 [00:02<00:16, 3468.25it/s]
Floor adj list:  20%|██        | 14349/70219 [00:03<00:17, 3163.57it/s]
Floor adj list:  21%|██        | 14673/70219 [00:03<00:18, 2983.77it/s]
Floor adj list:  21%|██▏       | 14978/70219 [00:03<00:19, 2869.66it/s]
Floor adj list:  22%|██▏       | 15271/70219 [00:03<00:19, 2884.89it/s]
Floor adj list:  22%|██▏       | 15625/70219 [00:03<00:17, 3062.34it/s]
Floor adj list:  23%|██▎       | 15935/70219 [00:03<00:18, 2939.68it/s]
Floor adj list:  23%|██▎       | 16233/70219 [00:03<00:18, 2888.28it/s]
Floor adj list:  24%|██▎       | 16524/70219 [00:03<00:19, 2797.47it/s]
Floor adj list:  24%|██▍       | 16818/70219 [00:03<00:18, 2834.16it/s]
Floor adj list:  24%|██▍       | 17158/70219 [00:04<00:17, 2993.51it/s]
Floor adj list:  25%|██▍       | 17460/70219 [00:04<00:18, 2835.30it/s]
Floor adj list:  25%|██▌       | 17747/70219 [00:04<00:19, 2731.15it/s]
Floor adj list:  26%|██▌       | 18023/70219 [00:04<00:19, 2698.78it/s]
Floor adj list:  26%|██▌       | 18295/70219 [00:04<00:19, 2665.45it/s]
Floor adj list:  26%|██▋       | 18588/70219 [00:04<00:18, 2739.03it/s]
Floor adj list:  27%|██▋       | 18863/70219 [00:04<00:19, 2650.89it/s]
Floor adj list:  27%|██▋       | 19130/70219 [00:04<00:19, 2571.46it/s]
Floor adj list:  28%|██▊       | 19389/70219 [00:04<00:20, 2447.59it/s]
Floor adj list:  28%|██▊       | 19636/70219 [00:05<00:21, 2407.57it/s]
Floor adj list:  28%|██▊       | 19906/70219 [00:05<00:20, 2487.81it/s]
Floor adj list:  29%|██▉       | 20192/70219 [00:05<00:19, 2592.46it/s]
Floor adj list:  29%|██▉       | 20468/70219 [00:05<00:18, 2640.01it/s]
Floor adj list:  30%|██▉       | 20734/70219 [00:05<00:19, 2510.01it/s]
Floor adj list:  30%|██▉       | 20987/70219 [00:05<00:19, 2507.81it/s]
Floor adj list:  30%|███       | 21240/70219 [00:05<00:19, 2452.24it/s]
Floor adj list:  31%|███       | 21489/70219 [00:05<00:19, 2461.94it/s]
Floor adj list:  31%|███       | 21736/70219 [00:05<00:20, 2368.83it/s]
Floor adj list:  31%|███▏      | 21974/70219 [00:05<00:20, 2371.38it/s]
Floor adj list:  32%|███▏      | 22252/70219 [00:06<00:19, 2488.51it/s]
Floor adj list:  32%|███▏      | 22516/70219 [00:06<00:18, 2530.32it/s]
Floor adj list:  32%|███▏      | 22770/70219 [00:06<00:19, 2404.39it/s]
Floor adj list:  33%|███▎      | 23013/70219 [00:06<00:19, 2392.96it/s]
Floor adj list:  33%|███▎      | 23254/70219 [00:06<00:20, 2305.99it/s]
Floor adj list:  33%|███▎      | 23486/70219 [00:06<00:20, 2233.23it/s]
Floor adj list:  34%|███▍      | 23731/70219 [00:06<00:20, 2293.33it/s]
Floor adj list:  34%|███▍      | 23986/70219 [00:06<00:19, 2364.62it/s]
Floor adj list:  34%|███▍      | 24224/70219 [00:06<00:20, 2299.09it/s]
Floor adj list:  35%|███▍      | 24455/70219 [00:07<00:20, 2260.42it/s]
Floor adj list:  35%|███▌      | 24682/70219 [00:07<00:20, 2187.71it/s]
Floor adj list:  35%|███▌      | 24902/70219 [00:07<00:21, 2154.24it/s]
Floor adj list:  36%|███▌      | 25118/70219 [00:07<00:21, 2140.54it/s]
Floor adj list:  36%|███▌      | 25349/70219 [00:07<00:20, 2187.03it/s]
Floor adj list:  36%|███▋      | 25569/70219 [00:07<00:20, 2163.45it/s]
Floor adj list:  37%|███▋      | 25786/70219 [00:07<00:20, 2126.54it/s]
Floor adj list:  37%|███▋      | 26021/70219 [00:07<00:20, 2187.26it/s]
Floor adj list:  37%|███▋      | 26244/70219 [00:07<00:20, 2197.55it/s]
Floor adj list:  38%|███▊      | 26468/70219 [00:07<00:19, 2209.72it/s]
Floor adj list:  38%|███▊      | 26690/70219 [00:08<00:20, 2074.23it/s]
Floor adj list:  38%|███▊      | 26900/70219 [00:08<00:21, 1977.72it/s]
Floor adj list:  39%|███▊      | 27100/70219 [00:08<00:22, 1930.35it/s]
Floor adj list:  39%|███▉      | 27295/70219 [00:08<00:22, 1901.91it/s]
Floor adj list:  39%|███▉      | 27502/70219 [00:08<00:21, 1947.59it/s]
Floor adj list:  39%|███▉      | 27714/70219 [00:08<00:21, 1996.37it/s]
Floor adj list:  40%|███▉      | 27927/70219 [00:08<00:20, 2033.24it/s]
Floor adj list:  40%|████      | 28132/70219 [00:08<00:21, 1975.08it/s]
Floor adj list:  40%|████      | 28331/70219 [00:08<00:22, 1862.92it/s]
Floor adj list:  41%|████      | 28519/70219 [00:09<00:22, 1826.08it/s]
Floor adj list:  41%|████      | 28721/70219 [00:09<00:22, 1880.13it/s]
Floor adj list:  41%|████      | 28925/70219 [00:09<00:21, 1925.50it/s]
Floor adj list:  41%|████▏     | 29119/70219 [00:09<00:21, 1901.01it/s]
Floor adj list:  42%|████▏     | 29310/70219 [00:09<00:21, 1862.67it/s]
Floor adj list:  42%|████▏     | 29497/70219 [00:09<00:22, 1831.06it/s]
Floor adj list:  42%|████▏     | 29681/70219 [00:09<00:22, 1821.40it/s]
Floor adj list:  43%|████▎     | 29864/70219 [00:09<00:22, 1801.35it/s]
Floor adj list:  43%|████▎     | 30067/70219 [00:09<00:21, 1866.03it/s]
Floor adj list:  43%|████▎     | 30265/70219 [00:09<00:21, 1898.03it/s]
Floor adj list:  43%|████▎     | 30456/70219 [00:10<00:21, 1886.16it/s]
Floor adj list:  44%|████▎     | 30645/70219 [00:10<00:22, 1779.38it/s]
Floor adj list:  44%|████▍     | 30825/70219 [00:10<00:23, 1698.42it/s]
Floor adj list:  44%|████▍     | 30997/70219 [00:10<00:23, 1658.66it/s]
Floor adj list:  44%|████▍     | 31164/70219 [00:10<00:23, 1638.93it/s]
Floor adj list:  45%|████▍     | 31329/70219 [00:10<00:24, 1615.01it/s]
Floor adj list:  45%|████▍     | 31492/70219 [00:10<00:23, 1618.44it/s]
Floor adj list:  45%|████▌     | 31665/70219 [00:10<00:23, 1650.60it/s]
Floor adj list:  45%|████▌     | 31841/70219 [00:10<00:22, 1681.46it/s]
Floor adj list:  46%|████▌     | 32020/70219 [00:11<00:22, 1711.38it/s]
Floor adj list:  46%|████▌     | 32205/70219 [00:11<00:21, 1751.41it/s]
Floor adj list:  46%|████▌     | 32381/70219 [00:11<00:21, 1738.53it/s]
Floor adj list:  46%|████▋     | 32556/70219 [00:11<00:22, 1666.80it/s]
Floor adj list:  47%|████▋     | 32724/70219 [00:11<00:22, 1641.11it/s]
Floor adj list:  47%|████▋     | 32889/70219 [00:11<00:23, 1619.84it/s]
Floor adj list:  47%|████▋     | 33055/70219 [00:11<00:22, 1631.41it/s]
Floor adj list:  47%|████▋     | 33224/70219 [00:11<00:22, 1646.98it/s]
Floor adj list:  48%|████▊     | 33399/70219 [00:11<00:21, 1676.52it/s]
Floor adj list:  48%|████▊     | 33573/70219 [00:11<00:21, 1693.96it/s]
Floor adj list:  48%|████▊     | 33751/70219 [00:12<00:21, 1717.39it/s]
Floor adj list:  48%|████▊     | 33923/70219 [00:12<00:21, 1694.63it/s]
Floor adj list:  49%|████▊     | 34093/70219 [00:12<00:21, 1660.04it/s]
Floor adj list:  49%|████▉     | 34260/70219 [00:12<00:21, 1662.72it/s]
Floor adj list:  49%|████▉     | 34427/70219 [00:12<00:21, 1627.57it/s]
Floor adj list:  49%|████▉     | 34591/70219 [00:12<00:21, 1629.72it/s]
Floor adj list:  50%|████▉     | 34766/70219 [00:12<00:21, 1662.70it/s]
Floor adj list:  50%|████▉     | 34945/70219 [00:12<00:20, 1698.44it/s]
Floor adj list:  50%|█████     | 35116/70219 [00:12<00:20, 1701.69it/s]
Floor adj list:  50%|█████     | 35287/70219 [00:13<00:21, 1634.73it/s]
Floor adj list:  50%|█████     | 35452/70219 [00:13<00:21, 1584.14it/s]
Floor adj list:  51%|█████     | 35612/70219 [00:13<00:22, 1531.44it/s]
Floor adj list:  51%|█████     | 35766/70219 [00:13<00:22, 1498.17it/s]
Floor adj list:  51%|█████     | 35917/70219 [00:13<00:22, 1491.75it/s]
Floor adj list:  51%|█████▏    | 36067/70219 [00:13<00:22, 1488.83it/s]
Floor adj list:  52%|█████▏    | 36217/70219 [00:13<00:22, 1489.98it/s]
Floor adj list:  52%|█████▏    | 36383/70219 [00:13<00:22, 1536.40it/s]
Floor adj list:  52%|█████▏    | 36540/70219 [00:13<00:21, 1544.47it/s]
Floor adj list:  52%|█████▏    | 36695/70219 [00:13<00:21, 1543.15it/s]
Floor adj list:  52%|█████▏    | 36850/70219 [00:14<00:22, 1513.68it/s]
Floor adj list:  53%|█████▎    | 37002/70219 [00:14<00:22, 1505.15it/s]
Floor adj list:  53%|█████▎    | 37153/70219 [00:14<00:22, 1463.34it/s]
Floor adj list:  53%|█████▎    | 37300/70219 [00:14<00:22, 1460.69it/s]
Floor adj list:  53%|█████▎    | 37447/70219 [00:14<00:22, 1453.03it/s]
Floor adj list:  54%|█████▎    | 37604/70219 [00:14<00:21, 1486.12it/s]
Floor adj list:  54%|█████▍    | 37758/70219 [00:14<00:21, 1499.21it/s]
Floor adj list:  54%|█████▍    | 37909/70219 [00:14<00:21, 1480.53it/s]
Floor adj list:  54%|█████▍    | 38058/70219 [00:14<00:22, 1448.55it/s]
Floor adj list:  54%|█████▍    | 38205/70219 [00:14<00:22, 1454.15it/s]
Floor adj list:  55%|█████▍    | 38351/70219 [00:15<00:22, 1411.13it/s]
Floor adj list:  55%|█████▍    | 38493/70219 [00:15<00:22, 1384.19it/s]
Floor adj list:  55%|█████▌    | 38653/70219 [00:15<00:21, 1443.39it/s]
Floor adj list:  55%|█████▌    | 38812/70219 [00:15<00:21, 1483.11it/s]
Floor adj list:  55%|█████▌    | 38961/70219 [00:15<00:21, 1436.77it/s]
Floor adj list:  56%|█████▌    | 39106/70219 [00:15<00:22, 1399.22it/s]
Floor adj list:  56%|█████▌    | 39247/70219 [00:15<00:22, 1400.00it/s]
Floor adj list:  56%|█████▌    | 39392/70219 [00:15<00:21, 1411.88it/s]
Floor adj list:  56%|█████▋    | 39547/70219 [00:15<00:21, 1449.42it/s]
Floor adj list:  57%|█████▋    | 39700/70219 [00:16<00:20, 1472.07it/s]
Floor adj list:  57%|█████▋    | 39848/70219 [00:16<00:20, 1457.09it/s]
Floor adj list:  57%|█████▋    | 39994/70219 [00:16<00:21, 1432.21it/s]
Floor adj list:  57%|█████▋    | 40138/70219 [00:16<00:21, 1420.00it/s]
Floor adj list:  57%|█████▋    | 40281/70219 [00:16<00:21, 1418.28it/s]
Floor adj list:  58%|█████▊    | 40433/70219 [00:16<00:20, 1446.98it/s]
Floor adj list:  58%|█████▊    | 40581/70219 [00:16<00:20, 1455.08it/s]
Floor adj list:  58%|█████▊    | 40727/70219 [00:16<00:20, 1432.48it/s]
Floor adj list:  58%|█████▊    | 40871/70219 [00:16<00:20, 1415.79it/s]
Floor adj list:  58%|█████▊    | 41013/70219 [00:16<00:20, 1391.67it/s]
Floor adj list:  59%|█████▊    | 41155/70219 [00:17<00:20, 1398.80it/s]
Floor adj list:  59%|█████▉    | 41304/70219 [00:17<00:20, 1421.96it/s]
Floor adj list:  59%|█████▉    | 41456/70219 [00:17<00:19, 1449.72it/s]
Floor adj list:  59%|█████▉    | 41608/70219 [00:17<00:19, 1470.10it/s]
Floor adj list:  59%|█████▉    | 41756/70219 [00:17<00:19, 1441.65it/s]
Floor adj list:  60%|█████▉    | 41901/70219 [00:17<00:20, 1383.81it/s]
Floor adj list:  60%|█████▉    | 42040/70219 [00:17<00:21, 1337.92it/s]
Floor adj list:  60%|██████    | 42182/70219 [00:17<00:20, 1359.45it/s]
Floor adj list:  60%|██████    | 42326/70219 [00:17<00:20, 1381.49it/s]
Floor adj list:  60%|██████    | 42469/70219 [00:17<00:19, 1392.37it/s]
Floor adj list:  61%|██████    | 42609/70219 [00:18<00:20, 1379.49it/s]
Floor adj list:  61%|██████    | 42756/70219 [00:18<00:19, 1404.44it/s]
Floor adj list:  61%|██████    | 42897/70219 [00:18<00:19, 1384.94it/s]
Floor adj list:  61%|██████▏   | 43036/70219 [00:18<00:19, 1377.38it/s]
Floor adj list:  61%|██████▏   | 43174/70219 [00:18<00:22, 1226.39it/s]
Floor adj list:  62%|██████▏   | 43308/70219 [00:18<00:21, 1255.39it/s]
Floor adj list:  62%|██████▏   | 43436/70219 [00:18<00:21, 1253.12it/s]
Floor adj list:  62%|██████▏   | 43579/70219 [00:18<00:20, 1303.12it/s]
Floor adj list:  62%|██████▏   | 43713/70219 [00:18<00:20, 1312.35it/s]
Floor adj list:  62%|██████▏   | 43846/70219 [00:19<00:20, 1306.85it/s]
Floor adj list:  63%|██████▎   | 43979/70219 [00:19<00:20, 1309.98it/s]
Floor adj list:  63%|██████▎   | 44115/70219 [00:19<00:19, 1323.83it/s]
Floor adj list:  63%|██████▎   | 44261/70219 [00:19<00:19, 1362.72it/s]
Floor adj list:  63%|██████▎   | 44398/70219 [00:19<00:19, 1333.94it/s]
Floor adj list:  63%|██████▎   | 44538/70219 [00:19<00:18, 1352.86it/s]
Floor adj list:  64%|██████▎   | 44674/70219 [00:19<00:19, 1329.86it/s]
Floor adj list:  64%|██████▍   | 44810/70219 [00:19<00:19, 1336.63it/s]
Floor adj list:  64%|██████▍   | 44944/70219 [00:19<00:19, 1322.42it/s]
Floor adj list:  64%|██████▍   | 45077/70219 [00:19<00:19, 1292.39it/s]
Floor adj list:  64%|██████▍   | 45207/70219 [00:20<00:19, 1276.46it/s]
Floor adj list:  65%|██████▍   | 45337/70219 [00:20<00:19, 1281.40it/s]
Floor adj list:  65%|██████▍   | 45466/70219 [00:20<00:19, 1254.04it/s]
Floor adj list:  65%|██████▍   | 45592/70219 [00:20<00:19, 1240.47it/s]
Floor adj list:  65%|██████▌   | 45717/70219 [00:20<00:19, 1238.35it/s]
Floor adj list:  65%|██████▌   | 45849/70219 [00:20<00:19, 1261.93it/s]
Floor adj list:  65%|██████▌   | 45976/70219 [00:20<00:19, 1262.16it/s]
Floor adj list:  66%|██████▌   | 46110/70219 [00:20<00:18, 1283.74it/s]
Floor adj list:  66%|██████▌   | 46248/70219 [00:20<00:18, 1309.65it/s]
Floor adj list:  66%|██████▌   | 46380/70219 [00:21<00:18, 1304.57it/s]
Floor adj list:  66%|██████▌   | 46511/70219 [00:21<00:18, 1296.49it/s]
Floor adj list:  66%|██████▋   | 46642/70219 [00:21<00:18, 1298.77it/s]
Floor adj list:  67%|██████▋   | 46772/70219 [00:21<00:18, 1275.86it/s]
Floor adj list:  67%|██████▋   | 46900/70219 [00:21<00:23, 1004.97it/s]
Floor adj list:  67%|██████▋   | 47030/70219 [00:21<00:21, 1078.06it/s]
Floor adj list:  67%|██████▋   | 47151/70219 [00:21<00:20, 1111.85it/s]
Floor adj list:  67%|██████▋   | 47278/70219 [00:21<00:19, 1152.44it/s]
Floor adj list:  68%|██████▊   | 47401/70219 [00:21<00:19, 1173.40it/s]
Floor adj list:  68%|██████▊   | 47522/70219 [00:22<00:19, 1180.67it/s]
Floor adj list:  68%|██████▊   | 47654/70219 [00:22<00:18, 1219.89it/s]
Floor adj list:  68%|██████▊   | 47783/70219 [00:22<00:18, 1237.44it/s]
Floor adj list:  68%|██████▊   | 47909/70219 [00:22<00:18, 1228.45it/s]
Floor adj list:  68%|██████▊   | 48035/70219 [00:22<00:17, 1236.56it/s]
Floor adj list:  69%|██████▊   | 48167/70219 [00:22<00:17, 1257.07it/s]
Floor adj list:  69%|██████▉   | 48294/70219 [00:22<00:17, 1245.14it/s]
Floor adj list:  69%|██████▉   | 48419/70219 [00:22<00:17, 1229.45it/s]
Floor adj list:  69%|██████▉   | 48543/70219 [00:22<00:17, 1207.49it/s]
Floor adj list:  69%|██████▉   | 48666/70219 [00:22<00:17, 1212.28it/s]
Floor adj list:  69%|██████▉   | 48788/70219 [00:23<00:17, 1212.45it/s]
Floor adj list:  70%|██████▉   | 48910/70219 [00:23<00:17, 1192.37it/s]
Floor adj list:  70%|██████▉   | 49030/70219 [00:23<00:18, 1166.09it/s]
Floor adj list:  70%|██████▉   | 49147/70219 [00:23<00:18, 1155.12it/s]
Floor adj list:  70%|███████   | 49269/70219 [00:23<00:17, 1173.78it/s]
Floor adj list:  70%|███████   | 49390/70219 [00:23<00:17, 1184.21it/s]
Floor adj list:  71%|███████   | 49509/70219 [00:23<00:17, 1157.31it/s]
Floor adj list:  71%|███████   | 49625/70219 [00:23<00:17, 1150.88it/s]
Floor adj list:  71%|███████   | 49741/70219 [00:23<00:17, 1145.98it/s]
Floor adj list:  71%|███████   | 49863/70219 [00:23<00:17, 1166.32it/s]
Floor adj list:  71%|███████   | 49980/70219 [00:24<00:17, 1146.55it/s]
Floor adj list:  71%|███████▏  | 50096/70219 [00:24<00:17, 1149.51it/s]
Floor adj list:  72%|███████▏  | 50221/70219 [00:24<00:16, 1177.65it/s]
Floor adj list:  72%|███████▏  | 50339/70219 [00:24<00:16, 1176.73it/s]
Floor adj list:  72%|███████▏  | 50457/70219 [00:24<00:16, 1171.91it/s]
Floor adj list:  72%|███████▏  | 50578/70219 [00:24<00:16, 1181.73it/s]
Floor adj list:  72%|███████▏  | 50699/70219 [00:24<00:16, 1187.52it/s]
Floor adj list:  72%|███████▏  | 50818/70219 [00:24<00:16, 1174.83it/s]
Floor adj list:  73%|███████▎  | 50938/70219 [00:24<00:16, 1179.56it/s]
Floor adj list:  73%|███████▎  | 51056/70219 [00:24<00:16, 1166.92it/s]
Floor adj list:  73%|███████▎  | 51173/70219 [00:25<00:16, 1149.98it/s]
Floor adj list:  73%|███████▎  | 51289/70219 [00:25<00:16, 1135.93it/s]
Floor adj list:  73%|███████▎  | 51403/70219 [00:25<00:16, 1115.86it/s]
Floor adj list:  73%|███████▎  | 51516/70219 [00:25<00:16, 1117.85it/s]
Floor adj list:  74%|███████▎  | 51628/70219 [00:25<00:16, 1108.36it/s]
Floor adj list:  74%|███████▎  | 51741/70219 [00:25<00:16, 1113.75it/s]
Floor adj list:  74%|███████▍  | 51853/70219 [00:25<00:16, 1100.15it/s]
Floor adj list:  74%|███████▍  | 51969/70219 [00:25<00:16, 1115.75it/s]
Floor adj list:  74%|███████▍  | 52085/70219 [00:25<00:16, 1126.61it/s]
Floor adj list:  74%|███████▍  | 52199/70219 [00:26<00:15, 1129.14it/s]
Floor adj list:  74%|███████▍  | 52312/70219 [00:26<00:16, 1112.37it/s]
Floor adj list:  75%|███████▍  | 52424/70219 [00:26<00:15, 1112.36it/s]
Floor adj list:  75%|███████▍  | 52536/70219 [00:26<00:15, 1109.25it/s]
Floor adj list:  75%|███████▍  | 52657/70219 [00:26<00:15, 1135.60it/s]
Floor adj list:  75%|███████▌  | 52771/70219 [00:26<00:15, 1125.85it/s]
Floor adj list:  75%|███████▌  | 52884/70219 [00:26<00:15, 1098.01it/s]
Floor adj list:  75%|███████▌  | 52994/70219 [00:26<00:15, 1092.16it/s]
Floor adj list:  76%|███████▌  | 53104/70219 [00:26<00:15, 1087.37it/s]
Floor adj list:  76%|███████▌  | 53213/70219 [00:26<00:15, 1076.11it/s]
Floor adj list:  76%|███████▌  | 53321/70219 [00:27<00:15, 1065.56it/s]
Floor adj list:  76%|███████▌  | 53431/70219 [00:27<00:15, 1073.94it/s]
Floor adj list:  76%|███████▌  | 53539/70219 [00:27<00:15, 1055.86it/s]
Floor adj list:  76%|███████▋  | 53649/70219 [00:27<00:15, 1068.44it/s]
Floor adj list:  77%|███████▋  | 53758/70219 [00:27<00:15, 1073.79it/s]
Floor adj list:  77%|███████▋  | 53866/70219 [00:27<00:15, 1073.08it/s]
Floor adj list:  77%|███████▋  | 53974/70219 [00:27<00:15, 1064.90it/s]
Floor adj list:  77%|███████▋  | 54081/70219 [00:27<00:15, 1054.41it/s]
Floor adj list:  77%|███████▋  | 54187/70219 [00:27<00:15, 1041.16it/s]
Floor adj list:  77%|███████▋  | 54292/70219 [00:27<00:15, 1036.77it/s]
Floor adj list:  77%|███████▋  | 54399/70219 [00:28<00:15, 1046.33it/s]
Floor adj list:  78%|███████▊  | 54504/70219 [00:28<00:15, 1045.75it/s]
Floor adj list:  78%|███████▊  | 54609/70219 [00:28<00:15, 1022.86it/s]
Floor adj list:  78%|███████▊  | 54716/70219 [00:28<00:14, 1034.67it/s]
Floor adj list:  78%|███████▊  | 54820/70219 [00:28<00:14, 1029.02it/s]
Floor adj list:  78%|███████▊  | 54923/70219 [00:28<00:14, 1020.71it/s]
Floor adj list:  78%|███████▊  | 55030/70219 [00:28<00:14, 1034.10it/s]
Floor adj list:  79%|███████▊  | 55141/70219 [00:28<00:14, 1054.74it/s]
Floor adj list:  79%|███████▊  | 55249/70219 [00:28<00:14, 1060.25it/s]
Floor adj list:  79%|███████▉  | 55356/70219 [00:28<00:14, 1047.21it/s]
Floor adj list:  79%|███████▉  | 55461/70219 [00:29<00:14, 1036.73it/s]
Floor adj list:  79%|███████▉  | 55565/70219 [00:29<00:14, 1025.25it/s]
Floor adj list:  79%|███████▉  | 55668/70219 [00:29<00:14, 1010.83it/s]
Floor adj list:  79%|███████▉  | 55772/70219 [00:29<00:14, 1018.51it/s]
Floor adj list:  80%|███████▉  | 55881/70219 [00:29<00:13, 1038.10it/s]
Floor adj list:  80%|███████▉  | 55990/70219 [00:29<00:13, 1052.62it/s]
Floor adj list:  80%|███████▉  | 56097/70219 [00:29<00:13, 1054.04it/s]
Floor adj list:  80%|████████  | 56209/70219 [00:29<00:13, 1070.31it/s]
Floor adj list:  80%|████████  | 56317/70219 [00:29<00:13, 1056.79it/s]
Floor adj list:  80%|████████  | 56423/70219 [00:30<00:13, 1050.68it/s]
Floor adj list:  81%|████████  | 56532/70219 [00:30<00:12, 1060.41it/s]
Floor adj list:  81%|████████  | 56642/70219 [00:30<00:12, 1070.60it/s]
Floor adj list:  81%|████████  | 56750/70219 [00:30<00:13, 1027.44it/s]
Floor adj list:  81%|████████  | 56854/70219 [00:30<00:13, 1016.40it/s]
Floor adj list:  81%|████████  | 56966/70219 [00:30<00:12, 1044.53it/s]
Floor adj list:  81%|████████▏ | 57075/70219 [00:30<00:12, 1057.00it/s]
Floor adj list:  81%|████████▏ | 57181/70219 [00:30<00:12, 1040.06it/s]
Floor adj list:  82%|████████▏ | 57286/70219 [00:30<00:12, 1020.62it/s]
Floor adj list:  82%|████████▏ | 57389/70219 [00:30<00:12, 1013.20it/s]
Floor adj list:  82%|████████▏ | 57495/70219 [00:31<00:12, 1026.31it/s]
Floor adj list:  82%|████████▏ | 57599/70219 [00:31<00:12, 1027.78it/s]
Floor adj list:  82%|████████▏ | 57702/70219 [00:31<00:12, 1024.14it/s]
Floor adj list:  82%|████████▏ | 57813/70219 [00:31<00:11, 1048.87it/s]
Floor adj list:  82%|████████▏ | 57926/70219 [00:31<00:11, 1072.90it/s]
Floor adj list:  83%|████████▎ | 58034/70219 [00:31<00:11, 1072.07it/s]
Floor adj list:  83%|████████▎ | 58142/70219 [00:31<00:11, 1067.75it/s]
Floor adj list:  83%|████████▎ | 58249/70219 [00:31<00:11, 1050.25it/s]
Floor adj list:  83%|████████▎ | 58357/70219 [00:31<00:11, 1056.92it/s]
Floor adj list:  83%|████████▎ | 58463/70219 [00:31<00:11, 1031.39it/s]
Floor adj list:  83%|████████▎ | 58567/70219 [00:32<00:11, 1021.21it/s]
Floor adj list:  84%|████████▎ | 58670/70219 [00:32<00:11, 1001.79it/s]
Floor adj list:  84%|████████▎ | 58771/70219 [00:32<00:11, 981.80it/s] 
Floor adj list:  84%|████████▍ | 58876/70219 [00:32<00:11, 999.88it/s]
Floor adj list:  84%|████████▍ | 58977/70219 [00:32<00:11, 987.46it/s]
Floor adj list:  84%|████████▍ | 59077/70219 [00:32<00:11, 990.11it/s]
Floor adj list:  84%|████████▍ | 59177/70219 [00:32<00:11, 985.17it/s]
Floor adj list:  84%|████████▍ | 59276/70219 [00:32<00:11, 976.44it/s]
Floor adj list:  85%|████████▍ | 59374/70219 [00:32<00:11, 964.85it/s]
Floor adj list:  85%|████████▍ | 59472/70219 [00:33<00:11, 968.66it/s]
Floor adj list:  85%|████████▍ | 59579/70219 [00:33<00:10, 996.88it/s]
Floor adj list:  85%|████████▍ | 59684/70219 [00:33<00:10, 1010.69it/s]
Floor adj list:  85%|████████▌ | 59786/70219 [00:33<00:10, 1001.83it/s]
Floor adj list:  85%|████████▌ | 59887/70219 [00:33<00:10, 984.05it/s] 
Floor adj list:  85%|████████▌ | 59987/70219 [00:33<00:10, 985.15it/s]
Floor adj list:  86%|████████▌ | 60088/70219 [00:33<00:10, 989.36it/s]
Floor adj list:  86%|████████▌ | 60187/70219 [00:33<00:10, 969.51it/s]
Floor adj list:  86%|████████▌ | 60285/70219 [00:33<00:10, 951.80it/s]
Floor adj list:  86%|████████▌ | 60382/70219 [00:33<00:10, 956.54it/s]
Floor adj list:  86%|████████▌ | 60485/70219 [00:34<00:09, 976.31it/s]
Floor adj list:  86%|████████▋ | 60583/70219 [00:34<00:10, 963.20it/s]
Floor adj list:  86%|████████▋ | 60680/70219 [00:34<00:10, 939.42it/s]
Floor adj list:  87%|████████▋ | 60784/70219 [00:34<00:09, 965.29it/s]
Floor adj list:  87%|████████▋ | 60881/70219 [00:34<00:09, 952.92it/s]
Floor adj list:  87%|████████▋ | 60977/70219 [00:34<00:09, 946.58it/s]
Floor adj list:  87%|████████▋ | 61082/70219 [00:34<00:09, 976.52it/s]
Floor adj list:  87%|████████▋ | 61180/70219 [00:34<00:09, 971.19it/s]
Floor adj list:  87%|████████▋ | 61278/70219 [00:34<00:09, 969.24it/s]
Floor adj list:  87%|████████▋ | 61382/70219 [00:34<00:08, 990.12it/s]
Floor adj list:  88%|████████▊ | 61487/70219 [00:35<00:08, 1006.88it/s]
Floor adj list:  88%|████████▊ | 61588/70219 [00:35<00:08, 993.75it/s] 
Floor adj list:  88%|████████▊ | 61688/70219 [00:35<00:08, 955.45it/s]
Floor adj list:  88%|████████▊ | 61784/70219 [00:35<00:09, 927.40it/s]
Floor adj list:  88%|████████▊ | 61882/70219 [00:35<00:08, 941.05it/s]
Floor adj list:  88%|████████▊ | 61980/70219 [00:35<00:08, 951.72it/s]
Floor adj list:  88%|████████▊ | 62076/70219 [00:35<00:08, 927.44it/s]
Floor adj list:  89%|████████▊ | 62170/70219 [00:35<00:08, 904.12it/s]
Floor adj list:  89%|████████▊ | 62268/70219 [00:35<00:08, 925.70it/s]
Floor adj list:  89%|████████▉ | 62369/70219 [00:36<00:08, 948.91it/s]
Floor adj list:  89%|████████▉ | 62465/70219 [00:36<00:08, 929.88it/s]
Floor adj list:  89%|████████▉ | 62559/70219 [00:36<00:08, 928.01it/s]
Floor adj list:  89%|████████▉ | 62657/70219 [00:36<00:08, 941.15it/s]
Floor adj list:  89%|████████▉ | 62752/70219 [00:36<00:07, 939.57it/s]
Floor adj list:  90%|████████▉ | 62847/70219 [00:36<00:08, 912.53it/s]
Floor adj list:  90%|████████▉ | 62941/70219 [00:36<00:07, 918.48it/s]
Floor adj list:  90%|████████▉ | 63047/70219 [00:36<00:07, 956.65it/s]
Floor adj list:  90%|████████▉ | 63143/70219 [00:36<00:07, 936.61it/s]
Floor adj list:  90%|█████████ | 63237/70219 [00:36<00:07, 925.23it/s]
Floor adj list:  90%|█████████ | 63339/70219 [00:37<00:07, 950.78it/s]
Floor adj list:  90%|█████████ | 63435/70219 [00:37<00:07, 942.01it/s]
Floor adj list:  90%|█████████ | 63530/70219 [00:37<00:07, 910.36it/s]
Floor adj list:  91%|█████████ | 63627/70219 [00:37<00:07, 925.59it/s]
Floor adj list:  91%|█████████ | 63720/70219 [00:37<00:07, 914.02it/s]
Floor adj list:  91%|█████████ | 63812/70219 [00:37<00:07, 899.18it/s]
Floor adj list:  91%|█████████ | 63903/70219 [00:37<00:07, 893.72it/s]
Floor adj list:  91%|█████████ | 63998/70219 [00:37<00:06, 908.29it/s]
Floor adj list:  91%|█████████▏| 64089/70219 [00:37<00:06, 905.05it/s]
Floor adj list:  91%|█████████▏| 64180/70219 [00:37<00:06, 881.03it/s]
Floor adj list:  92%|█████████▏| 64271/70219 [00:38<00:06, 887.82it/s]
Floor adj list:  92%|█████████▏| 64360/70219 [00:38<00:06, 883.45it/s]
Floor adj list:  92%|█████████▏| 64452/70219 [00:38<00:06, 892.09it/s]
Floor adj list:  92%|█████████▏| 64550/70219 [00:38<00:06, 915.80it/s]
Floor adj list:  92%|█████████▏| 64643/70219 [00:38<00:06, 918.87it/s]
Floor adj list:  92%|█████████▏| 64735/70219 [00:38<00:05, 915.38it/s]
Floor adj list:  92%|█████████▏| 64827/70219 [00:38<00:06, 897.19it/s]
Floor adj list:  92%|█████████▏| 64917/70219 [00:38<00:06, 881.36it/s]
Floor adj list:  93%|█████████▎| 65006/70219 [00:38<00:05, 873.68it/s]
Floor adj list:  93%|█████████▎| 65102/70219 [00:39<00:05, 896.82it/s]
Floor adj list:  93%|█████████▎| 65199/70219 [00:39<00:05, 915.72it/s]
Floor adj list:  93%|█████████▎| 65291/70219 [00:39<00:05, 891.57it/s]
Floor adj list:  93%|█████████▎| 65381/70219 [00:39<00:05, 876.19it/s]
Floor adj list:  93%|█████████▎| 65472/70219 [00:39<00:05, 884.65it/s]
Floor adj list:  93%|█████████▎| 65568/70219 [00:39<00:05, 905.17it/s]
Floor adj list:  94%|█████████▎| 65659/70219 [00:39<00:05, 898.32it/s]
Floor adj list:  94%|█████████▎| 65749/70219 [00:39<00:04, 896.05it/s]
Floor adj list:  94%|█████████▍| 65840/70219 [00:39<00:04, 900.02it/s]
Floor adj list:  94%|█████████▍| 65931/70219 [00:39<00:04, 881.26it/s]
Floor adj list:  94%|█████████▍| 66020/70219 [00:40<00:04, 871.07it/s]
Floor adj list:  94%|█████████▍| 66118/70219 [00:40<00:04, 900.46it/s]
Floor adj list:  94%|█████████▍| 66209/70219 [00:40<00:04, 901.49it/s]
Floor adj list:  94%|█████████▍| 66300/70219 [00:40<00:04, 887.58it/s]
Floor adj list:  95%|█████████▍| 66389/70219 [00:40<00:04, 875.58it/s]
Floor adj list:  95%|█████████▍| 66481/70219 [00:40<00:04, 887.34it/s]
Floor adj list:  95%|█████████▍| 66570/70219 [00:40<00:04, 876.47it/s]
Floor adj list:  95%|█████████▍| 66658/70219 [00:40<00:04, 870.08it/s]
Floor adj list:  95%|█████████▌| 66746/70219 [00:40<00:04, 866.32it/s]
Floor adj list:  95%|█████████▌| 66840/70219 [00:40<00:03, 886.34it/s]
Floor adj list:  95%|█████████▌| 66929/70219 [00:41<00:03, 877.21it/s]
Floor adj list:  95%|█████████▌| 67017/70219 [00:41<00:03, 869.92it/s]
Floor adj list:  96%|█████████▌| 67105/70219 [00:41<00:03, 863.29it/s]
Floor adj list:  96%|█████████▌| 67200/70219 [00:41<00:03, 886.54it/s]
Floor adj list:  96%|█████████▌| 67289/70219 [00:41<00:03, 876.50it/s]
Floor adj list:  96%|█████████▌| 67377/70219 [00:41<00:03, 856.17it/s]
Floor adj list:  96%|█████████▌| 67463/70219 [00:41<00:03, 848.00it/s]
Floor adj list:  96%|█████████▌| 67555/70219 [00:41<00:03, 867.83it/s]
Floor adj list:  96%|█████████▋| 67644/70219 [00:41<00:02, 873.72it/s]
Floor adj list:  96%|█████████▋| 67732/70219 [00:42<00:02, 866.89it/s]
Floor adj list:  97%|█████████▋| 67819/70219 [00:42<00:02, 847.24it/s]
Floor adj list:  97%|█████████▋| 67904/70219 [00:42<00:02, 843.50it/s]
Floor adj list:  97%|█████████▋| 67993/70219 [00:42<00:02, 856.90it/s]
Floor adj list:  97%|█████████▋| 68083/70219 [00:42<00:02, 867.26it/s]
Floor adj list:  97%|█████████▋| 68171/70219 [00:42<00:02, 869.77it/s]
Floor adj list:  97%|█████████▋| 68259/70219 [00:42<00:02, 869.29it/s]
Floor adj list:  97%|█████████▋| 68346/70219 [00:42<00:02, 843.99it/s]
Floor adj list:  97%|█████████▋| 68433/70219 [00:42<00:02, 851.03it/s]
Floor adj list:  98%|█████████▊| 68519/70219 [00:42<00:02, 845.28it/s]
Floor adj list:  98%|█████████▊| 68610/70219 [00:43<00:01, 863.61it/s]
Floor adj list:  98%|█████████▊| 68697/70219 [00:43<00:01, 848.82it/s]
Floor adj list:  98%|█████████▊| 68783/70219 [00:43<00:01, 851.95it/s]
Floor adj list:  98%|█████████▊| 68869/70219 [00:43<00:01, 831.76it/s]
Floor adj list:  98%|█████████▊| 68953/70219 [00:43<00:01, 830.54it/s]
Floor adj list:  98%|█████████▊| 69042/70219 [00:43<00:01, 845.43it/s]
Floor adj list:  98%|█████████▊| 69132/70219 [00:43<00:01, 860.98it/s]
Floor adj list:  99%|█████████▊| 69219/70219 [00:43<00:01, 859.42it/s]
Floor adj list:  99%|█████████▊| 69306/70219 [00:43<00:01, 859.74it/s]
Floor adj list:  99%|█████████▉| 69393/70219 [00:43<00:00, 853.49it/s]
Floor adj list:  99%|█████████▉| 69482/70219 [00:44<00:00, 863.12it/s]
Floor adj list:  99%|█████████▉| 69569/70219 [00:44<00:00, 845.09it/s]
Floor adj list:  99%|█████████▉| 69654/70219 [00:44<00:00, 834.62it/s]
Floor adj list:  99%|█████████▉| 69741/70219 [00:44<00:00, 841.85it/s]
Floor adj list:  99%|█████████▉| 69833/70219 [00:44<00:00, 864.45it/s]
Floor adj list: 100%|█████████▉| 69924/70219 [00:44<00:00, 874.50it/s]
Floor adj list: 100%|█████████▉| 70013/70219 [00:44<00:00, 878.49it/s]
Floor adj list: 100%|█████████▉| 70141/70219 [00:44<00:00, 995.87it/s]

Floor smoothing:   0%|          | 0/1404380 [00:00<?, ?it/s][A
Floor adj list: 100%|██████████| 70219/70219 [00:44<00:00, 1565.80it/s]


Floor smoothing:   2%|▏         | 30709/1404380 [00:00<00:04, 307085.90it/s][A

Floor smoothing:   4%|▍         | 61661/1404380 [00:00<00:04, 308513.13it/s][A

Floor smoothing:   7%|▋         | 92652/1404380 [00:00<00:04, 309150.76it/s][A

Floor smoothing:   9%|▉         | 123568/1404380 [00:00<00:04, 308714.88it/s][A

Floor smoothing:  11%|█         | 154440/1404380 [00:00<00:04, 308621.93it/s][A

Floor smoothing:  13%|█▎        | 185548/1404380 [00:00<00:03, 309454.09it/s][A

Floor smoothing:  15%|█▌        | 216494/1404380 [00:00<00:03, 309387.43it/s][A

Floor smoothing:  18%|█▊        | 247579/1404380 [00:00<00:03, 309850.31it/s][A

Floor smoothing:  20%|█▉        | 278565/1404380 [00:00<00:03, 309663.32it/s][A

Floor smoothing:  22%|██▏       | 309572/1404380 [00:01<00:03, 309788.42it/s][A

Floor smoothing:  24%|██▍       | 340551/1404380 [00:01<00:03, 309309.61it/s][A

Floor smoothing:  26%|██▋       | 371584/1404380 [00:01<00:03, 309616.99it/s][A

Floor smoothing:  29%|██▊       | 402560/1404380 [00:01<00:03, 309659.02it/s][A

Floor smoothing:  31%|███       | 433527/1404380 [00:01<00:03, 309597.14it/s][A

Floor smoothing:  33%|███▎      | 464605/1404380 [00:01<00:03, 309951.33it/s][A

Floor smoothing:  35%|███▌      | 495615/1404380 [00:01<00:02, 309995.04it/s][A

Floor smoothing:  38%|███▊      | 526902/1404380 [00:01<00:02, 310856.68it/s][A

Floor smoothing:  40%|███▉      | 558036/1404380 [00:01<00:02, 311000.19it/s][A

Floor smoothing:  42%|████▏     | 589137/1404380 [00:01<00:02, 310658.25it/s][A

Floor smoothing:  44%|████▍     | 620203/1404380 [00:02<00:02, 310421.76it/s][A

Floor smoothing:  46%|████▋     | 651305/1404380 [00:02<00:02, 310598.33it/s][A

Floor smoothing:  49%|████▊     | 682365/1404380 [00:02<00:02, 310319.15it/s][A

Floor smoothing:  51%|█████     | 713529/1404380 [00:02<00:02, 310714.90it/s][A

Floor smoothing:  53%|█████▎    | 744693/1404380 [00:02<00:02, 310989.89it/s][A

Floor smoothing:  55%|█████▌    | 775793/1404380 [00:02<00:02, 310136.49it/s][A

Floor smoothing:  57%|█████▋    | 806970/1404380 [00:02<00:01, 310623.98it/s][A

Floor smoothing:  60%|█████▉    | 838102/1404380 [00:02<00:01, 310831.21it/s][A

Floor smoothing:  62%|██████▏   | 869259/1404380 [00:02<00:01, 311049.58it/s][A

Floor smoothing:  64%|██████▍   | 900392/1404380 [00:02<00:01, 311132.84it/s][A

Floor smoothing:  66%|██████▋   | 931524/1404380 [00:03<00:01, 311187.04it/s][A

Floor smoothing:  69%|██████▊   | 962643/1404380 [00:03<00:01, 311126.62it/s][A

Floor smoothing:  71%|███████   | 993884/1404380 [00:03<00:01, 311510.45it/s][A

Floor smoothing:  73%|███████▎  | 1025037/1404380 [00:03<00:01, 311514.18it/s][A

Floor smoothing:  75%|███████▌  | 1056189/1404380 [00:03<00:01, 310851.36it/s][A

Floor smoothing:  77%|███████▋  | 1087459/1404380 [00:03<00:01, 311403.80it/s][A

Floor smoothing:  80%|███████▉  | 1118600/1404380 [00:03<00:00, 311197.64it/s][A

Floor smoothing:  82%|████████▏ | 1149721/1404380 [00:03<00:00, 311073.44it/s][A

Floor smoothing:  84%|████████▍ | 1180865/1404380 [00:03<00:00, 311181.37it/s][A

Floor smoothing:  86%|████████▋ | 1212134/1404380 [00:03<00:00, 311632.11it/s][A

Floor smoothing:  89%|████████▊ | 1243579/1404380 [00:04<00:00, 312474.62it/s][A

Floor smoothing:  91%|█████████ | 1274827/1404380 [00:04<00:00, 312263.78it/s][A

Floor smoothing:  93%|█████████▎| 1306054/1404380 [00:04<00:00, 312240.74it/s][A

Floor smoothing:  95%|█████████▌| 1337279/1404380 [00:04<00:00, 311943.24it/s][A

Floor smoothing:  97%|█████████▋| 1368499/1404380 [00:04<00:00, 312019.61it/s][A

Floor smoothing: 100%|█████████▉| 1399702/1404380 [00:04<00:00, 310138.71it/s][A
Floor smoothing: 100%|██████████| 1404380/1404380 [00:04<00:00, 310514.53it/s]
[S10_3d_complex_C08/replacement_primary] done triangles=442280 bytes=33818474 duration=81.37s passed=True
{"schema_version": "cano_s10_perception_mesh_replacement_v1", "overall_status": "FAIL_CANO_S10_PERCEPTION_MESH_REPLACEMENT_V1", "asset_id": "S10_3d_complex_C08_replacement_v1", "old_mesh_sha256": "577bb75e1963d9c521cb6297b608633b0663ca6ceb02e3869b5395235881701b", "new_mesh_sha256": "f22ebb923862d80aae113fc2bd6fc9fb941c3d806f6b413775dc67c968f9094b", "identity_checks": {"graph_identity_equal": true, "spline_identity_equal": true, "parent_identity_equal": true, "operation_trace_equal": true, "effective_geometry_parameters_equal": true, "new_mesh_sha_differs_from_old": true}, "mesh_audit_passed": true, "sanitation_passed": true, "floor_support": {"sample_count": 2558, "supported_count": 2234, "unsupported_count": 324, "support_fraction": 0.8733385457388585, "maximum_supported_height_error_m": 0.2487335227739944, "unsupported_indices": [6, 23, 24, 32, 33, 115, 116, 117, 119, 120, 121, 122, 123, 124, 125, 126, 127, 128, 129, 130, 131, 153, 158, 167, 168, 192, 254, 317, 318, 319, 320, 321, 322, 323, 324, 325, 326, 327, 328, 329, 330, 331, 332, 333, 334, 335, 336, 337, 338, 437, 447, 448, 449, 450, 451, 452, 453, 454, 455, 456, 457, 458, 459, 460, 461, 462, 463, 464, 465, 466, 467, 468, 469, 470, 471, 472, 473, 474, 475, 476, 477, 478, 479, 480, 481, 482, 483, 484, 485, 486, 487, 488, 489, 490, 491, 492, 493, 494, 495, 496, 497, 498, 499, 500, 501, 502, 503, 504, 505, 506, 507, 508, 509, 510, 511, 512, 513, 514, 515, 516, 517, 518, 519, 520, 521, 522, 523, 524, 525, 526, 527, 528, 529, 530, 531, 532, 533, 534, 535, 536, 537, 538, 539, 540, 541, 542, 543, 544, 545, 546, 547, 548, 549, 550, 551, 552, 553, 554, 555, 556, 557, 558, 559, 560, 561, 562, 563, 564, 565, 566, 567, 568, 569, 570, 571, 572, 573, 574, 575, 576, 577, 578, 579, 580, 581, 582, 583, 584, 585, 586, 587, 588, 589, 590, 595, 638, 681, 686, 687, 688, 698, 792, 793, 907, 908, 909, 912, 938, 940, 941, 942, 946, 1102, 1106, 1107, 1108, 1139, 1140, 1252, 1326, 1327, 1371, 1372, 1400, 1401, 1402, 1575, 1609, 1610, 1619, 1733, 1734, 1735, 1736, 1737, 1770, 1771, 1805, 1806, 1807, 1812, 1813, 1814, 1991, 1992, 1993, 1994, 1995, 1996, 1997, 1998, 1999, 2000, 2001, 2002, 2003, 2004, 2005, 2006, 2007, 2008, 2009, 2010, 2011, 2012, 2013, 2014, 2015, 2016, 2017, 2018, 2019, 2020, 2021, 2022, 2023, 2024, 2025, 2026, 2027, 2028, 2029, 2030, 2031, 2032, 2033, 2034, 2035, 2036, 2037, 2124, 2125, 2126, 2130, 2131, 2132, 2133, 2166, 2167, 2168, 2201, 2202, 2203, 2204, 2205, 2275, 2276, 2277, 2278, 2279, 2280, 2281, 2326, 2381, 2424, 2437, 2453, 2461, 2462, 2525, 2533, 2534, 2551, 2552], "passed": false}, "trajectory_frames_checked": 2558, "floor_query_rays": 2558, "training_samples_consumed": 0, "inference_frames": 0, "graph_updates": 0, "c09_worlds_read": 0, "c10_worlds_read": 0, "mtare_worlds_read": 0, "duration_seconds": 85.33051998599694, "claim_boundary": "Replacement perception asset and floor-support qualification only; not trajectory/LiDAR/topology/planner qualification."}

duration_seconds=86.675268
exit_code=2
