/home/zeng-workstation/anaconda3/lib/python3.13/site-packages/torch/backends/__init__.py:46: UserWarning: Please use the new API settings to control TF32 behavior, such as torch.backends.cudnn.conv.fp32_precision = 'tf32' or torch.backends.cuda.matmul.fp32_precision = 'ieee'. Old settings, e.g, torch.backends.cuda.matmul.allow_tf32 = True, torch.backends.cudnn.allow_tf32 = True, allowTF32CuDNN() and allowTF32CuBLAS() will be deprecated after Pytorch 2.9. Please see https://pytorch.org/docs/main/notes/cuda.html#tensorfloat-32-tf32-on-ampere-and-later-devices (Triggered internally at /pytorch/aten/src/ATen/Context.cpp:80.)
  self.setter(val)
{"cuda_peak_allocated_bytes": 7673094144, "epoch": 0, "epoch_seconds": 6348.128068018006, "gpu_process_memory_bytes": 15443427328, "optimizer_steps_cumulative": 26736, "selection": {"batches": 522, "port_relations": 1.298934181339024, "primitive_set_parameters": 0.1448442764438716, "ray_free_space": 0.049329932750490336, "relation_selection_loss": 0.6507678316759374, "rows": 64644, "surface_reconstruction": 0.1751110080783338, "temporal_equivariance": 0.5776451443885084, "total": 0.3747443487134342, "uncertainty_calibration": 0.0026014829402240484}, "training": {"batches": 26736, "gradient_norm": 0.18170981771144815, "port_relations": 0.4111231928232061, "primitive_set_parameters": 0.1439302158722324, "ray_free_space": 0.04927997101166001, "relation_objective": 0.20682755680709541, "rows": 426552, "stage": "observable_relation_finetuning", "surface_reconstruction": 0.17321621589529607, "temporal_equivariance": 0.5823394747228035, "total": 0.2270701718903105, "uncertainty_calibration": 0.002531920796237677}}
{"cuda_peak_allocated_bytes": 7673094144, "epoch": 1, "epoch_seconds": 6341.734235828044, "gpu_process_memory_bytes": 15518924800, "optimizer_steps_cumulative": 53472, "selection": {"batches": 522, "port_relations": 1.0959944013679288, "primitive_set_parameters": 0.1448442764438716, "ray_free_space": 0.049329932750490336, "relation_selection_loss": 0.5489755304791086, "rows": 64644, "surface_reconstruction": 0.1751110080783338, "temporal_equivariance": 0.5776451443885084, "total": 0.3408135810292864, "uncertainty_calibration": 0.0019566630549039945}, "training": {"batches": 26736, "gradient_norm": 0.16769168947451177, "port_relations": 0.40104131847320973, "primitive_set_parameters": 0.14392950743141691, "ray_free_space": 0.049280168346571396, "relation_objective": 0.20133765820339, "rows": 426552, "stage": "observable_relation_finetuning", "surface_reconstruction": 0.17321602702320368, "temporal_equivariance": 0.5820191805368321, "total": 0.22518670665649274, "uncertainty_calibration": 0.0016339980340774897}}
{"cuda_peak_allocated_bytes": 7673094144, "epoch": 2, "epoch_seconds": 6342.750995145878, "gpu_process_memory_bytes": 15504244736, "optimizer_steps_cumulative": 80208, "selection": {"batches": 522, "port_relations": 1.1389944686366333, "primitive_set_parameters": 0.1448442764438716, "ray_free_space": 0.049329932750490336, "relation_selection_loss": 0.570588131167765, "rows": 64644, "surface_reconstruction": 0.1751110080783338, "temporal_equivariance": 0.5776451443885084, "total": 0.34801778015830154, "uncertainty_calibration": 0.002181792542663594}, "training": {"batches": 26736, "gradient_norm": 0.18061673474587192, "port_relations": 0.4044455186210429, "primitive_set_parameters": 0.14393042900129624, "ray_free_space": 0.04927562789107633, "relation_objective": 0.20299844395508818, "rows": 426552, "stage": "observable_relation_finetuning", "surface_reconstruction": 0.17322879434763058, "temporal_equivariance": 0.5823491693666017, "total": 0.22579682479192117, "uncertainty_calibration": 0.0015513693540495374}}
{
  "schema_version": "primitive_relation_observable_seed_training_v1",
  "seed": 1,
  "parameter_count": 2635631,
  "parameter_tensors": 197,
  "trainable_parameters": 742149,
  "trainable_tensors": 64,
  "frozen_parameters": 1893482,
  "epochs": 3,
  "stages": [
    "observable_relation_finetuning",
    "observable_relation_finetuning",
    "observable_relation_finetuning"
  ],
  "optimizer_steps": 80208,
  "best_epoch": 1,
  "best_c07_relation_selection_loss": 0.5489755304791086,
  "selected_checkpoint": "selected.pt",
  "source_checkpoint_sha256": "0ee826131ff5781f5598da437745d2d9d0e367b0acf773caecdac374c90b3168",
  "initialization_report": {
    "checkpoint_seed": 1,
    "checkpoint_epoch": 6,
    "transferred_tensors": 133,
    "reset_relation_tensors": 64,
    "total_parameters": 2635631,
    "trainable_parameters": 742149,
    "frozen_parameters": 1893482
  },
  "frozen_state_sha256_before": "bfa0a762ce80919da9aed65204fcccf2ed63fc6af05bc6ee1b0ba5153dbfa1eb",
  "frozen_state_sha256_after": "bfa0a762ce80919da9aed65204fcccf2ed63fc6af05bc6ee1b0ba5153dbfa1eb",
  "fit_rows_per_epoch": 426552,
  "c07_rows_per_epoch": 64644,
  "c08_rows_read": 0,
  "c09_c10_worlds_read": 0,
  "peak_cuda_allocated_bytes": 7673094144,
  "peak_gpu_process_memory_bytes": 15518924800,
  "duration_seconds": 19033.46783077903,
  "history": [
    {
      "epoch": 0,
      "training": {
        "rows": 426552,
        "batches": 26736,
        "stage": "observable_relation_finetuning",
        "primitive_set_parameters": 0.1439302158722324,
        "surface_reconstruction": 0.17321621589529607,
        "ray_free_space": 0.04927997101166001,
        "port_relations": 0.4111231928232061,
        "temporal_equivariance": 0.5823394747228035,
        "uncertainty_calibration": 0.002531920796237677,
        "total": 0.2270701718903105,
        "relation_objective": 0.20682755680709541,
        "gradient_norm": 0.18170981771144815
      },
      "selection": {
        "rows": 64644,
        "batches": 522,
        "primitive_set_parameters": 0.1448442764438716,
        "surface_reconstruction": 0.1751110080783338,
        "ray_free_space": 0.049329932750490336,
        "port_relations": 1.298934181339024,
        "temporal_equivariance": 0.5776451443885084,
        "uncertainty_calibration": 0.0026014829402240484,
        "total": 0.3747443487134342,
        "relation_selection_loss": 0.6507678316759374
      },
      "epoch_seconds": 6348.128068018006,
      "optimizer_steps_cumulative": 26736,
      "cuda_peak_allocated_bytes": 7673094144,
      "gpu_process_memory_bytes": 15443427328
    },
    {
      "epoch": 1,
      "training": {
        "rows": 426552,
        "batches": 26736,
        "stage": "observable_relation_finetuning",
        "primitive_set_parameters": 0.14392950743141691,
        "surface_reconstruction": 0.17321602702320368,
        "ray_free_space": 0.049280168346571396,
        "port_relations": 0.40104131847320973,
        "temporal_equivariance": 0.5820191805368321,
        "uncertainty_calibration": 0.0016339980340774897,
        "total": 0.22518670665649274,
        "relation_objective": 0.20133765820339,
        "gradient_norm": 0.16769168947451177
      },
      "selection": {
        "rows": 64644,
        "batches": 522,
        "primitive_set_parameters": 0.1448442764438716,
        "surface_reconstruction": 0.1751110080783338,
        "ray_free_space": 0.049329932750490336,
        "port_relations": 1.0959944013679288,
        "temporal_equivariance": 0.5776451443885084,
        "uncertainty_calibration": 0.0019566630549039945,
        "total": 0.3408135810292864,
        "relation_selection_loss": 0.5489755304791086
      },
      "epoch_seconds": 6341.734235828044,
      "optimizer_steps_cumulative": 53472,
      "cuda_peak_allocated_bytes": 7673094144,
      "gpu_process_memory_bytes": 15518924800
    },
    {
      "epoch": 2,
      "training": {
        "rows": 426552,
        "batches": 26736,
        "stage": "observable_relation_finetuning",
        "primitive_set_parameters": 0.14393042900129624,
        "surface_reconstruction": 0.17322879434763058,
        "ray_free_space": 0.04927562789107633,
        "port_relations": 0.4044455186210429,
        "temporal_equivariance": 0.5823491693666017,
        "uncertainty_calibration": 0.0015513693540495374,
        "total": 0.22579682479192117,
        "relation_objective": 0.20299844395508818,
        "gradient_norm": 0.18061673474587192
      },
      "selection": {
        "rows": 64644,
        "batches": 522,
        "primitive_set_parameters": 0.1448442764438716,
        "surface_reconstruction": 0.1751110080783338,
        "ray_free_space": 0.049329932750490336,
        "port_relations": 1.1389944686366333,
        "temporal_equivariance": 0.5776451443885084,
        "uncertainty_calibration": 0.002181792542663594,
        "total": 0.34801778015830154,
        "relation_selection_loss": 0.570588131167765
      },
      "epoch_seconds": 6342.750995145878,
      "optimizer_steps_cumulative": 80208,
      "cuda_peak_allocated_bytes": 7673094144,
      "gpu_process_memory_bytes": 15504244736
    }
  ]
}
