/home/zeng-workstation/anaconda3/lib/python3.13/site-packages/torch/backends/__init__.py:46: UserWarning: Please use the new API settings to control TF32 behavior, such as torch.backends.cudnn.conv.fp32_precision = 'tf32' or torch.backends.cuda.matmul.fp32_precision = 'ieee'. Old settings, e.g, torch.backends.cuda.matmul.allow_tf32 = True, torch.backends.cudnn.allow_tf32 = True, allowTF32CuDNN() and allowTF32CuBLAS() will be deprecated after Pytorch 2.9. Please see https://pytorch.org/docs/main/notes/cuda.html#tensorfloat-32-tf32-on-ampere-and-later-devices (Triggered internally at /pytorch/aten/src/ATen/Context.cpp:80.)
  self.setter(val)
{"cuda_peak_allocated_bytes": 7673307136, "epoch": 0, "epoch_seconds": 6356.791258624988, "gpu_process_memory_bytes": 15443427328, "optimizer_steps_cumulative": 26736, "selection": {"batches": 522, "port_relations": 1.6869163837651053, "primitive_set_parameters": 0.1432961142288212, "ray_free_space": 0.06682943678326454, "relation_selection_loss": 0.844768925266426, "rows": 64644, "surface_reconstruction": 0.16542044881588125, "temporal_equivariance": 0.3983426454095113, "total": 0.4105710929571885, "uncertainty_calibration": 0.0026214645379116605}, "training": {"batches": 26736, "gradient_norm": 0.17600543563870222, "port_relations": 0.375920668377111, "primitive_set_parameters": 0.14026453324770666, "ray_free_space": 0.06747781699215998, "relation_objective": 0.18928878064179636, "rows": 426552, "stage": "observable_relation_finetuning", "surface_reconstruction": 0.16408131154872305, "temporal_equivariance": 0.405078920912384, "total": 0.19258002921556439, "uncertainty_calibration": 0.002656892829965892}}
{"cuda_peak_allocated_bytes": 7673307136, "epoch": 1, "epoch_seconds": 6342.912356708897, "gpu_process_memory_bytes": 15518924800, "optimizer_steps_cumulative": 53472, "selection": {"batches": 522, "port_relations": 0.6772070979164361, "primitive_set_parameters": 0.1432961142288212, "ray_free_space": 0.06682943678326454, "relation_selection_loss": 0.33937832324854195, "rows": 64644, "surface_reconstruction": 0.16542044881588125, "temporal_equivariance": 0.3983426454095113, "total": 0.2421075553199854, "uncertainty_calibration": 0.001549547614098486}, "training": {"batches": 26736, "gradient_norm": 0.13885694923252503, "port_relations": 0.36226101393115295, "primitive_set_parameters": 0.14026408044142719, "ray_free_space": 0.06747262184130509, "relation_objective": 0.18211261218188002, "rows": 426552, "stage": "observable_relation_finetuning", "surface_reconstruction": 0.16407774034203196, "temporal_equivariance": 0.4052404975866352, "total": 0.19021336597758903, "uncertainty_calibration": 0.0019642104442051988}}
{"cuda_peak_allocated_bytes": 7673307136, "epoch": 2, "epoch_seconds": 6338.508311610902, "gpu_process_memory_bytes": 15504244736, "optimizer_steps_cumulative": 80208, "selection": {"batches": 522, "port_relations": 0.5226121155209607, "primitive_set_parameters": 0.1432961142288212, "ray_free_space": 0.06682943678326454, "relation_selection_loss": 0.26197322791901106, "rows": 64644, "surface_reconstruction": 0.16542044881588125, "temporal_equivariance": 0.3983426454095113, "total": 0.21630585554660559, "uncertainty_calibration": 0.0013343398231436868}, "training": {"batches": 26736, "gradient_norm": 0.14424915278723488, "port_relations": 0.35635916635854664, "primitive_set_parameters": 0.14026541881538956, "ray_free_space": 0.0674754460694887, "relation_objective": 0.17902363365551244, "rows": 426552, "stage": "observable_relation_finetuning", "surface_reconstruction": 0.16408087653470643, "temporal_equivariance": 0.40516502358023965, "total": 0.18917234393142746, "uncertainty_calibration": 0.0016881009589937023}}
{
  "schema_version": "primitive_relation_observable_seed_training_v1",
  "seed": 2,
  "parameter_count": 2635631,
  "parameter_tensors": 197,
  "trainable_parameters": 742149,
  "trainable_tensors": 64,
  "frozen_parameters": 1893482,
  "epochs": 3,
  "stages": [
    "observable_relation_finetuning",
    "observable_relation_finetuning",
    "observable_relation_finetuning"
  ],
  "optimizer_steps": 80208,
  "best_epoch": 2,
  "best_c07_relation_selection_loss": 0.26197322791901106,
  "selected_checkpoint": "selected.pt",
  "source_checkpoint_sha256": "3687bae95655af9e213950ba238b22eee23a8ef7fb8ca06a483acdd810bc76cf",
  "initialization_report": {
    "checkpoint_seed": 2,
    "checkpoint_epoch": 5,
    "transferred_tensors": 133,
    "reset_relation_tensors": 64,
    "total_parameters": 2635631,
    "trainable_parameters": 742149,
    "frozen_parameters": 1893482
  },
  "frozen_state_sha256_before": "37c15277c2ae224503c9a7007c49ca63925f959028773a8d4573f5b799eae633",
  "frozen_state_sha256_after": "37c15277c2ae224503c9a7007c49ca63925f959028773a8d4573f5b799eae633",
  "fit_rows_per_epoch": 426552,
  "c07_rows_per_epoch": 64644,
  "c08_rows_read": 0,
  "c09_c10_worlds_read": 0,
  "peak_cuda_allocated_bytes": 7673307136,
  "peak_gpu_process_memory_bytes": 15518924800,
  "duration_seconds": 19039.07821484795,
  "history": [
    {
      "epoch": 0,
      "training": {
        "rows": 426552,
        "batches": 26736,
        "stage": "observable_relation_finetuning",
        "primitive_set_parameters": 0.14026453324770666,
        "surface_reconstruction": 0.16408131154872305,
        "ray_free_space": 0.06747781699215998,
        "port_relations": 0.375920668377111,
        "temporal_equivariance": 0.405078920912384,
        "uncertainty_calibration": 0.002656892829965892,
        "total": 0.19258002921556439,
        "relation_objective": 0.18928878064179636,
        "gradient_norm": 0.17600543563870222
      },
      "selection": {
        "rows": 64644,
        "batches": 522,
        "primitive_set_parameters": 0.1432961142288212,
        "surface_reconstruction": 0.16542044881588125,
        "ray_free_space": 0.06682943678326454,
        "port_relations": 1.6869163837651053,
        "temporal_equivariance": 0.3983426454095113,
        "uncertainty_calibration": 0.0026214645379116605,
        "total": 0.4105710929571885,
        "relation_selection_loss": 0.844768925266426
      },
      "epoch_seconds": 6356.791258624988,
      "optimizer_steps_cumulative": 26736,
      "cuda_peak_allocated_bytes": 7673307136,
      "gpu_process_memory_bytes": 15443427328
    },
    {
      "epoch": 1,
      "training": {
        "rows": 426552,
        "batches": 26736,
        "stage": "observable_relation_finetuning",
        "primitive_set_parameters": 0.14026408044142719,
        "surface_reconstruction": 0.16407774034203196,
        "ray_free_space": 0.06747262184130509,
        "port_relations": 0.36226101393115295,
        "temporal_equivariance": 0.4052404975866352,
        "uncertainty_calibration": 0.0019642104442051988,
        "total": 0.19021336597758903,
        "relation_objective": 0.18211261218188002,
        "gradient_norm": 0.13885694923252503
      },
      "selection": {
        "rows": 64644,
        "batches": 522,
        "primitive_set_parameters": 0.1432961142288212,
        "surface_reconstruction": 0.16542044881588125,
        "ray_free_space": 0.06682943678326454,
        "port_relations": 0.6772070979164361,
        "temporal_equivariance": 0.3983426454095113,
        "uncertainty_calibration": 0.001549547614098486,
        "total": 0.2421075553199854,
        "relation_selection_loss": 0.33937832324854195
      },
      "epoch_seconds": 6342.912356708897,
      "optimizer_steps_cumulative": 53472,
      "cuda_peak_allocated_bytes": 7673307136,
      "gpu_process_memory_bytes": 15518924800
    },
    {
      "epoch": 2,
      "training": {
        "rows": 426552,
        "batches": 26736,
        "stage": "observable_relation_finetuning",
        "primitive_set_parameters": 0.14026541881538956,
        "surface_reconstruction": 0.16408087653470643,
        "ray_free_space": 0.0674754460694887,
        "port_relations": 0.35635916635854664,
        "temporal_equivariance": 0.40516502358023965,
        "uncertainty_calibration": 0.0016881009589937023,
        "total": 0.18917234393142746,
        "relation_objective": 0.17902363365551244,
        "gradient_norm": 0.14424915278723488
      },
      "selection": {
        "rows": 64644,
        "batches": 522,
        "primitive_set_parameters": 0.1432961142288212,
        "surface_reconstruction": 0.16542044881588125,
        "ray_free_space": 0.06682943678326454,
        "port_relations": 0.5226121155209607,
        "temporal_equivariance": 0.3983426454095113,
        "uncertainty_calibration": 0.0013343398231436868,
        "total": 0.21630585554660559,
        "relation_selection_loss": 0.26197322791901106
      },
      "epoch_seconds": 6338.508311610902,
      "optimizer_steps_cumulative": 80208,
      "cuda_peak_allocated_bytes": 7673307136,
      "gpu_process_memory_bytes": 15504244736
    }
  ]
}
