{"c07": {"axis": 0.048614905996670656, "global_geometry": 0.00414408764537019, "hard_negative_ranking": 0.7357829007148433, "peak_geometry": -2.070676934703595, "presence": 1.5630098294078785, "soft_heatmap": 0.8272269312046843, "total": -0.4549081237899896}, "epoch": 0, "optimizer_steps": 1137, "train": {"axis": 0.5392795257916021, "global_geometry": 0.011835827176199592, "hard_negative_ranking": 0.7745691649559172, "peak_geometry": -2.084967194044673, "presence": 1.7783275731693933, "soft_heatmap": 1.0037584067395413, "total": 0.2444757338662948}}
{"c07": {"axis": 0.019798505352982908, "global_geometry": 0.003932142038161539, "hard_negative_ranking": 0.6359778461666303, "peak_geometry": -2.220570002247014, "presence": 1.341854523219402, "soft_heatmap": 0.7058766687640525, "total": -0.8549848283866307}, "epoch": 1, "optimizer_steps": 1137, "train": {"axis": 0.0322244582246878, "global_geometry": 0.0037521575481188414, "hard_negative_ranking": 0.6370178650070483, "peak_geometry": -2.284383059148279, "presence": 1.3524553776340709, "soft_heatmap": 0.7154375128974115, "total": -0.8959510655396564}}
{"c07": {"axis": 0.016706170661436127, "global_geometry": 0.0034238178712369754, "hard_negative_ranking": 0.5655352334440562, "peak_geometry": -2.2959034183327645, "presence": 1.2087259283640266, "soft_heatmap": 0.6431906934456213, "total": -1.0670475014424046}, "epoch": 2, "optimizer_steps": 1137, "train": {"axis": 0.018904120457209943, "global_geometry": 0.003453252507006137, "hard_negative_ranking": 0.5737623330080964, "peak_geometry": -2.312507492353818, "presence": 1.2210585094662623, "soft_heatmap": 0.6472961750215405, "total": -1.0690916145179212}}
{"c07": {"axis": 0.012649294744486535, "global_geometry": 0.0032777505662581583, "hard_negative_ranking": 0.6211827813400637, "peak_geometry": -2.29632633989765, "presence": 1.3182073131394514, "soft_heatmap": 0.6970245441584723, "total": -0.9621919685311191}, "epoch": 3, "optimizer_steps": 1137, "train": {"axis": 0.015073560834805174, "global_geometry": 0.0031806766519494067, "hard_negative_ranking": 0.5232471015061396, "peak_geometry": -2.3293436510255834, "presence": 1.118903271767986, "soft_heatmap": 0.5956561714720996, "total": -1.1921861433894982}}
{"c07": {"axis": 0.011356465711887821, "global_geometry": 0.003041977464548254, "hard_negative_ranking": 0.5185123064261499, "peak_geometry": -2.293863993463787, "presence": 1.1207074975788163, "soft_heatmap": 0.6021951891721147, "total": -1.158758054377972}, "epoch": 4, "optimizer_steps": 1137, "train": {"axis": 0.01190466786363132, "global_geometry": 0.0029945743801384973, "hard_negative_ranking": 0.47964059037994766, "peak_geometry": -2.3383907500916674, "presence": 1.0361942738656797, "soft_heatmap": 0.5565536842106472, "total": -1.2872972309921398}}
{"c07": {"axis": 0.01346336241042788, "global_geometry": 0.0028945153802578394, "hard_negative_ranking": 0.575385222994296, "peak_geometry": -2.3200826413869993, "presence": 1.3154477960483162, "soft_heatmap": 0.7400625646142011, "total": -0.988276956285863}, "epoch": 5, "optimizer_steps": 1137, "train": {"axis": 0.010655223558418211, "global_geometry": 0.002827286437558686, "hard_negative_ranking": 0.4393749361894348, "peak_geometry": -2.34429064255711, "presence": 0.9640748231782683, "soft_heatmap": 0.5246998856930621, "total": -1.3667333087601605}}
{"c07": {"axis": 0.010031347350956565, "global_geometry": 0.002872067743928158, "hard_negative_ranking": 0.4925654825132256, "peak_geometry": -2.3028989060592933, "presence": 1.1134303292978422, "soft_heatmap": 0.6208648495701131, "total": -1.1765651651541422}, "epoch": 6, "optimizer_steps": 1137, "train": {"axis": 0.009220498526162956, "global_geometry": 0.0026625787551731654, "hard_negative_ranking": 0.40130529594262593, "peak_geometry": -2.3545996785425465, "presence": 0.8955393852439124, "soft_heatmap": 0.49423408876742536, "total": -1.4471772182610203}}
{"c07": {"axis": 0.009214786929759128, "global_geometry": 0.002890776804938697, "hard_negative_ranking": 0.4589460877470322, "peak_geometry": -2.318510318966418, "presence": 1.0367130530271655, "soft_heatmap": 0.5777669659550698, "total": -1.2696917037563773}, "epoch": 7, "optimizer_steps": 1137, "train": {"axis": 0.008987643914126724, "global_geometry": 0.002522291918627926, "hard_negative_ranking": 0.3713071491404322, "peak_geometry": -2.3573292840219997, "presence": 0.8396181900640898, "soft_heatmap": 0.46831104050780337, "total": -1.5062011581159287}}
{"c07": {"axis": 0.008342544300012428, "global_geometry": 0.0025877963778929486, "hard_negative_ranking": 0.4153414056526612, "peak_geometry": -2.338681737301587, "presence": 0.9344620739255209, "soft_heatmap": 0.5191206742684541, "total": -1.393289310405045}, "epoch": 8, "optimizer_steps": 1137, "train": {"axis": 0.008317525737655021, "global_geometry": 0.002451005285192564, "hard_negative_ranking": 0.3431685506353879, "peak_geometry": -2.3642987811370215, "presence": 0.7854957864780925, "soft_heatmap": 0.44232723620217523, "total": -1.568034466697484}}
{"c07": {"axis": 0.008418446731386184, "global_geometry": 0.002510354315486319, "hard_negative_ranking": 0.42442196349440314, "peak_geometry": -2.3336664706451984, "presence": 0.9714106166472855, "soft_heatmap": 0.5469886517967854, "total": -1.3513270498251504}, "epoch": 9, "optimizer_steps": 1137, "train": {"axis": 0.007893825505114431, "global_geometry": 0.0023682439989434257, "hard_negative_ranking": 0.31777717262571564, "peak_geometry": -2.368571449106173, "presence": 0.7371385668529691, "soft_heatmap": 0.4193613932126919, "total": -1.6211708097088848}}
{"best_c07_validation_loss": -1.393289310405045, "best_epoch": 8, "c07_checkpoint_observations": 21548, "c08_checkpoint_observations": 0, "c09_worlds_read": 0, "c10_worlds_read": 0, "development_output_observations": 45942, "duration_seconds": 1742.4431923710508, "epochs": 10, "final_inference_c07_observations": 21548, "final_inference_c08_observations": 24394, "fit_observations": 142184, "mtare_worlds_read": 0, "optimizer_steps": 11370, "parameters": 769268, "peak_gpu_memory_bytes": 7923696640, "schema_version": "gse_circular_peak_geometry_training_seed_v1", "seed": 2}
	Command being timed: "/home/zeng-workstation/.local/share/mtare_topo_comm/envs/phase3_torch290_cu129_zarr2187_v1/bin/python /home/zeng-workstation/mtare_topo_comm/tools/v3/train_gse_circular_peak_geometry_v2.py --teacher-root /home/zeng-workstation/mtare_topo_comm/results/gate2_representation/gate2_20260829_gse_circular_exit_geometry_field_teacher_export_v1_seed0/artifacts/export/teacher --source-root /home/zeng-workstation/mtare_topo_comm/results/gate2_representation/gate2_20260824_gse_deduplicated_dataset_export_v1_seed0/artifacts/dataset/train --output-dir /home/zeng-workstation/mtare_topo_comm/results/gate3_semantics/gate3_20260829_gse_circular_peak_geometry_three_seed_training_v2_seed0/artifacts/models/seed2 --seed 2 --epochs 10 --batch-size 128 --evaluation-batch-size 256 --learning-rate 0.0003 --weight-decay 0.0001"
	User time (seconds): 1701.67
	System time (seconds): 93.18
	Percent of CPU this job got: 102%
	Elapsed (wall clock) time (h:mm:ss or m:ss): 29:03.40
	Average shared text size (kbytes): 0
	Average unshared data size (kbytes): 0
	Average stack size (kbytes): 0
	Average total size (kbytes): 0
	Maximum resident set size (kbytes): 3466320
	Average resident set size (kbytes): 0
	Major (requiring I/O) page faults: 0
	Minor (reclaiming a frame) page faults: 9827718
	Voluntary context switches: 2683058
	Involuntary context switches: 6397
	Swaps: 0
	File system inputs: 0
	File system outputs: 282040
	Socket messages sent: 0
	Socket messages received: 0
	Signals delivered: 0
	Page size (bytes): 4096
	Exit status: 0
