{
  "checks": {
    "action_macro_f1_at_least_0p80": false,
    "ap_improves_raw_range_by_0p10": false,
    "c07_safe_precision_and_recall": false,
    "c08_not_used_for_selection": true,
    "c08_safe_precision_and_recall": false,
    "global_geometry_contract": false,
    "peak_geometry_contract": false,
    "zero_test_graph_planner": true
  },
  "decision": "STOP_CIRCULAR_PEAK_GEOMETRY_BEFORE_GRAPH",
  "status": "FAIL_GSE_CIRCULAR_PEAK_GEOMETRY_SELECTION_V1",
  "threshold": null
}
Command exited with non-zero status 2
	Command being timed: "/home/zeng-workstation/.local/share/mtare_topo_comm/envs/phase3_torch290_cu129_zarr2187_v1/bin/python /home/zeng-workstation/mtare_topo_comm/tools/v3/evaluate_gse_circular_peak_geometry_selection_v1.py --teacher-root /home/zeng-workstation/mtare_topo_comm/results/gate2_representation/gate2_20260829_gse_circular_exit_geometry_field_teacher_export_v1_seed0/artifacts/export/teacher --source-root /home/zeng-workstation/mtare_topo_comm/results/gate2_representation/gate2_20260824_gse_deduplicated_dataset_export_v1_seed0/artifacts/dataset/train --output-dir /home/zeng-workstation/mtare_topo_comm/results/gate3_semantics/gate3_20260829_gse_circular_peak_geometry_three_seed_training_v2_seed0/metrics/selection --prediction-root /home/zeng-workstation/mtare_topo_comm/results/gate3_semantics/gate3_20260829_gse_circular_peak_geometry_three_seed_training_v2_seed0/artifacts/models/seed0/development_predictions --prediction-root /home/zeng-workstation/mtare_topo_comm/results/gate3_semantics/gate3_20260829_gse_circular_peak_geometry_three_seed_training_v2_seed0/artifacts/models/seed1/development_predictions --prediction-root /home/zeng-workstation/mtare_topo_comm/results/gate3_semantics/gate3_20260829_gse_circular_peak_geometry_three_seed_training_v2_seed0/artifacts/models/seed2/development_predictions"
	User time (seconds): 3.50
	System time (seconds): 0.18
	Percent of CPU this job got: 101%
	Elapsed (wall clock) time (h:mm:ss or m:ss): 0:03.63
	Average shared text size (kbytes): 0
	Average unshared data size (kbytes): 0
	Average stack size (kbytes): 0
	Average total size (kbytes): 0
	Maximum resident set size (kbytes): 948428
	Average resident set size (kbytes): 0
	Major (requiring I/O) page faults: 0
	Minor (reclaiming a frame) page faults: 73029
	Voluntary context switches: 956
	Involuntary context switches: 94
	Swaps: 0
	File system inputs: 0
	File system outputs: 584
	Socket messages sent: 0
	Socket messages received: 0
	Signals delivered: 0
	Page size (bytes): 4096
	Exit status: 2
