{"c09_worlds_read": 0, "c10_worlds_read": 0, "degenerate_route_rows": 2, "fit_rows": 142184, "model_updates": 0, "mtare_worlds_read": 0, "optimizer_steps": 0, "output_sha256": "316054a29a398b2233e063c2f5a6ea991045ffced48372d88e6d166711d20e50", "rows": 188126, "schema_version": "gse_spatial_longitudinal_center_seed_all_v1", "seed": 0, "selection_rows": 45942}
	Command being timed: "/home/zeng-workstation/.local/share/mtare_topo_comm/envs/phase3_torch290_cu129_zarr2187_v1/bin/python /home/zeng-workstation/mtare_topo_comm/tools/v3/infer_gse_spatial_longitudinal_center_all_v1.py --spatial-cache /home/zeng-workstation/mtare_topo_comm/results/gate3_semantics/gate3_20260828_gse_spatial_trace_commit_requalification_v1_seed0/scratch/seed0_cache --action-cache /home/zeng-workstation/mtare_topo_comm/results/gate3_semantics/gate3_20260828_gse_action_set_node_training_v1_seed0/scratch/action_set_cache --center-teacher /home/zeng-workstation/mtare_topo_comm/results/gate3_semantics/gate3_20260828_gse_event_center_offset_training_v1r3_seed0/artifacts/teacher/event_center_teacher.npz --pair-cache /home/zeng-workstation/mtare_topo_comm/results/gate3_semantics/gate3_20260826_gse_exit_token_association_corrective_v2_seed0/artifacts/pair_cache/pairs.npz --action-checkpoint /home/zeng-workstation/mtare_topo_comm/results/gate3_semantics/gate3_20260828_gse_action_set_node_training_v1_seed0/artifacts/models/seed0/best.pt --scalar-checkpoint /home/zeng-workstation/mtare_topo_comm/results/gate3_semantics/gate3_20260828_gse_event_center_pair_consistency_training_v1r3_seed0/artifacts/models/seed0/best.pt --spatial-checkpoint /home/zeng-workstation/mtare_topo_comm/results/gate3_semantics/gate3_20260828_gse_spatial_event_center_training_v1_seed0/artifacts/models/seed0/best.pt --corrective-checkpoint /home/zeng-workstation/mtare_topo_comm/results/gate3_semantics/gate3_20260828_gse_spatial_longitudinal_corrective_v1_seed0/artifacts/models/seed0/best.pt --seed 0 --batch-size 128 --output /home/zeng-workstation/mtare_topo_comm/results/gate3_semantics/gate3_20260828_gse_spatial_trace_commit_requalification_v1_seed0/artifacts/projection/seed0_all_rows.npz"
	User time (seconds): 14.57
	System time (seconds): 0.58
	Percent of CPU this job got: 100%
	Elapsed (wall clock) time (h:mm:ss or m:ss): 0:15.14
	Average shared text size (kbytes): 0
	Average unshared data size (kbytes): 0
	Average stack size (kbytes): 0
	Average total size (kbytes): 0
	Maximum resident set size (kbytes): 4419900
	Average resident set size (kbytes): 0
	Major (requiring I/O) page faults: 0
	Minor (reclaiming a frame) page faults: 351546
	Voluntary context switches: 2854
	Involuntary context switches: 112
	Swaps: 0
	File system inputs: 0
	File system outputs: 21992
	Socket messages sent: 0
	Socket messages received: 0
	Signals delivered: 0
	Page size (bytes): 4096
	Exit status: 0
