Traceback (most recent call last):
  File "/home/zeng-workstation/mtare_topo_comm/tools/v3/combine_gse_spatial_longitudinal_center_v1.py", line 102, in <module>
    raise SystemExit(main())
                     ~~~~^^
  File "/home/zeng-workstation/mtare_topo_comm/tools/v3/combine_gse_spatial_longitudinal_center_v1.py", line 62, in main
    combined = combine_seed_projections(
        np.stack(vectors), reference["sensor_xyz_m"], reference["route_local_basis"],
    )
  File "/home/zeng-workstation/mtare_topo_comm/src/mtare_topo/evaluation/gse_spatial_center_projection.py", line 56, in combine_seed_projections
    raise RuntimeError("linear structure-center ensemble identity drift")
RuntimeError: linear structure-center ensemble identity drift
Command exited with non-zero status 1
	Command being timed: "/home/zeng-workstation/.local/share/mtare_topo_comm/envs/phase3_torch290_cu129_zarr2187_v1/bin/python /home/zeng-workstation/mtare_topo_comm/tools/v3/combine_gse_spatial_longitudinal_center_v1.py --seed0 /home/zeng-workstation/mtare_topo_comm/results/gate3_semantics/gate3_20260828_gse_spatial_trace_commit_requalification_v1_seed0/artifacts/projection/seed0_all_rows.npz --seed1 /home/zeng-workstation/mtare_topo_comm/results/gate3_semantics/gate3_20260828_gse_spatial_trace_commit_requalification_v1_seed0/artifacts/projection/seed1_all_rows.npz --seed2 /home/zeng-workstation/mtare_topo_comm/results/gate3_semantics/gate3_20260828_gse_spatial_trace_commit_requalification_v1_seed0/artifacts/projection/seed2_all_rows.npz --output /home/zeng-workstation/mtare_topo_comm/results/gate3_semantics/gate3_20260828_gse_spatial_trace_commit_requalification_v1_seed0/artifacts/projection/spatial_center_ensemble_all_rows.npz"
	User time (seconds): 0.19
	System time (seconds): 0.03
	Percent of CPU this job got: 100%
	Elapsed (wall clock) time (h:mm:ss or m:ss): 0:00.23
	Average shared text size (kbytes): 0
	Average unshared data size (kbytes): 0
	Average stack size (kbytes): 0
	Average total size (kbytes): 0
	Maximum resident set size (kbytes): 149880
	Average resident set size (kbytes): 0
	Major (requiring I/O) page faults: 0
	Minor (reclaiming a frame) page faults: 27400
	Voluntary context switches: 1
	Involuntary context switches: 2
	Swaps: 0
	File system inputs: 0
	File system outputs: 8
	Socket messages sent: 0
	Socket messages received: 0
	Signals delivered: 0
	Page size (bytes): 4096
	Exit status: 1
