/home/zeng-workstation/anaconda3/lib/python3.13/site-packages/torch/backends/__init__.py:46: UserWarning: Please use the new API settings to control TF32 behavior, such as torch.backends.cudnn.conv.fp32_precision = 'tf32' or torch.backends.cuda.matmul.fp32_precision = 'ieee'. Old settings, e.g, torch.backends.cuda.matmul.allow_tf32 = True, torch.backends.cudnn.allow_tf32 = True, allowTF32CuDNN() and allowTF32CuBLAS() will be deprecated after Pytorch 2.9. Please see https://pytorch.org/docs/main/notes/cuda.html#tensorfloat-32-tf32-on-ampere-and-later-devices (Triggered internally at /pytorch/aten/src/ATen/Context.cpp:80.)
  self.setter(val)
{"cuda_peak_allocated_bytes": 8008509952, "epoch": 0, "epoch_seconds": 4244.72130847699, "optimizer_steps_cumulative": 26736, "process_memory_bytes": 16137584640, "selection": {"batches": 522, "port_relations": 0.7049258776867967, "primitive_set_parameters": 0.2135054529905891, "ray_free_space": 0.05337503385702369, "rows": 64644, "surface_reconstruction": 0.1454970860624087, "temporal_equivariance": 2.098332711872979, "total": 0.5470250278506625, "uncertainty_calibration": 0.06651387730922581}, "training": {"batches": 26736, "gradient_norm": 0.1470893791357492, "port_relations": 0.7149231737455917, "primitive_set_parameters": 0.11299789139271903, "ray_free_space": 0.043473476912519335, "rows": 426552, "stage": "geometry_pretraining", "stage_objective": 0.10457935691523725, "surface_reconstruction": 0.1572666941724332, "temporal_equivariance": 2.1148083743726853, "total": 0.5391445959500722, "uncertainty_calibration": 0.09139784364421968}}
{"cuda_peak_allocated_bytes": 8012101120, "epoch": 1, "epoch_seconds": 4211.239736437798, "optimizer_steps_cumulative": 53472, "process_memory_bytes": 16104030208, "selection": {"batches": 522, "port_relations": 0.6971693764607894, "primitive_set_parameters": 0.15180794361154232, "ray_free_space": 0.037475105366853945, "rows": 64644, "surface_reconstruction": 0.14216606095055198, "temporal_equivariance": 2.1132611144991267, "total": 0.5365803189929276, "uncertainty_calibration": 0.07760220085702392}, "training": {"batches": 26736, "gradient_norm": 0.12415161465613904, "port_relations": 0.7009141917908955, "primitive_set_parameters": 0.11008575616871168, "ray_free_space": 0.042822922883896004, "rows": 426552, "stage": "sparse_set_mdl_pretraining", "stage_objective": 0.11008575616871168, "surface_reconstruction": 0.12387573639057273, "temporal_equivariance": 2.107331500422376, "total": 0.5268364112978121, "uncertainty_calibration": 0.07598824188404282}}
{"cuda_peak_allocated_bytes": 8012101120, "epoch": 2, "epoch_seconds": 4329.972566603217, "optimizer_steps_cumulative": 80208, "process_memory_bytes": 15883829248, "selection": {"batches": 522, "port_relations": 0.2271136428749832, "primitive_set_parameters": 0.950817188008883, "ray_free_space": 0.027473025541857005, "rows": 64644, "surface_reconstruction": 0.2666057151634573, "temporal_equivariance": 2.1680895397918487, "total": 0.6424577819239599, "uncertainty_calibration": 0.21464745499307541}, "training": {"batches": 26736, "gradient_norm": 1.395416550328906, "port_relations": 0.2698160862821332, "primitive_set_parameters": 0.6915250229445143, "ray_free_space": 0.03320165914281864, "rows": 426552, "stage": "endpoint_relation_pretraining", "stage_objective": 0.2698160862821332, "surface_reconstruction": 0.2516010111714957, "temporal_equivariance": 2.1428592510376228, "total": 0.6183970226634995, "uncertainty_calibration": 0.3213789914549075}}
{"cuda_peak_allocated_bytes": 8012101120, "epoch": 3, "epoch_seconds": 4359.745983527973, "optimizer_steps_cumulative": 106944, "process_memory_bytes": 15854469120, "selection": {"batches": 522, "port_relations": 0.9770310716304174, "primitive_set_parameters": 0.724781768469223, "ray_free_space": 0.10120187554953104, "rows": 64644, "surface_reconstruction": 0.3593809891935401, "temporal_equivariance": 0.4447117672011327, "total": 0.43505481484189173, "uncertainty_calibration": 0.003221360802923737}, "training": {"batches": 26736, "gradient_norm": 0.4977935881510297, "port_relations": 0.890754538040164, "primitive_set_parameters": 0.8493352888492645, "ray_free_space": 0.08874328393393682, "rows": 426552, "stage": "temporal_uncertainty_pretraining", "stage_objective": 0.21778425063379167, "surface_reconstruction": 0.3067550558759851, "temporal_equivariance": 0.43340997899712347, "total": 0.42852612300983717, "uncertainty_calibration": 0.0021585223871145457}}
{"cuda_peak_allocated_bytes": 8012101120, "epoch": 4, "epoch_seconds": 4414.368095589103, "optimizer_steps_cumulative": 133680, "process_memory_bytes": 15619588096, "selection": {"batches": 522, "port_relations": 1.395238772962683, "primitive_set_parameters": 0.16746801629420016, "ray_free_space": 0.037007782192860786, "rows": 64644, "surface_reconstruction": 0.16803063577572705, "temporal_equivariance": 0.385078635996399, "total": 0.35936278859106713, "uncertainty_calibration": 0.003352829181133581}, "training": {"batches": 26736, "gradient_norm": 0.269322795970215, "port_relations": 0.2757714778075827, "primitive_set_parameters": 0.11814139577467535, "ray_free_space": 0.0421489560699991, "rows": 426552, "stage": "joint_finetuning", "stage_objective": 0.15810358526425536, "surface_reconstruction": 0.16347188378076843, "temporal_equivariance": 0.34711362088486925, "total": 0.15810358526425536, "uncertainty_calibration": 0.001974149120970101}}
{"cuda_peak_allocated_bytes": 8012101120, "epoch": 5, "epoch_seconds": 4416.1332112990785, "optimizer_steps_cumulative": 160416, "process_memory_bytes": 15795748864, "selection": {"batches": 522, "port_relations": 0.9294260728570186, "primitive_set_parameters": 0.14329611417257648, "ray_free_space": 0.0668294343118395, "rows": 64644, "surface_reconstruction": 0.16541843155009286, "temporal_equivariance": 0.39842775712548917, "total": 0.2842458101119354, "uncertainty_calibration": 0.00207700128470888}, "training": {"batches": 26736, "gradient_norm": 0.2163938026852271, "port_relations": 0.2966671167858366, "primitive_set_parameters": 0.11976158892985861, "ray_free_space": 0.03771446479201923, "rows": 426552, "stage": "joint_finetuning", "stage_objective": 0.15501425206676175, "surface_reconstruction": 0.15126690065934362, "temporal_equivariance": 0.32305453510109017, "total": 0.15501425206676175, "uncertainty_calibration": 0.0016208778533761952}}
{"cuda_peak_allocated_bytes": 8012101120, "epoch": 6, "epoch_seconds": 4417.501180298859, "optimizer_steps_cumulative": 187152, "process_memory_bytes": 15795748864, "selection": {"batches": 522, "port_relations": 1.2001593429958286, "primitive_set_parameters": 0.13737540450722788, "ray_free_space": 0.029219867716312922, "rows": 64644, "surface_reconstruction": 0.16230652514073152, "temporal_equivariance": 0.4073179327078285, "total": 0.3230727392937865, "uncertainty_calibration": 0.0020573229976994355}, "training": {"batches": 26736, "gradient_norm": 0.21408324785981636, "port_relations": 0.2871950594230601, "primitive_set_parameters": 0.12100217233935331, "ray_free_space": 0.03805986562927278, "rows": 426552, "stage": "joint_finetuning", "stage_objective": 0.15250674216778032, "surface_reconstruction": 0.15034760594573812, "temporal_equivariance": 0.3168655025505628, "total": 0.15250674216778032, "uncertainty_calibration": 0.0015702197732406727}}
{
  "schema_version": "primitive_relation_sparse_port_seed_training_v1",
  "seed": 2,
  "parameter_count": 2629870,
  "epochs": 7,
  "stages": [
    "geometry_pretraining",
    "sparse_set_mdl_pretraining",
    "endpoint_relation_pretraining",
    "temporal_uncertainty_pretraining",
    "joint_finetuning",
    "joint_finetuning",
    "joint_finetuning"
  ],
  "optimizer_steps": 187152,
  "best_epoch": 5,
  "best_c07_selection_loss": 0.2842458101119354,
  "selected_checkpoint": "selected.pt",
  "fit_rows_per_epoch": 426552,
  "c07_rows_per_epoch": 64644,
  "c08_rows_read": 0,
  "c09_c10_worlds_read": 0,
  "peak_cuda_allocated_bytes": 8012101120,
  "peak_process_memory_bytes": 16137584640,
  "duration_seconds": 30394.595645194873,
  "history": [
    {
      "epoch": 0,
      "training": {
        "rows": 426552,
        "batches": 26736,
        "stage": "geometry_pretraining",
        "primitive_set_parameters": 0.11299789139271903,
        "surface_reconstruction": 0.1572666941724332,
        "ray_free_space": 0.043473476912519335,
        "port_relations": 0.7149231737455917,
        "temporal_equivariance": 2.1148083743726853,
        "uncertainty_calibration": 0.09139784364421968,
        "total": 0.5391445959500722,
        "stage_objective": 0.10457935691523725,
        "gradient_norm": 0.1470893791357492
      },
      "selection": {
        "rows": 64644,
        "batches": 522,
        "primitive_set_parameters": 0.2135054529905891,
        "surface_reconstruction": 0.1454970860624087,
        "ray_free_space": 0.05337503385702369,
        "port_relations": 0.7049258776867967,
        "temporal_equivariance": 2.098332711872979,
        "uncertainty_calibration": 0.06651387730922581,
        "total": 0.5470250278506625
      },
      "epoch_seconds": 4244.72130847699,
      "optimizer_steps_cumulative": 26736,
      "cuda_peak_allocated_bytes": 8008509952,
      "process_memory_bytes": 16137584640
    },
    {
      "epoch": 1,
      "training": {
        "rows": 426552,
        "batches": 26736,
        "stage": "sparse_set_mdl_pretraining",
        "primitive_set_parameters": 0.11008575616871168,
        "surface_reconstruction": 0.12387573639057273,
        "ray_free_space": 0.042822922883896004,
        "port_relations": 0.7009141917908955,
        "temporal_equivariance": 2.107331500422376,
        "uncertainty_calibration": 0.07598824188404282,
        "total": 0.5268364112978121,
        "stage_objective": 0.11008575616871168,
        "gradient_norm": 0.12415161465613904
      },
      "selection": {
        "rows": 64644,
        "batches": 522,
        "primitive_set_parameters": 0.15180794361154232,
        "surface_reconstruction": 0.14216606095055198,
        "ray_free_space": 0.037475105366853945,
        "port_relations": 0.6971693764607894,
        "temporal_equivariance": 2.1132611144991267,
        "uncertainty_calibration": 0.07760220085702392,
        "total": 0.5365803189929276
      },
      "epoch_seconds": 4211.239736437798,
      "optimizer_steps_cumulative": 53472,
      "cuda_peak_allocated_bytes": 8012101120,
      "process_memory_bytes": 16104030208
    },
    {
      "epoch": 2,
      "training": {
        "rows": 426552,
        "batches": 26736,
        "stage": "endpoint_relation_pretraining",
        "primitive_set_parameters": 0.6915250229445143,
        "surface_reconstruction": 0.2516010111714957,
        "ray_free_space": 0.03320165914281864,
        "port_relations": 0.2698160862821332,
        "temporal_equivariance": 2.1428592510376228,
        "uncertainty_calibration": 0.3213789914549075,
        "total": 0.6183970226634995,
        "stage_objective": 0.2698160862821332,
        "gradient_norm": 1.395416550328906
      },
      "selection": {
        "rows": 64644,
        "batches": 522,
        "primitive_set_parameters": 0.950817188008883,
        "surface_reconstruction": 0.2666057151634573,
        "ray_free_space": 0.027473025541857005,
        "port_relations": 0.2271136428749832,
        "temporal_equivariance": 2.1680895397918487,
        "uncertainty_calibration": 0.21464745499307541,
        "total": 0.6424577819239599
      },
      "epoch_seconds": 4329.972566603217,
      "optimizer_steps_cumulative": 80208,
      "cuda_peak_allocated_bytes": 8012101120,
      "process_memory_bytes": 15883829248
    },
    {
      "epoch": 3,
      "training": {
        "rows": 426552,
        "batches": 26736,
        "stage": "temporal_uncertainty_pretraining",
        "primitive_set_parameters": 0.8493352888492645,
        "surface_reconstruction": 0.3067550558759851,
        "ray_free_space": 0.08874328393393682,
        "port_relations": 0.890754538040164,
        "temporal_equivariance": 0.43340997899712347,
        "uncertainty_calibration": 0.0021585223871145457,
        "total": 0.42852612300983717,
        "stage_objective": 0.21778425063379167,
        "gradient_norm": 0.4977935881510297
      },
      "selection": {
        "rows": 64644,
        "batches": 522,
        "primitive_set_parameters": 0.724781768469223,
        "surface_reconstruction": 0.3593809891935401,
        "ray_free_space": 0.10120187554953104,
        "port_relations": 0.9770310716304174,
        "temporal_equivariance": 0.4447117672011327,
        "uncertainty_calibration": 0.003221360802923737,
        "total": 0.43505481484189173
      },
      "epoch_seconds": 4359.745983527973,
      "optimizer_steps_cumulative": 106944,
      "cuda_peak_allocated_bytes": 8012101120,
      "process_memory_bytes": 15854469120
    },
    {
      "epoch": 4,
      "training": {
        "rows": 426552,
        "batches": 26736,
        "stage": "joint_finetuning",
        "primitive_set_parameters": 0.11814139577467535,
        "surface_reconstruction": 0.16347188378076843,
        "ray_free_space": 0.0421489560699991,
        "port_relations": 0.2757714778075827,
        "temporal_equivariance": 0.34711362088486925,
        "uncertainty_calibration": 0.001974149120970101,
        "total": 0.15810358526425536,
        "stage_objective": 0.15810358526425536,
        "gradient_norm": 0.269322795970215
      },
      "selection": {
        "rows": 64644,
        "batches": 522,
        "primitive_set_parameters": 0.16746801629420016,
        "surface_reconstruction": 0.16803063577572705,
        "ray_free_space": 0.037007782192860786,
        "port_relations": 1.395238772962683,
        "temporal_equivariance": 0.385078635996399,
        "uncertainty_calibration": 0.003352829181133581,
        "total": 0.35936278859106713
      },
      "epoch_seconds": 4414.368095589103,
      "optimizer_steps_cumulative": 133680,
      "cuda_peak_allocated_bytes": 8012101120,
      "process_memory_bytes": 15619588096
    },
    {
      "epoch": 5,
      "training": {
        "rows": 426552,
        "batches": 26736,
        "stage": "joint_finetuning",
        "primitive_set_parameters": 0.11976158892985861,
        "surface_reconstruction": 0.15126690065934362,
        "ray_free_space": 0.03771446479201923,
        "port_relations": 0.2966671167858366,
        "temporal_equivariance": 0.32305453510109017,
        "uncertainty_calibration": 0.0016208778533761952,
        "total": 0.15501425206676175,
        "stage_objective": 0.15501425206676175,
        "gradient_norm": 0.2163938026852271
      },
      "selection": {
        "rows": 64644,
        "batches": 522,
        "primitive_set_parameters": 0.14329611417257648,
        "surface_reconstruction": 0.16541843155009286,
        "ray_free_space": 0.0668294343118395,
        "port_relations": 0.9294260728570186,
        "temporal_equivariance": 0.39842775712548917,
        "uncertainty_calibration": 0.00207700128470888,
        "total": 0.2842458101119354
      },
      "epoch_seconds": 4416.1332112990785,
      "optimizer_steps_cumulative": 160416,
      "cuda_peak_allocated_bytes": 8012101120,
      "process_memory_bytes": 15795748864
    },
    {
      "epoch": 6,
      "training": {
        "rows": 426552,
        "batches": 26736,
        "stage": "joint_finetuning",
        "primitive_set_parameters": 0.12100217233935331,
        "surface_reconstruction": 0.15034760594573812,
        "ray_free_space": 0.03805986562927278,
        "port_relations": 0.2871950594230601,
        "temporal_equivariance": 0.3168655025505628,
        "uncertainty_calibration": 0.0015702197732406727,
        "total": 0.15250674216778032,
        "stage_objective": 0.15250674216778032,
        "gradient_norm": 0.21408324785981636
      },
      "selection": {
        "rows": 64644,
        "batches": 522,
        "primitive_set_parameters": 0.13737540450722788,
        "surface_reconstruction": 0.16230652514073152,
        "ray_free_space": 0.029219867716312922,
        "port_relations": 1.2001593429958286,
        "temporal_equivariance": 0.4073179327078285,
        "uncertainty_calibration": 0.0020573229976994355,
        "total": 0.3230727392937865
      },
      "epoch_seconds": 4417.501180298859,
      "optimizer_steps_cumulative": 187152,
      "cuda_peak_allocated_bytes": 8012101120,
      "process_memory_bytes": 15795748864
    }
  ]
}
