{"events": {"corridor": 1026, "geometry_transition": 12, "junction": 132, "terminal": 82}, "identities": 9, "index": 1, "of": 80, "pairs": 440, "world": "S01_flat_tree_small_C01"}
{"events": {"corridor": 934, "junction": 114, "terminal": 82, "turn": 4}, "identities": 10, "index": 2, "of": 80, "pairs": 399, "world": "S01_flat_tree_small_C02"}
{"events": {"corridor": 1342, "geometry_transition": 11, "junction": 102, "terminal": 67}, "identities": 7, "index": 3, "of": 80, "pairs": 349, "world": "S01_flat_tree_small_C03"}
{"events": {"corridor": 697, "junction": 103, "terminal": 54, "turn": 6}, "identities": 9, "index": 4, "of": 80, "pairs": 319, "world": "S01_flat_tree_small_C04"}
{"events": {"corridor": 936, "geometry_transition": 30, "junction": 133, "terminal": 77}, "identities": 11, "index": 5, "of": 80, "pairs": 480, "world": "S01_flat_tree_small_C05"}
{"events": {"corridor": 1038, "junction": 95, "terminal": 63, "turn": 28}, "identities": 11, "index": 6, "of": 80, "pairs": 372, "world": "S01_flat_tree_small_C06"}
{"events": {"corridor": 786, "junction": 137, "terminal": 73, "turn": 8}, "identities": 10, "index": 7, "of": 80, "pairs": 436, "world": "S01_flat_tree_small_C07"}
{"events": {"corridor": 935, "geometry_transition": 28, "junction": 179, "terminal": 76}, "identities": 11, "index": 8, "of": 80, "pairs": 566, "world": "S01_flat_tree_small_C08"}
{"events": {"corridor": 1136, "geometry_transition": 22, "junction": 89, "terminal": 67}, "identities": 8, "index": 9, "of": 80, "pairs": 356, "world": "S02_3d_tree_small_C01"}
{"events": {"corridor": 994, "junction": 137, "terminal": 71, "turn": 10}, "identities": 11, "index": 10, "of": 80, "pairs": 435, "world": "S02_3d_tree_small_C02"}
{"events": {"corridor": 1344, "geometry_transition": 17, "junction": 153, "terminal": 83, "turn": 21}, "identities": 12, "index": 11, "of": 80, "pairs": 531, "world": "S02_3d_tree_small_C03"}
{"events": {"corridor": 872, "junction": 76, "terminal": 59, "turn": 35}, "identities": 13, "index": 12, "of": 80, "pairs": 340, "world": "S02_3d_tree_small_C04"}
{"events": {"corridor": 1078, "junction": 131, "terminal": 72, "turn": 11}, "identities": 12, "index": 13, "of": 80, "pairs": 426, "world": "S02_3d_tree_small_C05"}
{"events": {"corridor": 1340, "geometry_transition": 14, "junction": 102, "terminal": 56, "turn": 26}, "identities": 11, "index": 14, "of": 80, "pairs": 382, "world": "S02_3d_tree_small_C06"}
{"events": {"corridor": 763, "junction": 68, "terminal": 61, "turn": 30}, "identities": 10, "index": 15, "of": 80, "pairs": 318, "world": "S02_3d_tree_small_C07"}
{"events": {"corridor": 1363, "junction": 147, "terminal": 80}, "identities": 8, "index": 16, "of": 80, "pairs": 454, "world": "S02_3d_tree_small_C08"}
{"events": {"corridor": 1255, "junction": 204, "terminal": 49, "turn": 2}, "identities": 9, "index": 17, "of": 80, "pairs": 508, "world": "S03_flat_unicyclic_small_C01"}
{"events": {"corridor": 1587, "geometry_transition": 12, "junction": 197, "terminal": 68}, "identities": 9, "index": 18, "of": 80, "pairs": 542, "world": "S03_flat_unicyclic_small_C02"}
{"events": {"corridor": 1475, "junction": 230, "terminal": 65}, "identities": 10, "index": 19, "of": 80, "pairs": 590, "world": "S03_flat_unicyclic_small_C03"}
{"events": {"corridor": 1294, "junction": 192, "terminal": 58, "turn": 22}, "identities": 12, "index": 20, "of": 80, "pairs": 542, "world": "S03_flat_unicyclic_small_C04"}
{"events": {"corridor": 1109, "geometry_transition": 14, "junction": 238, "terminal": 83}, "identities": 11, "index": 21, "of": 80, "pairs": 656, "world": "S03_flat_unicyclic_small_C05"}
{"events": {"corridor": 1122, "geometry_transition": 25, "junction": 174, "terminal": 56, "turn": 3}, "identities": 12, "index": 22, "of": 80, "pairs": 515, "world": "S03_flat_unicyclic_small_C06"}
{"events": {"corridor": 625, "junction": 198, "terminal": 73, "turn": 10}, "identities": 14, "index": 23, "of": 80, "pairs": 562, "world": "S03_flat_unicyclic_small_C07"}
{"events": {"corridor": 1177, "junction": 167, "terminal": 62, "turn": 8}, "identities": 9, "index": 24, "of": 80, "pairs": 474, "world": "S03_flat_unicyclic_small_C08"}
{"events": {"corridor": 1156, "junction": 176, "terminal": 48, "turn": 28}, "identities": 17, "index": 25, "of": 80, "pairs": 500, "world": "S04_3d_unicyclic_small_C01"}
{"events": {"corridor": 920, "junction": 206, "terminal": 48}, "identities": 10, "index": 26, "of": 80, "pairs": 508, "world": "S04_3d_unicyclic_small_C02"}
{"events": {"corridor": 1395, "geometry_transition": 6, "junction": 255, "terminal": 85, "turn": 13}, "identities": 13, "index": 27, "of": 80, "pairs": 711, "world": "S04_3d_unicyclic_small_C03"}
{"events": {"corridor": 956, "geometry_transition": 48, "junction": 203, "terminal": 61}, "identities": 12, "index": 28, "of": 80, "pairs": 624, "world": "S04_3d_unicyclic_small_C04"}
{"events": {"corridor": 718, "junction": 216, "terminal": 57, "turn": 67}, "identities": 18, "index": 29, "of": 80, "pairs": 679, "world": "S04_3d_unicyclic_small_C05"}
{"events": {"corridor": 1116, "junction": 241, "terminal": 51}, "identities": 9, "index": 30, "of": 80, "pairs": 584, "world": "S04_3d_unicyclic_small_C06"}
{"events": {"corridor": 825, "junction": 234, "terminal": 41, "turn": 34}, "identities": 14, "index": 31, "of": 80, "pairs": 618, "world": "S04_3d_unicyclic_small_C07"}
{"events": {"corridor": 1235, "junction": 200, "terminal": 61, "turn": 30}, "identities": 15, "index": 32, "of": 80, "pairs": 580, "world": "S04_3d_unicyclic_small_C08"}
{"events": {"corridor": 1831, "geometry_transition": 11, "junction": 249, "terminal": 97, "turn": 2}, "identities": 14, "index": 33, "of": 80, "pairs": 705, "world": "S05_flat_branch_medium_C01"}
{"events": {"corridor": 2034, "geometry_transition": 26, "junction": 256, "terminal": 88, "turn": 8}, "identities": 15, "index": 34, "of": 80, "pairs": 756, "world": "S05_flat_branch_medium_C02"}
{"events": {"corridor": 2096, "junction": 262, "terminal": 99, "turn": 11}, "identities": 15, "index": 35, "of": 80, "pairs": 742, "world": "S05_flat_branch_medium_C03"}
{"events": {"corridor": 1704, "geometry_transition": 12, "junction": 280, "terminal": 91, "turn": 1}, "identities": 15, "index": 36, "of": 80, "pairs": 754, "world": "S05_flat_branch_medium_C04"}
{"events": {"corridor": 1532, "junction": 328, "terminal": 92, "turn": 28}, "identities": 20, "index": 37, "of": 80, "pairs": 893, "world": "S05_flat_branch_medium_C05"}
{"events": {"corridor": 2247, "geometry_transition": 28, "junction": 357, "terminal": 119, "turn": 1}, "identities": 17, "index": 38, "of": 80, "pairs": 1008, "world": "S05_flat_branch_medium_C06"}
{"events": {"corridor": 1766, "junction": 213, "terminal": 73, "turn": 16}, "identities": 13, "index": 39, "of": 80, "pairs": 604, "world": "S05_flat_branch_medium_C07"}
{"events": {"corridor": 2025, "junction": 324, "terminal": 106, "turn": 11}, "identities": 16, "index": 40, "of": 80, "pairs": 882, "world": "S05_flat_branch_medium_C08"}
{"events": {"corridor": 1173, "junction": 312, "terminal": 90, "turn": 79}, "identities": 26, "index": 41, "of": 80, "pairs": 961, "world": "S06_3d_branch_medium_C01"}
{"events": {"corridor": 1566, "junction": 231, "terminal": 83, "turn": 34}, "identities": 18, "index": 42, "of": 80, "pairs": 695, "world": "S06_3d_branch_medium_C02"}
{"events": {"corridor": 1324, "junction": 322, "terminal": 111, "turn": 25}, "identities": 19, "index": 43, "of": 80, "pairs": 916, "world": "S06_3d_branch_medium_C03"}
{"events": {"corridor": 2574, "geometry_transition": 79, "junction": 255, "terminal": 85, "turn": 13}, "identities": 16, "index": 44, "of": 80, "pairs": 851, "world": "S06_3d_branch_medium_C04"}
{"events": {"corridor": 1771, "geometry_transition": 77, "junction": 247, "terminal": 96, "turn": 17}, "identities": 19, "index": 45, "of": 80, "pairs": 874, "world": "S06_3d_branch_medium_C05"}
{"events": {"corridor": 2169, "geometry_transition": 10, "junction": 209, "terminal": 69, "turn": 15}, "identities": 13, "index": 46, "of": 80, "pairs": 596, "world": "S06_3d_branch_medium_C06"}
{"events": {"corridor": 1373, "junction": 214, "terminal": 82, "turn": 7}, "identities": 11, "index": 47, "of": 80, "pairs": 605, "world": "S06_3d_branch_medium_C07"}
{"events": {"corridor": 1722, "junction": 333, "terminal": 119}, "identities": 14, "index": 48, "of": 80, "pairs": 904, "world": "S06_3d_branch_medium_C08"}
{"events": {"corridor": 2743, "geometry_transition": 51, "junction": 493, "terminal": 128, "turn": 17}, "identities": 23, "index": 49, "of": 80, "pairs": 1361, "world": "S07_flat_loop_rich_C01"}
{"events": {"corridor": 2616, "junction": 641, "terminal": 135, "turn": 76}, "identities": 34, "index": 50, "of": 80, "pairs": 1703, "world": "S07_flat_loop_rich_C02"}
{"events": {"corridor": 2076, "geometry_transition": 24, "junction": 428, "terminal": 106, "turn": 28}, "identities": 25, "index": 51, "of": 80, "pairs": 1172, "world": "S07_flat_loop_rich_C03"}
{"events": {"corridor": 2659, "junction": 608, "terminal": 141}, "identities": 21, "index": 52, "of": 80, "pairs": 1498, "world": "S07_flat_loop_rich_C04"}
{"events": {"corridor": 2174, "geometry_transition": 28, "junction": 464, "terminal": 134}, "identities": 20, "index": 53, "of": 80, "pairs": 1252, "world": "S07_flat_loop_rich_C05"}
{"events": {"corridor": 2384, "junction": 492, "terminal": 127, "turn": 23}, "identities": 22, "index": 54, "of": 80, "pairs": 1284, "world": "S07_flat_loop_rich_C06"}
{"events": {"corridor": 2095, "junction": 456, "terminal": 103, "turn": 24}, "identities": 20, "index": 55, "of": 80, "pairs": 1165, "world": "S07_flat_loop_rich_C07"}
{"events": {"corridor": 2073, "junction": 434, "terminal": 125, "turn": 22}, "identities": 24, "index": 56, "of": 80, "pairs": 1159, "world": "S07_flat_loop_rich_C08"}
{"events": {"corridor": 2718, "geometry_transition": 12, "junction": 392, "terminal": 94, "turn": 14}, "identities": 17, "index": 57, "of": 80, "pairs": 1012, "world": "S08_3d_loop_rich_C01"}
{"events": {"corridor": 2703, "geometry_transition": 27, "junction": 441, "terminal": 118, "turn": 15}, "identities": 21, "index": 58, "of": 80, "pairs": 1201, "world": "S08_3d_loop_rich_C02"}
{"events": {"corridor": 1942, "geometry_transition": 24, "junction": 306, "terminal": 66, "turn": 26}, "identities": 24, "index": 59, "of": 80, "pairs": 841, "world": "S08_3d_loop_rich_C03"}
{"events": {"corridor": 3045, "junction": 462, "terminal": 135, "turn": 8}, "identities": 20, "index": 60, "of": 80, "pairs": 1209, "world": "S08_3d_loop_rich_C04"}
{"events": {"corridor": 2137, "geometry_transition": 6, "junction": 384, "terminal": 80, "turn": 61}, "identities": 26, "index": 61, "of": 80, "pairs": 1056, "world": "S08_3d_loop_rich_C05"}
{"events": {"corridor": 2541, "geometry_transition": 51, "junction": 473, "terminal": 118, "turn": 89}, "identities": 39, "index": 62, "of": 80, "pairs": 1459, "world": "S08_3d_loop_rich_C06"}
{"events": {"corridor": 2798, "geometry_transition": 55, "junction": 400, "terminal": 100, "turn": 105}, "identities": 32, "index": 63, "of": 80, "pairs": 1318, "world": "S08_3d_loop_rich_C07"}
{"events": {"corridor": 2533, "junction": 457, "terminal": 133, "turn": 89}, "identities": 40, "index": 64, "of": 80, "pairs": 1352, "world": "S08_3d_loop_rich_C08"}
{"events": {"corridor": 3980, "junction": 588, "terminal": 125, "turn": 11}, "identities": 22, "index": 65, "of": 80, "pairs": 1448, "world": "S09_flat_complex_C01"}
{"events": {"corridor": 2599, "junction": 569, "terminal": 129, "turn": 47}, "identities": 32, "index": 66, "of": 80, "pairs": 1488, "world": "S09_flat_complex_C02"}
{"events": {"corridor": 3138, "junction": 544, "terminal": 118, "turn": 40}, "identities": 26, "index": 67, "of": 80, "pairs": 1404, "world": "S09_flat_complex_C03"}
{"events": {"corridor": 2757, "junction": 622, "terminal": 140, "turn": 1}, "identities": 23, "index": 68, "of": 80, "pairs": 1524, "world": "S09_flat_complex_C04"}
{"events": {"corridor": 3656, "junction": 747, "terminal": 164, "turn": 27}, "identities": 30, "index": 69, "of": 80, "pairs": 1876, "world": "S09_flat_complex_C05"}
{"events": {"corridor": 2564, "junction": 611, "terminal": 144, "turn": 57}, "identities": 32, "index": 70, "of": 80, "pairs": 1622, "world": "S09_flat_complex_C06"}
{"events": {"corridor": 2789, "junction": 645, "terminal": 146}, "identities": 23, "index": 71, "of": 80, "pairs": 1582, "world": "S09_flat_complex_C07"}
{"events": {"corridor": 3200, "geometry_transition": 49, "junction": 761, "terminal": 168, "turn": 4}, "identities": 31, "index": 72, "of": 80, "pairs": 1964, "world": "S09_flat_complex_C08"}
{"events": {"corridor": 1983, "junction": 501, "terminal": 87, "turn": 53}, "identities": 32, "index": 73, "of": 80, "pairs": 1279, "world": "S10_3d_complex_C01"}
{"events": {"corridor": 3330, "geometry_transition": 71, "junction": 459, "terminal": 76, "turn": 116}, "identities": 43, "index": 74, "of": 80, "pairs": 1438, "world": "S10_3d_complex_C02"}
{"events": {"corridor": 2950, "junction": 574, "terminal": 115, "turn": 67}, "identities": 36, "index": 75, "of": 80, "pairs": 1510, "world": "S10_3d_complex_C03"}
{"events": {"corridor": 3558, "geometry_transition": 43, "junction": 549, "terminal": 132}, "identities": 24, "index": 76, "of": 80, "pairs": 1448, "world": "S10_3d_complex_C04"}
{"events": {"corridor": 2833, "junction": 541, "terminal": 121, "turn": 127}, "identities": 43, "index": 77, "of": 80, "pairs": 1574, "world": "S10_3d_complex_C05"}
{"events": {"corridor": 2670, "junction": 647, "terminal": 136, "turn": 69}, "identities": 40, "index": 78, "of": 80, "pairs": 1703, "world": "S10_3d_complex_C06"}
{"events": {"corridor": 3293, "geometry_transition": 12, "junction": 624, "terminal": 148, "turn": 45}, "identities": 29, "index": 79, "of": 80, "pairs": 1646, "world": "S10_3d_complex_C07"}
{"events": {"corridor": 2971, "geometry_transition": 96, "junction": 674, "terminal": 144, "turn": 73}, "identities": 42, "index": 80, "of": 80, "pairs": 1974, "world": "S10_3d_complex_C08"}
{
  "applied_change_point_label_count": 1031,
  "association_pair_count": 74064,
  "association_pair_counts": {
    "cross_traversal_positive": 37029,
    "same_event_geometry_hard_negative": 36972,
    "same_traversal_revisit_positive": 63
  },
  "c09_worlds_consumed": 0,
  "checks": {
    "all_1090_proof_labels_consumed_once": true,
    "event_counts_exact": true,
    "exact_1031_labels_applied": true,
    "exact_16078_traversals": true,
    "exact_188126_observations": true,
    "exact_59_protected_labels_suppressed": true,
    "exact_80_worlds": true,
    "global_sequence_index_digest_preserved": true,
    "global_sequence_index_gap_blocks_exact_9": true,
    "global_sequence_index_maximum_exact_208227": true,
    "global_sequence_index_minimum_exact_0": true,
    "global_sequence_index_omitted_internal_exact_20102": true,
    "global_sequence_indices_exact_source_order": true,
    "global_sequence_indices_strictly_increasing": true,
    "global_sequence_indices_unique": true,
    "identity_counts_exact": true,
    "new_change_point_identity_exact_76": true,
    "old_transition_identity_absent": true,
    "pair_counts_exact": true,
    "pair_total_exact_74064": true,
    "structural_identity_total_exact_1534": true,
    "zero_c09_c10_mtare_model_training_reads": true
  },
  "duration_seconds": 21.879479383933358,
  "event_counts": {
    "corridor": 150964,
    "geometry_transition": 1031,
    "junction": 26608,
    "terminal": 7525,
    "turn": 1998
  },
  "global_sequence_index_contract": {
    "count": 188126,
    "exact_source_order": true,
    "gap_block_count": 9,
    "maximum": 208227,
    "minimum": 0,
    "omitted_internal_index_count": 20102,
    "output_sha256": "9081c80fdf3b43c9b3349d4daa348d8f4601bfaccee4bfd8fb4c0852073b7f32",
    "source_sha256": "9081c80fdf3b43c9b3349d4daa348d8f4601bfaccee4bfd8fb4c0852073b7f32",
    "strictly_increasing": true,
    "unique": true
  },
  "identity_counts": {
    "geometry_transition": 76,
    "junction": 563,
    "terminal": 503,
    "turn": 392
  },
  "label_application_counts": {
    "applied_geometry_transition": 1031,
    "suppressed_by_junction_priority": 39,
    "suppressed_by_terminal_priority": 20
  },
  "model_inference_frames": 0,
  "mtare_worlds_read": 0,
  "observation_count": 188126,
  "optimizer_steps": 0,
  "overall_status": "PASS_GSE_CORRECTED_CAUSAL_TEACHER_MANIFEST_V1R",
  "proof_label_count": 1090,
  "protected_suppressed_label_count": 59,
  "schema_version": "gse_corrected_causal_teacher_manifest_v1r",
  "strict_test_worlds_read": 0,
  "structural_identity_count": 1534,
  "training_samples_consumed": 0,
  "traversal_count": 16078,
  "world_count": 80
}

duration_seconds=22.007713
exit_code=0
