{
  "status": "COMPLETED_PHASE3_TRAINING_EXECUTOR",
  "mode": "B1",
  "seed": 1,
  "epochs_completed": 12,
  "best_epoch": 6,
  "best_direction_validation_f1": 0.8943509415097483,
  "best_validation": {
    "loss": {
      "total": 0.8065154323196411,
      "direction": 0.08387425048351288,
      "count": 1.7995909140014648,
      "role": 1.090973821296692
    },
    "role": {
      "confusion_matrix": [
        [
          10250,
          0,
          0
        ],
        [
          1875,
          0,
          0
        ],
        [
          375,
          0,
          0
        ]
      ],
      "precision": [
        0.82,
        0.0,
        0.0
      ],
      "recall": [
        1.0,
        0.0,
        0.0
      ],
      "f1": [
        0.9010989010989011,
        0.0,
        0.0
      ],
      "support": [
        10250,
        1875,
        375
      ],
      "macro_f1_present": 0.30036630036630035,
      "accuracy": 0.82
    },
    "count": {
      "confusion_matrix": [
        [
          0,
          0,
          0,
          178,
          0,
          0
        ],
        [
          0,
          0,
          0,
          11251,
          0,
          0
        ],
        [
          0,
          0,
          0,
          907,
          0,
          0
        ],
        [
          0,
          0,
          0,
          162,
          0,
          0
        ],
        [
          0,
          0,
          0,
          1,
          0,
          0
        ],
        [
          0,
          0,
          0,
          1,
          0,
          0
        ]
      ],
      "precision": [
        0.0,
        0.0,
        0.0,
        0.01296,
        0.0,
        0.0
      ],
      "recall": [
        0.0,
        0.0,
        0.0,
        1.0,
        0.0,
        0.0
      ],
      "f1": [
        0.0,
        0.0,
        0.0,
        0.02558837466435002,
        0.0,
        0.0
      ],
      "support": [
        178,
        11251,
        907,
        162,
        1,
        1
      ],
      "macro_f1_present": 0.004264729110725003,
      "accuracy": 0.01296,
      "macro_f1_count_1_to_4": 0.006397093666087505
    },
    "direction": {
      "mean_bce": 0.08387424957051873,
      "threshold": 0.5,
      "matching_tolerance_deg": 20.0,
      "matched": 21468,
      "predicted": 21948,
      "truth": 26060,
      "precision": 0.9781301257517769,
      "recall": 0.8237912509593246,
      "f1": 0.8943509415097483,
      "mean_matched_angular_error_deg": 3.0316822361205755
    },
    "representation": {
      "same_cluster_cosine": {
        "pairs": 25000,
        "mean": 0.9977047292765936,
        "p05": 0.989769228185826,
        "minimum": 0.8236758428686629
      }
    },
    "frames": 12500
  },
  "stability": {
    "frames": 2048,
    "fixed_masking_z_role_cosine_mean": 0.7975612878799438,
    "fixed_masking_z_role_cosine_p05": 0.7525559067726135,
    "rotation_shift_deg": 6.0,
    "rotation_direction_max_absolute_logit_error": 0.005424976348876953,
    "rotation_z_role_minimum_cosine": 0.9999998807907104
  },
  "parameters": 521098,
  "duration_seconds": 1055.7651044570011,
  "train_frames": 100000,
  "validation_frames": 12500,
  "strict_test_frames_read": 0,
  "mtare_frames_read": 0
}

duration_seconds=1058.665662
exit_code=0
