{
  "status": "COMPLETED_PHASE3_TRAINING_EXECUTOR",
  "mode": "B1",
  "seed": 2,
  "epochs_completed": 11,
  "best_epoch": 5,
  "best_direction_validation_f1": 0.9037466107961548,
  "best_validation": {
    "loss": {
      "total": 0.8226411120223999,
      "direction": 0.08600061690807342,
      "count": 1.8399433853912353,
      "role": 1.1066186052322389
    },
    "role": {
      "confusion_matrix": [
        [
          0,
          10250,
          0
        ],
        [
          0,
          1875,
          0
        ],
        [
          0,
          375,
          0
        ]
      ],
      "precision": [
        0.0,
        0.15,
        0.0
      ],
      "recall": [
        0.0,
        1.0,
        0.0
      ],
      "f1": [
        0.0,
        0.2608695652173913,
        0.0
      ],
      "support": [
        10250,
        1875,
        375
      ],
      "macro_f1_present": 0.08695652173913043,
      "accuracy": 0.15
    },
    "count": {
      "confusion_matrix": [
        [
          0,
          0,
          0,
          0,
          0,
          178
        ],
        [
          0,
          0,
          0,
          0,
          0,
          11251
        ],
        [
          0,
          0,
          0,
          0,
          0,
          907
        ],
        [
          0,
          0,
          0,
          0,
          0,
          162
        ],
        [
          0,
          0,
          0,
          0,
          0,
          1
        ],
        [
          0,
          0,
          0,
          0,
          0,
          1
        ]
      ],
      "precision": [
        0.0,
        0.0,
        0.0,
        0.0,
        0.0,
        8e-05
      ],
      "recall": [
        0.0,
        0.0,
        0.0,
        0.0,
        0.0,
        1.0
      ],
      "f1": [
        0.0,
        0.0,
        0.0,
        0.0,
        0.0,
        0.00015998720102391808
      ],
      "support": [
        178,
        11251,
        907,
        162,
        1,
        1
      ],
      "macro_f1_present": 2.6664533503986347e-05,
      "accuracy": 8e-05,
      "macro_f1_count_1_to_4": 0.0
    },
    "direction": {
      "mean_bce": 0.08600061622947454,
      "threshold": 0.5,
      "matching_tolerance_deg": 20.0,
      "matched": 21999,
      "predicted": 22624,
      "truth": 26060,
      "precision": 0.9723744695898161,
      "recall": 0.8441673062164237,
      "f1": 0.9037466107961548,
      "mean_matched_angular_error_deg": 3.184498271341035
    },
    "representation": {
      "same_cluster_cosine": {
        "pairs": 25000,
        "mean": 0.9981752687308215,
        "p05": 0.9919530525414775,
        "minimum": 0.8544545472548498
      }
    },
    "frames": 12500
  },
  "stability": {
    "frames": 2048,
    "fixed_masking_z_role_cosine_mean": 0.8149062395095825,
    "fixed_masking_z_role_cosine_p05": 0.7813652157783508,
    "rotation_shift_deg": 6.0,
    "rotation_direction_max_absolute_logit_error": 0.004206657409667969,
    "rotation_z_role_minimum_cosine": 0.9999998807907104
  },
  "parameters": 521098,
  "duration_seconds": 970.9519259020017,
  "train_frames": 100000,
  "validation_frames": 12500,
  "strict_test_frames_read": 0,
  "mtare_frames_read": 0
}

duration_seconds=973.912991
exit_code=0
