/home/zeng-workstation/anaconda3/lib/python3.13/site-packages/torch/backends/__init__.py:46: UserWarning: Please use the new API settings to control TF32 behavior, such as torch.backends.cudnn.conv.fp32_precision = 'tf32' or torch.backends.cuda.matmul.fp32_precision = 'ieee'. Old settings, e.g, torch.backends.cuda.matmul.allow_tf32 = True, torch.backends.cudnn.allow_tf32 = True, allowTF32CuDNN() and allowTF32CuBLAS() will be deprecated after Pytorch 2.9. Please see https://pytorch.org/docs/main/notes/cuda.html#tensorfloat-32-tf32-on-ampere-and-later-devices (Triggered internally at /pytorch/aten/src/ATen/Context.cpp:80.)
  self.setter(val)
{
  "checks": {
    "aligned_relation_rotation_at_most_3e5": true,
    "batch_permutation_at_most_3e6": true,
    "deterministic_repeat_exact": true,
    "event_rotation_invariant_at_most_3e5": true,
    "forbidden_identity_pose_future_inputs": true,
    "parameter_budget_at_most_1p5m": true,
    "past_only_union_is_bounded": true,
    "real_batch_covers_five_events": true,
    "real_batch_covers_four_relations": true,
    "real_batch_has_branch_positive_and_negative": true,
    "real_batch_has_place_positive_and_negative": true,
    "real_forward_loss_backward_finite": true,
    "reverse_axis_is_exact_involution": true,
    "typed_forward_has_only_scans": true,
    "zero_optimizer_test_graph": true
  },
  "decision": "ALLOW_AXIS_ANCHORED_EVENT_RELATION_THREE_SEED_DATA_CARD",
  "status": "PASS_GSE_AXIS_ANCHORED_EVENT_RELATION_READINESS_V1"
}
	Command being timed: "/home/zeng-workstation/.local/share/mtare_topo_comm/envs/phase3_torch290_cu129_zarr2187_v1/bin/python /home/zeng-workstation/mtare_topo_comm/tools/v3/execute_gse_axis_anchored_event_relation_readiness_v1.py --dataset-root /home/zeng-workstation/mtare_topo_comm/results/gate2_representation/gate2_20260824_gse_deduplicated_dataset_export_v1_seed0/artifacts/dataset/train --output-dir /home/zeng-workstation/mtare_topo_comm/results/gate3_semantics/gate3_20260829_gse_axis_anchored_event_relation_readiness_v1_seed0/metrics/readiness"
	User time (seconds): 1.60
	System time (seconds): 0.64
	Percent of CPU this job got: 97%
	Elapsed (wall clock) time (h:mm:ss or m:ss): 0:02.30
	Average shared text size (kbytes): 0
	Average unshared data size (kbytes): 0
	Average stack size (kbytes): 0
	Average total size (kbytes): 0
	Maximum resident set size (kbytes): 2023600
	Average resident set size (kbytes): 0
	Major (requiring I/O) page faults: 7
	Minor (reclaiming a frame) page faults: 407937
	Voluntary context switches: 1498
	Involuntary context switches: 91
	Swaps: 0
	File system inputs: 4616
	File system outputs: 512
	Socket messages sent: 0
	Socket messages received: 0
	Signals delivered: 0
	Page size (bytes): 4096
	Exit status: 0
