/home/zeng-workstation/anaconda3/lib/python3.13/site-packages/torch/backends/__init__.py:46: UserWarning: Please use the new API settings to control TF32 behavior, such as torch.backends.cudnn.conv.fp32_precision = 'tf32' or torch.backends.cuda.matmul.fp32_precision = 'ieee'. Old settings, e.g, torch.backends.cuda.matmul.allow_tf32 = True, torch.backends.cudnn.allow_tf32 = True, allowTF32CuDNN() and allowTF32CuBLAS() will be deprecated after Pytorch 2.9. Please see https://pytorch.org/docs/main/notes/cuda.html#tensorfloat-32-tf32-on-ampere-and-later-devices (Triggered internally at /pytorch/aten/src/ATen/Context.cpp:80.)
  self.setter(val)
{
  "overall_status": "PASS_PRIMITIVE_RELATION_V1_FAILURE_ATTRIBUTION_V1",
  "diagnosis": "RELATION_HEAD_FAILS_EVEN_WITH_PROPOSAL_ORACLE",
  "decision": "REQUIRE_SPARSE_PORT_RELATION_ARCHITECTURE_READINESS",
  "oracle_gate_seeds": 0
}
	Command being timed: "/home/zeng-workstation/.local/share/mtare_topo_comm/envs/phase3_torch290_cu129_zarr2187_v1/bin/python /home/zeng-workstation/mtare_topo_comm/tools/v3/execute_primitive_relation_v1_failure_attribution.py --models-root /home/zeng-workstation/mtare_topo_comm/results/gate3_semantics/gate3_20260830_primitive_relation_three_seed_training_v1_seed0/artifacts/models --sensor-root /home/zeng-workstation/mtare_topo_comm/results/gate3_semantics/gate3_20260830_primitive_relation_p1a_lossless_storage_corrective_v1_seed0/artifacts/dataset/c07 --teacher-root /home/zeng-workstation/mtare_topo_comm/results/gate3_semantics/gate3_20260830_primitive_relation_p1b_teacher_materialization_v1r_seed0/artifacts/teacher/c07 --formal-evaluation-root /home/zeng-workstation/mtare_topo_comm/results/gate3_semantics/gate3_20260831_primitive_relation_v1_failure_attribution_v1r2_seed0/metrics/c07_tf32_corrective --baseline-summary /home/zeng-workstation/mtare_topo_comm/results/gate3_semantics/gate3_20260830_primitive_relation_nonlearning_c07_v1_seed0/metrics/summary.json --output-dir /home/zeng-workstation/mtare_topo_comm/results/gate3_semantics/gate3_20260831_primitive_relation_v1_failure_attribution_v1r2_seed0/metrics/attribution"
	User time (seconds): 1315.13
	System time (seconds): 19.15
	Percent of CPU this job got: 100%
	Elapsed (wall clock) time (h:mm:ss or m:ss): 22:12.49
	Average shared text size (kbytes): 0
	Average unshared data size (kbytes): 0
	Average stack size (kbytes): 0
	Average total size (kbytes): 0
	Maximum resident set size (kbytes): 2248824
	Average resident set size (kbytes): 0
	Major (requiring I/O) page faults: 8
	Minor (reclaiming a frame) page faults: 3783386
	Voluntary context switches: 1139479
	Involuntary context switches: 4516
	Swaps: 0
	File system inputs: 2352
	File system outputs: 704
	Socket messages sent: 0
	Socket messages received: 0
	Signals delivered: 0
	Page size (bytes): 4096
	Exit status: 0
