{"c07": {"axis": 0.029782284783751445, "global_geometry": 0.003952275057465711, "peak_geometry": -2.225187037060605, "presence": 0.3416236463096736, "total": -1.8498288467706234}, "epoch": 0, "optimizer_steps": 1137, "train": {"axis": 0.42581980324686763, "global_geometry": 0.009559107344296247, "peak_geometry": -2.0843132591566826, "presence": 0.38627377620572306, "total": -1.2626605747883943}}
{"c07": {"axis": 0.012602302470976283, "global_geometry": 0.0036089199898849938, "peak_geometry": -2.2480613728146706, "presence": 0.300095808644042, "total": -1.9317543271058386}, "epoch": 1, "optimizer_steps": 1137, "train": {"axis": 0.02562561165835511, "global_geometry": 0.0037040695938978675, "peak_geometry": -2.2873867393103393, "presence": 0.3067903640481782, "total": -1.9512666971529369}}
{"c07": {"axis": 0.01098140821404624, "global_geometry": 0.00338060368159836, "peak_geometry": -2.297816653895161, "presence": 0.2911069001542608, "total": -1.99234774794498}, "epoch": 2, "optimizer_steps": 1137, "train": {"axis": 0.011792786355046507, "global_geometry": 0.003309507146118032, "peak_geometry": -2.326376459211931, "presence": 0.2785335304887855, "total": -2.032740634550343}}
{"c07": {"axis": 0.009471752660005665, "global_geometry": 0.003086766967531573, "peak_geometry": -2.3098091785067285, "presence": 0.27369842329913974, "total": -2.0235522514773097}, "epoch": 3, "optimizer_steps": 1137, "train": {"axis": 0.009771815170545876, "global_geometry": 0.003047348837457167, "peak_geometry": -2.3469153721733784, "presence": 0.26077733955598675, "total": -2.073318863593485}}
{"c07": {"axis": 0.007556076776811998, "global_geometry": 0.0029266312019667175, "peak_geometry": -2.3107997488617036, "presence": 0.28398656101279474, "total": -2.0163304798674315}, "epoch": 4, "optimizer_steps": 1137, "train": {"axis": 0.007978174693975595, "global_geometry": 0.002836587593043416, "peak_geometry": -2.361568803647518, "presence": 0.24656502359507892, "total": -2.10418901502573}}
{"c07": {"axis": 0.007069708015477331, "global_geometry": 0.0028462788206541356, "peak_geometry": -2.3326360789216336, "presence": 0.2593725648545612, "total": -2.0633475277603988}, "epoch": 5, "optimizer_steps": 1137, "train": {"axis": 0.006579484777216072, "global_geometry": 0.002617050220427409, "peak_geometry": -2.3724002678735183, "presence": 0.23383047856805073, "total": -2.129373255354776}}
{"c07": {"axis": 0.006617588130964673, "global_geometry": 0.002785744168023883, "peak_geometry": -2.3344050827729186, "presence": 0.2618876625469958, "total": -2.0631141005364335}, "epoch": 6, "optimizer_steps": 1137, "train": {"axis": 0.0063978196541418595, "global_geometry": 0.002524425965138787, "peak_geometry": -2.3808561451781323, "presence": 0.2256556600593217, "total": -2.1462782330637893}}
{"c07": {"axis": 0.006728154152941826, "global_geometry": 0.0027527609273280615, "peak_geometry": -2.3384477899670713, "presence": 0.2747149227616825, "total": -2.054251949857289}, "epoch": 7, "optimizer_steps": 1137, "train": {"axis": 0.00581063151943603, "global_geometry": 0.0023925434681074374, "peak_geometry": -2.3891710991235118, "presence": 0.21774304748042192, "total": -2.163224878943591}}
{"c07": {"axis": 0.005793082564856552, "global_geometry": 0.0024559071469024084, "peak_geometry": -2.3502063367502664, "presence": 0.24078337074360645, "total": -2.1011739989280347}, "epoch": 8, "optimizer_steps": 1137, "train": {"axis": 0.005241943311612387, "global_geometry": 0.0022932917529209897, "peak_geometry": -2.3946703017136928, "presence": 0.21146705288351747, "total": -2.1756680164022315}}
{"c07": {"axis": 0.006632535353748822, "global_geometry": 0.00249306448272434, "peak_geometry": -2.348858815078636, "presence": 0.24905901975654507, "total": -2.0906742092893453}, "epoch": 9, "optimizer_steps": 1137, "train": {"axis": 0.004904597830507925, "global_geometry": 0.002188903531765857, "peak_geometry": -2.3986899470804057, "presence": 0.20715025073617524, "total": -2.1844461970972384}}
{"best_c07_validation_loss": -2.1011739989280347, "best_epoch": 8, "c07_checkpoint_observations": 21548, "c08_checkpoint_observations": 0, "c09_worlds_read": 0, "c10_worlds_read": 0, "development_output_observations": 45942, "duration_seconds": 1731.9880733729806, "epochs": 10, "final_inference_c07_observations": 21548, "final_inference_c08_observations": 24394, "fit_observations": 142184, "mtare_worlds_read": 0, "optimizer_steps": 11370, "parameters": 769268, "peak_gpu_memory_bytes": 7923695616, "schema_version": "gse_circular_peak_geometry_training_seed_v1", "seed": 0}
	Command being timed: "/home/zeng-workstation/.local/share/mtare_topo_comm/envs/phase3_torch290_cu129_zarr2187_v1/bin/python /home/zeng-workstation/mtare_topo_comm/tools/v3/train_gse_circular_peak_geometry_v1.py --teacher-root /home/zeng-workstation/mtare_topo_comm/results/gate2_representation/gate2_20260829_gse_circular_exit_geometry_field_teacher_export_v1_seed0/artifacts/export/teacher --source-root /home/zeng-workstation/mtare_topo_comm/results/gate2_representation/gate2_20260824_gse_deduplicated_dataset_export_v1_seed0/artifacts/dataset/train --output-dir /home/zeng-workstation/mtare_topo_comm/results/gate3_semantics/gate3_20260829_gse_circular_peak_geometry_three_seed_training_v1_seed0/artifacts/models/seed0 --seed 0 --epochs 10 --batch-size 128 --evaluation-batch-size 256 --learning-rate 0.0003 --weight-decay 0.0001"
	User time (seconds): 1681.70
	System time (seconds): 92.40
	Percent of CPU this job got: 102%
	Elapsed (wall clock) time (h:mm:ss or m:ss): 28:52.93
	Average shared text size (kbytes): 0
	Average unshared data size (kbytes): 0
	Average stack size (kbytes): 0
	Average total size (kbytes): 0
	Maximum resident set size (kbytes): 3285276
	Average resident set size (kbytes): 0
	Major (requiring I/O) page faults: 62
	Minor (reclaiming a frame) page faults: 11915313
	Voluntary context switches: 2680434
	Involuntary context switches: 6486
	Swaps: 0
	File system inputs: 12432
	File system outputs: 272552
	Socket messages sent: 0
	Socket messages received: 0
	Signals delivered: 0
	Page size (bytes): 4096
	Exit status: 0
