Traceback (most recent call last):
  File "/home/zeng-workstation/mtare_topo_comm/tools/v3/bidirectional_relation_train_v1.py", line 147, in execute
    phase=method+'_final';results[phase]=evaluate(model,examples,method,run,'final',guard)
                                         ~~~~~~~~^^^^^^^^^^^^^^^^^^^^^^^^^^^^^^^^^^^^^^^^^
  File "/home/zeng-workstation/anaconda3/lib/python3.13/site-packages/torch/utils/_contextlib.py", line 120, in decorate_context
    return func(*args, **kwargs)
  File "/home/zeng-workstation/mtare_topo_comm/tools/v3/bidirectional_relation_train_v1.py", line 80, in evaluate
    score=score_observation(p,o,matching_radius_m=radius,matching_angle_deg=angle)
  File "/home/zeng-workstation/mtare_topo_comm/src/mtare_topo/evaluation/development_paired_scoring.py", line 21, in score_observation
    coverage=bound_anchor_query_coverage(loss['bundle'],loss['grid'],positions,
        produced_targets=loss['produced_targets'],manifest_row=manifest,matching_radius_m=matching_radius_m)
  File "/home/zeng-workstation/mtare_topo_comm/src/mtare_topo/teacher/gse_reference_query_coverage_v2.py", line 30, in bound_anchor_query_coverage
    return _bound_query_coverage(bundle,grid,query_xyz_m,kind='anchors',
        coverage_function=reference_query_coverage,**kwargs)
  File "/home/zeng-workstation/mtare_topo_comm/src/mtare_topo/teacher/gse_reference_query_coverage_v1.py", line 84, in _bound_query_coverage
    result=coverage_function(query_xyz_m=query_xyz_m,observed_state=evidence['query_observed_states'],
        all_reference_xyz_m=refs,confirmed_reference_indices=confirmed,matching_radius_m=matching_radius_m,
        score_center_m=region['center_m'],score_radius_m=region['radius_m'])
  File "/home/zeng-workstation/mtare_topo_comm/src/mtare_topo/teacher/gse_reference_query_coverage_v2.py", line 14, in reference_query_coverage
    result = previous(**kwargs)  # retain all validation and background evidence
  File "/home/zeng-workstation/mtare_topo_comm/src/mtare_topo/teacher/gse_reference_query_coverage_v1.py", line 14, in reference_query_coverage
    exclusion=reference_exclusion(query_xyz_m=q,observed_state=observed_state,
        all_anchor_xyz_m=refs,inventory_complete=True,matching_radius_m=matching_radius_m)
  File "/home/zeng-workstation/mtare_topo_comm/src/mtare_topo/teacher/gse_reference_exclusion_v1.py", line 54, in reference_exclusion
    raise ValueError('bounded finite queries, exhaustive reference inventory and explicit observation states required')
ValueError: bounded finite queries, exhaustive reference inventory and explicit observation states required
