argv=["/home/zeng-workstation/.local/share/mtare_topo_comm/envs/cano_e1_topology_v1/bin/python", "/home/zeng-workstation/mtare_topo_comm/tools/v3/execute_aee_corrective_topology_candidate_audit_v1.py", "--run-dir", "/home/zeng-workstation/mtare_topo_comm/results/gate2_representation/gate2_20260821_aee_corrective_topology_candidate_audit_v1_seed20260821"]
finished_at_utc=2026-08-21T13:18:38.741010+00:00
CANDIDATE_START S01_flat_tree_small_C13
CANDIDATE_END S01_flat_tree_small_C13 valid=True reasons=[]
CANDIDATE_START S01_flat_tree_small_C14
CANDIDATE_END S01_flat_tree_small_C14 valid=True reasons=[]
CANDIDATE_START S01_flat_tree_small_C15
CANDIDATE_END S01_flat_tree_small_C15 valid=True reasons=[]
CANDIDATE_START S01_flat_tree_small_C16
CANDIDATE_END S01_flat_tree_small_C16 valid=True reasons=[]
CANDIDATE_START S01_flat_tree_small_C17
CANDIDATE_END S01_flat_tree_small_C17 valid=True reasons=[]
CANDIDATE_START S01_flat_tree_small_C18
CANDIDATE_END S01_flat_tree_small_C18 valid=False reasons=['exact_connector_cycle_rank']
CANDIDATE_START S01_flat_tree_small_C19
CANDIDATE_END S01_flat_tree_small_C19 valid=True reasons=[]
CANDIDATE_START S01_flat_tree_small_C20
CANDIDATE_END S01_flat_tree_small_C20 valid=True reasons=[]
CANDIDATE_START S01_flat_tree_small_C21
CANDIDATE_END S01_flat_tree_small_C21 valid=True reasons=[]
CANDIDATE_START S01_flat_tree_small_C22
CANDIDATE_END S01_flat_tree_small_C22 valid=True reasons=[]
CANDIDATE_START S01_flat_tree_small_C23
CANDIDATE_END S01_flat_tree_small_C23 valid=True reasons=[]
CANDIDATE_START S01_flat_tree_small_C24
CANDIDATE_END S01_flat_tree_small_C24 valid=True reasons=[]
CANDIDATE_START S02_3d_tree_small_C13
CANDIDATE_END S02_3d_tree_small_C13 valid=True reasons=[]
CANDIDATE_START S02_3d_tree_small_C14
CANDIDATE_END S02_3d_tree_small_C14 valid=True reasons=[]
CANDIDATE_START S02_3d_tree_small_C15
CANDIDATE_END S02_3d_tree_small_C15 valid=True reasons=[]
CANDIDATE_START S02_3d_tree_small_C16
CANDIDATE_END S02_3d_tree_small_C16 valid=True reasons=[]
CANDIDATE_START S02_3d_tree_small_C17
CANDIDATE_END S02_3d_tree_small_C17 valid=True reasons=[]
CANDIDATE_START S02_3d_tree_small_C18
CANDIDATE_END S02_3d_tree_small_C18 valid=True reasons=[]
CANDIDATE_START S02_3d_tree_small_C19
CANDIDATE_END S02_3d_tree_small_C19 valid=True reasons=[]
CANDIDATE_START S02_3d_tree_small_C20
CANDIDATE_END S02_3d_tree_small_C20 valid=True reasons=[]
CANDIDATE_START S02_3d_tree_small_C21
CANDIDATE_END S02_3d_tree_small_C21 valid=True reasons=[]
CANDIDATE_START S02_3d_tree_small_C22
CANDIDATE_END S02_3d_tree_small_C22 valid=False reasons=['exact_connector_cycle_rank']
CANDIDATE_START S02_3d_tree_small_C23
CANDIDATE_END S02_3d_tree_small_C23 valid=True reasons=[]
CANDIDATE_START S02_3d_tree_small_C24
CANDIDATE_END S02_3d_tree_small_C24 valid=True reasons=[]
CANDIDATE_START S03_flat_unicyclic_small_C13
0000
0001
0002
0003
0004
0005
0006
0007
0008
0009
0010
0011
0012
0013
0014
0015
0016
0017
0018
0019
0020
0021
0022
0023
0024
0025
0026
0027
0000
0001
0002
0003
0004
0005
0006
0007
0008
0009
0010
0011
0012
0013
0014
0015
0016
0017
0018
0019
0020
0021
0022
0023
0024
0025
0026
0027
CANDIDATE_END S03_flat_unicyclic_small_C13 valid=True reasons=[]
CANDIDATE_START S03_flat_unicyclic_small_C14
0000
0001
0002
0003
0000
0001
0002
0003
CANDIDATE_END S03_flat_unicyclic_small_C14 valid=True reasons=[]
CANDIDATE_START S03_flat_unicyclic_small_C15
0000
0000
CANDIDATE_END S03_flat_unicyclic_small_C15 valid=True reasons=[]
CANDIDATE_START S03_flat_unicyclic_small_C16
0000
0001
0002
0003
0004
0005
0006
0007
0008
0009
0010
0011
0012
0013
0014
0000
0001
0002
0003
0004
0005
0006
0007
0008
0009
0010
0011
0012
0013
0014
CANDIDATE_END S03_flat_unicyclic_small_C16 valid=True reasons=[]
CANDIDATE_START S03_flat_unicyclic_small_C17
0000
0001
0002
0003
0004
0005
0000
0001
0002
0003
0004
0005
CANDIDATE_END S03_flat_unicyclic_small_C17 valid=True reasons=[]
CANDIDATE_START S03_flat_unicyclic_small_C18
0000
0000
CANDIDATE_END S03_flat_unicyclic_small_C18 valid=True reasons=[]
CANDIDATE_START S03_flat_unicyclic_small_C19
0000
0000
CANDIDATE_END S03_flat_unicyclic_small_C19 valid=True reasons=[]
CANDIDATE_START S03_flat_unicyclic_small_C20
0000
0001
0002
0003
0004
0005
0006
0007
0000
0001
0002
0003
0004
0005
0006
0007
CANDIDATE_END S03_flat_unicyclic_small_C20 valid=True reasons=[]
CANDIDATE_START S03_flat_unicyclic_small_C21
0000
0001
0002
0003
0004
0000
0001
0002
0003
0004
CANDIDATE_END S03_flat_unicyclic_small_C21 valid=False reasons=['exact_connector_cycle_rank']
CANDIDATE_START S03_flat_unicyclic_small_C22
0000
0001
0000
0001
CANDIDATE_END S03_flat_unicyclic_small_C22 valid=True reasons=[]
CANDIDATE_START S03_flat_unicyclic_small_C23
0000
0001
0002
0003
0004
0005
0006
0007
0008
0009
0010
0011
0012
0013
0014
0015
0016
0017
0018
0019
0020
0021
0022
0023
0024
0025
0026
0027
0028
0029
0030
0031
0032
0033
0034
0035
0036
0037
0038
0039
0040
0041
0042
0043
0044
0045
0046
0047
0048
0049
0050
0051
0052
0053
0054
0055
0056
0057
0058
0059
0060
0000
0001
0002
0003
0004
0005
0006
0007
0008
0009
0010
0011
0012
0013
0014
0015
0016
0017
0018
0019
0020
0021
0022
0023
0024
0025
0026
0027
0028
0029
0030
0031
0032
0033
0034
0035
0036
0037
0038
0039
0040
0041
0042
0043
0044
0045
0046
0047
0048
0049
0050
0051
0052
0053
0054
0055
0056
0057
0058
0059
0060
CANDIDATE_END S03_flat_unicyclic_small_C23 valid=False reasons=['exact_connector_cycle_rank']
CANDIDATE_START S03_flat_unicyclic_small_C24
0000
0001
0002
0003
0004
0005
0006
0007
0008
0009
0010
0011
0012
0013
0014
0015
0016
0017
0018
0019
0020
0021
0022
0000
0001
0002
0003
0004
0005
0006
0007
0008
0009
0010
0011
0012
0013
0014
0015
0016
0017
0018
0019
0020
0021
0022
CANDIDATE_END S03_flat_unicyclic_small_C24 valid=True reasons=[]
CANDIDATE_START S04_3d_unicyclic_small_C13
0000
0001
0002
0003
0004
0005
0006
0007
0008
0009
0010
0011
0012
0013
0014
0015
0016
0017
0018
0019
0020
0021
0022
0023
0000
0001
0002
0003
0004
0005
0006
0007
0008
0009
0010
0011
0012
0013
0014
0015
0016
0017
0018
0019
0020
0021
0022
0023
CANDIDATE_END S04_3d_unicyclic_small_C13 valid=True reasons=[]
CANDIDATE_START S04_3d_unicyclic_small_C14
0000
0001
0002
0003
0004
0005
0006
0007
0008
0009
0010
0011
0012
0013
0014
0015
0016
0017
0018
0019
0000
0001
0002
0003
0004
0005
0006
0007
0008
0009
0010
0011
0012
0013
0014
0015
0016
0017
0018
0019
CANDIDATE_END S04_3d_unicyclic_small_C14 valid=True reasons=[]
CANDIDATE_START S04_3d_unicyclic_small_C15
0000
0001
0002
0003
0004
0005
0006
0007
0008
0009
0010
0000
0001
0002
0003
0004
0005
0006
0007
0008
0009
0010
CANDIDATE_END S04_3d_unicyclic_small_C15 valid=True reasons=[]
CANDIDATE_START S04_3d_unicyclic_small_C16
0000
0001
0002
0000
0001
0002
CANDIDATE_END S04_3d_unicyclic_small_C16 valid=True reasons=[]
CANDIDATE_START S04_3d_unicyclic_small_C17
0000
0001
0002
0003
0004
0005
0006
0007
0008
0009
0010
0011
0012
0000
0001
0002
0003
0004
0005
0006
0007
0008
0009
0010
0011
0012
CANDIDATE_END S04_3d_unicyclic_small_C17 valid=True reasons=[]
CANDIDATE_START S04_3d_unicyclic_small_C18
0000
0001
0002
0003
0004
0005
0006
0007
0008
0009
0010
0011
0012
0000
0001
0002
0003
0004
0005
0006
0007
0008
0009
0010
0011
0012
CANDIDATE_END S04_3d_unicyclic_small_C18 valid=True reasons=[]
CANDIDATE_START S04_3d_unicyclic_small_C19
0000
0001
0002
0003
0004
0005
0006
0007
0008
0009
0010
0011
0012
0013
0014
0015
0016
0017
0018
0019
0020
0021
0022
0023
0024
0025
0026
0027
0028
0029
0030
0031
0032
0033
0034
0035
0036
0037
0038
0039
0040
0041
0042
0043
0044
0045
0046
0000
0001
0002
0003
0004
0005
0006
0007
0008
0009
0010
0011
0012
0013
0014
0015
0016
0017
0018
0019
0020
0021
0022
0023
0024
0025
0026
0027
0028
0029
0030
0031
0032
0033
0034
0035
0036
0037
0038
0039
0040
0041
0042
0043
0044
0045
0046
CANDIDATE_END S04_3d_unicyclic_small_C19 valid=True reasons=[]
CANDIDATE_START S04_3d_unicyclic_small_C20
0000
0001
0002
0003
0004
0005
0006
0000
0001
0002
0003
0004
0005
0006
CANDIDATE_END S04_3d_unicyclic_small_C20 valid=True reasons=[]
CANDIDATE_START S04_3d_unicyclic_small_C21
0000
0001
0002
0003
0004
0005
0006
0007
0008
0000
0001
0002
0003
0004
0005
0006
0007
0008
CANDIDATE_END S04_3d_unicyclic_small_C21 valid=True reasons=[]
CANDIDATE_START S04_3d_unicyclic_small_C22
0000
0000
CANDIDATE_END S04_3d_unicyclic_small_C22 valid=True reasons=[]
CANDIDATE_START S04_3d_unicyclic_small_C23
0000
0001
0002
0003
0004
0005
0006
0007
0008
0009
0010
0011
0000
0001
0002
0003
0004
0005
0006
0007
0008
0009
0010
0011
CANDIDATE_END S04_3d_unicyclic_small_C23 valid=True reasons=[]
CANDIDATE_START S04_3d_unicyclic_small_C24
0000
0001
0002
0003
0000
0001
0002
0003
CANDIDATE_END S04_3d_unicyclic_small_C24 valid=True reasons=[]
CANDIDATE_START S05_flat_branch_medium_C13
0000
0001
0002
0003
0004
0000
0001
0002
0003
0004
CANDIDATE_END S05_flat_branch_medium_C13 valid=False reasons=['exact_connector_cycle_rank']
CANDIDATE_START S05_flat_branch_medium_C14
0000
0001
0002
0003
0004
0005
0006
0007
0008
0009
0010
0000
0001
0002
0003
0004
0005
0006
0007
0008
0009
0010
CANDIDATE_END S05_flat_branch_medium_C14 valid=True reasons=[]
CANDIDATE_START S05_flat_branch_medium_C15
0000
0001
0002
0003
0000
0001
0002
0003
CANDIDATE_END S05_flat_branch_medium_C15 valid=True reasons=[]
CANDIDATE_START S05_flat_branch_medium_C16
0000
0001
0002
0003
0004
0005
0006
0007
0008
0009
0000
0001
0002
0003
0004
0005
0006
0007
0008
0009
CANDIDATE_END S05_flat_branch_medium_C16 valid=True reasons=[]
CANDIDATE_START S05_flat_branch_medium_C17
0000
0001
0002
0003
0004
0000
0001
0002
0003
0004
CANDIDATE_END S05_flat_branch_medium_C17 valid=True reasons=[]
CANDIDATE_START S05_flat_branch_medium_C18
0000
0001
0002
0003
0004
0005
0006
0007
0008
0009
0010
0011
0012
0013
0000
0001
0002
0003
0004
0005
0006
0007
0008
0009
0010
0011
0012
0013
CANDIDATE_END S05_flat_branch_medium_C18 valid=True reasons=[]
CANDIDATE_START S05_flat_branch_medium_C19
0000
0001
0002
0003
0004
0005
0006
0007
0008
0000
0001
0002
0003
0004
0005
0006
0007
0008
CANDIDATE_END S05_flat_branch_medium_C19 valid=True reasons=[]
CANDIDATE_START S05_flat_branch_medium_C20
0000
0001
0002
0003
0004
0000
0001
0002
0003
0004
CANDIDATE_END S05_flat_branch_medium_C20 valid=True reasons=[]
CANDIDATE_START S05_flat_branch_medium_C21
0000
0001
0002
0000
0001
0002
CANDIDATE_END S05_flat_branch_medium_C21 valid=True reasons=[]
CANDIDATE_START S05_flat_branch_medium_C22
0000
0001
0002
0003
0004
0005
0006
0007
0000
0001
0002
0003
0004
0005
0006
0007
CANDIDATE_END S05_flat_branch_medium_C22 valid=True reasons=[]
CANDIDATE_START S05_flat_branch_medium_C23
0000
0001
0002
0003
0004
0005
0006
0007
0008
0009
0010
0011
0012
0013
0014
0015
0016
0017
0018
0019
0020
0021
0022
0023
0024
0025
0026
0027
0028
0029
0030
0031
0032
0033
0034
0035
0036
0037
0038
0039
0040
0041
0042
0043
0044
0045
0046
0000
0001
0002
0003
0004
0005
0006
0007
0008
0009
0010
0011
0012
0013
0014
0015
0016
0017
0018
0019
0020
0021
0022
0023
0024
0025
0026
0027
0028
0029
0030
0031
0032
0033
0034
0035
0036
0037
0038
0039
0040
0041
0042
0043
0044
0045
0046
CANDIDATE_END S05_flat_branch_medium_C23 valid=True reasons=[]
CANDIDATE_START S05_flat_branch_medium_C24
0000
0001
0002
0000
0001
0002
CANDIDATE_END S05_flat_branch_medium_C24 valid=True reasons=[]
CANDIDATE_START S06_3d_branch_medium_C13
0000
0001
0002
0003
0004
0005
0006
0007
0008
0009
0010
0011
0012
0013
0014
0015
0016
0017
0018
0000
0001
0002
0003
0004
0005
0006
0007
0008
0009
0010
0011
0012
0013
0014
0015
0016
0017
0018
CANDIDATE_END S06_3d_branch_medium_C13 valid=True reasons=[]
CANDIDATE_START S06_3d_branch_medium_C14
0000
0001
0002
0003
0004
0005
0006
0007
0008
0009
0010
0011
0012
0013
0014
0015
0016
0000
0001
0002
0003
0004
0005
0006
0007
0008
0009
0010
0011
0012
0013
0014
0015
0016
CANDIDATE_END S06_3d_branch_medium_C14 valid=True reasons=[]
CANDIDATE_START S06_3d_branch_medium_C15
0000
0001
0002
0003
0004
0005
0006
0007
0008
0009
0010
0011
0012
0013
0014
0000
0001
0002
0003
0004
0005
0006
0007
0008
0009
0010
0011
0012
0013
0014
CANDIDATE_END S06_3d_branch_medium_C15 valid=True reasons=[]
CANDIDATE_START S06_3d_branch_medium_C16
0000
0000
CANDIDATE_END S06_3d_branch_medium_C16 valid=True reasons=[]
CANDIDATE_START S06_3d_branch_medium_C17
0000
0000
CANDIDATE_END S06_3d_branch_medium_C17 valid=True reasons=[]
CANDIDATE_START S06_3d_branch_medium_C18
0000
0001
0000
0001
CANDIDATE_END S06_3d_branch_medium_C18 valid=True reasons=[]
CANDIDATE_START S06_3d_branch_medium_C19
0000
0001
0002
0003
0004
0005
0006
0007
0008
0009
0010
0011
0000
0001
0002
0003
0004
0005
0006
0007
0008
0009
0010
0011
CANDIDATE_END S06_3d_branch_medium_C19 valid=True reasons=[]
CANDIDATE_START S06_3d_branch_medium_C20
0000
0001
0002
0000
0001
0002
CANDIDATE_END S06_3d_branch_medium_C20 valid=True reasons=[]
CANDIDATE_START S06_3d_branch_medium_C21
0000
0001
0002
0003
0004
0005
0006
0007
0008
0009
0000
0001
0002
0003
0004
0005
0006
0007
0008
0009
CANDIDATE_END S06_3d_branch_medium_C21 valid=True reasons=[]
CANDIDATE_START S06_3d_branch_medium_C22
0000
0001
0000
0001
CANDIDATE_END S06_3d_branch_medium_C22 valid=True reasons=[]
CANDIDATE_START S06_3d_branch_medium_C23
0000
0001
0002
0003
0004
0005
0006
0007
0008
0009
0010
0011
0012
0013
0000
0001
0002
0003
0004
0005
0006
0007
0008
0009
0010
0011
0012
0013
CANDIDATE_END S06_3d_branch_medium_C23 valid=True reasons=[]
CANDIDATE_START S06_3d_branch_medium_C24
0000
0001
0002
0003
0004
0005
0006
0000
0001
0002
0003
0004
0005
0006
CANDIDATE_END S06_3d_branch_medium_C24 valid=True reasons=[]
CANDIDATE_START S07_flat_loop_rich_C13
0000
0001
0002
0003
0004
0005
0006
0007
0008
0000
0001
0002
0003
0004
0005
0006
0007
0000
0001
0002
0003
0004
0005
0006
0007
0008
0000
0001
0002
0003
0004
0005
0006
0007
CANDIDATE_END S07_flat_loop_rich_C13 valid=True reasons=[]
CANDIDATE_START S07_flat_loop_rich_C14
0000
0001
0002
0003
0004
0000
0001
0002
0003
0004
0005
0006
0007
0008
0009
0010
0011
0012
0013
0000
0001
0002
0003
0004
0000
0001
0002
0003
0004
0005
0006
0007
0008
0009
0010
0011
0012
0013
CANDIDATE_END S07_flat_loop_rich_C14 valid=True reasons=[]
CANDIDATE_START S07_flat_loop_rich_C15
0000
0001
0002
0003
0004
0005
0006
0007
0008
0009
0010
0011
0012
0013
0014
0015
0000
0000
0001
0002
0003
0004
0005
0006
0007
0008
0009
0010
0011
0012
0013
0014
0015
0000
CANDIDATE_END S07_flat_loop_rich_C15 valid=True reasons=[]
CANDIDATE_START S07_flat_loop_rich_C16
0000
0001
0002
0003
0000
0001
0002
0003
0004
0005
0006
0007
0008
0009
0010
0011
0012
0013
0014
0015
0016
0017
0000
0001
0002
0003
0000
0001
0002
0003
0004
0005
0006
0007
0008
0009
0010
0011
0012
0013
0014
0015
0016
0017
CANDIDATE_END S07_flat_loop_rich_C16 valid=True reasons=[]
CANDIDATE_START S07_flat_loop_rich_C17
0000
0001
0002
0003
0004
0005
0006
0007
0008
0009
0010
0011
0012
0013
0014
0000
0001
0002
0003
0004
0005
0006
0007
0008
0009
0010
0011
0012
0013
0014
0015
0016
0017
0018
0019
0020
0021
0022
0023
0024
0025
0026
0027
0028
0029
0030
0031
0032
0033
0034
0035
0036
0037
0038
0039
0040
0041
0042
0043
0044
0045
0046
0047
0048
0049
0050
0051
0052
0053
0054
0055
0056
0057
0058
0059
0060
0061
0062
0063
0000
0001
0002
0003
0004
0005
0006
0007
0008
0009
0010
0011
0012
0013
0014
0000
0001
0002
0003
0004
0005
0006
0007
0008
0009
0010
0011
0012
0013
0014
0015
0016
0017
0018
0019
0020
0021
0022
0023
0024
0025
0026
0027
0028
0029
0030
0031
0032
0033
0034
0035
0036
0037
0038
0039
0040
0041
0042
0043
0044
0045
0046
0047
0048
0049
0050
0051
0052
0053
0054
0055
0056
0057
0058
0059
0060
0061
0062
0063
CANDIDATE_END S07_flat_loop_rich_C17 valid=True reasons=[]
CANDIDATE_START S07_flat_loop_rich_C18
0000
0001
0002
0003
0000
0001
0002
0003
0004
0005
0006
0007
0008
0009
0010
0011
0012
0000
0001
0002
0003
0000
0001
0002
0003
0004
0005
0006
0007
0008
0009
0010
0011
0012
CANDIDATE_END S07_flat_loop_rich_C18 valid=False reasons=['exact_connector_cycle_rank']
CANDIDATE_START S07_flat_loop_rich_C19
0000
0001
0002
0003
0004
0005
0006
0007
0008
0000
0001
0002
0003
0004
0005
0000
0001
0002
0003
0004
0005
0006
0007
0008
0000
0001
0002
0003
0004
0005
CANDIDATE_END S07_flat_loop_rich_C19 valid=True reasons=[]
CANDIDATE_START S07_flat_loop_rich_C20
0000
0001
0002
0003
0004
0005
0006
0007
0008
0009
0010
0011
0012
0013
0014
0015
0016
0017
0018
0019
0020
0021
0022
0023
0024
0025
0026
0027
0028
0029
0030
0031
0032
0033
0034
0035
0036
0037
0038
0039
0040
0041
0000
0001
0002
0003
0004
0005
0006
0007
0008
0009
0010
0011
0012
0013
0014
0015
0016
0017
0018
0019
0020
0021
0022
0023
0024
0025
0026
0027
0028
0029
0030
0031
0032
0033
0034
0035
0036
0037
0038
0039
0040
0041
0042
0043
0044
0045
0000
0001
0002
0003
0004
0005
0006
0007
0008
0009
0010
0011
0012
0013
0014
0015
0016
0017
0018
0019
0020
0021
0022
0023
0024
0025
0026
0027
0028
0029
0030
0031
0032
0033
0034
0035
0036
0037
0038
0039
0040
0041
0000
0001
0002
0003
0004
0005
0006
0007
0008
0009
0010
0011
0012
0013
0014
0015
0016
0017
0018
0019
0020
0021
0022
0023
0024
0025
0026
0027
0028
0029
0030
0031
0032
0033
0034
0035
0036
0037
0038
0039
0040
0041
0042
0043
0044
0045
CANDIDATE_END S07_flat_loop_rich_C20 valid=True reasons=[]
CANDIDATE_START S07_flat_loop_rich_C21
0000
0001
0002
0003
0004
0005
0006
0007
0008
0000
0001
0002
0000
0001
0002
0003
0004
0005
0006
0007
0008
0000
0001
0002
CANDIDATE_END S07_flat_loop_rich_C21 valid=True reasons=[]
CANDIDATE_START S07_flat_loop_rich_C22
0000
0001
0002
0003
0004
0005
0006
0007
0008
0009
0010
0011
0012
0013
0014
0015
0000
0001
0002
0003
0004
0005
0006
0007
0000
0001
0002
0003
0004
0005
0006
0007
0008
0009
0010
0011
0012
0013
0014
0015
0000
0001
0002
0003
0004
0005
0006
0007
CANDIDATE_END S07_flat_loop_rich_C22 valid=True reasons=[]
CANDIDATE_START S07_flat_loop_rich_C23
0000
0000
0001
0002
0003
0004
0005
0006
0007
0008
0000
0000
0001
0002
0003
0004
0005
0006
0007
0008
CANDIDATE_END S07_flat_loop_rich_C23 valid=True reasons=[]
CANDIDATE_START S07_flat_loop_rich_C24
0000
0001
0002
0003
0004
0005
0006
0007
0008
0009
0010
0011
0012
0013
0014
0015
0016
0017
0018
0019
0020
0021
0000
0001
0002
0003
0004
0005
0006
0007
0008
0009
0010
0011
0012
0013
0014
0015
0016
0000
0001
0002
0003
0004
0005
0006
0007
0008
0009
0010
0011
0012
0013
0014
0015
0016
0017
0018
0019
0020
0021
0000
0001
0002
0003
0004
0005
0006
0007
0008
0009
0010
0011
0012
0013
0014
0015
0016
CANDIDATE_END S07_flat_loop_rich_C24 valid=False reasons=['exact_connector_cycle_rank']
CANDIDATE_START S08_3d_loop_rich_C13
0000
0001
0002
0003
0000
0000
0001
0002
0003
0000
CANDIDATE_END S08_3d_loop_rich_C13 valid=True reasons=[]
CANDIDATE_START S08_3d_loop_rich_C14
0000
0001
0002
0003
0004
0005
0006
0007
0008
0009
0010
0011
0012
0013
0014
0015
0016
0017
0018
0019
0020
0021
0000
0000
0001
0002
0003
0004
0005
0006
0007
0008
0009
0010
0011
0012
0013
0014
0015
0016
0017
0018
0019
0020
0021
0000
CANDIDATE_END S08_3d_loop_rich_C14 valid=True reasons=[]
CANDIDATE_START S08_3d_loop_rich_C15
0000
0001
0002
0003
0004
0005
0006
0007
0000
0000
0001
0002
0003
0004
0005
0006
0007
0000
CANDIDATE_END S08_3d_loop_rich_C15 valid=True reasons=[]
CANDIDATE_START S08_3d_loop_rich_C16
0000
0001
0002
0003
0004
0005
0006
0007
0008
0009
0010
0011
0012
0013
0014
0015
0016
0000
0001
0002
0003
0004
0005
0006
0007
0008
0009
0010
0011
0012
0013
0014
0015
0016
0017
0018
0019
0020
0021
0022
0023
0024
0025
0026
0027
0028
0000
0001
0002
0003
0004
0005
0006
0007
0008
0009
0010
0011
0012
0013
0014
0015
0016
0000
0001
0002
0003
0004
0005
0006
0007
0008
0009
0010
0011
0012
0013
0014
0015
0016
0017
0018
0019
0020
0021
0022
0023
0024
0025
0026
0027
0028
CANDIDATE_END S08_3d_loop_rich_C16 valid=True reasons=[]
CANDIDATE_START S08_3d_loop_rich_C17
0000
0001
0002
0003
0004
0005
0006
0007
0008
0009
0010
0011
0000
0001
0002
0003
0004
0005
0006
0000
0001
0002
0003
0004
0005
0006
0007
0008
0009
0010
0011
0000
0001
0002
0003
0004
0005
0006
CANDIDATE_END S08_3d_loop_rich_C17 valid=True reasons=[]
CANDIDATE_START S08_3d_loop_rich_C18
0000
0001
0002
0003
0004
0005
0006
0007
0008
0009
0010
0011
0012
0013
0014
0015
0016
0017
0018
0019
0020
0021
0022
0023
0024
0025
0000
0001
0002
0000
0001
0002
0003
0004
0005
0006
0007
0008
0009
0010
0011
0012
0013
0014
0015
0016
0017
0018
0019
0020
0021
0022
0023
0024
0025
0000
0001
0002
CANDIDATE_END S08_3d_loop_rich_C18 valid=True reasons=[]
CANDIDATE_START S08_3d_loop_rich_C19
0000
0001
0002
0003
0004
0005
0006
0007
0008
0009
0010
0011
0012
0013
0014
0015
0016
0017
0018
0019
0020
0021
0022
0023
0024
0025
0026
0027
0028
0029
0030
0031
0000
0001
0002
0003
0004
0005
0006
0007
0008
0009
0010
0011
0012
0013
0014
0015
0016
0017
0018
0019
0020
0021
0022
0023
0024
0025
0026
0027
0028
0000
0001
0002
0003
0004
0005
0006
0007
0008
0009
0010
0011
0012
0013
0014
0015
0016
0017
0018
0019
0020
0021
0022
0023
0024
0025
0026
0027
0028
0029
0030
0031
0000
0001
0002
0003
0004
0005
0006
0007
0008
0009
0010
0011
0012
0013
0014
0015
0016
0017
0018
0019
0020
0021
0022
0023
0024
0025
0026
0027
0028
CANDIDATE_END S08_3d_loop_rich_C19 valid=True reasons=[]
CANDIDATE_START S08_3d_loop_rich_C20
0000
0001
0002
0003
0004
0005
0006
0007
0008
0000
0001
0002
0003
0004
0005
0006
0007
0008
0009
0010
0011
0012
0013
0000
0001
0002
0003
0004
0005
0006
0007
0008
0000
0001
0002
0003
0004
0005
0006
0007
0008
0009
0010
0011
0012
0013
CANDIDATE_END S08_3d_loop_rich_C20 valid=True reasons=[]
CANDIDATE_START S08_3d_loop_rich_C21
0000
0001
0002
0003
0004
0005
0006
0007
0008
0009
0010
0011
0012
0000
0001
0002
0003
0004
0005
0006
0007
0008
0000
0001
0002
0003
0004
0005
0006
0007
0008
0009
0010
0011
0012
0000
0001
0002
0003
0004
0005
0006
0007
0008
CANDIDATE_END S08_3d_loop_rich_C21 valid=True reasons=[]
CANDIDATE_START S08_3d_loop_rich_C22
0000
0001
0002
0000
0001
0000
0001
0002
0000
0001
CANDIDATE_END S08_3d_loop_rich_C22 valid=True reasons=[]
CANDIDATE_START S08_3d_loop_rich_C23
0000
0001
0002
0003
0004
0005
0006
0007
0000
0001
0002
0003
0004
0005
0006
0007
0008
0009
0010
0011
0012
0013
0014
0015
0016
0017
0018
0019
0020
0021
0022
0023
0024
0025
0026
0027
0028
0029
0030
0031
0032
0033
0034
0035
0036
0000
0001
0002
0003
0004
0005
0006
0007
0000
0001
0002
0003
0004
0005
0006
0007
0008
0009
0010
0011
0012
0013
0014
0015
0016
0017
0018
0019
0020
0021
0022
0023
0024
0025
0026
0027
0028
0029
0030
0031
0032
0033
0034
0035
0036
CANDIDATE_END S08_3d_loop_rich_C23 valid=True reasons=[]
CANDIDATE_START S08_3d_loop_rich_C24
0000
0001
0002
0003
0004
0005
0006
0007
0008
0009
0010
0011
0012
0013
0014
0015
0016
0000
0001
0002
0003
0004
0005
0006
0007
0008
0009
0010
0011
0000
0001
0002
0003
0004
0005
0006
0007
0008
0009
0010
0011
0012
0013
0014
0015
0016
0000
0001
0002
0003
0004
0005
0006
0007
0008
0009
0010
0011
CANDIDATE_END S08_3d_loop_rich_C24 valid=True reasons=[]
CANDIDATE_START S09_flat_complex_C13
0000
0001
0002
0003
0004
0005
0006
0007
0008
0009
0010
0011
0012
0013
0014
0015
0016
0017
0018
0019
0020
0021
0022
0023
0024
0025
0026
0027
0028
0029
0030
0031
0000
0001
0002
0003
0004
0005
0006
0007
0008
0009
0010
0011
0000
0001
0002
0003
0004
0005
0006
0007
0008
0009
0010
0011
0012
0013
0014
0015
0016
0017
0018
0019
0020
0021
0022
0023
0024
0025
0026
0027
0028
0029
0030
0000
0001
0002
0003
0004
0005
0006
0007
0008
0009
0010
0011
0012
0013
0014
0015
0016
0017
0018
0019
0020
0021
0022
0023
0024
0025
0026
0027
0028
0029
0030
0031
0000
0001
0002
0003
0004
0005
0006
0007
0008
0009
0010
0011
0000
0001
0002
0003
0004
0005
0006
0007
0008
0009
0010
0011
0012
0013
0014
0015
0016
0017
0018
0019
0020
0021
0022
0023
0024
0025
0026
0027
0028
0029
0030
CANDIDATE_END S09_flat_complex_C13 valid=True reasons=[]
CANDIDATE_START S09_flat_complex_C14
0000
0000
0001
0002
0003
0004
0005
0006
0007
0008
0009
0010
0000
0001
0002
0003
0004
0005
0006
0007
0008
0009
0010
0011
0012
0013
0014
0015
0016
0017
0018
0019
0020
0021
0022
0023
0024
0025
0026
0027
0028
0029
0030
0031
0032
0033
0034
0035
0036
0037
0038
0039
0040
0041
0042
0043
0044
0045
0046
0047
0048
0049
0000
0000
0001
0002
0003
0004
0005
0006
0007
0008
0009
0010
0000
0001
0002
0003
0004
0005
0006
0007
0008
0009
0010
0011
0012
0013
0014
0015
0016
0017
0018
0019
0020
0021
0022
0023
0024
0025
0026
0027
0028
0029
0030
0031
0032
0033
0034
0035
0036
0037
0038
0039
0040
0041
0042
0043
0044
0045
0046
0047
0048
0049
CANDIDATE_END S09_flat_complex_C14 valid=True reasons=[]
CANDIDATE_START S09_flat_complex_C15
0000
0000
0001
0002
0003
0000
0001
0002
0003
0004
0005
0006
0007
0008
0009
0010
0011
0012
0013
0014
0015
0016
0017
0018
0019
0000
0000
0001
0002
0003
0000
0001
0002
0003
0004
0005
0006
0007
0008
0009
0010
0011
0012
0013
0014
0015
0016
0017
0018
0019
CANDIDATE_END S09_flat_complex_C15 valid=True reasons=[]
CANDIDATE_START S09_flat_complex_C16
0000
0001
0002
0003
0004
0005
0006
0007
0008
0009
0010
0011
0012
0013
0000
0001
0002
0003
0004
0005
0006
0007
0008
0009
0010
0011
0012
0013
0014
0015
0016
0017
0018
0019
0020
0021
0022
0023
0024
0025
0026
0027
0028
0029
0030
0031
0032
0033
0034
0035
0036
0037
0038
0039
0040
0041
0042
0043
0044
0045
0046
0047
0048
0049
0050
0051
0052
0053
0054
0055
0056
0057
0058
0059
0060
0061
0062
0063
0064
0065
0066
0067
0068
0069
0070
0071
0072
0073
0000
0001
0002
0003
0004
0005
0006
0000
0001
0002
0003
0004
0005
0006
0007
0008
0009
0010
0011
0012
0013
0000
0001
0002
0003
0004
0005
0006
0007
0008
0009
0010
0011
0012
0013
0014
0015
0016
0017
0018
0019
0020
0021
0022
0023
0024
0025
0026
0027
0028
0029
0030
0031
0032
0033
0034
0035
0036
0037
0038
0039
0040
0041
0042
0043
0044
0045
0046
0047
0048
0049
0050
0051
0052
0053
0054
0055
0056
0057
0058
0059
0060
0061
0062
0063
0064
0065
0066
0067
0068
0069
0070
0071
0072
0073
0000
0001
0002
0003
0004
0005
0006
CANDIDATE_END S09_flat_complex_C16 valid=True reasons=[]
CANDIDATE_START S09_flat_complex_C17
0000
0000
0001
0002
0003
0004
0005
0006
0007
0008
0009
0010
0011
0012
0013
0014
0015
0016
0017
0018
0019
0020
0021
0022
0023
0024
0025
0026
0027
0028
0029
0030
0031
0032
0033
0034
0035
0036
0037
0038
0039
0040
0041
0042
0043
0044
0045
0046
0047
0048
0049
0050
0051
0052
0053
0054
0055
0056
0057
0058
0059
0060
0061
0062
0063
0064
0065
0066
0067
0068
0069
0070
0071
0072
0073
0074
0075
0076
0077
0078
0079
0080
0081
0082
0083
0084
0085
0086
0087
0088
0089
0090
0000
0001
0002
0000
0000
0001
0002
0003
0004
0005
0006
0007
0008
0009
0010
0011
0012
0013
0014
0015
0016
0017
0018
0019
0020
0021
0022
0023
0024
0025
0026
0027
0028
0029
0030
0031
0032
0033
0034
0035
0036
0037
0038
0039
0040
0041
0042
0043
0044
0045
0046
0047
0048
0049
0050
0051
0052
0053
0054
0055
0056
0057
0058
0059
0060
0061
0062
0063
0064
0065
0066
0067
0068
0069
0070
0071
0072
0073
0074
0075
0076
0077
0078
0079
0080
0081
0082
0083
0084
0085
0086
0087
0088
0089
0090
0000
0001
0002
CANDIDATE_END S09_flat_complex_C17 valid=True reasons=[]
CANDIDATE_START S09_flat_complex_C18
0000
0001
0002
0003
0004
0005
0000
0001
0002
0003
0004
0005
0006
0007
0008
0009
0010
0011
0012
0013
0014
0015
0016
0017
0018
0019
0020
0021
0022
0023
0024
0025
0026
0027
0028
0029
0030
0031
0032
0033
0034
0035
0036
0037
0038
0039
0040
0041
0042
0043
0044
0045
0046
0047
0048
0049
0050
0051
0052
0053
0054
0055
0056
0057
0058
0059
0000
0001
0002
0003
0004
0005
0006
0007
0008
0009
0000
0001
0002
0003
0004
0005
0000
0001
0002
0003
0004
0005
0006
0007
0008
0009
0010
0011
0012
0013
0014
0015
0016
0017
0018
0019
0020
0021
0022
0023
0024
0025
0026
0027
0028
0029
0030
0031
0032
0033
0034
0035
0036
0037
0038
0039
0040
0041
0042
0043
0044
0045
0046
0047
0048
0049
0050
0051
0052
0053
0054
0055
0056
0057
0058
0059
0000
0001
0002
0003
0004
0005
0006
0007
0008
0009
CANDIDATE_END S09_flat_complex_C18 valid=True reasons=[]
CANDIDATE_START S09_flat_complex_C19
CANDIDATE_END S09_flat_complex_C19 valid=False reasons=['requested_tunnel_generation_failed']
CANDIDATE_START S09_flat_complex_C20
0000
0001
0002
0003
0004
0005
0000
0001
0002
0003
0004
0005
0006
0007
0008
0009
0010
0011
0012
0013
0014
0015
0016
0017
0018
0019
0020
0021
0022
0023
0024
0025
0026
0027
0028
0029
0030
0031
0000
0001
0000
0001
0002
0003
0004
0005
0000
0001
0002
0003
0004
0005
0006
0007
0008
0009
0010
0011
0012
0013
0014
0015
0016
0017
0018
0019
0020
0021
0022
0023
0024
0025
0026
0027
0028
0029
0030
0031
0000
0001
CANDIDATE_END S09_flat_complex_C20 valid=True reasons=[]
CANDIDATE_START S09_flat_complex_C21
0000
0001
0002
0003
0004
0005
0006
0007
0008
0009
0010
0011
0012
0013
0014
0015
0016
0017
0018
0019
0020
0021
0022
0023
0024
0025
0026
0027
0028
0029
0030
0031
0032
0033
0034
0035
0036
0037
0038
0039
0040
0041
0042
0043
0044
0045
0046
0047
0048
0049
0050
0051
0052
0053
0054
0055
0056
0057
0058
0059
0060
0061
0062
0063
0064
0065
0066
0067
0068
0069
0070
0071
0000
0001
0002
0003
0004
0005
0006
0007
0008
0009
0010
0011
0012
0013
0014
0015
0016
0017
0018
0019
0020
0021
0022
0023
0024
0025
0026
0027
0028
0029
0030
0031
0032
0033
0034
0035
0036
0037
0038
0039
0040
0041
0042
0043
0044
0045
0046
0047
0048
0049
0050
0051
0052
0053
0054
0055
0056
0057
0058
0059
0060
0061
0062
0063
0064
0065
0066
0067
0068
0069
0070
0071
0072
0073
0074
0075
0076
0077
0078
0079
0080
0081
0082
0083
0084
0085
0086
0087
0088
0089
0090
0091
0092
0093
0094
0095
0096
0097
0098
0099
0000
0000
0001
0002
0003
0004
0005
0006
0007
0008
0009
0010
0011
0012
0013
0014
0015
0016
0017
0018
0019
0020
0021
0022
0023
0024
0025
0026
0027
0028
0029
0030
0031
0032
0033
0034
0035
0036
0037
0038
0039
0040
0041
0042
0043
0044
0045
0046
0047
0048
0049
0050
0051
0052
0053
0054
0055
0056
0000
0001
0002
0003
0004
0005
0006
0007
0008
0009
0010
0011
0012
0013
0014
0015
0016
0017
0018
0019
0020
0021
0022
0023
0024
0025
0026
0027
0028
0029
0030
0031
0032
0033
0034
0035
0036
0037
0038
0039
0040
0041
0042
0043
0044
0045
0046
0047
0048
0049
0050
0051
0052
0053
0054
0055
0056
0057
0058
0059
0060
0061
0062
0063
0064
0065
0066
0067
0068
0069
0070
0071
0000
0001
0002
0003
0004
0005
0006
0007
0008
0009
0010
0011
0012
0013
0014
0015
0016
0017
0018
0019
0020
0021
0022
0023
0024
0025
0026
0027
0028
0029
0030
0031
0032
0033
0034
0035
0036
0037
0038
0039
0040
0041
0042
0043
0044
0045
0046
0047
0048
0049
0050
0051
0052
0053
0054
0055
0056
0057
0058
0059
0060
0061
0062
0063
0064
0065
0066
0067
0068
0069
0070
0071
0072
0073
0074
0075
0076
0077
0078
0079
0080
0081
0082
0083
0084
0085
0086
0087
0088
0089
0090
0091
0092
0093
0094
0095
0096
0097
0098
0099
0000
0000
0001
0002
0003
0004
0005
0006
0007
0008
0009
0010
0011
0012
0013
0014
0015
0016
0017
0018
0019
0020
0021
0022
0023
0024
0025
0026
0027
0028
0029
0030
0031
0032
0033
0034
0035
0036
0037
0038
0039
0040
0041
0042
0043
0044
0045
0046
0047
0048
0049
0050
0051
0052
0053
0054
0055
0056
CANDIDATE_END S09_flat_complex_C21 valid=True reasons=[]
CANDIDATE_START S09_flat_complex_C22
0000
0001
0002
0003
0004
0005
0006
0007
0008
0009
0010
0011
0012
0013
0014
0015
0000
0001
0002
0003
0004
0005
0006
0007
0008
0009
0000
0000
0001
0002
0003
0004
0005
0006
0007
0008
0009
0010
0011
0012
0013
0014
0015
0000
0001
0002
0003
0004
0005
0006
0007
0008
0009
0000
CANDIDATE_END S09_flat_complex_C22 valid=True reasons=[]
CANDIDATE_START S09_flat_complex_C23
0000
0001
0002
0003
0004
0005
0006
0007
0008
0009
0000
0001
0002
0003
0004
0005
0006
0007
0008
0000
0001
0002
0000
0001
0002
0003
0004
0005
0006
0007
0008
0009
0000
0001
0002
0003
0004
0005
0006
0007
0008
0000
0001
0002
CANDIDATE_END S09_flat_complex_C23 valid=True reasons=[]
CANDIDATE_START S09_flat_complex_C24
0000
0001
0002
0003
0004
0005
0006
0007
0008
0009
0010
0011
0012
0013
0014
0000
0001
0002
0003
0004
0005
0006
0007
0008
0009
0000
0001
0002
0003
0004
0005
0006
0007
0008
0009
0010
0011
0012
0013
0014
0015
0016
0017
0018
0019
0020
0021
0000
0001
0002
0003
0004
0005
0006
0007
0008
0009
0010
0011
0012
0013
0014
0000
0001
0002
0003
0004
0005
0006
0007
0008
0009
0000
0001
0002
0003
0004
0005
0006
0007
0008
0009
0010
0011
0012
0013
0014
0015
0016
0017
0018
0019
0020
0021
CANDIDATE_END S09_flat_complex_C24 valid=False reasons=['exact_connector_cycle_rank']
CANDIDATE_START S10_3d_complex_C13
0000
0001
0002
0003
0004
0005
0006
0007
0008
0009
0010
0011
0012
0013
0014
0015
0016
0000
0001
0002
0000
0001
0002
0003
0004
0005
0006
0007
0008
0009
0010
0011
0012
0013
0014
0015
0000
0001
0002
0003
0004
0005
0006
0007
0008
0009
0010
0011
0012
0013
0014
0015
0016
0000
0001
0002
0000
0001
0002
0003
0004
0005
0006
0007
0008
0009
0010
0011
0012
0013
0014
0015
CANDIDATE_END S10_3d_complex_C13 valid=True reasons=[]
CANDIDATE_START S10_3d_complex_C14
0000
0001
0002
0003
0004
0005
0006
0007
0008
0009
0010
0011
0012
0013
0014
0015
0016
0017
0018
0019
0020
0021
0022
0023
0024
0025
0026
0027
0028
0029
0030
0031
0032
0033
0034
0035
0036
0037
0038
0039
0040
0041
0042
0043
0044
0045
0046
0047
0048
0049
0050
0051
0052
0053
0054
0055
0056
0057
0058
0059
0060
0061
0062
0063
0064
0065
0066
0067
0000
0001
0002
0003
0004
0000
0001
0002
0003
0004
0005
0006
0007
0008
0009
0010
0011
0012
0013
0014
0000
0001
0002
0003
0004
0005
0006
0007
0008
0009
0010
0011
0012
0013
0014
0015
0016
0017
0018
0019
0020
0021
0022
0023
0024
0025
0026
0027
0028
0029
0030
0031
0032
0033
0034
0035
0036
0037
0038
0039
0040
0041
0042
0043
0044
0045
0046
0047
0048
0049
0050
0051
0052
0053
0054
0055
0056
0057
0058
0059
0060
0061
0062
0063
0064
0065
0066
0067
0000
0001
0002
0003
0004
0000
0001
0002
0003
0004
0005
0006
0007
0008
0009
0010
0011
0012
0013
0014
CANDIDATE_END S10_3d_complex_C14 valid=True reasons=[]
CANDIDATE_START S10_3d_complex_C15
0000
0001
0002
0003
0004
0005
0006
0007
0008
0009
0010
0011
0000
0001
0002
0003
0004
0005
0006
0007
0008
0009
0010
0011
0012
0013
0014
0015
0016
0017
0018
0019
0020
0021
0022
0023
0024
0025
0026
0000
0000
0001
0002
0003
0004
0005
0006
0007
0008
0009
0010
0011
0000
0001
0002
0003
0004
0005
0006
0007
0008
0009
0010
0011
0012
0013
0014
0015
0016
0017
0018
0019
0020
0021
0022
0023
0024
0025
0026
0000
CANDIDATE_END S10_3d_complex_C15 valid=True reasons=[]
CANDIDATE_START S10_3d_complex_C16
0000
0001
0002
0000
0001
0000
0001
0002
0003
0004
0005
0006
0007
0008
0009
0010
0011
0012
0013
0014
0015
0016
0017
0018
0019
0020
0021
0022
0023
0024
0025
0026
0027
0028
0029
0030
0031
0032
0033
0034
0035
0036
0037
0038
0039
0040
0041
0042
0043
0044
0045
0046
0047
0048
0049
0050
0051
0052
0053
0054
0055
0056
0057
0058
0059
0060
0061
0062
0063
0064
0065
0066
0067
0068
0069
0070
0071
0072
0073
0074
0075
0076
0077
0078
0079
0080
0081
0082
0083
0084
0085
0086
0087
0088
0089
0090
0091
0092
0093
0094
0095
0096
0097
0098
0099
0000
0001
0002
0003
0004
0005
0000
0001
0002
0000
0001
0000
0001
0002
0003
0004
0005
0006
0007
0008
0009
0010
0011
0012
0013
0014
0015
0016
0017
0018
0019
0020
0021
0022
0023
0024
0025
0026
0027
0028
0029
0030
0031
0032
0033
0034
0035
0036
0037
0038
0039
0040
0041
0042
0043
0044
0045
0046
0047
0048
0049
0050
0051
0052
0053
0054
0055
0056
0057
0058
0059
0060
0061
0062
0063
0064
0065
0066
0067
0068
0069
0070
0071
0072
0073
0074
0075
0076
0077
0078
0079
0080
0081
0082
0083
0084
0085
0086
0087
0088
0089
0090
0091
0092
0093
0094
0095
0096
0097
0098
0099
0000
0001
0002
0003
0004
0005
CANDIDATE_END S10_3d_complex_C16 valid=True reasons=[]
CANDIDATE_START S10_3d_complex_C17
0000
0001
0002
0003
0000
0001
0002
0003
0004
0005
0006
0007
0008
0009
0010
0011
0012
0013
0014
0000
0000
0001
0002
0003
0000
0001
0002
0003
0004
0005
0006
0007
0008
0009
0010
0011
0012
0013
0014
0000
CANDIDATE_END S10_3d_complex_C17 valid=True reasons=[]
CANDIDATE_START S10_3d_complex_C18
0000
0001
0002
0003
0004
0005
0006
0007
0008
0009
0010
0011
0012
0000
0001
0002
0003
0004
0005
0006
0007
0008
0009
0000
0001
0002
0003
0004
0000
0001
0002
0003
0004
0005
0006
0007
0008
0009
0010
0011
0012
0000
0001
0002
0003
0004
0005
0006
0007
0008
0009
0000
0001
0002
0003
0004
CANDIDATE_END S10_3d_complex_C18 valid=True reasons=[]
CANDIDATE_START S10_3d_complex_C19
0000
0001
0002
0003
0004
0005
0006
0007
0008
0009
0010
0011
0012
0000
0001
0002
0000
0001
0002
0003
0000
0001
0002
0003
0004
0005
0006
0007
0008
0009
0010
0011
0012
0000
0001
0002
0000
0001
0002
0003
CANDIDATE_END S10_3d_complex_C19 valid=True reasons=[]
CANDIDATE_START S10_3d_complex_C20
0000
0001
0002
0003
0004
0005
0006
0007
0008
0009
0010
0011
0012
0013
0014
0015
0016
0017
0018
0019
0020
0021
0022
0023
0024
0025
0026
0027
0028
0000
0001
0002
0003
0004
0005
0006
0007
0008
0009
0010
0011
0012
0013
0014
0015
0016
0017
0018
0019
0020
0021
0000
0001
0002
0003
0004
0005
0006
0007
0008
0009
0010
0011
0012
0013
0014
0015
0016
0000
0001
0002
0003
0004
0005
0006
0007
0008
0009
0010
0011
0012
0013
0014
0015
0016
0017
0018
0019
0020
0021
0022
0023
0024
0025
0026
0027
0028
0000
0001
0002
0003
0004
0005
0006
0007
0008
0009
0010
0011
0012
0013
0014
0015
0016
0017
0018
0019
0020
0021
0000
0001
0002
0003
0004
0005
0006
0007
0008
0009
0010
0011
0012
0013
0014
0015
0016
CANDIDATE_END S10_3d_complex_C20 valid=True reasons=[]
CANDIDATE_START S10_3d_complex_C21
0000
0001
0002
0003
0004
0005
0006
0007
0008
0009
0010
0011
0012
0013
0014
0015
0016
0017
0018
0019
0020
0021
0022
0023
0024
0025
0026
0027
0028
0029
0030
0031
0032
0033
0034
0035
0036
0037
0038
0039
0000
0001
0002
0003
0004
0005
0006
0007
0008
0009
0010
0011
0012
0013
0014
0015
0016
0017
0018
0019
0020
0021
0022
0023
0024
0025
0026
0027
0028
0029
0030
0031
0032
0033
0034
0035
0036
0000
0001
0002
0003
0004
0005
0006
0007
0008
0009
0010
0011
0012
0013
0014
0015
0016
0017
0018
0000
0001
0002
0003
0004
0005
0006
0007
0008
0009
0010
0011
0012
0013
0014
0015
0016
0017
0018
0019
0020
0021
0022
0023
0024
0025
0026
0027
0028
0029
0030
0031
0032
0033
0034
0035
0036
0037
0038
0039
0000
0001
0002
0003
0004
0005
0006
0007
0008
0009
0010
0011
0012
0013
0014
0015
0016
0017
0018
0019
0020
0021
0022
0023
0024
0025
0026
0027
0028
0029
0030
0031
0032
0033
0034
0035
0036
0000
0001
0002
0003
0004
0005
0006
0007
0008
0009
0010
0011
0012
0013
0014
0015
0016
0017
0018
CANDIDATE_END S10_3d_complex_C21 valid=True reasons=[]
CANDIDATE_START S10_3d_complex_C22
0000
0000
0001
0002
0003
0004
0005
0006
0007
0008
0009
0010
0011
0000
0001
0002
0003
0004
0005
0006
0007
0008
0000
0000
0001
0002
0003
0004
0005
0006
0007
0008
0009
0010
0011
0000
0001
0002
0003
0004
0005
0006
0007
0008
CANDIDATE_END S10_3d_complex_C22 valid=True reasons=[]
CANDIDATE_START S10_3d_complex_C23
0000
0001
0002
0000
0001
0000
0001
0002
0000
0001
0002
0000
0001
0000
0001
0002
CANDIDATE_END S10_3d_complex_C23 valid=True reasons=[]
CANDIDATE_START S10_3d_complex_C24
0000
0001
0002
0003
0004
0005
0006
0000
0001
0002
0003
0004
0005
0006
0007
0008
0009
0010
0011
0012
0013
0014
0015
0016
0017
0018
0019
0020
0000
0001
0002
0003
0004
0005
0000
0001
0002
0003
0004
0005
0006
0000
0001
0002
0003
0004
0005
0006
0007
0008
0009
0010
0011
0012
0013
0014
0015
0016
0017
0018
0019
0020
0000
0001
0002
0003
0004
0005
CANDIDATE_END S10_3d_complex_C24 valid=True reasons=[]
PASS_AEE_CORRECTIVE_TOPOLOGY_CANDIDATE_AUDIT_V1

duration_seconds=1701.968850
exit_code=0
