argv=["docker", "run", "--rm", "--user", "0:0", "--gpus", "all", "--network", "none", "--shm-size", "2g", "-e", "ACCEPT_EULA=Y", "-e", "PRIVACY_CONSENT=Y", "-v", "/home/zeng-workstation/mtare_topo_comm:/workspace:rw", "--entrypoint", "/isaac-sim/python.sh", "nvcr.io/nvidia/isaac-sim:6.0.1", "/workspace/tools/v3/isaac/probe_exact_rtx_lidar_profile.py", "--probe-sensor-usda", "/workspace/configs/v3/gate0/sensors/mtare_vlp16_720_50m_v1.usda", "--probe-source-json", "/workspace/configs/v3/gate0/sensors/mtare_vlp16_720_50m_v1.json", "--probe-output-dir", "/workspace/results/gate0_baseline/gate0_20260810_cano_exact_profile_writer_probe_v2_seed0/artifacts/runtime", "--probe-metrics-dir", "/workspace/results/gate0_baseline/gate0_20260810_cano_exact_profile_writer_probe_v2_seed0/metrics"]
cwd=/home/zeng-workstation/mtare_topo_comm
started_at_utc=2026-08-10T12:19:04.349076+00:00
2026-08-10T12:19:05Z [Info] [carb] Logging to file: /isaac-sim/kit/logs/Kit/Isaac-Sim Python/6.0/kit_20260810_121905.log
[0.050s] [ext: omni.assets.plugins-0.0.0] startup
[0.051s] [ext: omni.blobkey-1.1.2] startup
[0.051s] [ext: omni.kit.async_engine-0.0.3] startup
[0.429s] [ext: omni.client.lib-1.1.1] startup
[0.445s] [ext: omni.client-1.3.0] startup
2026-08-10T12:19:05Z [472ms] [Warning] [carb.omniclient.plugin]  57: OmniHub: ThreadId(02) Hub encountered error. Trying to reconnect to Hub. retry_reason="Hub failed to launch: Io(\"child exited with exit status: 1 without writing file \\\"/tmp/hub-root-A541AE07.config.json\\\"\")"
2026-08-10T12:19:05Z [544ms] [Warning] [carb.omniclient.plugin]  57: OmniHub: ThreadId(02) Hub encountered error. Trying to reconnect to Hub. retry_reason="Hub failed to launch: Io(\"child exited with exit status: 1 without writing file \\\"/tmp/hub-root-A541AE07.config.json\\\"\")"
2026-08-10T12:19:05Z [625ms] [Warning] [carb.omniclient.plugin]  57: OmniHub: ThreadId(02) Hub encountered error. Trying to reconnect to Hub. retry_reason="Hub failed to launch: Io(\"child exited with exit status: 1 without writing file \\\"/tmp/hub-root-A541AE07.config.json\\\"\")"
2026-08-10T12:19:05Z [717ms] [Warning] [carb.omniclient.plugin]  57: OmniHub: ThreadId(02) Hub encountered error. Trying to reconnect to Hub. retry_reason="Hub failed to launch: Io(\"child exited with exit status: 1 without writing file \\\"/tmp/hub-root-A541AE07.config.json\\\"\")"
2026-08-10T12:19:05Z [818ms] [Warning] [carb.omniclient.plugin]  57: OmniHub: ThreadId(02) Hub encountered error. Trying to reconnect to Hub. retry_reason="Hub failed to launch: Io(\"child exited with exit status: 1 without writing file \\\"/tmp/hub-root-A541AE07.config.json\\\"\")"
2026-08-10T12:19:06Z [930ms] [Warning] [carb.omniclient.plugin]  57: OmniHub: ThreadId(02) Hub encountered error. Trying to reconnect to Hub. retry_reason="Hub failed to launch: Io(\"child exited with exit status: 1 without writing file \\\"/tmp/hub-root-A541AE07.config.json\\\"\")"
2026-08-10T12:19:06Z [1,051ms] [Warning] [carb.omniclient.plugin]  57: OmniHub: ThreadId(02) Hub encountered error. Trying to reconnect to Hub. retry_reason="Hub failed to launch: Io(\"child exited with exit status: 1 without writing file \\\"/tmp/hub-root-A541AE07.config.json\\\"\")"
2026-08-10T12:19:06Z [1,183ms] [Warning] [carb.omniclient.plugin]  57: OmniHub: ThreadId(02) Hub encountered error. Trying to reconnect to Hub. retry_reason="Hub failed to launch: Io(\"child exited with exit status: 1 without writing file \\\"/tmp/hub-root-A541AE07.config.json\\\"\")"
2026-08-10T12:19:06Z [1,324ms] [Warning] [carb.omniclient.plugin]  57: OmniHub: ThreadId(02) Hub encountered error. Trying to reconnect to Hub. retry_reason="Hub failed to launch: Io(\"child exited with exit status: 1 without writing file \\\"/tmp/hub-root-A541AE07.config.json\\\"\")"
2026-08-10T12:19:06Z [1,476ms] [Warning] [carb.omniclient.plugin]  57: OmniHub: ThreadId(02) Hub encountered error. Trying to reconnect to Hub. retry_reason="Hub failed to launch: Io(\"child exited with exit status: 1 without writing file \\\"/tmp/hub-root-A541AE07.config.json\\\"\")"
2026-08-10T12:19:06Z [1,637ms] [Warning] [carb.omniclient.plugin]  57: OmniHub: ThreadId(02) Hub encountered error. Trying to reconnect to Hub. retry_reason="Hub failed to launch: Io(\"child exited with exit status: 1 without writing file \\\"/tmp/hub-root-A541AE07.config.json\\\"\")"
2026-08-10T12:19:06Z [1,809ms] [Warning] [carb.omniclient.plugin]  57: OmniHub: ThreadId(02) Hub encountered error. Trying to reconnect to Hub. retry_reason="Hub failed to launch: Io(\"child exited with exit status: 1 without writing file \\\"/tmp/hub-root-A541AE07.config.json\\\"\")"
2026-08-10T12:19:07Z [1,990ms] [Warning] [carb.omniclient.plugin]  57: OmniHub: ThreadId(02) Hub encountered error. Trying to reconnect to Hub. retry_reason="Hub failed to launch: Io(\"child exited with exit status: 1 without writing file \\\"/tmp/hub-root-A541AE07.config.json\\\"\")"
2026-08-10T12:19:07Z [2,182ms] [Warning] [carb.omniclient.plugin]  57: OmniHub: ThreadId(02) Hub encountered error. Trying to reconnect to Hub. retry_reason="Hub failed to launch: Io(\"child exited with exit status: 1 without writing file \\\"/tmp/hub-root-A541AE07.config.json\\\"\")"
2026-08-10T12:19:07Z [2,383ms] [Warning] [carb.omniclient.plugin]  57: OmniHub: ThreadId(02) Hub encountered error. Trying to reconnect to Hub. retry_reason="Hub failed to launch: Io(\"child exited with exit status: 1 without writing file \\\"/tmp/hub-root-A541AE07.config.json\\\"\")"
2026-08-10T12:19:07Z [2,595ms] [Warning] [carb.omniclient.plugin]  57: OmniHub: ThreadId(02) Hub encountered error. Trying to reconnect to Hub. retry_reason="Hub failed to launch: Io(\"child exited with exit status: 1 without writing file \\\"/tmp/hub-root-A541AE07.config.json\\\"\")"
2026-08-10T12:19:07Z [2,816ms] [Warning] [carb.omniclient.plugin]  57: OmniHub: ThreadId(02) Hub encountered error. Trying to reconnect to Hub. retry_reason="Hub failed to launch: Io(\"child exited with exit status: 1 without writing file \\\"/tmp/hub-root-A541AE07.config.json\\\"\")"
2026-08-10T12:19:08Z [3,048ms] [Warning] [carb.omniclient.plugin]  57: OmniHub: ThreadId(02) Hub encountered error. Trying to reconnect to Hub. retry_reason="Hub failed to launch: Io(\"child exited with exit status: 1 without writing file \\\"/tmp/hub-root-A541AE07.config.json\\\"\")"
2026-08-10T12:19:08Z [3,289ms] [Warning] [carb.omniclient.plugin]  57: OmniHub: ThreadId(02) Hub encountered error. Trying to reconnect to Hub. retry_reason="Hub failed to launch: Io(\"child exited with exit status: 1 without writing file \\\"/tmp/hub-root-A541AE07.config.json\\\"\")"
2026-08-10T12:19:08Z [3,541ms] [Warning] [carb.omniclient.plugin]  57: OmniHub: ThreadId(02) Hub encountered error. Trying to reconnect to Hub. retry_reason="Hub failed to launch: Io(\"child exited with exit status: 1 without writing file \\\"/tmp/hub-root-A541AE07.config.json\\\"\")"
2026-08-10T12:19:08Z [3,802ms] [Warning] [carb.omniclient.plugin]  57: OmniHub: ThreadId(02) Hub encountered error. Trying to reconnect to Hub. retry_reason="Hub failed to launch: Io(\"child exited with exit status: 1 without writing file \\\"/tmp/hub-root-A541AE07.config.json\\\"\")"
2026-08-10T12:19:09Z [4,073ms] [Warning] [carb.omniclient.plugin]  57: OmniHub: ThreadId(02) Hub encountered error. Trying to reconnect to Hub. retry_reason="Hub failed to launch: Io(\"child exited with exit status: 1 without writing file \\\"/tmp/hub-root-A541AE07.config.json\\\"\")"
2026-08-10T12:19:09Z [4,354ms] [Warning] [carb.omniclient.plugin]  57: OmniHub: ThreadId(02) Hub encountered error. Trying to reconnect to Hub. retry_reason="Hub failed to launch: Io(\"child exited with exit status: 1 without writing file \\\"/tmp/hub-root-A541AE07.config.json\\\"\")"
2026-08-10T12:19:09Z [4,645ms] [Warning] [carb.omniclient.plugin]  57: OmniHub: ThreadId(02) Hub encountered error. Trying to reconnect to Hub. retry_reason="Hub failed to launch: Io(\"child exited with exit status: 1 without writing file \\\"/tmp/hub-root-A541AE07.config.json\\\"\")"
2026-08-10T12:19:10Z [4,947ms] [Warning] [carb.omniclient.plugin]  57: OmniHub: ThreadId(02) Hub encountered error. Trying to reconnect to Hub. retry_reason="Hub failed to launch: Io(\"child exited with exit status: 1 without writing file \\\"/tmp/hub-root-A541AE07.config.json\\\"\")"
2026-08-10T12:19:10Z [5,258ms] [Warning] [carb.omniclient.plugin]  57: OmniHub: ThreadId(02) Hub encountered error. Trying to reconnect to Hub. retry_reason="Hub failed to launch: Io(\"child exited with exit status: 1 without writing file \\\"/tmp/hub-root-A541AE07.config.json\\\"\")"
2026-08-10T12:19:10Z [5,580ms] [Warning] [carb.omniclient.plugin]  57: OmniHub: ThreadId(02) Hub encountered error. Trying to reconnect to Hub. retry_reason="Hub failed to launch: Io(\"child exited with exit status: 1 without writing file \\\"/tmp/hub-root-A541AE07.config.json\\\"\")"
2026-08-10T12:19:11Z [5,911ms] [Warning] [carb.omniclient.plugin]  57: OmniHub: ThreadId(02) Hub encountered error. Trying to reconnect to Hub. retry_reason="Hub failed to launch: Io(\"child exited with exit status: 1 without writing file \\\"/tmp/hub-root-A541AE07.config.json\\\"\")"
2026-08-10T12:19:11Z [6,253ms] [Warning] [carb.omniclient.plugin]  57: OmniHub: ThreadId(02) Hub encountered error. Trying to reconnect to Hub. retry_reason="Hub failed to launch: Io(\"child exited with exit status: 1 without writing file \\\"/tmp/hub-root-A541AE07.config.json\\\"\")"
WARNING: All log messages before absl::InitializeLog() is called are written to STDERR
E0000 00:00:1786364355.792125      11 descriptor_database.cc:633] File already exists in database: grpc/health/v1/health.proto
W0000 00:00:1786364355.792142      11 message.cc:301] Protobuf GeneratedMessageFactory: File is already registered: grpc/health/v1/health.proto
2026-08-10T12:19:11Z [6,604ms] [Warning] [carb.omniclient.plugin]  57: OmniHub: ThreadId(02) Hub encountered error. Trying to reconnect to Hub. retry_reason="Hub failed to launch: Io(\"child exited with exit status: 1 without writing file \\\"/tmp/hub-root-A541AE07.config.json\\\"\")"
2026-08-10T12:19:12Z [6,965ms] [Warning] [carb.omniclient.plugin]  57: OmniHub: ThreadId(02) Hub encountered error. Trying to reconnect to Hub. retry_reason="Hub failed to launch: Io(\"child exited with exit status: 1 without writing file \\\"/tmp/hub-root-A541AE07.config.json\\\"\")"
2026-08-10T12:19:12Z [7,337ms] [Warning] [carb.omniclient.plugin]  57: OmniHub: ThreadId(02) Hub encountered error. Trying to reconnect to Hub. retry_reason="Hub failed to launch: Io(\"child exited with exit status: 1 without writing file \\\"/tmp/hub-root-A541AE07.config.json\\\"\")"
2026-08-10T12:19:12Z [7,718ms] [Warning] [carb.omniclient.plugin]  57: OmniHub: ThreadId(02) Hub encountered error. Trying to reconnect to Hub. retry_reason="Hub failed to launch: Io(\"child exited with exit status: 1 without writing file \\\"/tmp/hub-root-A541AE07.config.json\\\"\")"
2026-08-10T12:19:13Z [8,109ms] [Warning] [carb.omniclient.plugin]  57: OmniHub: ThreadId(02) Hub encountered error. Trying to reconnect to Hub. retry_reason="Hub failed to launch: Io(\"child exited with exit status: 1 without writing file \\\"/tmp/hub-root-A541AE07.config.json\\\"\")"
2026-08-10T12:19:13Z [8,511ms] [Warning] [carb.omniclient.plugin]  57: OmniHub: ThreadId(02) Hub encountered error. Trying to reconnect to Hub. retry_reason="Hub failed to launch: Io(\"child exited with exit status: 1 without writing file \\\"/tmp/hub-root-A541AE07.config.json\\\"\")"
2026-08-10T12:19:14Z [8,921ms] [Warning] [carb.omniclient.plugin]  57: OmniHub: ThreadId(02) Hub encountered error. Trying to reconnect to Hub. retry_reason="Hub failed to launch: Io(\"child exited with exit status: 1 without writing file \\\"/tmp/hub-root-A541AE07.config.json\\\"\")"
2026-08-10T12:19:14Z [9,343ms] [Warning] [carb.omniclient.plugin]  57: OmniHub: ThreadId(02) Hub encountered error. Trying to reconnect to Hub. retry_reason="Hub failed to launch: Io(\"child exited with exit status: 1 without writing file \\\"/tmp/hub-root-A541AE07.config.json\\\"\")"
2026-08-10T12:19:14Z [9,775ms] [Warning] [carb.omniclient.plugin]  57: OmniHub: ThreadId(02) Hub encountered error. Trying to reconnect to Hub. retry_reason="Hub failed to launch: Io(\"child exited with exit status: 1 without writing file \\\"/tmp/hub-root-A541AE07.config.json\\\"\")"
2026-08-10T12:19:15Z [10,216ms] [Warning] [carb.omniclient.plugin]  57: OmniHub: ThreadId(02) Hub encountered error. Trying to reconnect to Hub. retry_reason="Hub failed to launch: Io(\"child exited with exit status: 1 without writing file \\\"/tmp/hub-root-A541AE07.config.json\\\"\")"
[10.693s] [ext: omni.protobuf.lib-1.0.0] startup
[10.694s] [ext: omni.grpc.lib-1.0.0] startup
[10.696s] [ext: omni.metrics.core-0.0.3] startup
[10.696s] [ext: omni.datastore-0.0.0] startup
[10.697s] [ext: omni.gpu_foundation.shadercache.vulkan-1.0.0] startup
[10.700s] [ext: omni.hsscclient-1.1.4] startup
[10.700s] [ext: omni.stats-1.0.1] startup
[10.701s] [ext: omni.ujitso.default-1.0.0] startup
[10.703s] [ext: omni.gpu_foundation-0.0.0] startup
[10.872s] [ext: carb.windowing.plugins-1.0.1] startup
[10.873s] [ext: omni.kit.renderer.init-1.0.1] startup
2026-08-10T12:19:15Z [10,878ms] [Warning] [omni.platforminfo.plugin] failed to open the default display.  Can't verify X Server version.

|---------------------------------------------------------------------------------------------|
| Driver Version: 580.173.02    | Graphics API: Vulkan
|=============================================================================================|
| GPU | Name                             | Active | LDA | GPU Memory | Vendor-ID | LUID       |
|     |                                  |        |     |            | Device-ID | UUID       |
|     |                                  |        |     |            | Bus-ID    |            |
|---------------------------------------------------------------------------------------------|
| 0   | NVIDIA GeForce RTX 5090 D        | Yes: 0 |     | 32853   MB | 10de      | 0          |
|     |                                  |        |     |            | 2b87      | 033d0899.. |
|     |                                  |        |     |            | 1         |            |
|=============================================================================================|
| OS: 24.04.3 LTS (Noble Numbat) ubuntu, Version: 24.04.3, Kernel: 7.0.0-28-generic
| Processor: Intel(R) Core(TM) i9-14900K
| Bare Metal Cores: 24 | Bare Metal Logical Cores: 48
| Available Cores:  32 
|---------------------------------------------------------------------------------------------|
| Total Memory (MB): 64055 | Free Memory: 49789
| Total Page/Swap (MB): 8191 | Free Page/Swap: 0
|---------------------------------------------------------------------------------------------|
2026-08-10T12:19:16Z [11,326ms] [Warning] [omni.rtx] CPU performance profile is set to powersave. This profile sets the CPU to the lowest frequency reducing performance.
[11.469s] [ext: omni.kit.pipapi-0.0.0] startup
[11.471s] [ext: omni.kit.pip_archive-0.0.0] startup
[11.472s] [ext: isaacsim.pip.newton-0.6.1] startup
[11.472s] [ext: omni.pip.compute-1.9.2] startup
[11.472s] [ext: omni.isaac.core_archive-5.3.1] startup
[11.473s] [ext: omni.kit.telemetry-0.5.2] startup
[11.504s] [ext: omni.kit.loop-isaac-1.6.0] startup
[11.506s] [ext: omni.kit.test-2.0.7] startup
[11.756s] [ext: omni.materialx.libs-1.0.9] startup
[11.763s] [ext: omni.gpucompute.plugins-0.0.0] startup
[11.764s] [ext: omni.usd.config-1.0.7] startup
[11.767s] [ext: omni.usd.libs-1.0.3] startup
[11.823s] [ext: omni.iray.libs-0.0.1] startup
[11.826s] [ext: omni.mdl-57.0.3] startup
[12.135s] [ext: omni.mdl.neuraylib-0.2.20] startup
[12.140s] [ext: omni.kit.usd.mdl-1.1.9] startup
[12.235s] [ext: omni.appwindow-1.2.2] startup
[12.236s] [ext: omni.kit.renderer.core-1.2.2] startup
2026-08-10T12:19:17Z [12,329ms] [Warning] [carb.windowing-glfw.plugin] GLFW initialization failed.
2026-08-10T12:19:17Z [12,329ms] [Warning] [carb] Failed to startup plugin carb.windowing-glfw.plugin (interfaces: [carb::windowing::IGLContext v1.0],[carb::windowing::IWindowing v1.5]) (impl: carb.windowing-glfw.plugin)
[12.370s] [ext: omni.kit.renderer.capture-2.0.1] startup
[12.372s] [ext: omni.kit.renderer.imgui-2.0.6] startup
2026-08-10T12:19:17Z [12,349ms] [Warning] [carb.windowing-glfw.plugin] GLFW initialization failed.
2026-08-10T12:19:17Z [12,349ms] [Warning] [carb] Failed to startup plugin carb.windowing-glfw.plugin (interfaces: [carb::windowing::IGLContext v1.0],[carb::windowing::IWindowing v1.5]) (impl: carb.windowing-glfw.plugin)
2026-08-10T12:19:17Z [12,351ms] [Warning] [carb.windowing-glfw.plugin] GLFW initialization failed.
2026-08-10T12:19:17Z [12,351ms] [Warning] [carb] Failed to startup plugin carb.windowing-glfw.plugin (interfaces: [carb::windowing::IGLContext v1.0],[carb::windowing::IWindowing v1.5]) (impl: carb.windowing-glfw.plugin)
[12.430s] [ext: omni.ui-3.2.0] startup
[12.442s] [ext: omni.kit.mainwindow-1.0.3] startup
[12.444s] [ext: carb.audio-0.1.0] startup
[12.446s] [ext: omni.uiaudio-1.0.0] startup
[12.447s] [ext: omni.kit.uiapp-0.0.0] startup
[12.447s] [ext: omni.usd.schema.metrics.assembler-110.1.0] startup
[12.450s] [ext: omni.usd.schema.audio-0.0.1] startup
[12.452s] [ext: omni.usd_resolver-1.0.0] startup
[12.455s] [ext: omni.usd.core-1.8.3] startup
[12.457s] [ext: omni.metropolis.schema-0.0.3] startup
[12.458s] [ext: isaacsim.anim.robot.schema-0.1.1] startup
[12.458s] [ext: omni.usd.schema.anim-0.0.1] startup
[12.473s] [ext: omni.usd.schema.geospatial-0.0.1] startup
[12.475s] [ext: omni.usd.schema.omnigraph-1.0.1] startup
[12.482s] [ext: omni.usd.schema.semantics-0.0.0] startup
[12.485s] [ext: omni.activity.core-1.0.3] startup
[12.486s] [ext: omni.cubric-0.1.0] startup
[12.487s] [ext: omni.graph.exec-0.9.6] startup
[12.487s] [ext: omni.hydra.scene_delegate-0.3.5] startup
[12.490s] [ext: usdrt.scenegraph-7.6.3] startup
[12.526s] [ext: omni.hydra.usdrt_delegate-7.5.2] startup
[12.532s] [ext: omni.inspect-1.0.2] startup
[12.533s] [ext: omni.kit.actions.core-1.0.0] startup
[12.536s] [ext: omni.kit.audiodeviceenum-1.0.2] startup
[12.537s] [ext: omni.kit.commands-1.5.0] startup
[12.546s] [ext: omni.kit.exec.core-0.13.5] startup
[12.547s] [ext: omni.kit.usd_undo-0.1.8] startup
[12.549s] [ext: omni.kit.window.popup_dialog-2.0.25] startup
[12.558s] [ext: omni.kit.widget.nucleus_connector-2.3.1] startup
[12.569s] [ext: omni.timeline-1.1.0] startup
[12.571s] [ext: omni.usd-1.16.0] startup
[12.665s] [ext: omni.graph.core-3.1.2] startup
[12.667s] [ext: omni.kit.notification_manager-1.0.11] startup
[12.672s] [ext: isaacsim.core.deprecation_manager-0.4.2] startup
[12.674s] [ext: isaacsim.replicator.agent.schema-0.1.1] startup
[12.675s] [ext: isaacsim.robot.schema-6.3.7] startup
[12.682s] [ext: isaacsim.robot_motion.schema-0.2.1] startup
[12.683s] [ext: omni.anim.behavior.schema-110.1.0] startup
[12.686s] [ext: omni.anim.graph.schema-110.1.1] startup
[12.694s] [ext: omni.anim.navigation.schema-110.1.0] startup
[12.697s] [ext: omni.behavior.tree.schema-110.1.0] startup
[12.698s] [ext: omni.isaac.ml_archive-3.3.0] startup
[12.699s] [ext: omni.kit.asset_converter-6.0.1] startup
[12.712s] [ext: omni.pip.cloud-1.5.4] startup
[12.724s] [ext: omni.usd.schema.flow-110.0.0] startup
[12.725s] [ext: omni.usd.schema.mujoco-1.1.1] startup
[12.726s] [ext: omni.usd.schema.newton-1.2.1] startup
[12.727s] [ext: omni.usd.schema.omni_lens_distortion-1.0.0] startup
[12.727s] [ext: omni.usd.schema.omni_projectors-1.0.0] startup
[12.728s] [ext: omni.usd.schema.omni_sensors-0.0.0] startup
[12.734s] [ext: omni.usd.schema.omniscripting-1.0.1] startup
[12.738s] [ext: omni.usd.schema.physical_lighting-0.1.0] startup
[12.741s] [ext: omni.usd.schema.physx-110.1.13] startup
[12.763s] [ext: omni.usd.schema.render_settings.rtx-1.0.2] startup
[12.767s] [ext: omni.usd.schema.usd_particle_field-1.0.0] startup
[12.767s] [ext: isaacsim.core.version-2.1.1] startup
[12.768s] [ext: omni.kit.menu.core-1.2.0] startup
[12.771s] [ext: omni.kit.menu.utils-2.2.4] startup
[12.802s] [ext: isaacsim.app.about-2.3.1] startup
[12.809s] [ext: isaacsim.asset.transformer-1.2.5] startup
[12.816s] [ext: omni.scene.optimizer.core-110.1.0] startup
[12.865s] [ext: isaacsim.asset.importer.utils-1.8.1] startup
[12.875s] [ext: omni.convexdecomposition-110.1.13] startup
[12.879s] [ext: omni.physics-110.1.13] startup
[12.883s] [ext: omni.physx.gpu-110.1.13] startup
[12.884s] [ext: omni.physx.foundation-110.1.13] startup
[12.885s] [ext: omni.usdphysics-110.1.13] startup
[12.887s] [ext: omni.physx.cooking-110.1.13] startup
[12.889s] [ext: omni.physx-110.1.13] startup
[12.905s] [ext: omni.physics.physx-110.1.13] startup
[12.907s] [ext: isaacsim.asset.exporter.urdf-2.0.5] startup
[12.932s] [ext: omni.kit.clipboard-1.1.1] startup
[12.933s] [ext: omni.kit.usd.layers-2.6.1] startup
[12.961s] [ext: omni.kit.widget.context_menu-1.4.0] startup
[12.968s] [ext: omni.kit.context_menu-1.9.0] startup
[12.978s] [ext: omni.kit.helper.file_utils-0.1.10] startup
[12.983s] [ext: omni.kit.widget.nucleus_info-2.0.2] startup
[12.985s] [ext: omni.kit.search_core-1.0.8] startup
[12.987s] [ext: omni.kit.widget.path_field-2.0.13] startup
[12.992s] [ext: omni.kit.widget.browser_bar-2.0.10] startup
[12.996s] [ext: omni.kit.widget.filebrowser-2.13.4] startup
[13.027s] [ext: omni.kit.widget.options_menu-1.1.6] startup
[13.035s] [ext: omni.kit.widget.options_button-1.0.3] startup
[13.037s] [ext: omni.kit.widget.search_delegate-1.0.9] startup
[13.040s] [ext: omni.ui.scene-2.0.3] startup
[13.045s] [ext: omni.kit.window.filepicker-2.15.5] startup
[13.111s] [ext: omni.kit.window.file_importer-1.1.21] startup
[13.115s] [ext: omni.kit.material.library-3.1.2] startup
[13.139s] [ext: isaacsim.asset.transformer.rules-1.7.10] startup
[13.198s] [ext: omni.usdex.libs-2.2.2] startup
[13.205s] [ext: isaacsim.asset.importer.mjcf-3.10.1] startup
[13.209s] [ext: isaacsim.asset.importer.urdf-3.11.2] startup
[13.218s] [ext: omni.kit.primitive.mesh-1.1.0] startup
[13.230s] [ext: omni.kit.stage_template.core-1.1.22] startup
[13.232s] [ext: omni.kit.stage_templates-2.0.2] startup
[13.236s] [ext: omni.usd.metrics.assembler-110.1.2] startup
[13.239s] [ext: omni.warp.core-1.13.0] startup
[13.608s] [ext: isaacsim.core.experimental.utils-0.17.2] startup
[13.609s] [ext: omni.physics.stageupdate-110.1.13] startup
[13.611s] [ext: omni.physics.tensors-110.1.13] startup
[13.624s] [ext: omni.physx.tensors-110.1.13] startup
[13.627s] [ext: isaacsim.core.simulation_manager-1.15.6] startup
[13.653s] [ext: isaacsim.storage.native-1.9.3] startup
[13.658s] [ext: omni.usd.metrics.assembler.physics-110.1.13] startup
[13.666s] [ext: isaacsim.core.utils-4.1.7] startup
[13.671s] [ext: isaacsim.core.prims-0.11.7] startup
[15.978s] [ext: isaacsim.core.api-5.2.13] startup
[16.020s] [ext: isaacsim.core.cloner-1.7.3] startup
[16.025s] [ext: isaacsim.test.docstring-1.3.2] startup
[16.051s] [ext: isaacsim.core.experimental.prims-1.8.9] startup
[16.109s] [ext: isaacsim.core.experimental.primdata-0.3.2] startup
[16.111s] [ext: omni.graph.tools-1.81.0] startup
[16.219s] [ext: omni.graph-1.142.5] startup
[16.311s] [ext: isaacsim.core.experimental.actuators-0.1.2] startup
[16.338s] [ext: isaacsim.core.experimental.materials-0.7.1] startup
[16.352s] [ext: isaacsim.core.experimental.objects-0.8.1] startup
[16.611s] [ext: omni.hydra.engine.stats-1.0.5] startup
[16.614s] [ext: omni.hydra.rtx.shadercache.vulkan-1.0.0] startup
[16.615s] [ext: omni.index.libs-387500.4413.0] startup
[16.615s] [ext: omni.index-1.0.1] startup
[16.615s] [ext: omni.ujitso.client-0.0.0] startup
[16.616s] [ext: omni.usd.schema.playback-1.0.0] startup
[16.619s] [ext: omni.volume-0.5.2] startup
[16.622s] [ext: omni.hydra.rtx-1.0.4] startup
2026-08-10T12:19:21Z [16,608ms] [Warning] [omni.log] Source: omni.hydra was already registered.
[16.645s] [ext: omni.kit.hydra_texture-1.6.0] startup
[16.649s] [ext: omni.kit.raycast.query-1.2.0] startup
[16.653s] [ext: omni.kit.viewport.legacy_gizmos-1.0.24] startup
[16.656s] [ext: omni.kit.viewport.registry-104.0.6] startup
[16.657s] [ext: omni.kit.viewport.scene_camera_model-1.0.7] startup
[16.661s] [ext: omni.kit.widget.viewport-109.2.0] startup
[16.680s] [ext: omni.kit.window.drop_support-1.0.8] startup
[16.681s] [ext: omni.kit.viewport.window-109.0.2] startup
[16.726s] [ext: omni.kit.viewport.utility-2.0.1] startup
[16.730s] [ext: isaacsim.core.rendering_manager-0.4.3] startup
[16.755s] [ext: omni.graph.action_core-1.1.9] startup
[16.757s] [ext: omni.graph.action_nodes_core-2.11.0] startup
[16.760s] [ext: omni.graph.action_nodes-2.11.0] startup
[16.851s] [ext: omni.graph.action-2.10.2] startup
[16.853s] [ext: omni.graph.image.core-0.6.1] startup
[16.853s] [ext: omni.graph.image.nodes-1.3.1] startup
[16.854s] [ext: omni.graph.nodes_core-2.11.0] startup
[16.859s] [ext: omni.graph.nodes-2.12.0] startup
[16.866s] [ext: omni.kit.hotkeys.core-1.3.12] startup
[16.867s] [ext: omni.kit.property.adapter.core-1.1.1] startup
[16.871s] [ext: omni.kit.property.adapter.usd-1.0.5] startup
[16.875s] [ext: omni.kit.widget.filter-1.1.5] startup
[16.879s] [ext: omni.kit.widget.highlight_label-1.0.3] startup
[16.881s] [ext: omni.kit.widget.searchfield-1.1.8] startup
[16.888s] [ext: omni.kit.window.file_exporter-1.0.36] startup
[16.892s] [ext: omni.kit.widget.stage-4.4.0] startup
[16.933s] [ext: omni.kit.window.content_browser_registry-0.0.6] startup
[16.935s] [ext: omni.kit.window.file-2.0.10] startup
[16.953s] [ext: omni.kit.window.content_browser-3.1.8] startup
[16.978s] [ext: omni.kit.window.property-1.15.1] startup
[17.052s] [ext: omni.kit.property.usd-4.9.4] startup
[17.120s] [ext: omni.graph.scriptnode-2.10.2] startup
[17.134s] [ext: omni.kit.widget.searchable_combobox-1.0.7] startup
[17.138s] [ext: omni.kit.widget.settings-2.0.0] startup
[17.148s] [ext: omni.kit.window.preferences-1.8.3] startup
[17.168s] [ext: omni.kit.viewport.menubar.core-107.2.2] startup
[17.207s] [ext: omni.syntheticdata-0.6.15] startup
[17.267s] [ext: omni.replicator.nv-1.1.1] startup
[17.273s] [ext: omni.videoencoding-0.2.1] startup
[17.278s] [ext: omni.replicator.core-1.13.27] startup
2026-08-10T12:19:22Z [17,320ms] [Warning] [pxr.Semantics] pxr.Semantics is deprecated - please use Semantics instead
2026-08-10T12:19:22Z [17,481ms] [Warning] [omni.replicator.core.scripts.extension] No material configuration file, adding configuration to material settings directly.
[17.926s] [ext: isaacsim.core.nodes-5.10.5] startup
[17.997s] [ext: isaacsim.core.throttling-2.3.5] startup
[18.000s] [ext: omni.kit.manipulator.viewport-107.0.1] startup
[18.003s] [ext: omni.graph.visualization.nodes-2.1.4] startup
[18.041s] [ext: omni.kit.window.extensions-1.5.10] startup
[18.072s] [ext: isaacsim.gui.components-1.8.5] startup
[18.106s] [ext: isaacsim.robot.surface_gripper-3.6.2] startup
[18.123s] [ext: isaacsim.robot.manipulators-3.4.4] startup
[18.144s] [ext: isaacsim.robot_motion.lula-4.1.3] startup
[18.154s] [ext: isaacsim.robot_motion.motion_generation-8.2.9] startup
[18.177s] [ext: isaacsim.cortex.framework-1.0.18] startup
[18.179s] [ext: isaacsim.cortex.behaviors-2.0.17] startup
[18.180s] [ext: isaacsim.examples.base-1.3.2] startup
[18.183s] [ext: omni.kit.widget.zoombar-1.0.7] startup
[18.185s] [ext: omni.kit.browser.core-2.3.18] startup
[18.203s] [ext: omni.kit.browser.folder.core-2.0.2] startup
[18.230s] [ext: omni.kit.widget.stage_icons-1.0.8] startup
[18.231s] [ext: omni.kit.window.stage-2.6.1] startup
[18.237s] [ext: omni.kit.menu.stage-1.2.7] startup
[18.240s] [ext: omni.kit.usd.collect-3.0.6] startup
[18.252s] [ext: omni.kit.widget.prompt-1.0.7] startup
[18.255s] [ext: omni.kit.tool.collect-2.2.19] startup
[18.264s] [ext: isaacsim.examples.browser-0.3.2] startup
[18.270s] [ext: omni.kit.search.files-1.0.4] startup
[18.272s] [ext: omni.kit.widget.calendar-1.0.9] startup
[18.275s] [ext: omni.kit.widget.extended_searchfield-1.0.31] startup
[18.300s] [ext: omni.simready.content.browser-0.3.7] startup
[18.645s] [ext: isaacsim.gui.content_browser-0.4.3] startup
[18.650s] [ext: omni.kit.selection-0.1.6] startup
[18.652s] [ext: isaacsim.gui.menu-2.10.5] startup
[18.673s] [ext: isaacsim.gui.property-1.6.4] startup
[18.699s] [ext: omni.kit.viewport.actions-110.0.0] startup
[18.706s] [ext: omni.kit.viewport.menubar.display-107.1.3] startup
[18.710s] [ext: isaacsim.gui.sensors.icon-2.2.1] startup
[18.717s] [ext: omni.behavior.scripting.core-110.1.0] startup
[18.727s] [ext: isaacsim.replicator.behavior-1.5.4] startup
[18.728s] [ext: isaacsim.replicator.experimental.domain_randomization-1.2.5] startup
[18.765s] [ext: isaacsim.replicator.domain_randomization-1.2.2] startup
[18.857s] [ext: isaacsim.replicator.writers-1.5.4] startup
[18.931s] [ext: isaacsim.robot.experimental.wheeled_robots-0.2.11] startup
[18.998s] [ext: isaacsim.robot.policy.examples-5.2.12] startup
[19.050s] [ext: isaacsim.robot.wheeled_robots-5.2.4] startup
[19.058s] [ext: isaacsim.robot.wheeled_robots.nodes-0.1.5] startup
[19.109s] [ext: isaacsim.robot_motion.experimental.motion_generation-6.1.3] startup
[19.134s] [ext: isaacsim.robot_motion.cumotion-1.3.1] startup
[19.157s] [ext: omni.kit.numpy.common-0.1.3] startup
[19.159s] [ext: isaacsim.sensors.camera-1.7.9] startup
[19.202s] [ext: isaacsim.sensors.experimental.physics-3.0.2] startup
[19.216s] [ext: omni.sensors.net-1.0.1] startup
[19.219s] [ext: omni.sensors.nv.common-3.0.0] startup
[19.228s] [ext: omni.sensors.nv.materials-2.0.0] startup
[19.231s] [ext: omni.sensors.nv.acoustic-3.0.0] startup
[19.234s] [ext: omni.sensors.nv.ids-2.0.1] startup
[19.236s] [ext: omni.sensors.nv.lidar-3.0.0] startup
[19.239s] [ext: omni.sensors.nv.radar-3.0.0] startup
[19.242s] [ext: isaacsim.sensors.experimental.rtx-1.4.6] startup
[20.021s] [ext: isaacsim.sensors.physics.nodes-1.5.3] startup
[20.028s] [ext: isaacsim.util.debug_draw-3.2.3] startup
[20.034s] [ext: isaacsim.sensors.physx-2.5.5] startup
[20.045s] [ext: isaacsim.sensors.rtx-15.17.1] startup
[20.065s] [ext: isaacsim.simulation_app-2.18.4] startup
[20.066s] [ext: omni.anim.curve.core-1.6.0] startup
[20.096s] [ext: omni.graph.ui_nodes-2.11.1] startup
[20.235s] [ext: omni.hydra.scene_api-0.1.3] startup
[20.239s] [ext: omni.kit.manipulator.camera-110.0.0] startup
[20.258s] [ext: omni.kit.manipulator.selector-1.1.4] startup
[20.261s] [ext: omni.kit.manipulator.transform-107.0.0] startup
[20.278s] [ext: omni.kit.widget.toolbar-2.1.0] startup
[20.295s] [ext: omni.kit.manipulator.tool.snap-1.5.14] startup
[20.307s] [ext: omni.kit.viewport.manipulator.transform-107.0.4] startup
[20.311s] [ext: omni.kit.manipulator.prim.core-108.0.2] startup
[20.330s] [ext: omni.kit.manipulator.prim.usd-107.0.3] startup
[20.334s] [ext: omni.kit.manipulator.prim-108.0.0] startup
[20.334s] [ext: omni.kit.manipulator.selection-109.0.1] startup
[20.337s] [ext: omni.kit.menu.create-2.0.2] startup
[20.340s] [ext: omni.kit.property.audio-1.0.16] startup
[20.346s] [ext: omni.kit.property.camera-1.0.14] startup
[20.349s] [ext: omni.kit.property.geometry-2.1.2] startup
[20.358s] [ext: omni.kit.property.light-1.0.14] startup
2026-08-10T12:19:25Z [20,361ms] [Warning] [omni.usd] Encountered USD Warnings but USD Diagnostics are currently muted. To view USD Warnings, please set the '/persistent/app/usd/muteUsdDiagnostics' setting to false in Preferences page.
[20.391s] [ext: omni.kit.property.material-1.14.6] startup
[20.412s] [ext: omni.kit.property.render-1.2.2] startup
[20.414s] [ext: omni.kit.property.transform-1.6.9] startup
[20.433s] [ext: omni.kit.property.bundle-1.5.1] startup
[20.436s] [ext: omni.kit.usdz_export-1.1.0] startup
[20.441s] [ext: omni.kit.tool.asset_importer-6.0.1] startup
[20.460s] [ext: omni.kit.ui.actions-1.0.5] startup
[20.463s] [ext: omni.kit.viewport.menubar.camera-107.0.10] startup
[20.478s] [ext: omni.kit.viewport.menubar.lighting-107.3.2] startup
[20.487s] [ext: omni.kit.viewport.menubar.render-110.0.0] startup
[20.496s] [ext: omni.kit.viewport.menubar.settings-110.0.1] startup
[20.509s] [ext: omni.kit.window.console-1.1.9] startup
[20.517s] [ext: omni.kit.window.status_bar-0.1.11] startup
[20.519s] [ext: omni.kit.window.toolbar-3.0.3] startup
[20.522s] [ext: omni.ocio-0.1.1] startup
[20.523s] [ext: omni.physx.commands-110.1.13] startup
[20.539s] [ext: omni.replicator.replicator_yaml-2.0.12] startup
[20.559s] [ext: omni.rtx.window.settings-0.8.0] startup
[20.569s] [ext: omni.rtx.settings.core-0.7.1] startup
[20.584s] [ext: omni.usd.metrics.assembler.ui-110.1.1] startup
[20.597s] [ext: semantics.schema.editor-2.0.2] startup
[20.605s] [ext: semantics.schema.property-2.0.2] startup
[20.609s] [ext: omni.kit.menu.common-2.0.2] startup
[20.612s] [ext: isaacsim.exp.base-6.0.1] startup
[20.612s] [ext: isaacsim.exp.base.python-6.0.1] startup
[20.613s] Simulation App Starting
[23.265s] Simulation App Startup Complete
[23.267s] app ready
2026-08-10T12:19:30Z [25,739ms] [Error] [omni.kit.app._impl] [py stderr]: Traceback (most recent call last):
2026-08-10T12:19:30Z [25,739ms] [Error] [omni.kit.app._impl] [py stderr]:   File "/workspace/tools/v3/isaac/probe_exact_rtx_lidar_profile.py", line 408, in <module>
    exit_code = main()
                ^^^^^^
2026-08-10T12:19:30Z [25,739ms] [Error] [omni.kit.app._impl] [py stderr]:   File "/workspace/tools/v3/isaac/probe_exact_rtx_lidar_profile.py", line 343, in main
    scan, rendered_frames = _capture_first_complete_scan(writer)
                            ^^^^^^^^^^^^^^^^^^^^^^^^^^^^^^^^^^^^
2026-08-10T12:19:30Z [25,739ms] [Error] [omni.kit.app._impl] [py stderr]:   File "/workspace/tools/v3/isaac/probe_exact_rtx_lidar_profile.py", line 260, in _capture_first_complete_scan
    raise RuntimeError(
2026-08-10T12:19:30Z [25,739ms] [Error] [omni.kit.app._impl] [py stderr]: RuntimeError: no valid complete GMO scan from Writer callback within 300 render frames; callbacks=0, zero_elements=0, parse_failures=[]
Starting kit application with the following args:  ['/isaac-sim/exts/isaacsim.simulation_app/isaacsim/simulation_app/simulation_app.py', '/isaac-sim/apps/isaacsim.exp.base.python.kit', '--/app/tokens/exe-path=/isaac-sim/kit', '--/persistent/app/viewport/displayOptions=3094', '--/rtx/materialDb/syncLoads=True', '--/rtx/hydra/materialSyncLoads=True', '--/omni/kit/plugin/syncUsdLoads=True', '--/app/renderer/resolution/width=1280', '--/app/renderer/resolution/height=720', '--/app/window/width=1440', '--/app/window/height=900', '--/renderer/multiGpu/enabled=True', '--/app/fastShutdown=True', '--/app/installSignalHandlers=0', '--ext-folder', '/isaac-sim/exts', '--ext-folder', '/isaac-sim/apps', '--/physics/cudaDevice=0', '--/renderer/raytracingMotion/enabled=true', '--/renderer/raytracingMotion/enableHydraEngineMasking=true', "--/renderer/raytracingMotion/enabledForHydraEngines='0'", '--/plugins/carb.tasking.plugin/threadCount=32', '--/plugins/omni.tbb.globalcontrol/maxThreadCount=32', '--portable', '--no-window', '--/app/window/hideUi=1', '--allow-root']
Passing the following args to the base kit application:  ['--probe-sensor-usda', '/workspace/configs/v3/gate0/sensors/mtare_vlp16_720_50m_v1.usda', '--probe-source-json', '/workspace/configs/v3/gate0/sensors/mtare_vlp16_720_50m_v1.json', '--probe-output-dir', '/workspace/results/gate0_baseline/gate0_20260810_cano_exact_profile_writer_probe_v2_seed0/artifacts/runtime', '--probe-metrics-dir', '/workspace/results/gate0_baseline/gate0_20260810_cano_exact_profile_writer_probe_v2_seed0/metrics']
Warp 1.13.0 initialized:
   CUDA Toolkit 12.9, Driver 13.0
   Devices:
     "cpu"      : "x86_64"
     "cuda:0"   : "NVIDIA GeForce RTX 5090 D" (31 GiB, sm_120, mempool enabled)
   Kernel cache:
     /root/.cache/warp/1.13.0
2026-08-10T12:19:31Z [26,442ms] [Warning] [omni.replicator.core.scripts.orchestrator] Timed out while waiting for pending Replicator writer schedules to drain.
2026-08-10T12:19:31Z [26,443ms] [Warning] [omni.replicator.core.scripts.orchestrator] Timed out while waiting for pending Replicator writer schedules to drain.
[26.602s] Simulation App Shutting Down
finished_at_utc=2026-08-10T12:19:32.550590+00:00
duration_seconds=28.201546
exit_code=0
