{
  "status": "COMPLETED_PHASE3_MASKING_CORRECTIVE_EXECUTOR",
  "mode": "M1D",
  "seed": 2,
  "epochs_completed": 18,
  "best_epoch": 12,
  "best_direction_validation_f1": 0.8873250894890986,
  "best_validation": {
    "loss": {
      "total": 0.165310930557251,
      "direction": 0.0905877661728859,
      "count": 0.1180134654186666,
      "role": 0.18087919025421142
    },
    "role": {
      "confusion_matrix": [
        [
          9868,
          239,
          143
        ],
        [
          213,
          1646,
          16
        ],
        [
          11,
          6,
          358
        ]
      ],
      "precision": [
        0.977804201347602,
        0.8704389212057113,
        0.6924564796905223
      ],
      "recall": [
        0.9627317073170731,
        0.8778666666666667,
        0.9546666666666667
      ],
      "f1": [
        0.9702094189361912,
        0.8741370154009559,
        0.8026905829596412
      ],
      "support": [
        10250,
        1875,
        375
      ],
      "macro_f1_present": 0.8823456724322627,
      "accuracy": 0.94976
    },
    "count": {
      "confusion_matrix": [
        [
          159,
          19,
          0,
          0,
          0,
          0
        ],
        [
          11,
          11166,
          70,
          4,
          0,
          0
        ],
        [
          0,
          216,
          688,
          3,
          0,
          0
        ],
        [
          0,
          36,
          114,
          12,
          0,
          0
        ],
        [
          0,
          0,
          1,
          0,
          0,
          0
        ],
        [
          0,
          0,
          0,
          1,
          0,
          0
        ]
      ],
      "precision": [
        0.9352941176470588,
        0.9763049750808779,
        0.7880870561282932,
        0.6,
        0.0,
        0.0
      ],
      "recall": [
        0.8932584269662921,
        0.9924451159896898,
        0.7585446527012127,
        0.07407407407407407,
        0.0,
        0.0
      ],
      "f1": [
        0.9137931034482758,
        0.984308885754584,
        0.7730337078651687,
        0.13186813186813187,
        0.0,
        0.0
      ],
      "support": [
        178,
        11251,
        907,
        162,
        1,
        1
      ],
      "macro_f1_present": 0.46716730482269336,
      "accuracy": 0.962,
      "macro_f1_count_1_to_4": 0.70075095723404
    },
    "direction": {
      "mean_bce": 0.09058776621356607,
      "threshold": 0.5,
      "matching_tolerance_deg": 20.0,
      "matched": 21814,
      "predicted": 23108,
      "truth": 26060,
      "precision": 0.9440020772027004,
      "recall": 0.8370683039140445,
      "f1": 0.8873250894890986,
      "mean_matched_angular_error_deg": 3.5103719887209768
    },
    "representation": {
      "same_cluster_cosine": {
        "pairs": 25000,
        "mean": 0.9821294281075821,
        "p05": 0.9006977091427376,
        "minimum": 0.17775257607780484
      }
    },
    "frames": 12500
  },
  "stability": {
    "cuda": {
      "frames": 2048,
      "fixed_masking_z_role_cosine_mean": 0.9993698596954346,
      "fixed_masking_z_role_cosine_p05": 0.9984099864959717,
      "rotation_shift_deg": 6.0,
      "rotation_direction_max_absolute_logit_error": 0.00595855712890625,
      "rotation_z_role_minimum_cosine": 0.9999998807907104
    },
    "cpu": {
      "frames": 2048,
      "fixed_masking_z_role_cosine_mean": 0.9993699789047241,
      "fixed_masking_z_role_cosine_p05": 0.9984109997749329,
      "rotation_shift_deg": 6.0,
      "rotation_direction_max_absolute_logit_error": 9.5367431640625e-06,
      "rotation_z_role_minimum_cosine": 0.9999998807907104
    }
  },
  "augmentation": {
    "scope": "train_only",
    "probability": 0.5,
    "period_columns": 10,
    "masked_range_value_normalized": 1.0,
    "masked_valid_value": 0.0,
    "samples": 1800000,
    "augmented_samples": 899242,
    "phase_counts": [
      89824,
      89079,
      89854,
      90256,
      89975,
      89773,
      90050,
      90576,
      90174,
      89681
    ]
  },
  "parameters": 521098,
  "duration_seconds": 1618.4810079680028,
  "train_frames": 100000,
  "validation_frames": 12500,
  "strict_test_frames_read": 0,
  "mtare_frames_read": 0
}

duration_seconds=1621.502739
exit_code=0
