{"c07": {"axis": 0.040523871853522346, "cardinality": 0.2661741807291304, "global_geometry": 0.004937173819696437, "peak_geometry": -2.199045469062944, "set_nll": 3.3931815957279534, "total": 1.5057713511355493}, "epoch": 0, "optimizer_steps": 1137, "train": {"axis": 0.37115286965792893, "cardinality": 0.48468357504314613, "global_geometry": 0.01316065018640689, "peak_geometry": -2.0281866196909157, "set_nll": 3.556651236752992, "total": 2.3974617079536693}}
{"c07": {"axis": 0.02025878213114168, "cardinality": 0.219410865765576, "global_geometry": 0.004280881549295502, "peak_geometry": -2.272286893574807, "set_nll": 3.2678629139789916, "total": 1.239526543025628}, "epoch": 1, "optimizer_steps": 1137, "train": {"axis": 0.030903278205637607, "cardinality": 0.2063962795394581, "global_geometry": 0.004081786920124782, "peak_geometry": -2.2661897359044993, "set_nll": 3.231807774307691, "total": 1.2069993796638094}}
{"c07": {"axis": 0.014976084348788865, "cardinality": 0.1897503023483765, "global_geometry": 0.003945715849627783, "peak_geometry": -2.275390995064405, "set_nll": 3.191282554307452, "total": 1.1245636676306934}, "epoch": 2, "optimizer_steps": 1137, "train": {"axis": 0.019127172131095757, "cardinality": 0.16292171668900476, "global_geometry": 0.0037432234847816965, "peak_geometry": -2.306712772094599, "set_nll": 3.1169974051429756, "total": 0.9960767438408125}}
{"c07": {"axis": 0.014195825560418646, "cardinality": 0.139610578940566, "global_geometry": 0.0036444290167922115, "peak_geometry": -2.276979896538506, "set_nll": 3.0942432547359138, "total": 0.9747141921536276}, "epoch": 3, "optimizer_steps": 1137, "train": {"axis": 0.01343383973834635, "cardinality": 0.1381028359901843, "global_geometry": 0.003452507013399344, "peak_geometry": -2.325291389093773, "set_nll": 3.019936348217753, "total": 0.8496341417223787}}
{"c07": {"axis": 0.013130011031708326, "cardinality": 0.1278199405950499, "global_geometry": 0.0033865902279244103, "peak_geometry": -2.3039646514475134, "set_nll": 3.0570188454933724, "total": 0.8973907237885966}, "epoch": 4, "optimizer_steps": 1137, "train": {"axis": 0.011279362370901972, "cardinality": 0.1157539509878587, "global_geometry": 0.0032599002506123404, "peak_geometry": -2.3382630025817983, "set_nll": 2.9386577907427145, "total": 0.730688000876235}}
{"c07": {"axis": 0.010307865906073703, "cardinality": 0.13406724733912645, "global_geometry": 0.0033312038056303697, "peak_geometry": -2.307537958952587, "set_nll": 3.0920005339692778, "total": 0.9321688996568801}, "epoch": 5, "optimizer_steps": 1137, "train": {"axis": 0.009740270041201933, "cardinality": 0.10086240343007404, "global_geometry": 0.0031509560990790227, "peak_geometry": -2.34682004510642, "set_nll": 2.8598858673189014, "total": 0.6268194488101477}}
{"c07": {"axis": 0.00882996069346054, "cardinality": 0.11485317122494255, "global_geometry": 0.0032243927487064176, "peak_geometry": -2.3124853832637178, "set_nll": 3.095064870342377, "total": 0.909487018871002}, "epoch": 6, "optimizer_steps": 1137, "train": {"axis": 0.008929495598723735, "cardinality": 0.09036942036345284, "global_geometry": 0.0030107452974068288, "peak_geometry": -2.357490069796558, "set_nll": 2.7909938451884693, "total": 0.5358134336403927}}
{"c07": {"axis": 0.007873340107137973, "cardinality": 0.12821042444490027, "global_geometry": 0.003051366707438468, "peak_geometry": -2.3222647483790984, "set_nll": 2.9422193381811574, "total": 0.7590897018409725}, "epoch": 7, "optimizer_steps": 1137, "train": {"axis": 0.007717727042928454, "cardinality": 0.08799925184211409, "global_geometry": 0.002913962143437511, "peak_geometry": -2.362121488356747, "set_nll": 2.743089650016399, "total": 0.47959910010377044}}
{"c07": {"axis": 0.008768513996621893, "cardinality": 0.09533265750492942, "global_geometry": 0.0030475576854711067, "peak_geometry": -2.324927351969125, "set_nll": 2.8979674833414393, "total": 0.6801888722402888}, "epoch": 8, "optimizer_steps": 1137, "train": {"axis": 0.008510339962801376, "cardinality": 0.08252413482833656, "global_geometry": 0.002846820594152944, "peak_geometry": -2.3660528480332537, "set_nll": 2.689195185683423, "total": 0.41702362885427763}}
{"c07": {"axis": 0.00751153414981505, "cardinality": 0.12276833397527476, "global_geometry": 0.002929531646549979, "peak_geometry": -2.315068592227676, "set_nll": 2.9551389274469706, "total": 0.7732797383277341}, "epoch": 9, "optimizer_steps": 1137, "train": {"axis": 0.006981274928637684, "cardinality": 0.0801592062752968, "global_geometry": 0.002798178282131591, "peak_geometry": -2.370130420210714, "set_nll": 2.642798488138966, "total": 0.3626067249211488}}
{"best_c07_validation_loss": 0.6801888722402888, "best_epoch": 8, "c07_checkpoint_observations": 21548, "c08_checkpoint_observations": 0, "c09_worlds_read": 0, "c10_worlds_read": 0, "development_output_observations": 45942, "duration_seconds": 1746.378931122017, "epochs": 10, "final_inference_c07_observations": 21548, "final_inference_c08_observations": 24394, "fit_observations": 142184, "mtare_worlds_read": 0, "optimizer_steps": 11370, "parameters": 769784, "peak_gpu_memory_bytes": 7923706368, "schema_version": "gse_circular_peak_geometry_training_seed_v1", "seed": 1}
	Command being timed: "/home/zeng-workstation/.local/share/mtare_topo_comm/envs/phase3_torch290_cu129_zarr2187_v1/bin/python /home/zeng-workstation/mtare_topo_comm/tools/v3/train_gse_circular_exit_set_process_v1.py --teacher-root /home/zeng-workstation/mtare_topo_comm/results/gate2_representation/gate2_20260829_gse_circular_exit_geometry_field_teacher_export_v1_seed0/artifacts/export/teacher --source-root /home/zeng-workstation/mtare_topo_comm/results/gate2_representation/gate2_20260824_gse_deduplicated_dataset_export_v1_seed0/artifacts/dataset/train --output-dir /home/zeng-workstation/mtare_topo_comm/results/gate3_semantics/gate3_20260829_gse_circular_exit_set_process_three_seed_training_v1_seed0/artifacts/models/seed1 --seed 1 --epochs 10 --batch-size 128 --evaluation-batch-size 256 --learning-rate 0.0003 --weight-decay 0.0001"
	User time (seconds): 1679.96
	System time (seconds): 108.97
	Percent of CPU this job got: 102%
	Elapsed (wall clock) time (h:mm:ss or m:ss): 29:07.31
	Average shared text size (kbytes): 0
	Average unshared data size (kbytes): 0
	Average stack size (kbytes): 0
	Average total size (kbytes): 0
	Maximum resident set size (kbytes): 3303940
	Average resident set size (kbytes): 0
	Major (requiring I/O) page faults: 0
	Minor (reclaiming a frame) page faults: 18209517
	Voluntary context switches: 2682588
	Involuntary context switches: 6787
	Swaps: 0
	File system inputs: 0
	File system outputs: 247080
	Socket messages sent: 0
	Socket messages received: 0
	Signals delivered: 0
	Page size (bytes): 4096
	Exit status: 0
