{"frames": 1692, "index": 1, "of": 90, "sequences": 1252, "shard_mib": 43.44339370727539, "world": "S01_flat_tree_small_C01"}
{"frames": 1582, "index": 2, "of": 90, "sequences": 1134, "shard_mib": 38.16500377655029, "world": "S01_flat_tree_small_C02"}
{"frames": 1962, "index": 3, "of": 90, "sequences": 1522, "shard_mib": 48.63991069793701, "world": "S01_flat_tree_small_C03"}
{"frames": 1292, "index": 4, "of": 90, "sequences": 860, "shard_mib": 33.906389236450195, "world": "S01_flat_tree_small_C04"}
{"frames": 1600, "index": 5, "of": 90, "sequences": 1176, "shard_mib": 41.19603633880615, "world": "S01_flat_tree_small_C05"}
{"frames": 1648, "index": 6, "of": 90, "sequences": 1224, "shard_mib": 41.259361267089844, "world": "S01_flat_tree_small_C06"}
{"frames": 1452, "index": 7, "of": 90, "sequences": 1004, "shard_mib": 35.98866081237793, "world": "S01_flat_tree_small_C07"}
{"frames": 1650, "index": 8, "of": 90, "sequences": 1218, "shard_mib": 40.26836395263672, "world": "S01_flat_tree_small_C08"}
{"frames": 1930, "index": 9, "of": 90, "sequences": 1474, "shard_mib": 48.22791385650635, "world": "S01_flat_tree_small_C09"}
{"frames": 1754, "index": 10, "of": 90, "sequences": 1314, "shard_mib": 50.798298835754395, "world": "S02_3d_tree_small_C01"}
{"frames": 1660, "index": 11, "of": 90, "sequences": 1212, "shard_mib": 47.763508796691895, "world": "S02_3d_tree_small_C02"}
{"frames": 2066, "index": 12, "of": 90, "sequences": 1618, "shard_mib": 59.25607395172119, "world": "S02_3d_tree_small_C03"}
{"frames": 1506, "index": 13, "of": 90, "sequences": 1042, "shard_mib": 42.97146987915039, "world": "S02_3d_tree_small_C04"}
{"frames": 1724, "index": 14, "of": 90, "sequences": 1292, "shard_mib": 49.509034156799316, "world": "S02_3d_tree_small_C05"}
{"frames": 2002, "index": 15, "of": 90, "sequences": 1538, "shard_mib": 57.53983402252197, "world": "S02_3d_tree_small_C06"}
{"frames": 1362, "index": 16, "of": 90, "sequences": 922, "shard_mib": 39.19502258300781, "world": "S02_3d_tree_small_C07"}
{"frames": 2030, "index": 17, "of": 90, "sequences": 1590, "shard_mib": 58.44576549530029, "world": "S02_3d_tree_small_C08"}
{"frames": 1790, "index": 18, "of": 90, "sequences": 1334, "shard_mib": 51.22587585449219, "world": "S02_3d_tree_small_C09"}
{"frames": 2014, "index": 19, "of": 90, "sequences": 1510, "shard_mib": 47.653937339782715, "world": "S03_flat_unicyclic_small_C01"}
{"frames": 2400, "index": 20, "of": 90, "sequences": 1864, "shard_mib": 57.609551429748535, "world": "S03_flat_unicyclic_small_C02"}
{"frames": 2258, "index": 21, "of": 90, "sequences": 1770, "shard_mib": 58.48634338378906, "world": "S03_flat_unicyclic_small_C03"}
{"frames": 2062, "index": 22, "of": 90, "sequences": 1566, "shard_mib": 50.473246574401855, "world": "S03_flat_unicyclic_small_C04"}
{"frames": 1900, "index": 23, "of": 90, "sequences": 1444, "shard_mib": 49.62278938293457, "world": "S03_flat_unicyclic_small_C05"}
{"frames": 1932, "index": 24, "of": 90, "sequences": 1380, "shard_mib": 49.97001838684082, "world": "S03_flat_unicyclic_small_C06"}
{"frames": 1386, "index": 25, "of": 90, "sequences": 906, "shard_mib": 34.28075408935547, "world": "S03_flat_unicyclic_small_C07"}
{"frames": 1926, "index": 26, "of": 90, "sequences": 1414, "shard_mib": 46.485474586486816, "world": "S03_flat_unicyclic_small_C08"}
{"frames": 1946, "index": 27, "of": 90, "sequences": 1466, "shard_mib": 49.440486907958984, "world": "S03_flat_unicyclic_small_C09"}
{"frames": 2024, "index": 28, "of": 90, "sequences": 1408, "shard_mib": 58.05807304382324, "world": "S04_3d_unicyclic_small_C01"}
{"frames": 1742, "index": 29, "of": 90, "sequences": 1174, "shard_mib": 50.27571201324463, "world": "S04_3d_unicyclic_small_C02"}
{"frames": 2226, "index": 30, "of": 90, "sequences": 1754, "shard_mib": 64.10764789581299, "world": "S04_3d_unicyclic_small_C03"}
{"frames": 1796, "index": 31, "of": 90, "sequences": 1268, "shard_mib": 51.39191436767578, "world": "S04_3d_unicyclic_small_C04"}
{"frames": 1538, "index": 32, "of": 90, "sequences": 1058, "shard_mib": 44.280402183532715, "world": "S04_3d_unicyclic_small_C05"}
{"frames": 1928, "index": 33, "of": 90, "sequences": 1408, "shard_mib": 55.38729476928711, "world": "S04_3d_unicyclic_small_C06"}
{"frames": 1646, "index": 34, "of": 90, "sequences": 1134, "shard_mib": 47.46965408325195, "world": "S04_3d_unicyclic_small_C07"}
{"frames": 2046, "index": 35, "of": 90, "sequences": 1526, "shard_mib": 58.669729232788086, "world": "S04_3d_unicyclic_small_C08"}
{"frames": 2096, "index": 36, "of": 90, "sequences": 1624, "shard_mib": 60.1470422744751, "world": "S04_3d_unicyclic_small_C09"}
{"frames": 2894, "index": 37, "of": 90, "sequences": 2190, "shard_mib": 70.30724811553955, "world": "S05_flat_branch_medium_C01"}
{"frames": 3204, "index": 38, "of": 90, "sequences": 2412, "shard_mib": 80.41479969024658, "world": "S05_flat_branch_medium_C02"}
{"frames": 3212, "index": 39, "of": 90, "sequences": 2468, "shard_mib": 79.66051769256592, "world": "S05_flat_branch_medium_C03"}
{"frames": 2776, "index": 40, "of": 90, "sequences": 2088, "shard_mib": 69.67057800292969, "world": "S05_flat_branch_medium_C04"}
{"frames": 2668, "index": 41, "of": 90, "sequences": 1980, "shard_mib": 65.65682029724121, "world": "S05_flat_branch_medium_C05"}
{"frames": 3488, "index": 42, "of": 90, "sequences": 2752, "shard_mib": 89.18403434753418, "world": "S05_flat_branch_medium_C06"}
{"frames": 2804, "index": 43, "of": 90, "sequences": 2068, "shard_mib": 67.45383548736572, "world": "S05_flat_branch_medium_C07"}
{"frames": 3282, "index": 44, "of": 90, "sequences": 2466, "shard_mib": 79.98828125, "world": "S05_flat_branch_medium_C08"}
{"frames": 2800, "index": 45, "of": 90, "sequences": 2032, "shard_mib": 66.8718843460083, "world": "S05_flat_branch_medium_C09"}
{"frames": 2382, "index": 46, "of": 90, "sequences": 1654, "shard_mib": 68.26115417480469, "world": "S06_3d_branch_medium_C01"}
{"frames": 2586, "index": 47, "of": 90, "sequences": 1914, "shard_mib": 74.49665546417236, "world": "S06_3d_branch_medium_C02"}
{"frames": 2486, "index": 48, "of": 90, "sequences": 1782, "shard_mib": 71.18284225463867, "world": "S06_3d_branch_medium_C03"}
{"frames": 3782, "index": 49, "of": 90, "sequences": 3006, "shard_mib": 108.81128883361816, "world": "S06_3d_branch_medium_C04"}
{"frames": 2944, "index": 50, "of": 90, "sequences": 2208, "shard_mib": 84.4098253250122, "world": "S06_3d_branch_medium_C05"}
{"frames": 3264, "index": 51, "of": 90, "sequences": 2472, "shard_mib": 93.53676795959473, "world": "S06_3d_branch_medium_C06"}
{"frames": 2364, "index": 52, "of": 90, "sequences": 1676, "shard_mib": 68.10318279266357, "world": "S06_3d_branch_medium_C07"}
{"frames": 2910, "index": 53, "of": 90, "sequences": 2174, "shard_mib": 83.97110176086426, "world": "S06_3d_branch_medium_C08"}
{"frames": 2762, "index": 54, "of": 90, "sequences": 2082, "shard_mib": 78.97046661376953, "world": "S06_3d_branch_medium_C09"}
{"frames": 4496, "index": 55, "of": 90, "sequences": 3432, "shard_mib": 111.49018955230713, "world": "S07_flat_loop_rich_C01"}
{"frames": 4572, "index": 56, "of": 90, "sequences": 3468, "shard_mib": 108.06472110748291, "world": "S07_flat_loop_rich_C02"}
{"frames": 3606, "index": 57, "of": 90, "sequences": 2662, "shard_mib": 89.50114440917969, "world": "S07_flat_loop_rich_C03"}
{"frames": 4376, "index": 58, "of": 90, "sequences": 3408, "shard_mib": 105.72904682159424, "world": "S07_flat_loop_rich_C04"}
{"frames": 3792, "index": 59, "of": 90, "sequences": 2800, "shard_mib": 93.41538047790527, "world": "S07_flat_loop_rich_C05"}
{"frames": 4010, "index": 60, "of": 90, "sequences": 3026, "shard_mib": 100.524489402771, "world": "S07_flat_loop_rich_C06"}
{"frames": 3646, "index": 61, "of": 90, "sequences": 2678, "shard_mib": 87.72665977478027, "world": "S07_flat_loop_rich_C07"}
{"frames": 3646, "index": 62, "of": 90, "sequences": 2654, "shard_mib": 87.07176113128662, "world": "S07_flat_loop_rich_C08"}
{"frames": 3846, "index": 63, "of": 90, "sequences": 2742, "shard_mib": 95.6293716430664, "world": "S07_flat_loop_rich_C09"}
{"frames": 4310, "index": 64, "of": 90, "sequences": 3230, "shard_mib": 124.07689666748047, "world": "S08_3d_loop_rich_C01"}
{"frames": 4328, "index": 65, "of": 90, "sequences": 3304, "shard_mib": 124.14218235015869, "world": "S08_3d_loop_rich_C02"}
{"frames": 3340, "index": 66, "of": 90, "sequences": 2364, "shard_mib": 95.97058200836182, "world": "S08_3d_loop_rich_C03"}
{"frames": 4674, "index": 67, "of": 90, "sequences": 3650, "shard_mib": 134.5964527130127, "world": "S08_3d_loop_rich_C04"}
{"frames": 3716, "index": 68, "of": 90, "sequences": 2668, "shard_mib": 106.91467189788818, "world": "S08_3d_loop_rich_C05"}
{"frames": 4296, "index": 69, "of": 90, "sequences": 3272, "shard_mib": 123.30559349060059, "world": "S08_3d_loop_rich_C06"}
{"frames": 4442, "index": 70, "of": 90, "sequences": 3458, "shard_mib": 127.83026313781738, "world": "S08_3d_loop_rich_C07"}
{"frames": 4252, "index": 71, "of": 90, "sequences": 3212, "shard_mib": 122.25926685333252, "world": "S08_3d_loop_rich_C08"}
{"frames": 4514, "index": 72, "of": 90, "sequences": 3434, "shard_mib": 130.24379062652588, "world": "S08_3d_loop_rich_C09"}
{"frames": 6080, "index": 73, "of": 90, "sequences": 4704, "shard_mib": 142.83069515228271, "world": "S09_flat_complex_C01"}
{"frames": 4592, "index": 74, "of": 90, "sequences": 3344, "shard_mib": 112.29521942138672, "world": "S09_flat_complex_C02"}
{"frames": 5200, "index": 75, "of": 90, "sequences": 3840, "shard_mib": 130.3833932876587, "world": "S09_flat_complex_C03"}
{"frames": 4736, "index": 76, "of": 90, "sequences": 3520, "shard_mib": 115.44162464141846, "world": "S09_flat_complex_C04"}
{"frames": 5986, "index": 77, "of": 90, "sequences": 4594, "shard_mib": 147.10888385772705, "world": "S09_flat_complex_C05"}
{"frames": 4648, "index": 78, "of": 90, "sequences": 3376, "shard_mib": 115.94053554534912, "world": "S09_flat_complex_C06"}
{"frames": 4756, "index": 79, "of": 90, "sequences": 3580, "shard_mib": 118.14755630493164, "world": "S09_flat_complex_C07"}
{"frames": 5422, "index": 80, "of": 90, "sequences": 4182, "shard_mib": 141.1319932937622, "world": "S09_flat_complex_C08"}
{"frames": 5242, "index": 81, "of": 90, "sequences": 3914, "shard_mib": 130.9024534225464, "world": "S09_flat_complex_C09"}
{"frames": 3912, "index": 82, "of": 90, "sequences": 2624, "shard_mib": 111.5847339630127, "world": "S10_3d_complex_C01"}
{"frames": 5380, "index": 83, "of": 90, "sequences": 4052, "shard_mib": 155.10400772094727, "world": "S10_3d_complex_C02"}
{"frames": 5018, "index": 84, "of": 90, "sequences": 3706, "shard_mib": 143.94881439208984, "world": "S10_3d_complex_C03"}
{"frames": 5698, "index": 85, "of": 90, "sequences": 4282, "shard_mib": 164.17588806152344, "world": "S10_3d_complex_C04"}
{"frames": 5014, "index": 86, "of": 90, "sequences": 3622, "shard_mib": 144.11957168579102, "world": "S10_3d_complex_C05"}
{"frames": 4826, "index": 87, "of": 90, "sequences": 3522, "shard_mib": 138.6506814956665, "world": "S10_3d_complex_C06"}
{"frames": 5522, "index": 88, "of": 90, "sequences": 4122, "shard_mib": 158.88335704803467, "world": "S10_3d_complex_C07"}
{"frames": 5286, "index": 89, "of": 90, "sequences": 3958, "shard_mib": 152.54074954986572, "world": "S10_3d_complex_C08"}
{"frames": 5752, "index": 90, "of": 90, "sequences": 4360, "shard_mib": 164.3147792816162, "world": "S10_3d_complex_C09"}
{
  "association_identity_count": 5087,
  "association_pair_count": 119390,
  "checks": {
    "all_numeric_pair_keys_unique": true,
    "all_shards_nonempty_and_hashed": true,
    "exact_association_identity_count": true,
    "exact_association_pair_count": true,
    "exact_candidate_count": true,
    "exact_exit_identity_count": true,
    "exact_full_scan_ray_count": true,
    "exact_split_counts": true,
    "exact_visible_token_count": true,
    "exact_visible_width_valid_count": true,
    "exact_world_count": true,
    "zero_strict_test_mtare_model_training": true
  },
  "duration_seconds": 171.9616794169997,
  "exit_identity_count": 17616,
  "global_totals": {
    "candidates": 448338,
    "full_scan_rays": 3284444160,
    "shard_bytes": 7988637782,
    "shard_files": 33065,
    "uncompressed_array_bytes": 16523011520,
    "valid_returns": 3275504478,
    "visible_tokens": 448279,
    "visible_width_valid": 438968
  },
  "model_inference_frames": 0,
  "mtare_worlds_read": 0,
  "optimizer_steps": 0,
  "overall_status": "PASS_GSE_DEDUPLICATED_DATASET_EXPORT_V1",
  "schema_version": "gse_deduplicated_dataset_export_v1",
  "split_totals": {
    "train": {
      "frames": 252430,
      "references": 940630,
      "sequences": 188126,
      "worlds": 80
    },
    "validation": {
      "frames": 32678,
      "references": 122310,
      "sequences": 24462,
      "worlds": 10
    }
  },
  "strict_test_worlds_read": 0,
  "training_samples_consumed": 0
}
	Command being timed: "/tmp/mtare_gate4_meshing_sidecar_v1/bin/python /home/zeng-workstation/mtare_topo_comm/tools/v3/execute_gse_deduplicated_dataset_export_v1.py --run-dir /home/zeng-workstation/mtare_topo_comm/results/gate2_representation/gate2_20260824_gse_deduplicated_dataset_export_v1_seed0 --manifest-run /home/zeng-workstation/mtare_topo_comm/results/gate2_representation/gate2_20260824_gse_teacher_manifest_v1_seed0 --exit-audit-run /home/zeng-workstation/mtare_topo_comm/results/gate2_representation/gate2_20260824_gse_exit_token_audit_v1r_seed0 --mesh-root /home/zeng-workstation/mtare_topo_comm/results/gate0_baseline/gate0_20260811_cano_100_parent_perception_mesh_m1r_sanitized_assets_seed0/artifacts/meshes"
	User time (seconds): 860.24
	System time (seconds): 9.11
	Percent of CPU this job got: 502%
	Elapsed (wall clock) time (h:mm:ss or m:ss): 2:53.08
	Average shared text size (kbytes): 0
	Average unshared data size (kbytes): 0
	Average stack size (kbytes): 0
	Average total size (kbytes): 0
	Maximum resident set size (kbytes): 1455200
	Average resident set size (kbytes): 0
	Major (requiring I/O) page faults: 9
	Minor (reclaiming a frame) page faults: 640484
	Voluntary context switches: 643545
	Involuntary context switches: 111021
	Swaps: 0
	File system inputs: 1072
	File system outputs: 16102800
	Socket messages sent: 0
	Socket messages received: 0
	Signals delivered: 0
	Page size (bytes): 4096
	Exit status: 0

duration_seconds=173.087890
exit_code=0
