[31m[ERROR] [1789314352.838975342]: Couldn't find a preferred IP via the getifaddrs() call; I'm assuming that your IP address is 127.0.0.1.  This should work for local processes, but will almost certainly not work if you have remote processes.Report to the ROS development team to seek a fix.[0m
[0m[ INFO] [1789314352.856268145]: Subscribing to /clock[0m
[0m[ INFO] [1789314352.857282830]: Subscribing to /cmd_vel[0m
[0m[ INFO] [1789314352.858570733]: Subscribing to /free_paths[0m
[0m[ INFO] [1789314352.859468085]: Subscribing to /map_clearing[0m
[0m[ INFO] [1789314352.860050808]: Subscribing to /native_structure/scan_sources[0m
[0m[ INFO] [1789314352.860524498]: Subscribing to /path[0m
[0m[ INFO] [1789314352.861041066]: Subscribing to /registered_scan[0m
[0m[ INFO] [1789314352.861592332]: Subscribing to /rosout[0m
[0m[ INFO] [1789314352.862330552]: Subscribing to /runtime[0m
[0m[ INFO] [1789314352.862987001]: Subscribing to /sensor_coverage_planner/exploration_finish[0m
[0m[ INFO] [1789314352.864015100]: Subscribing to /sensor_coverage_planner/native_structure/advice[0m
[0m[ INFO] [1789314352.865421136]: Subscribing to /sensor_coverage_planner/native_structure/candidates[0m
[0m[ INFO] [1789314352.866874228]: Subscribing to /sensor_coverage_planner/native_structure/decision[0m
[0m[ INFO] [1789314352.868136955]: Subscribing to /sensor_coverage_planner/native_structure/feedback[0m
[0m[ INFO] [1789314352.869087626]: Subscribing to /state_estimation[0m
[0m[ INFO] [1789314352.870015057]: Subscribing to /state_estimation_at_scan[0m
[0m[ INFO] [1789314352.915296231]: Subscribing to /terrain_map[0m
[0m[ INFO] [1789314352.916423934]: Subscribing to /terrain_map_ext[0m
[0m[ INFO] [1789314352.916977178]: Subscribing to /tf[0m
[0m[ INFO] [1789314352.917911964]: Subscribing to /tf_static[0m
[0m[ INFO] [1789314352.919380869]: Subscribing to /velodyne_points[0m
[0m[ INFO] [1789314352.921310557]: Subscribing to /way_point[0m
[0m[ INFO] [1789314353.406365089, 0.531000000]: Recording to '/evidence/cases/tunnel_seed11_native_shadow_capture/raw.bag'.[0m
