/home/zeng-workstation/anaconda3/lib/python3.13/site-packages/torch/backends/__init__.py:46: UserWarning: Please use the new API settings to control TF32 behavior, such as torch.backends.cudnn.conv.fp32_precision = 'tf32' or torch.backends.cuda.matmul.fp32_precision = 'ieee'. Old settings, e.g, torch.backends.cuda.matmul.allow_tf32 = True, torch.backends.cudnn.allow_tf32 = True, allowTF32CuDNN() and allowTF32CuBLAS() will be deprecated after Pytorch 2.9. Please see https://pytorch.org/docs/main/notes/cuda.html#tensorfloat-32-tf32-on-ampere-and-later-devices (Triggered internally at /pytorch/aten/src/ATen/Context.cpp:80.)
  self.setter(val)
Traceback (most recent call last):
  File "/home/zeng-workstation/mtare_topo_comm/tools/v3/execute_primitive_composition_anchor_failure_attribution_v1.py", line 431, in <module>
    raise SystemExit(main())
                     ~~~~^^
  File "/home/zeng-workstation/mtare_topo_comm/tools/v3/execute_primitive_composition_anchor_failure_attribution_v1.py", line 385, in main
    raise RuntimeError(f"seed{seed} formal metric reproduction drift: {key}")
RuntimeError: seed0 formal metric reproduction drift: true_positive
Command exited with non-zero status 1
	Command being timed: "/home/zeng-workstation/.local/share/mtare_topo_comm/envs/phase3_torch290_cu129_zarr2187_v1/bin/python /home/zeng-workstation/mtare_topo_comm/tools/v3/execute_primitive_composition_anchor_failure_attribution_v1.py --models-root /home/zeng-workstation/mtare_topo_comm/results/gate3_semantics/gate3_20260903_primitive_composition_anchor_three_seed_training_v1_seed0/artifacts/models --sensor-root /home/zeng-workstation/mtare_topo_comm/results/gate3_semantics/gate3_20260830_primitive_relation_p1a_lossless_storage_corrective_v1_seed0/artifacts/dataset --teacher-root /home/zeng-workstation/mtare_topo_comm/results/gate3_semantics/gate3_20260830_primitive_relation_p1b_teacher_materialization_v1r_seed0/artifacts/teacher --observability-root /home/zeng-workstation/mtare_topo_comm/results/gate3_semantics/gate3_20260902_primitive_attachment_observability_sidecar_v1_seed0/artifacts/endpoint_observability --anchor-root /home/zeng-workstation/mtare_topo_comm/results/gate3_semantics/gate3_20260903_primitive_composition_anchor_target_sidecar_v1r_seed0/artifacts/materialized/anchor_targets --formal-evaluation-summary /home/zeng-workstation/mtare_topo_comm/results/gate3_semantics/gate3_20260903_primitive_composition_anchor_c07_evaluation_corrective_v1_seed0/metrics/evaluation/summary.json --output-dir /home/zeng-workstation/mtare_topo_comm/results/gate3_semantics/gate3_20260903_primitive_composition_anchor_failure_attribution_v1r_seed0/metrics/attribution"
	User time (seconds): 735.81
	System time (seconds): 6.84
	Percent of CPU this job got: 100%
	Elapsed (wall clock) time (h:mm:ss or m:ss): 12:20.45
	Average shared text size (kbytes): 0
	Average unshared data size (kbytes): 0
	Average stack size (kbytes): 0
	Average total size (kbytes): 0
	Maximum resident set size (kbytes): 3050924
	Average resident set size (kbytes): 0
	Major (requiring I/O) page faults: 0
	Minor (reclaiming a frame) page faults: 1706390
	Voluntary context switches: 255481
	Involuntary context switches: 2142
	Swaps: 0
	File system inputs: 0
	File system outputs: 24
	Socket messages sent: 0
	Socket messages received: 0
	Signals delivered: 0
	Page size (bytes): 4096
	Exit status: 1
