argv=["/tmp/mtare_cano_compat_e1_py312_np126_sp112/bin/python", "/home/zeng-workstation/mtare_topo_comm/tools/v3/execute_cano_100_parent_perception_mesh_contract_m0.py", "--run-dir", "/home/zeng-workstation/mtare_topo_comm/results/gate0_baseline/gate0_20260811_cano_100_parent_perception_mesh_contract_m0_seed0"]
finished_at_utc=2026-08-11T08:45:05.843819+00:00
[S01_flat_tree_small_C01/primary] compute_all start

Voxelizing floors:   0%|          | 0/966 [00:00<?, ?it/s]
Voxelizing floors:   7%|▋         | 71/966 [00:00<00:01, 701.67it/s]
Voxelizing floors:  15%|█▌        | 148/966 [00:00<00:01, 737.35it/s]
Voxelizing floors:  24%|██▍       | 233/966 [00:00<00:00, 787.81it/s]
Voxelizing floors:  34%|███▍      | 331/966 [00:00<00:00, 860.84it/s]
Voxelizing floors:  46%|████▌     | 445/966 [00:00<00:00, 960.12it/s]
Voxelizing floors:  61%|██████▏   | 593/966 [00:00<00:00, 1134.41it/s]
Voxelizing floors:  89%|████████▉ | 860/966 [00:00<00:00, 1633.73it/s]
Voxelizing floors: 100%|██████████| 966/966 [00:00<00:00, 1351.37it/s]

Checking wich vertices are floors:   0%|          | 0/69909 [00:00<?, ?it/s]
Checking wich vertices are floors:   5%|▍         | 3250/69909 [00:00<00:02, 32495.46it/s]
Checking wich vertices are floors:   9%|▉         | 6500/69909 [00:00<00:01, 32340.63it/s]
Checking wich vertices are floors:  14%|█▍        | 9749/69909 [00:00<00:01, 32404.31it/s]
Checking wich vertices are floors:  19%|█▊        | 13033/69909 [00:00<00:01, 32572.39it/s]
Checking wich vertices are floors:  23%|██▎       | 16335/69909 [00:00<00:01, 32732.39it/s]
Checking wich vertices are floors:  28%|██▊       | 19609/69909 [00:00<00:01, 32590.90it/s]
Checking wich vertices are floors:  33%|███▎      | 23028/69909 [00:00<00:01, 33108.99it/s]
Checking wich vertices are floors:  38%|███▊      | 26495/69909 [00:00<00:01, 33602.67it/s]
Checking wich vertices are floors:  43%|████▎     | 29856/69909 [00:00<00:01, 33046.26it/s]
Checking wich vertices are floors:  48%|████▊     | 33384/69909 [00:01<00:01, 33725.69it/s]
Checking wich vertices are floors:  53%|█████▎    | 36759/69909 [00:01<00:00, 33679.88it/s]
Checking wich vertices are floors:  58%|█████▊    | 40295/69909 [00:01<00:00, 34185.37it/s]
Checking wich vertices are floors:  63%|██████▎   | 43812/69909 [00:01<00:00, 34479.10it/s]
Checking wich vertices are floors:  68%|██████▊   | 47305/69909 [00:01<00:00, 34614.58it/s]
Checking wich vertices are floors:  73%|███████▎  | 50768/69909 [00:01<00:00, 32695.78it/s]
Checking wich vertices are floors:  77%|███████▋  | 54153/69909 [00:01<00:00, 33026.72it/s]
Checking wich vertices are floors:  82%|████████▏ | 57473/69909 [00:01<00:00, 31034.46it/s]
Checking wich vertices are floors:  87%|████████▋ | 60708/69909 [00:01<00:00, 31402.32it/s]
Checking wich vertices are floors:  91%|█████████▏| 63874/69909 [00:01<00:00, 31130.29it/s]
Checking wich vertices are floors:  96%|█████████▌| 67059/69909 [00:02<00:00, 31337.11it/s]

Checking wich intersection vertices are floors:   0%|          | 0/3 [00:00<?, ?it/s][A
Checking wich vertices are floors: 100%|██████████| 69909/69909 [00:02<00:00, 32586.03it/s]

Floor adj list:   0%|          | 0/24839 [00:00<?, ?it/s]
Checking wich intersection vertices are floors: 100%|██████████| 3/3 [00:00<00:00, 46.35it/s]

Floor adj list:   8%|▊         | 2007/24839 [00:00<00:01, 20064.57it/s]
Floor adj list:  16%|█▌        | 4014/24839 [00:00<00:01, 19457.16it/s]
Floor adj list:  24%|██▍       | 5961/24839 [00:00<00:01, 9917.09it/s] 
Floor adj list:  29%|██▉       | 7302/24839 [00:00<00:01, 10026.80it/s]
Floor adj list:  34%|███▍      | 8520/24839 [00:00<00:01, 9714.75it/s] 
Floor adj list:  39%|███▊      | 9624/24839 [00:01<00:02, 7279.98it/s]
Floor adj list:  42%|████▏     | 10500/24839 [00:01<00:02, 6127.19it/s]
Floor adj list:  45%|████▌     | 11222/24839 [00:01<00:02, 5258.76it/s]
Floor adj list:  48%|████▊     | 11836/24839 [00:01<00:02, 5419.66it/s]
Floor adj list:  50%|█████     | 12449/24839 [00:01<00:02, 5565.88it/s]
Floor adj list:  53%|█████▎    | 13057/24839 [00:01<00:02, 5567.75it/s]
Floor adj list:  55%|█████▍    | 13650/24839 [00:01<00:02, 5470.44it/s]
Floor adj list:  57%|█████▋    | 14221/24839 [00:02<00:01, 5328.51it/s]
Floor adj list:  59%|█████▉    | 14769/24839 [00:02<00:01, 5092.70it/s]
Floor adj list:  62%|██████▏   | 15289/24839 [00:02<00:02, 4502.00it/s]
Floor adj list:  63%|██████▎   | 15754/24839 [00:02<00:02, 4100.79it/s]
Floor adj list:  65%|██████▌   | 16177/24839 [00:02<00:02, 3727.09it/s]
Floor adj list:  67%|██████▋   | 16561/24839 [00:02<00:02, 3575.73it/s]
Floor adj list:  68%|██████▊   | 16925/24839 [00:02<00:02, 3406.94it/s]
Floor adj list:  70%|██████▉   | 17269/24839 [00:02<00:02, 3277.93it/s]
Floor adj list:  71%|███████   | 17598/24839 [00:03<00:02, 3159.36it/s]
Floor adj list:  72%|███████▏  | 17963/24839 [00:03<00:02, 3285.68it/s]
Floor adj list:  74%|███████▍  | 18378/24839 [00:03<00:01, 3517.80it/s]
Floor adj list:  75%|███████▌  | 18750/24839 [00:03<00:01, 3571.86it/s]
Floor adj list:  77%|███████▋  | 19111/24839 [00:03<00:01, 3557.77it/s]
Floor adj list:  78%|███████▊  | 19469/24839 [00:03<00:01, 3393.96it/s]
Floor adj list:  80%|███████▉  | 19812/24839 [00:03<00:01, 3175.25it/s]
Floor adj list:  81%|████████  | 20134/24839 [00:03<00:01, 3031.21it/s]
Floor adj list:  82%|████████▏ | 20441/24839 [00:03<00:01, 2912.18it/s]
Floor adj list:  83%|████████▎ | 20735/24839 [00:04<00:01, 2830.86it/s]
Floor adj list:  85%|████████▍ | 21020/24839 [00:04<00:01, 2770.30it/s]
Floor adj list:  86%|████████▌ | 21298/24839 [00:04<00:01, 2722.48it/s]
Floor adj list:  87%|████████▋ | 21571/24839 [00:04<00:01, 2666.95it/s]
Floor adj list:  88%|████████▊ | 21838/24839 [00:04<00:01, 2617.02it/s]
Floor adj list:  89%|████████▉ | 22100/24839 [00:04<00:01, 2572.03it/s]
Floor adj list:  90%|█████████ | 22358/24839 [00:04<00:00, 2539.65it/s]
Floor adj list:  91%|█████████ | 22614/24839 [00:04<00:00, 2544.79it/s]
Floor adj list:  92%|█████████▏| 22932/24839 [00:04<00:00, 2726.50it/s]
Floor adj list:  93%|█████████▎| 23216/24839 [00:04<00:00, 2757.39it/s]
Floor adj list:  95%|█████████▍| 23493/24839 [00:05<00:00, 2667.92it/s]
Floor adj list:  96%|█████████▌| 23761/24839 [00:05<00:00, 2631.31it/s]
Floor adj list:  97%|█████████▋| 24025/24839 [00:05<00:00, 2544.28it/s]
Floor adj list:  98%|█████████▊| 24281/24839 [00:05<00:00, 2454.05it/s]
Floor adj list:  99%|█████████▉| 24537/24839 [00:05<00:00, 2483.69it/s]
Floor adj list: 100%|█████████▉| 24787/24839 [00:05<00:00, 2451.62it/s]

Floor smoothing:   0%|          | 0/496780 [00:00<?, ?it/s][A
Floor adj list: 100%|██████████| 24839/24839 [00:05<00:00, 4397.97it/s]


Floor smoothing:   6%|▌         | 30224/496780 [00:00<00:01, 302233.08it/s][A

Floor smoothing:  12%|█▏        | 60576/496780 [00:00<00:01, 302988.13it/s][A

Floor smoothing:  18%|█▊        | 90917/496780 [00:00<00:01, 303176.93it/s][A

Floor smoothing:  24%|██▍       | 121534/496780 [00:00<00:01, 304356.94it/s][A

Floor smoothing:  31%|███       | 151970/496780 [00:00<00:01, 303886.57it/s][A

Floor smoothing:  37%|███▋      | 182359/496780 [00:00<00:01, 303441.84it/s][A

Floor smoothing:  43%|████▎     | 212704/496780 [00:00<00:00, 302268.33it/s][A

Floor smoothing:  49%|████▉     | 242932/496780 [00:00<00:00, 300564.89it/s][A

Floor smoothing:  55%|█████▍    | 272991/496780 [00:00<00:00, 300250.17it/s][A

Floor smoothing:  61%|██████    | 303361/496780 [00:01<00:00, 301307.29it/s][A

Floor smoothing:  67%|██████▋   | 334128/496780 [00:01<00:00, 303247.38it/s][A

Floor smoothing:  73%|███████▎  | 364664/496780 [00:01<00:00, 303886.10it/s][A

Floor smoothing:  80%|███████▉  | 395338/496780 [00:01<00:00, 304748.76it/s][A

Floor smoothing:  86%|████████▌ | 426286/496780 [00:01<00:00, 306174.59it/s][A

Floor smoothing:  92%|█████████▏| 456926/496780 [00:01<00:00, 306239.49it/s][A

Floor smoothing:  98%|█████████▊| 487551/496780 [00:01<00:00, 305933.58it/s][A
Floor smoothing: 100%|██████████| 496780/496780 [00:01<00:00, 303856.00it/s]
[S01_flat_tree_small_C01/primary] done triangles=139822 bytes=10179377 duration=20.42s passed=True
[S01_flat_tree_small_C01/replay] compute_all start

Voxelizing floors:   0%|          | 0/966 [00:00<?, ?it/s]
Voxelizing floors:   7%|▋         | 66/966 [00:00<00:01, 658.79it/s]
Voxelizing floors:  14%|█▍        | 140/966 [00:00<00:01, 702.37it/s]
Voxelizing floors:  23%|██▎       | 225/966 [00:00<00:00, 765.38it/s]
Voxelizing floors:  33%|███▎      | 320/966 [00:00<00:00, 836.73it/s]
Voxelizing floors:  45%|████▍     | 431/966 [00:00<00:00, 934.37it/s]
Voxelizing floors:  59%|█████▉    | 571/966 [00:00<00:00, 1091.94it/s]
Voxelizing floors:  83%|████████▎ | 799/966 [00:00<00:00, 1479.02it/s]
Voxelizing floors: 100%|██████████| 966/966 [00:00<00:00, 1328.41it/s]

Checking wich vertices are floors:   0%|          | 0/69909 [00:00<?, ?it/s]
Checking wich vertices are floors:   5%|▍         | 3252/69909 [00:00<00:02, 32515.30it/s]
Checking wich vertices are floors:   9%|▉         | 6504/69909 [00:00<00:01, 32346.84it/s]
Checking wich vertices are floors:  14%|█▍        | 9752/69909 [00:00<00:01, 32406.74it/s]
Checking wich vertices are floors:  19%|█▊        | 13064/69909 [00:00<00:01, 32686.98it/s]
Checking wich vertices are floors:  23%|██▎       | 16363/69909 [00:00<00:01, 32794.25it/s]
Checking wich vertices are floors:  28%|██▊       | 19643/69909 [00:00<00:01, 32661.24it/s]
Checking wich vertices are floors:  33%|███▎      | 22910/69909 [00:00<00:01, 30497.78it/s]
Checking wich vertices are floors:  38%|███▊      | 26318/69909 [00:00<00:01, 31579.99it/s]
Checking wich vertices are floors:  42%|████▏     | 29677/69909 [00:00<00:01, 32184.39it/s]
Checking wich vertices are floors:  47%|████▋     | 33184/69909 [00:01<00:01, 33053.19it/s]
Checking wich vertices are floors:  53%|█████▎    | 36708/69909 [00:01<00:00, 33710.63it/s]
Checking wich vertices are floors:  58%|█████▊    | 40276/69909 [00:01<00:00, 34302.64it/s]
Checking wich vertices are floors:  63%|██████▎   | 43821/69909 [00:01<00:00, 34644.77it/s]
Checking wich vertices are floors:  68%|██████▊   | 47309/69909 [00:01<00:00, 34713.76it/s]
Checking wich vertices are floors:  73%|███████▎  | 50785/69909 [00:01<00:00, 34445.80it/s]
Checking wich vertices are floors:  78%|███████▊  | 54233/69909 [00:01<00:00, 34329.56it/s]
Checking wich vertices are floors:  82%|████████▏ | 57669/69909 [00:01<00:00, 33938.12it/s]
Checking wich vertices are floors:  87%|████████▋ | 61066/69909 [00:01<00:00, 33589.37it/s]
Checking wich vertices are floors:  92%|█████████▏| 64427/69909 [00:01<00:00, 32712.40it/s]
Checking wich vertices are floors:  97%|█████████▋| 67704/69909 [00:02<00:00, 32617.13it/s]

Checking wich intersection vertices are floors:   0%|          | 0/3 [00:00<?, ?it/s][A
Checking wich vertices are floors: 100%|██████████| 69909/69909 [00:02<00:00, 33124.19it/s]

Floor adj list:   0%|          | 0/24820 [00:00<?, ?it/s]
Checking wich intersection vertices are floors: 100%|██████████| 3/3 [00:00<00:00, 49.90it/s]

Floor adj list:   8%|▊         | 2014/24820 [00:00<00:01, 20123.80it/s]
Floor adj list:  16%|█▌        | 4027/24820 [00:00<00:01, 19646.21it/s]
Floor adj list:  24%|██▍       | 5993/24820 [00:00<00:01, 9540.18it/s] 
Floor adj list:  30%|██▉       | 7329/24820 [00:00<00:01, 9448.83it/s]
Floor adj list:  34%|███▍      | 8503/24820 [00:00<00:01, 9342.07it/s]
Floor adj list:  39%|███▊      | 9581/24820 [00:01<00:02, 6412.63it/s]
Floor adj list:  42%|████▏     | 10410/24820 [00:01<00:02, 5666.69it/s]
Floor adj list:  45%|████▍     | 11100/24820 [00:01<00:02, 5105.12it/s]
Floor adj list:  47%|████▋     | 11690/24820 [00:01<00:02, 5142.53it/s]
Floor adj list:  50%|████▉     | 12310/24820 [00:01<00:02, 5357.87it/s]
Floor adj list:  52%|█████▏    | 12896/24820 [00:01<00:02, 5449.28it/s]
Floor adj list:  54%|█████▍    | 13479/24820 [00:01<00:02, 5400.08it/s]
Floor adj list:  57%|█████▋    | 14045/24820 [00:02<00:02, 5306.63it/s]
Floor adj list:  59%|█████▉    | 14593/24820 [00:02<00:01, 5128.30it/s]
Floor adj list:  61%|██████    | 15117/24820 [00:02<00:02, 4640.12it/s]
Floor adj list:  63%|██████▎   | 15594/24820 [00:02<00:02, 4165.29it/s]
Floor adj list:  65%|██████▍   | 16025/24820 [00:02<00:02, 3830.63it/s]
Floor adj list:  66%|██████▌   | 16419/24820 [00:02<00:02, 3658.28it/s]
Floor adj list:  68%|██████▊   | 16791/24820 [00:02<00:02, 3337.16it/s]
Floor adj list:  69%|██████▉   | 17131/24820 [00:02<00:02, 3238.96it/s]
Floor adj list:  70%|███████   | 17458/24820 [00:03<00:02, 2944.37it/s]
Floor adj list:  72%|███████▏  | 17757/24820 [00:03<00:02, 2932.22it/s]
Floor adj list:  73%|███████▎  | 18190/24820 [00:03<00:02, 3291.13it/s]
Floor adj list:  75%|███████▍  | 18590/24820 [00:03<00:01, 3479.93it/s]
Floor adj list:  76%|███████▋  | 18946/24820 [00:03<00:01, 3487.12it/s]
Floor adj list:  78%|███████▊  | 19300/24820 [00:03<00:01, 3469.88it/s]
Floor adj list:  79%|███████▉  | 19651/24820 [00:03<00:01, 3240.66it/s]
Floor adj list:  81%|████████  | 19981/24820 [00:03<00:01, 3059.02it/s]
Floor adj list:  82%|████████▏ | 20292/24820 [00:04<00:01, 2820.76it/s]
Floor adj list:  83%|████████▎ | 20580/24820 [00:04<00:01, 2765.02it/s]
Floor adj list:  84%|████████▍ | 20860/24820 [00:04<00:01, 2568.68it/s]
Floor adj list:  85%|████████▌ | 21121/24820 [00:04<00:01, 2556.68it/s]
Floor adj list:  86%|████████▌ | 21380/24820 [00:04<00:01, 2558.15it/s]
Floor adj list:  87%|████████▋ | 21638/24820 [00:04<00:01, 2479.98it/s]
Floor adj list:  88%|████████▊ | 21888/24820 [00:04<00:01, 2391.98it/s]
Floor adj list:  89%|████████▉ | 22133/24820 [00:04<00:01, 2407.72it/s]
Floor adj list:  90%|█████████ | 22383/24820 [00:04<00:01, 2431.98it/s]
Floor adj list:  91%|█████████ | 22627/24820 [00:05<00:00, 2258.97it/s]
Floor adj list:  92%|█████████▏| 22945/24820 [00:05<00:00, 2511.51it/s]
Floor adj list:  94%|█████████▎| 23224/24820 [00:05<00:00, 2590.03it/s]
Floor adj list:  95%|█████████▍| 23498/24820 [00:05<00:00, 2632.79it/s]
Floor adj list:  96%|█████████▌| 23764/24820 [00:05<00:00, 2602.90it/s]
Floor adj list:  97%|█████████▋| 24027/24820 [00:05<00:00, 2528.81it/s]
Floor adj list:  98%|█████████▊| 24282/24820 [00:05<00:00, 2463.12it/s]
Floor adj list:  99%|█████████▉| 24530/24820 [00:05<00:00, 2467.61it/s]
Floor adj list: 100%|█████████▉| 24778/24820 [00:05<00:00, 2309.05it/s]

Floor smoothing:   0%|          | 0/496400 [00:00<?, ?it/s][A
Floor adj list: 100%|██████████| 24820/24820 [00:05<00:00, 4223.75it/s]


Floor smoothing:   6%|▌         | 28979/496400 [00:00<00:01, 289765.41it/s][A

Floor smoothing:  12%|█▏        | 57956/496400 [00:00<00:01, 229113.04it/s][A

Floor smoothing:  16%|█▋        | 81880/496400 [00:00<00:01, 233153.24it/s][A

Floor smoothing:  22%|██▏       | 109516/496400 [00:00<00:01, 248837.33it/s][A

Floor smoothing:  27%|██▋       | 134827/496400 [00:00<00:01, 238982.69it/s][A

Floor smoothing:  33%|███▎      | 165583/496400 [00:00<00:01, 260777.28it/s][A

Floor smoothing:  40%|███▉      | 196107/496400 [00:00<00:01, 274659.98it/s][A

Floor smoothing:  45%|████▌     | 225793/496400 [00:00<00:00, 281506.44it/s][A

Floor smoothing:  52%|█████▏    | 255936/496400 [00:00<00:00, 287600.40it/s][A

Floor smoothing:  57%|█████▋    | 284866/496400 [00:01<00:00, 269358.75it/s][A

Floor smoothing:  63%|██████▎   | 312132/496400 [00:01<00:00, 265234.35it/s][A

Floor smoothing:  69%|██████▊   | 341052/496400 [00:01<00:00, 272134.31it/s][A

Floor smoothing:  74%|███████▍  | 368460/496400 [00:01<00:00, 259955.09it/s][A

Floor smoothing:  80%|███████▉  | 394673/496400 [00:01<00:00, 251608.29it/s][A

Floor smoothing:  86%|████████▌ | 425300/496400 [00:01<00:00, 267003.04it/s][A

Floor smoothing:  92%|█████████▏| 455859/496400 [00:01<00:00, 278073.44it/s][A

Floor smoothing:  98%|█████████▊| 486638/496400 [00:01<00:00, 286711.24it/s][A
Floor smoothing: 100%|██████████| 496400/496400 [00:01<00:00, 268388.47it/s]
[S01_flat_tree_small_C01/replay] done triangles=139822 bytes=10179135 duration=21.22s passed=True
Traceback (most recent call last):
  File "/home/zeng-workstation/mtare_topo_comm/tools/v3/execute_cano_100_parent_perception_mesh_contract_m0.py", line 440, in <module>
    raise SystemExit(main())
                     ^^^^^^
  File "/home/zeng-workstation/mtare_topo_comm/tools/v3/execute_cano_100_parent_perception_mesh_contract_m0.py", line 424, in main
    summary = execute(args.run_dir.resolve())
              ^^^^^^^^^^^^^^^^^^^^^^^^^^^^^^^
  File "/home/zeng-workstation/mtare_topo_comm/tools/v3/execute_cano_100_parent_perception_mesh_contract_m0.py", line 378, in execute
    raise RuntimeError(f"{parent['parent_id']}: exact geometry replay failed: {replay_audit}")
RuntimeError: S01_flat_tree_small_C01: exact geometry replay failed: {'passed': False, 'checks': {'parent_id_equal': True, 'graph_identity_equal': True, 'spline_identity_equal': True, 'effective_geometry_parameters_equal': True, 'mesh_sha256_equal': False, 'primary_mesh_passed': True, 'replay_mesh_passed': True}}

duration_seconds=43.508427
exit_code=1
