/home/zeng-workstation/anaconda3/lib/python3.13/site-packages/torch/backends/__init__.py:46: UserWarning: Please use the new API settings to control TF32 behavior, such as torch.backends.cudnn.conv.fp32_precision = 'tf32' or torch.backends.cuda.matmul.fp32_precision = 'ieee'. Old settings, e.g, torch.backends.cuda.matmul.allow_tf32 = True, torch.backends.cudnn.allow_tf32 = True, allowTF32CuDNN() and allowTF32CuBLAS() will be deprecated after Pytorch 2.9. Please see https://pytorch.org/docs/main/notes/cuda.html#tensorfloat-32-tf32-on-ampere-and-later-devices (Triggered internally at /pytorch/aten/src/ATen/Context.cpp:80.)
  self.setter(val)
{"cuda_peak_allocated_bytes": 7958970368, "epoch": 0, "epoch_seconds": 4187.123073064955, "optimizer_steps_cumulative": 26736, "process_memory_bytes": 16101933056, "selection": {"batches": 522, "port_relations": 0.703490294856782, "primitive_set_parameters": 0.8391370911373153, "ray_free_space": 0.06412958168645899, "rows": 64644, "surface_reconstruction": 0.16728168738576366, "temporal_equivariance": 2.058588259505293, "total": 0.6822513821090214, "uncertainty_calibration": 0.2608812709961516}, "training": {"batches": 26736, "gradient_norm": 0.1908071454396832, "port_relations": 0.7004186547524788, "primitive_set_parameters": 0.2992018122531253, "ray_free_space": 0.043179266519900464, "rows": 426552, "stage": "geometry_pretraining", "stage_objective": 0.17084402586392755, "surface_reconstruction": 0.17015098432269452, "temporal_equivariance": 2.107864220011482, "total": 0.6210715511296073, "uncertainty_calibration": 0.405614247868914}}
{"cuda_peak_allocated_bytes": 7958970368, "epoch": 1, "epoch_seconds": 4156.0551029169, "optimizer_steps_cumulative": 53472, "process_memory_bytes": 15804137472, "selection": {"batches": 522, "port_relations": 0.6868717241745304, "primitive_set_parameters": 0.7049006225246065, "ray_free_space": 0.14626653717913646, "rows": 64644, "surface_reconstruction": 0.5332788867707314, "temporal_equivariance": 2.105677703429947, "total": 0.7134563488156538, "uncertainty_calibration": 0.10374249236970673}, "training": {"batches": 26736, "gradient_norm": 0.6486835655941253, "port_relations": 0.6435602594625118, "primitive_set_parameters": 0.7164263508481847, "ray_free_space": 0.10383518086474068, "rows": 426552, "stage": "relation_pretraining", "stage_objective": 0.6435602594625118, "surface_reconstruction": 0.433287398793278, "temporal_equivariance": 2.1262111154631773, "total": 0.6935728400072034, "uncertainty_calibration": 0.13811661535997152}}
{"cuda_peak_allocated_bytes": 7958970368, "epoch": 2, "epoch_seconds": 4206.75122960296, "optimizer_steps_cumulative": 80208, "process_memory_bytes": 16007561216, "selection": {"batches": 522, "port_relations": 0.6699827022647202, "primitive_set_parameters": 0.5152232043593098, "ray_free_space": 0.22977760455910945, "rows": 64644, "surface_reconstruction": 0.36307297464618954, "temporal_equivariance": 0.6286249953687991, "total": 0.4014649358838216, "uncertainty_calibration": 0.0021080684078319837}, "training": {"batches": 26736, "gradient_norm": 0.6971102001404308, "port_relations": 0.6978717302446701, "primitive_set_parameters": 0.5116850170389218, "ray_free_space": 0.2011614903547836, "rows": 426552, "stage": "temporal_uncertainty_pretraining", "stage_objective": 0.21041830457272684, "surface_reconstruction": 0.41772516401335685, "temporal_equivariance": 0.41952766473300174, "total": 0.3748800116307404, "uncertainty_calibration": 0.001308944454749762}}
{"cuda_peak_allocated_bytes": 7958970368, "epoch": 3, "epoch_seconds": 4271.803653256968, "optimizer_steps_cumulative": 106944, "process_memory_bytes": 15535702016, "selection": {"batches": 522, "port_relations": 0.5653586182128999, "primitive_set_parameters": 0.5033088011446879, "ray_free_space": 0.03963949625235634, "rows": 64644, "surface_reconstruction": 0.15816666394260975, "temporal_equivariance": 0.5427592867449084, "total": 0.3016430873129452, "uncertainty_calibration": 0.0006256114437370436}, "training": {"batches": 26736, "gradient_norm": 0.26336897074712035, "port_relations": 0.5073764214856736, "primitive_set_parameters": 0.3105371675913235, "ray_free_space": 0.03963115471721069, "rows": 426552, "stage": "joint_finetuning", "stage_objective": 0.22979391055799012, "surface_reconstruction": 0.16035792159235923, "temporal_equivariance": 0.36048565962849477, "total": 0.22979391055799012, "uncertainty_calibration": 0.00037510176248997966}}
{"cuda_peak_allocated_bytes": 7958970368, "epoch": 4, "epoch_seconds": 4311.649750880897, "optimizer_steps_cumulative": 133680, "process_memory_bytes": 15690891264, "selection": {"batches": 522, "port_relations": 0.5614355675275429, "primitive_set_parameters": 0.7278260502891186, "ray_free_space": 0.04392099278463177, "rows": 64644, "surface_reconstruction": 0.17295763176954565, "temporal_equivariance": 0.5423566027263272, "total": 0.3415728281081796, "uncertainty_calibration": 0.0009400648900828447}, "training": {"batches": 26736, "gradient_norm": 0.27113027792989824, "port_relations": 0.4943733647791011, "primitive_set_parameters": 0.28740381324250597, "ray_free_space": 0.03943039309421546, "rows": 426552, "stage": "joint_finetuning", "stage_objective": 0.21706007992382978, "surface_reconstruction": 0.15498355808333084, "temporal_equivariance": 0.3258062851118646, "total": 0.21706007992382978, "uncertainty_calibration": 0.0003630311159074918}}
{"cuda_peak_allocated_bytes": 7958970368, "epoch": 5, "epoch_seconds": 4284.064573676093, "optimizer_steps_cumulative": 160416, "process_memory_bytes": 15690891264, "selection": {"batches": 522, "port_relations": 0.546518274629428, "primitive_set_parameters": 0.6491171883508018, "ray_free_space": 0.044917417526984825, "rows": 64644, "surface_reconstruction": 0.17265261338751592, "temporal_equivariance": 0.47612622470063787, "total": 0.3149990488038995, "uncertainty_calibration": 0.0006625242107456263}, "training": {"batches": 26736, "gradient_norm": 0.2560828442788763, "port_relations": 0.5007979394766183, "primitive_set_parameters": 0.2745340586150673, "ray_free_space": 0.0422765372573923, "rows": 426552, "stage": "joint_finetuning", "stage_objective": 0.21737178647060132, "surface_reconstruction": 0.15554297224204755, "temporal_equivariance": 0.3306413305378966, "total": 0.21737178647060132, "uncertainty_calibration": 0.00043784699177892237}}
{
  "schema_version": "primitive_relation_seed_training_v1",
  "seed": 2,
  "parameter_count": 1969516,
  "epochs": 6,
  "optimizer_steps": 160416,
  "best_epoch": 3,
  "best_c07_selection_loss": 0.3016430873129452,
  "selected_checkpoint": "selected.pt",
  "fit_rows_per_epoch": 426552,
  "c07_rows_per_epoch": 64644,
  "c08_rows_read": 0,
  "c09_c10_worlds_read": 0,
  "peak_cuda_allocated_bytes": 7958970368,
  "peak_process_memory_bytes": 16101933056,
  "duration_seconds": 25418.277975913836,
  "history": [
    {
      "epoch": 0,
      "training": {
        "rows": 426552,
        "batches": 26736,
        "stage": "geometry_pretraining",
        "primitive_set_parameters": 0.2992018122531253,
        "surface_reconstruction": 0.17015098432269452,
        "ray_free_space": 0.043179266519900464,
        "port_relations": 0.7004186547524788,
        "temporal_equivariance": 2.107864220011482,
        "uncertainty_calibration": 0.405614247868914,
        "total": 0.6210715511296073,
        "stage_objective": 0.17084402586392755,
        "gradient_norm": 0.1908071454396832
      },
      "selection": {
        "rows": 64644,
        "batches": 522,
        "primitive_set_parameters": 0.8391370911373153,
        "surface_reconstruction": 0.16728168738576366,
        "ray_free_space": 0.06412958168645899,
        "port_relations": 0.703490294856782,
        "temporal_equivariance": 2.058588259505293,
        "uncertainty_calibration": 0.2608812709961516,
        "total": 0.6822513821090214
      },
      "epoch_seconds": 4187.123073064955,
      "optimizer_steps_cumulative": 26736,
      "cuda_peak_allocated_bytes": 7958970368,
      "process_memory_bytes": 16101933056
    },
    {
      "epoch": 1,
      "training": {
        "rows": 426552,
        "batches": 26736,
        "stage": "relation_pretraining",
        "primitive_set_parameters": 0.7164263508481847,
        "surface_reconstruction": 0.433287398793278,
        "ray_free_space": 0.10383518086474068,
        "port_relations": 0.6435602594625118,
        "temporal_equivariance": 2.1262111154631773,
        "uncertainty_calibration": 0.13811661535997152,
        "total": 0.6935728400072034,
        "stage_objective": 0.6435602594625118,
        "gradient_norm": 0.6486835655941253
      },
      "selection": {
        "rows": 64644,
        "batches": 522,
        "primitive_set_parameters": 0.7049006225246065,
        "surface_reconstruction": 0.5332788867707314,
        "ray_free_space": 0.14626653717913646,
        "port_relations": 0.6868717241745304,
        "temporal_equivariance": 2.105677703429947,
        "uncertainty_calibration": 0.10374249236970673,
        "total": 0.7134563488156538
      },
      "epoch_seconds": 4156.0551029169,
      "optimizer_steps_cumulative": 53472,
      "cuda_peak_allocated_bytes": 7958970368,
      "process_memory_bytes": 15804137472
    },
    {
      "epoch": 2,
      "training": {
        "rows": 426552,
        "batches": 26736,
        "stage": "temporal_uncertainty_pretraining",
        "primitive_set_parameters": 0.5116850170389218,
        "surface_reconstruction": 0.41772516401335685,
        "ray_free_space": 0.2011614903547836,
        "port_relations": 0.6978717302446701,
        "temporal_equivariance": 0.41952766473300174,
        "uncertainty_calibration": 0.001308944454749762,
        "total": 0.3748800116307404,
        "stage_objective": 0.21041830457272684,
        "gradient_norm": 0.6971102001404308
      },
      "selection": {
        "rows": 64644,
        "batches": 522,
        "primitive_set_parameters": 0.5152232043593098,
        "surface_reconstruction": 0.36307297464618954,
        "ray_free_space": 0.22977760455910945,
        "port_relations": 0.6699827022647202,
        "temporal_equivariance": 0.6286249953687991,
        "uncertainty_calibration": 0.0021080684078319837,
        "total": 0.4014649358838216
      },
      "epoch_seconds": 4206.75122960296,
      "optimizer_steps_cumulative": 80208,
      "cuda_peak_allocated_bytes": 7958970368,
      "process_memory_bytes": 16007561216
    },
    {
      "epoch": 3,
      "training": {
        "rows": 426552,
        "batches": 26736,
        "stage": "joint_finetuning",
        "primitive_set_parameters": 0.3105371675913235,
        "surface_reconstruction": 0.16035792159235923,
        "ray_free_space": 0.03963115471721069,
        "port_relations": 0.5073764214856736,
        "temporal_equivariance": 0.36048565962849477,
        "uncertainty_calibration": 0.00037510176248997966,
        "total": 0.22979391055799012,
        "stage_objective": 0.22979391055799012,
        "gradient_norm": 0.26336897074712035
      },
      "selection": {
        "rows": 64644,
        "batches": 522,
        "primitive_set_parameters": 0.5033088011446879,
        "surface_reconstruction": 0.15816666394260975,
        "ray_free_space": 0.03963949625235634,
        "port_relations": 0.5653586182128999,
        "temporal_equivariance": 0.5427592867449084,
        "uncertainty_calibration": 0.0006256114437370436,
        "total": 0.3016430873129452
      },
      "epoch_seconds": 4271.803653256968,
      "optimizer_steps_cumulative": 106944,
      "cuda_peak_allocated_bytes": 7958970368,
      "process_memory_bytes": 15535702016
    },
    {
      "epoch": 4,
      "training": {
        "rows": 426552,
        "batches": 26736,
        "stage": "joint_finetuning",
        "primitive_set_parameters": 0.28740381324250597,
        "surface_reconstruction": 0.15498355808333084,
        "ray_free_space": 0.03943039309421546,
        "port_relations": 0.4943733647791011,
        "temporal_equivariance": 0.3258062851118646,
        "uncertainty_calibration": 0.0003630311159074918,
        "total": 0.21706007992382978,
        "stage_objective": 0.21706007992382978,
        "gradient_norm": 0.27113027792989824
      },
      "selection": {
        "rows": 64644,
        "batches": 522,
        "primitive_set_parameters": 0.7278260502891186,
        "surface_reconstruction": 0.17295763176954565,
        "ray_free_space": 0.04392099278463177,
        "port_relations": 0.5614355675275429,
        "temporal_equivariance": 0.5423566027263272,
        "uncertainty_calibration": 0.0009400648900828447,
        "total": 0.3415728281081796
      },
      "epoch_seconds": 4311.649750880897,
      "optimizer_steps_cumulative": 133680,
      "cuda_peak_allocated_bytes": 7958970368,
      "process_memory_bytes": 15690891264
    },
    {
      "epoch": 5,
      "training": {
        "rows": 426552,
        "batches": 26736,
        "stage": "joint_finetuning",
        "primitive_set_parameters": 0.2745340586150673,
        "surface_reconstruction": 0.15554297224204755,
        "ray_free_space": 0.0422765372573923,
        "port_relations": 0.5007979394766183,
        "temporal_equivariance": 0.3306413305378966,
        "uncertainty_calibration": 0.00043784699177892237,
        "total": 0.21737178647060132,
        "stage_objective": 0.21737178647060132,
        "gradient_norm": 0.2560828442788763
      },
      "selection": {
        "rows": 64644,
        "batches": 522,
        "primitive_set_parameters": 0.6491171883508018,
        "surface_reconstruction": 0.17265261338751592,
        "ray_free_space": 0.044917417526984825,
        "port_relations": 0.546518274629428,
        "temporal_equivariance": 0.47612622470063787,
        "uncertainty_calibration": 0.0006625242107456263,
        "total": 0.3149990488038995
      },
      "epoch_seconds": 4284.064573676093,
      "optimizer_steps_cumulative": 160416,
      "cuda_peak_allocated_bytes": 7958970368,
      "process_memory_bytes": 15690891264
    }
  ]
}
