Traceback (most recent call last):
  File "/opt/ros/noetic/bin/rosbag", line 35, in <module>
    rosbag.rosbagmain()
  File "/opt/ros/noetic/lib/python3/dist-packages/rosbag/rosbag_main.py", line 1032, in rosbagmain
    cmds[cmd](argv[2:])
  File "/opt/ros/noetic/lib/python3/dist-packages/rosbag/rosbag_main.py", line 161, in record_cmd
    process.wait()
  File "/usr/lib/python3.8/subprocess.py", line 1083, in wait
    return self._wait(timeout=timeout)
  File "/usr/lib/python3.8/subprocess.py", line 1806, in _wait
    (pid, sts) = self._try_wait(0)
  File "/usr/lib/python3.8/subprocess.py", line 1764, in _try_wait
    (pid, sts) = os.waitpid(self.pid, wait_flags)
  File "/opt/ros/noetic/lib/python3/dist-packages/rosbag/rosbag_main.py", line 155, in <lambda>
    lambda signum, frame: _send_process_sigint(signum, frame, old_handler, process)
  File "/opt/ros/noetic/lib/python3/dist-packages/rosbag/rosbag_main.py", line 78, in _send_process_sigint
    old_handler(signum, frame)
TypeError: 'Handlers' object is not callable
[0m[ INFO] [1786114512.719206511]: Subscribing to /registered_scan[0m
[0m[ INFO] [1786114512.720088351]: Subscribing to /state_estimation_at_scan[0m
[0m[ INFO] [1786114512.932471623, 21.805000000]: Recording to '/output/bags/tunnel.bag'.[0m
