{"world": "S01_flat_tree_small_C01", "index": 1, "of": 90, "frames": 675, "rejected": 2}
{"world": "S01_flat_tree_small_C02", "index": 2, "of": 90, "frames": 625, "rejected": 0}
{"world": "S01_flat_tree_small_C03", "index": 3, "of": 90, "frames": 780, "rejected": 0}
{"world": "S01_flat_tree_small_C04", "index": 4, "of": 90, "frames": 510, "rejected": 0}
{"world": "S01_flat_tree_small_C05", "index": 5, "of": 90, "frames": 630, "rejected": 0}
{"world": "S01_flat_tree_small_C06", "index": 6, "of": 90, "frames": 655, "rejected": 0}
{"world": "S01_flat_tree_small_C07", "index": 7, "of": 90, "frames": 570, "rejected": 1}
{"world": "S01_flat_tree_small_C08", "index": 8, "of": 90, "frames": 655, "rejected": 0}
{"world": "S01_flat_tree_small_C09", "index": 9, "of": 90, "frames": 740, "rejected": 0}
{"world": "S02_3d_tree_small_C01", "index": 10, "of": 90, "frames": 690, "rejected": 1}
{"world": "S02_3d_tree_small_C02", "index": 11, "of": 90, "frames": 650, "rejected": 0}
{"world": "S02_3d_tree_small_C03", "index": 12, "of": 90, "frames": 820, "rejected": 0}
{"world": "S02_3d_tree_small_C04", "index": 13, "of": 90, "frames": 590, "rejected": 0}
{"world": "S02_3d_tree_small_C05", "index": 14, "of": 90, "frames": 675, "rejected": 0}
{"world": "S02_3d_tree_small_C06", "index": 15, "of": 90, "frames": 790, "rejected": 0}
{"world": "S02_3d_tree_small_C07", "index": 16, "of": 90, "frames": 535, "rejected": 0}
{"world": "S02_3d_tree_small_C08", "index": 17, "of": 90, "frames": 805, "rejected": 0}
{"world": "S02_3d_tree_small_C09", "index": 18, "of": 90, "frames": 675, "rejected": 0}
{"world": "S03_flat_unicyclic_small_C01", "index": 19, "of": 90, "frames": 800, "rejected": 0}
{"world": "S03_flat_unicyclic_small_C02", "index": 20, "of": 90, "frames": 955, "rejected": 0}
{"world": "S03_flat_unicyclic_small_C03", "index": 21, "of": 90, "frames": 895, "rejected": 0}
{"world": "S03_flat_unicyclic_small_C04", "index": 22, "of": 90, "frames": 820, "rejected": 0}
{"world": "S03_flat_unicyclic_small_C05", "index": 23, "of": 90, "frames": 755, "rejected": 7}
{"world": "S03_flat_unicyclic_small_C06", "index": 24, "of": 90, "frames": 760, "rejected": 0}
{"world": "S03_flat_unicyclic_small_C07", "index": 25, "of": 90, "frames": 535, "rejected": 0}
{"world": "S03_flat_unicyclic_small_C08", "index": 26, "of": 90, "frames": 760, "rejected": 0}
{"world": "S03_flat_unicyclic_small_C09", "index": 27, "of": 90, "frames": 745, "rejected": 0}
{"world": "S04_3d_unicyclic_small_C01", "index": 28, "of": 90, "frames": 795, "rejected": 0}
{"world": "S04_3d_unicyclic_small_C02", "index": 29, "of": 90, "frames": 685, "rejected": 0}
{"world": "S04_3d_unicyclic_small_C03", "index": 30, "of": 90, "frames": 885, "rejected": 0}
{"world": "S04_3d_unicyclic_small_C04", "index": 31, "of": 90, "frames": 710, "rejected": 0}
{"world": "S04_3d_unicyclic_small_C05", "index": 32, "of": 90, "frames": 605, "rejected": 0}
{"world": "S04_3d_unicyclic_small_C06", "index": 33, "of": 90, "frames": 765, "rejected": 0}
{"world": "S04_3d_unicyclic_small_C07", "index": 34, "of": 90, "frames": 645, "rejected": 3}
{"world": "S04_3d_unicyclic_small_C08", "index": 35, "of": 90, "frames": 815, "rejected": 1}
{"world": "S04_3d_unicyclic_small_C09", "index": 36, "of": 90, "frames": 800, "rejected": 0}
{"world": "S05_flat_branch_medium_C01", "index": 37, "of": 90, "frames": 1140, "rejected": 0}
{"world": "S05_flat_branch_medium_C02", "index": 38, "of": 90, "frames": 1265, "rejected": 0}
{"world": "S05_flat_branch_medium_C03", "index": 39, "of": 90, "frames": 1270, "rejected": 0}
{"world": "S05_flat_branch_medium_C04", "index": 40, "of": 90, "frames": 1100, "rejected": 0}
{"world": "S05_flat_branch_medium_C05", "index": 41, "of": 90, "frames": 1055, "rejected": 0}
{"world": "S05_flat_branch_medium_C06", "index": 42, "of": 90, "frames": 1390, "rejected": 0}
{"world": "S05_flat_branch_medium_C07", "index": 43, "of": 90, "frames": 1110, "rejected": 2}
{"world": "S05_flat_branch_medium_C08", "index": 44, "of": 90, "frames": 1300, "rejected": 0}
{"world": "S05_flat_branch_medium_C09", "index": 45, "of": 90, "frames": 1075, "rejected": 0}
{"world": "S06_3d_branch_medium_C01", "index": 46, "of": 90, "frames": 935, "rejected": 2}
{"world": "S06_3d_branch_medium_C02", "index": 47, "of": 90, "frames": 1015, "rejected": 0}
{"world": "S06_3d_branch_medium_C03", "index": 48, "of": 90, "frames": 985, "rejected": 0}
{"world": "S06_3d_branch_medium_C04", "index": 49, "of": 90, "frames": 1500, "rejected": 3}
{"world": "S06_3d_branch_medium_C05", "index": 50, "of": 90, "frames": 1160, "rejected": 0}
{"world": "S06_3d_branch_medium_C06", "index": 51, "of": 90, "frames": 1290, "rejected": 0}
{"world": "S06_3d_branch_medium_C07", "index": 52, "of": 90, "frames": 930, "rejected": 0}
{"world": "S06_3d_branch_medium_C08", "index": 53, "of": 90, "frames": 1155, "rejected": 0}
{"world": "S06_3d_branch_medium_C09", "index": 54, "of": 90, "frames": 1055, "rejected": 0}
{"world": "S07_flat_loop_rich_C01", "index": 55, "of": 90, "frames": 1790, "rejected": 0}
{"world": "S07_flat_loop_rich_C02", "index": 56, "of": 90, "frames": 1825, "rejected": 0}
{"world": "S07_flat_loop_rich_C03", "index": 57, "of": 90, "frames": 1425, "rejected": 4}
{"world": "S07_flat_loop_rich_C04", "index": 58, "of": 90, "frames": 1750, "rejected": 0}
{"world": "S07_flat_loop_rich_C05", "index": 59, "of": 90, "frames": 1505, "rejected": 0}
{"world": "S07_flat_loop_rich_C06", "index": 60, "of": 90, "frames": 1600, "rejected": 2}
{"world": "S07_flat_loop_rich_C07", "index": 61, "of": 90, "frames": 1450, "rejected": 0}
{"world": "S07_flat_loop_rich_C08", "index": 62, "of": 90, "frames": 1440, "rejected": 2}
{"world": "S07_flat_loop_rich_C09", "index": 63, "of": 90, "frames": 1465, "rejected": 0}
{"world": "S08_3d_loop_rich_C01", "index": 64, "of": 90, "frames": 1710, "rejected": 0}
{"world": "S08_3d_loop_rich_C02", "index": 65, "of": 90, "frames": 1715, "rejected": 0}
{"world": "S08_3d_loop_rich_C03", "index": 66, "of": 90, "frames": 1315, "rejected": 2}
{"world": "S08_3d_loop_rich_C04", "index": 67, "of": 90, "frames": 1865, "rejected": 0}
{"world": "S08_3d_loop_rich_C05", "index": 68, "of": 90, "frames": 1460, "rejected": 0}
{"world": "S08_3d_loop_rich_C06", "index": 69, "of": 90, "frames": 1715, "rejected": 0}
{"world": "S08_3d_loop_rich_C07", "index": 70, "of": 90, "frames": 1765, "rejected": 6}
{"world": "S08_3d_loop_rich_C08", "index": 71, "of": 90, "frames": 1690, "rejected": 2}
{"world": "S08_3d_loop_rich_C09", "index": 72, "of": 90, "frames": 1715, "rejected": 0}
{"world": "S09_flat_complex_C01", "index": 73, "of": 90, "frames": 2420, "rejected": 0}
{"world": "S09_flat_complex_C02", "index": 74, "of": 90, "frames": 1815, "rejected": 1}
{"world": "S09_flat_complex_C03", "index": 75, "of": 90, "frames": 2060, "rejected": 1}
{"world": "S09_flat_complex_C04", "index": 76, "of": 90, "frames": 1880, "rejected": 0}
{"world": "S09_flat_complex_C05", "index": 77, "of": 90, "frames": 2385, "rejected": 0}
{"world": "S09_flat_complex_C06", "index": 78, "of": 90, "frames": 1835, "rejected": 0}
{"world": "S09_flat_complex_C07", "index": 79, "of": 90, "frames": 1900, "rejected": 0}
{"world": "S09_flat_complex_C08", "index": 80, "of": 90, "frames": 2160, "rejected": 0}
{"world": "S09_flat_complex_C09", "index": 81, "of": 90, "frames": 2015, "rejected": 3}
{"world": "S10_3d_complex_C01", "index": 82, "of": 90, "frames": 1540, "rejected": 0}
{"world": "S10_3d_complex_C02", "index": 83, "of": 90, "frames": 2130, "rejected": 5}
{"world": "S10_3d_complex_C03", "index": 84, "of": 90, "frames": 1980, "rejected": 1}
{"world": "S10_3d_complex_C04", "index": 85, "of": 90, "frames": 2265, "rejected": 2}
{"world": "S10_3d_complex_C05", "index": 86, "of": 90, "frames": 1975, "rejected": 0}
{"world": "S10_3d_complex_C06", "index": 87, "of": 90, "frames": 1915, "rejected": 0}
{"world": "S10_3d_complex_C07", "index": 88, "of": 90, "frames": 2185, "rejected": 2}
{"world": "S10_3d_complex_C08", "index": 89, "of": 90, "frames": 2095, "rejected": 6}
{"world": "S10_3d_complex_C09", "index": 90, "of": 90, "frames": 2215, "rejected": 0}

duration_seconds=1425.347915
exit_code=0
