{
  "status": "COMPLETED_PHASE3_MASKING_CORRECTIVE_EXECUTOR",
  "mode": "M1D",
  "seed": 0,
  "epochs_completed": 20,
  "best_epoch": 14,
  "best_direction_validation_f1": 0.8898600681193318,
  "best_validation": {
    "loss": {
      "total": 0.16336999643325806,
      "direction": 0.08807872084140778,
      "count": 0.12160388342410326,
      "role": 0.179561220536232
    },
    "role": {
      "confusion_matrix": [
        [
          9872,
          220,
          158
        ],
        [
          233,
          1628,
          14
        ],
        [
          12,
          6,
          357
        ]
      ],
      "precision": [
        0.9757833349807256,
        0.8781014023732471,
        0.6748582230623819
      ],
      "recall": [
        0.9631219512195122,
        0.8682666666666666,
        0.952
      ],
      "f1": [
        0.9694113025973388,
        0.8731563421828908,
        0.7898230088495576
      ],
      "support": [
        10250,
        1875,
        375
      ],
      "macro_f1_present": 0.877463551209929,
      "accuracy": 0.94856
    },
    "count": {
      "confusion_matrix": [
        [
          170,
          8,
          0,
          0,
          0,
          0
        ],
        [
          19,
          11172,
          57,
          3,
          0,
          0
        ],
        [
          0,
          231,
          671,
          5,
          0,
          0
        ],
        [
          0,
          45,
          87,
          30,
          0,
          0
        ],
        [
          0,
          0,
          1,
          0,
          0,
          0
        ],
        [
          0,
          0,
          0,
          1,
          0,
          0
        ]
      ],
      "precision": [
        0.8994708994708994,
        0.9752094972067039,
        0.8223039215686274,
        0.7692307692307693,
        0.0,
        0.0
      ],
      "recall": [
        0.9550561797752809,
        0.9929784019198293,
        0.7398015435501654,
        0.18518518518518517,
        0.0,
        0.0
      ],
      "f1": [
        0.9264305177111717,
        0.9840137402563087,
        0.7788740568775392,
        0.29850746268656714,
        0.0,
        0.0
      ],
      "support": [
        178,
        11251,
        907,
        162,
        1,
        1
      ],
      "macro_f1_present": 0.4979709629219311,
      "accuracy": 0.96344,
      "macro_f1_count_1_to_4": 0.7469564443828967
    },
    "direction": {
      "mean_bce": 0.08807872185558081,
      "threshold": 0.5,
      "matching_tolerance_deg": 20.0,
      "matched": 21685,
      "predicted": 22678,
      "truth": 26060,
      "precision": 0.9562130699356204,
      "recall": 0.8321181887950883,
      "f1": 0.8898600681193318,
      "mean_matched_angular_error_deg": 3.3164137929244104
    },
    "representation": {
      "same_cluster_cosine": {
        "pairs": 25000,
        "mean": 0.9835315843267828,
        "p05": 0.9108353016426043,
        "minimum": 0.26105778199597474
      }
    },
    "frames": 12500
  },
  "stability": {
    "cuda": {
      "frames": 2048,
      "fixed_masking_z_role_cosine_mean": 0.9996850490570068,
      "fixed_masking_z_role_cosine_p05": 0.999102771282196,
      "rotation_shift_deg": 6.0,
      "rotation_direction_max_absolute_logit_error": 0.0048999786376953125,
      "rotation_z_role_minimum_cosine": 0.9999998807907104
    },
    "cpu": {
      "frames": 2048,
      "fixed_masking_z_role_cosine_mean": 0.9996851086616516,
      "fixed_masking_z_role_cosine_p05": 0.9991016387939453,
      "rotation_shift_deg": 6.0,
      "rotation_direction_max_absolute_logit_error": 8.58306884765625e-06,
      "rotation_z_role_minimum_cosine": 0.9999998807907104
    }
  },
  "augmentation": {
    "scope": "train_only",
    "probability": 0.5,
    "period_columns": 10,
    "masked_range_value_normalized": 1.0,
    "masked_valid_value": 0.0,
    "samples": 2000000,
    "augmented_samples": 999345,
    "phase_counts": [
      99821,
      100253,
      99630,
      99762,
      100426,
      99748,
      99710,
      99851,
      100106,
      100038
    ]
  },
  "parameters": 521098,
  "duration_seconds": 1800.954779996995,
  "train_frames": 100000,
  "validation_frames": 12500,
  "strict_test_frames_read": 0,
  "mtare_frames_read": 0
}

duration_seconds=1803.931006
exit_code=0
