{
  "decision": "COUST_K_GE_3_LOCALIZATION_AND_CONFIDENCE_OBJECTIVE_FAILURE",
  "decision_tests": {
    "ensemble_cyclic_alignment_primary": false,
    "k3_representation_spacing_collapse": false,
    "single_seed_ensemble_interference_primary": false
  },
  "status": "PASS_GSE_COUST_COMPLEX_CARDINALITY_FAILURE_ATTRIBUTION_V1"
}
	Command being timed: "/home/zeng-workstation/.local/share/mtare_topo_comm/envs/phase3_torch290_cu129_zarr2187_v1/bin/python /home/zeng-workstation/mtare_topo_comm/tools/v3/execute_gse_coust_complex_cardinality_failure_attribution_v1.py --teacher-root /home/zeng-workstation/mtare_topo_comm/results/gate2_representation/gate2_20260829_gse_circular_exit_geometry_field_teacher_export_v1_seed0/artifacts/export/teacher --output-dir /home/zeng-workstation/mtare_topo_comm/results/gate3_semantics/gate3_20260829_gse_coust_complex_cardinality_failure_attribution_v1_seed0/metrics/attribution --prediction-root /home/zeng-workstation/mtare_topo_comm/results/gate3_semantics/gate3_20260829_gse_cyclic_ordered_unimodal_slot_transport_three_seed_training_v1_seed0/artifacts/models/seed0/development_predictions --prediction-root /home/zeng-workstation/mtare_topo_comm/results/gate3_semantics/gate3_20260829_gse_cyclic_ordered_unimodal_slot_transport_three_seed_training_v1_seed0/artifacts/models/seed1/development_predictions --prediction-root /home/zeng-workstation/mtare_topo_comm/results/gate3_semantics/gate3_20260829_gse_cyclic_ordered_unimodal_slot_transport_three_seed_training_v1_seed0/artifacts/models/seed2/development_predictions"
	User time (seconds): 21.83
	System time (seconds): 0.35
	Percent of CPU this job got: 100%
	Elapsed (wall clock) time (h:mm:ss or m:ss): 0:22.18
	Average shared text size (kbytes): 0
	Average unshared data size (kbytes): 0
	Average stack size (kbytes): 0
	Average total size (kbytes): 0
	Maximum resident set size (kbytes): 2453100
	Average resident set size (kbytes): 0
	Major (requiring I/O) page faults: 0
	Minor (reclaiming a frame) page faults: 214702
	Voluntary context switches: 37
	Involuntary context switches: 123
	Swaps: 0
	File system inputs: 0
	File system outputs: 784
	Socket messages sent: 0
	Socket messages received: 0
	Signals delivered: 0
	Page size (bytes): 4096
	Exit status: 0
