{"world": "S01_flat_tree_small_C01", "index": 1, "of": 90, "eligible": 161, "rejected": 2, "selected": 135}
{"world": "S01_flat_tree_small_C02", "index": 2, "of": 90, "eligible": 151, "rejected": 0, "selected": 125}
{"world": "S01_flat_tree_small_C03", "index": 3, "of": 90, "eligible": 188, "rejected": 0, "selected": 156}
{"world": "S01_flat_tree_small_C04", "index": 4, "of": 90, "eligible": 122, "rejected": 0, "selected": 102}
{"world": "S01_flat_tree_small_C05", "index": 5, "of": 90, "eligible": 152, "rejected": 0, "selected": 126}
{"world": "S01_flat_tree_small_C06", "index": 6, "of": 90, "eligible": 158, "rejected": 0, "selected": 131}
{"world": "S01_flat_tree_small_C07", "index": 7, "of": 90, "eligible": 136, "rejected": 1, "selected": 114}
{"world": "S01_flat_tree_small_C08", "index": 8, "of": 90, "eligible": 157, "rejected": 0, "selected": 131}
{"world": "S01_flat_tree_small_C09", "index": 9, "of": 90, "eligible": 187, "rejected": 0, "selected": 148}
{"world": "S02_3d_tree_small_C01", "index": 10, "of": 90, "eligible": 166, "rejected": 1, "selected": 138}
{"world": "S02_3d_tree_small_C02", "index": 11, "of": 90, "eligible": 159, "rejected": 0, "selected": 130}
{"world": "S02_3d_tree_small_C03", "index": 12, "of": 90, "eligible": 199, "rejected": 0, "selected": 164}
{"world": "S02_3d_tree_small_C04", "index": 13, "of": 90, "eligible": 142, "rejected": 0, "selected": 118}
{"world": "S02_3d_tree_small_C05", "index": 14, "of": 90, "eligible": 164, "rejected": 0, "selected": 135}
{"world": "S02_3d_tree_small_C06", "index": 15, "of": 90, "eligible": 193, "rejected": 0, "selected": 158}
{"world": "S02_3d_tree_small_C07", "index": 16, "of": 90, "eligible": 128, "rejected": 0, "selected": 107}
{"world": "S02_3d_tree_small_C08", "index": 17, "of": 90, "eligible": 195, "rejected": 0, "selected": 161}
{"world": "S02_3d_tree_small_C09", "index": 18, "of": 90, "eligible": 171, "rejected": 0, "selected": 135}
{"world": "S03_flat_unicyclic_small_C01", "index": 19, "of": 90, "eligible": 194, "rejected": 0, "selected": 160}
{"world": "S03_flat_unicyclic_small_C02", "index": 20, "of": 90, "eligible": 231, "rejected": 0, "selected": 191}
{"world": "S03_flat_unicyclic_small_C03", "index": 21, "of": 90, "eligible": 217, "rejected": 0, "selected": 179}
{"world": "S03_flat_unicyclic_small_C04", "index": 22, "of": 90, "eligible": 198, "rejected": 0, "selected": 164}
Traceback (most recent call last):
  File "/home/zeng-workstation/mtare_topo_comm/tools/v3/execute_cano_phase2_supervised_range_dataset_v2.py", line 169, in <module>
    if __name__=="__main__": raise SystemExit(main())
                                              ^^^^^^
  File "/home/zeng-workstation/mtare_topo_comm/tools/v3/execute_cano_phase2_supervised_range_dataset_v2.py", line 127, in main
    selected,selector_audit=select_spatially_balanced_clusters(eligible,quota,tunnel_quota=tunnel_quota,constraint_reference=candidates)
                            ^^^^^^^^^^^^^^^^^^^^^^^^^^^^^^^^^^^^^^^^^^^^^^^^^^^^^^^^^^^^^^^^^^^^^^^^^^^^^^^^^^^^^^^^^^^^^^^^^^^^^^^^^^^^
  File "/home/zeng-workstation/mtare_topo_comm/src/mtare_topo/data/cano_phase2_selector_v2.py", line 106, in select_spatially_balanced_clusters
    raise RuntimeError(f"tunnel {tunnel_id} has {len(indices)} eligible candidates for quota {resolved_tunnel_quota[tunnel_id]}")
RuntimeError: tunnel 1 has 31 eligible candidates for quota 32

duration_seconds=223.124291
exit_code=1
