/home/zeng-workstation/anaconda3/lib/python3.13/site-packages/torch/backends/__init__.py:46: UserWarning: Please use the new API settings to control TF32 behavior, such as torch.backends.cudnn.conv.fp32_precision = 'tf32' or torch.backends.cuda.matmul.fp32_precision = 'ieee'. Old settings, e.g, torch.backends.cuda.matmul.allow_tf32 = True, torch.backends.cudnn.allow_tf32 = True, allowTF32CuDNN() and allowTF32CuBLAS() will be deprecated after Pytorch 2.9. Please see https://pytorch.org/docs/main/notes/cuda.html#tensorfloat-32-tf32-on-ampere-and-later-devices (Triggered internally at /pytorch/aten/src/ATen/Context.cpp:80.)
  self.setter(val)
{
  "overall_status": "PASS_PRIMITIVE_RELATION_OBSERVABLE_FAILURE_ATTRIBUTION_V1",
  "diagnosis": "RELATION_SCORE_FAILS_EVEN_WITH_OBSERVABLE_PROPOSAL_ORACLE",
  "decision": "STOP_DIRECT_PAIR_RELATION_HEAD_AND_REASSESS_ARCHITECTURE",
  "condition_passing_seed_counts": {
    "deployed__independent__raw": 0,
    "deployed__independent__uncertainty_adjusted": 0,
    "deployed__independent__learned_safe": 0,
    "deployed__best_link_union__raw": 0,
    "teacher_cardinality__best_link_union__raw": 0,
    "proposal_oracle__independent__raw": 0,
    "proposal_oracle__independent__uncertainty_adjusted": 0,
    "proposal_oracle__independent__learned_safe": 0,
    "proposal_oracle__best_link_union__raw": 0
  }
}
	Command being timed: "/home/zeng-workstation/.local/share/mtare_topo_comm/envs/phase3_torch290_cu129_zarr2187_v1/bin/python /home/zeng-workstation/mtare_topo_comm/tools/v3/execute_primitive_relation_observable_failure_attribution_v1.py --models-root /home/zeng-workstation/mtare_topo_comm/results/gate3_semantics/gate3_20260902_primitive_relation_observable_three_seed_training_v1_seed0/artifacts/models --sensor-root /home/zeng-workstation/mtare_topo_comm/results/gate3_semantics/gate3_20260830_primitive_relation_p1a_lossless_storage_corrective_v1_seed0/artifacts/dataset/c07 --teacher-root /home/zeng-workstation/mtare_topo_comm/results/gate3_semantics/gate3_20260830_primitive_relation_p1b_teacher_materialization_v1r_seed0/artifacts/teacher/c07 --sidecar-root /home/zeng-workstation/mtare_topo_comm/results/gate3_semantics/gate3_20260902_primitive_attachment_observability_sidecar_v1_seed0/artifacts/endpoint_observability/c07 --formal-evaluation-root /home/zeng-workstation/mtare_topo_comm/results/gate3_semantics/gate3_20260902_primitive_relation_observable_c07_tf32_evidence_corrective_v1_seed0/metrics/source_evaluation --baseline-summary /home/zeng-workstation/mtare_topo_comm/results/gate3_semantics/gate3_20260902_primitive_relation_observable_nonlearning_c07_v1_seed0/metrics/summary.json --output-dir /home/zeng-workstation/mtare_topo_comm/results/gate3_semantics/gate3_20260902_primitive_relation_observable_failure_attribution_v1_seed0/metrics/attribution"
	User time (seconds): 1664.01
	System time (seconds): 27.80
	Percent of CPU this job got: 100%
	Elapsed (wall clock) time (h:mm:ss or m:ss): 28:08.19
	Average shared text size (kbytes): 0
	Average unshared data size (kbytes): 0
	Average stack size (kbytes): 0
	Average total size (kbytes): 0
	Maximum resident set size (kbytes): 12586644
	Average resident set size (kbytes): 0
	Major (requiring I/O) page faults: 0
	Minor (reclaiming a frame) page faults: 5851387
	Voluntary context switches: 1490851
	Involuntary context switches: 4963
	Swaps: 0
	File system inputs: 8
	File system outputs: 920
	Socket messages sent: 0
	Socket messages received: 0
	Signals delivered: 0
	Page size (bytes): 4096
	Exit status: 0
