{"index": 1, "observations": 1252, "of": 80, "tokens": 854, "unsupported": 0, "world": "S01_flat_tree_small_C01"}
{"index": 2, "observations": 1134, "of": 80, "tokens": 676, "unsupported": 0, "world": "S01_flat_tree_small_C02"}
{"index": 3, "observations": 1522, "of": 80, "tokens": 561, "unsupported": 0, "world": "S01_flat_tree_small_C03"}
{"index": 4, "observations": 860, "of": 80, "tokens": 559, "unsupported": 1, "world": "S01_flat_tree_small_C04"}
{"index": 5, "observations": 1176, "of": 80, "tokens": 665, "unsupported": 1, "world": "S01_flat_tree_small_C05"}
{"index": 6, "observations": 1224, "of": 80, "tokens": 682, "unsupported": 0, "world": "S01_flat_tree_small_C06"}
{"index": 7, "observations": 1314, "of": 80, "tokens": 537, "unsupported": 0, "world": "S02_3d_tree_small_C01"}
{"index": 8, "observations": 1212, "of": 80, "tokens": 762, "unsupported": 0, "world": "S02_3d_tree_small_C02"}
{"index": 9, "observations": 1618, "of": 80, "tokens": 979, "unsupported": 0, "world": "S02_3d_tree_small_C03"}
{"index": 10, "observations": 1042, "of": 80, "tokens": 503, "unsupported": 0, "world": "S02_3d_tree_small_C04"}
{"index": 11, "observations": 1292, "of": 80, "tokens": 736, "unsupported": 0, "world": "S02_3d_tree_small_C05"}
{"index": 12, "observations": 1538, "of": 80, "tokens": 573, "unsupported": 0, "world": "S02_3d_tree_small_C06"}
{"index": 13, "observations": 1510, "of": 80, "tokens": 1032, "unsupported": 0, "world": "S03_flat_unicyclic_small_C01"}
{"index": 14, "observations": 1864, "of": 80, "tokens": 1148, "unsupported": 0, "world": "S03_flat_unicyclic_small_C02"}
{"index": 15, "observations": 1770, "of": 80, "tokens": 1117, "unsupported": 0, "world": "S03_flat_unicyclic_small_C03"}
{"index": 16, "observations": 1566, "of": 80, "tokens": 1015, "unsupported": 0, "world": "S03_flat_unicyclic_small_C04"}
{"index": 17, "observations": 1444, "of": 80, "tokens": 995, "unsupported": 0, "world": "S03_flat_unicyclic_small_C05"}
{"index": 18, "observations": 1380, "of": 80, "tokens": 845, "unsupported": 0, "world": "S03_flat_unicyclic_small_C06"}
{"index": 19, "observations": 1408, "of": 80, "tokens": 799, "unsupported": 0, "world": "S04_3d_unicyclic_small_C01"}
{"index": 20, "observations": 1174, "of": 80, "tokens": 842, "unsupported": 0, "world": "S04_3d_unicyclic_small_C02"}
{"index": 21, "observations": 1754, "of": 80, "tokens": 1133, "unsupported": 8, "world": "S04_3d_unicyclic_small_C03"}
{"index": 22, "observations": 1268, "of": 80, "tokens": 1110, "unsupported": 1, "world": "S04_3d_unicyclic_small_C04"}
{"index": 23, "observations": 1058, "of": 80, "tokens": 1083, "unsupported": 0, "world": "S04_3d_unicyclic_small_C05"}
{"index": 24, "observations": 1408, "of": 80, "tokens": 1281, "unsupported": 86, "world": "S04_3d_unicyclic_small_C06"}
{"index": 25, "observations": 2190, "of": 80, "tokens": 1545, "unsupported": 0, "world": "S05_flat_branch_medium_C01"}
{"index": 26, "observations": 2412, "of": 80, "tokens": 1342, "unsupported": 0, "world": "S05_flat_branch_medium_C02"}
{"index": 27, "observations": 2468, "of": 80, "tokens": 1553, "unsupported": 0, "world": "S05_flat_branch_medium_C03"}
{"index": 28, "observations": 2088, "of": 80, "tokens": 1496, "unsupported": 0, "world": "S05_flat_branch_medium_C04"}
{"index": 29, "observations": 1980, "of": 80, "tokens": 1709, "unsupported": 0, "world": "S05_flat_branch_medium_C05"}
{"index": 30, "observations": 2752, "of": 80, "tokens": 1760, "unsupported": 0, "world": "S05_flat_branch_medium_C06"}
{"index": 31, "observations": 1654, "of": 80, "tokens": 1411, "unsupported": 0, "world": "S06_3d_branch_medium_C01"}
{"index": 32, "observations": 1914, "of": 80, "tokens": 1114, "unsupported": 4, "world": "S06_3d_branch_medium_C02"}
{"index": 33, "observations": 1782, "of": 80, "tokens": 1686, "unsupported": 0, "world": "S06_3d_branch_medium_C03"}
{"index": 34, "observations": 3006, "of": 80, "tokens": 1338, "unsupported": 0, "world": "S06_3d_branch_medium_C04"}
{"index": 35, "observations": 2208, "of": 80, "tokens": 1363, "unsupported": 44, "world": "S06_3d_branch_medium_C05"}
{"index": 36, "observations": 2472, "of": 80, "tokens": 1158, "unsupported": 0, "world": "S06_3d_branch_medium_C06"}
{"index": 37, "observations": 3432, "of": 80, "tokens": 2740, "unsupported": 2, "world": "S07_flat_loop_rich_C01"}
{"index": 38, "observations": 3468, "of": 80, "tokens": 2984, "unsupported": 1, "world": "S07_flat_loop_rich_C02"}
{"index": 39, "observations": 2662, "of": 80, "tokens": 2229, "unsupported": 0, "world": "S07_flat_loop_rich_C03"}
{"index": 40, "observations": 3408, "of": 80, "tokens": 3142, "unsupported": 0, "world": "S07_flat_loop_rich_C04"}
{"index": 41, "observations": 2800, "of": 80, "tokens": 2504, "unsupported": 1, "world": "S07_flat_loop_rich_C05"}
{"index": 42, "observations": 3026, "of": 80, "tokens": 2401, "unsupported": 0, "world": "S07_flat_loop_rich_C06"}
{"index": 43, "observations": 3230, "of": 80, "tokens": 1903, "unsupported": 0, "world": "S08_3d_loop_rich_C01"}
{"index": 44, "observations": 3304, "of": 80, "tokens": 2319, "unsupported": 49, "world": "S08_3d_loop_rich_C02"}
{"index": 45, "observations": 2364, "of": 80, "tokens": 1328, "unsupported": 80, "world": "S08_3d_loop_rich_C03"}
{"index": 46, "observations": 3650, "of": 80, "tokens": 2312, "unsupported": 1, "world": "S08_3d_loop_rich_C04"}
{"index": 47, "observations": 2668, "of": 80, "tokens": 1649, "unsupported": 1, "world": "S08_3d_loop_rich_C05"}
{"index": 48, "observations": 3272, "of": 80, "tokens": 2084, "unsupported": 1, "world": "S08_3d_loop_rich_C06"}
{"index": 49, "observations": 4704, "of": 80, "tokens": 3096, "unsupported": 2, "world": "S09_flat_complex_C01"}
{"index": 50, "observations": 3344, "of": 80, "tokens": 2888, "unsupported": 0, "world": "S09_flat_complex_C02"}
{"index": 51, "observations": 3840, "of": 80, "tokens": 2924, "unsupported": 1, "world": "S09_flat_complex_C03"}
{"index": 52, "observations": 3520, "of": 80, "tokens": 3243, "unsupported": 0, "world": "S09_flat_complex_C04"}
{"index": 53, "observations": 4594, "of": 80, "tokens": 3767, "unsupported": 0, "world": "S09_flat_complex_C05"}
{"index": 54, "observations": 3376, "of": 80, "tokens": 2848, "unsupported": 1, "world": "S09_flat_complex_C06"}
{"index": 55, "observations": 2624, "of": 80, "tokens": 2349, "unsupported": 54, "world": "S10_3d_complex_C01"}
{"index": 56, "observations": 4052, "of": 80, "tokens": 2120, "unsupported": 0, "world": "S10_3d_complex_C02"}
{"index": 57, "observations": 3706, "of": 80, "tokens": 2583, "unsupported": 1, "world": "S10_3d_complex_C03"}
{"index": 58, "observations": 4282, "of": 80, "tokens": 2597, "unsupported": 0, "world": "S10_3d_complex_C04"}
{"index": 59, "observations": 3622, "of": 80, "tokens": 2324, "unsupported": 0, "world": "S10_3d_complex_C05"}
{"index": 60, "observations": 3522, "of": 80, "tokens": 3196, "unsupported": 97, "world": "S10_3d_complex_C06"}
{"index": 61, "observations": 1004, "of": 80, "tokens": 781, "unsupported": 0, "world": "S01_flat_tree_small_C07"}
{"index": 62, "observations": 1218, "of": 80, "tokens": 874, "unsupported": 0, "world": "S01_flat_tree_small_C08"}
{"index": 63, "observations": 922, "of": 80, "tokens": 562, "unsupported": 1, "world": "S02_3d_tree_small_C07"}
{"index": 64, "observations": 1590, "of": 80, "tokens": 963, "unsupported": 0, "world": "S02_3d_tree_small_C08"}
{"index": 65, "observations": 906, "of": 80, "tokens": 1105, "unsupported": 0, "world": "S03_flat_unicyclic_small_C07"}
{"index": 66, "observations": 1414, "of": 80, "tokens": 857, "unsupported": 0, "world": "S03_flat_unicyclic_small_C08"}
{"index": 67, "observations": 1134, "of": 80, "tokens": 1002, "unsupported": 0, "world": "S04_3d_unicyclic_small_C07"}
{"index": 68, "observations": 1526, "of": 80, "tokens": 908, "unsupported": 0, "world": "S04_3d_unicyclic_small_C08"}
{"index": 69, "observations": 2068, "of": 80, "tokens": 1200, "unsupported": 0, "world": "S05_flat_branch_medium_C07"}
{"index": 70, "observations": 2466, "of": 80, "tokens": 1657, "unsupported": 0, "world": "S05_flat_branch_medium_C08"}
{"index": 71, "observations": 1676, "of": 80, "tokens": 1235, "unsupported": 0, "world": "S06_3d_branch_medium_C07"}
{"index": 72, "observations": 2174, "of": 80, "tokens": 1549, "unsupported": 0, "world": "S06_3d_branch_medium_C08"}
{"index": 73, "observations": 2678, "of": 80, "tokens": 2285, "unsupported": 1, "world": "S07_flat_loop_rich_C07"}
{"index": 74, "observations": 2654, "of": 80, "tokens": 2484, "unsupported": 0, "world": "S07_flat_loop_rich_C08"}
{"index": 75, "observations": 3458, "of": 80, "tokens": 1758, "unsupported": 1, "world": "S08_3d_loop_rich_C07"}
{"index": 76, "observations": 3212, "of": 80, "tokens": 2223, "unsupported": 14, "world": "S08_3d_loop_rich_C08"}
{"index": 77, "observations": 3580, "of": 80, "tokens": 3232, "unsupported": 0, "world": "S09_flat_complex_C07"}
{"index": 78, "observations": 4182, "of": 80, "tokens": 3153, "unsupported": 0, "world": "S09_flat_complex_C08"}
{"index": 79, "observations": 4122, "of": 80, "tokens": 2930, "unsupported": 0, "world": "S10_3d_complex_C07"}
{"index": 80, "observations": 3958, "of": 80, "tokens": 2805, "unsupported": 187, "world": "S10_3d_complex_C08"}
/home/zeng-workstation/mtare_topo_comm/tools/v3/execute_gse_geometry_anchored_spatial_event_readiness_v1.py:233: UserWarning: Converting a tensor with requires_grad=True to a scalar may lead to unexpected behavior.
Consider using tensor.detach() first. (Triggered internally at /pytorch/torch/csrc/autograd/generated/python_variable_methods.cpp:836.)
  physical_bound_error = float(
{
  "schema_version": "gse_geometry_anchored_spatial_event_readiness_v1",
  "status": "FAIL_GSE_GEOMETRY_ANCHORED_SPATIAL_EVENT_READINESS_V1",
  "population": {
    "worlds": 80,
    "fit_worlds": 60,
    "selection_worlds": 20,
    "observations": 188126,
    "unique_global_sequence_indices": 188126,
    "tokens": 133055,
    "event_identities": 1076,
    "type_counts": {
      "terminal": 30789,
      "junction": 102266
    },
    "cardinality_histogram": {
      "0": 81069,
      "1": 83093,
      "2": 22076,
      "3": 1751,
      "4": 128,
      "5": 9
    }
  },
  "encoder": {
    "parameters": 264134,
    "queries": 16,
    "polar_bins": 180,
    "real_teacher_batch_cardinalities": [
      0,
      1,
      2,
      3,
      4,
      5
    ],
    "input_contract": {
      "student_inputs": [
        "five_frame_range_m",
        "five_frame_valid_mask"
      ],
      "forbidden_inputs": [
        "world_pose",
        "sensor_pose",
        "route_identity",
        "traversal_identity",
        "TNG_identity",
        "future_frame",
        "teacher_feature"
      ],
      "range_shape": [
        5,
        16,
        720
      ],
      "polar_bins": 180,
      "event_range_rule": "radial_fraction * attention_weighted_current_free_range"
    },
    "query_permutation_loss_error": 0.0,
    "circular_rotation_xyz_max_abs_error_m": 4.76837158203125e-07,
    "circular_rotation_invariant_max_abs_error": 1.9073486328125e-06,
    "free_range_bound_max_signed_error_m": -8.786538124084473,
    "seed_replay_max_abs_error": 0.0,
    "finite_backward": true
  },
  "scan_support": {
    "schema_version": "gse_geometry_anchored_support_audit_v1",
    "tokens": 133055,
    "unsupported_tokens": 641,
    "margin_m": {
      "minimum": -41.79042434692383,
      "p01": 0.622707188129425,
      "median": 7.593891143798828,
      "p99": 42.2990608215332,
      "maximum": 49.9957160949707
    },
    "unsupported_examples": [
      {
        "parent_id": "S01_flat_tree_small_C04",
        "global_sequence_index": 4216,
        "slot": 0,
        "distance_m": 25.307458877563477,
        "free_range_anchor_m": 13.819846153259277,
        "bearing_deg": 213.88294982910156
      },
      {
        "parent_id": "S01_flat_tree_small_C05",
        "global_sequence_index": 5707,
        "slot": 0,
        "distance_m": 30.931095123291016,
        "free_range_anchor_m": 16.568788528442383,
        "bearing_deg": 21.751136779785156
      },
      {
        "parent_id": "S04_3d_unicyclic_small_C03",
        "global_sequence_index": 39117,
        "slot": 0,
        "distance_m": 30.692707061767578,
        "free_range_anchor_m": 18.156198501586914,
        "bearing_deg": 165.7165069580078
      },
      {
        "parent_id": "S04_3d_unicyclic_small_C03",
        "global_sequence_index": 39356,
        "slot": 1,
        "distance_m": 41.81568908691406,
        "free_range_anchor_m": 9.76012897491455,
        "bearing_deg": 351.3711853027344
      },
      {
        "parent_id": "S04_3d_unicyclic_small_C03",
        "global_sequence_index": 39357,
        "slot": 1,
        "distance_m": 40.83497619628906,
        "free_range_anchor_m": 10.211102485656738,
        "bearing_deg": 351.47991943359375
      },
      {
        "parent_id": "S04_3d_unicyclic_small_C03",
        "global_sequence_index": 39370,
        "slot": 1,
        "distance_m": 40.058433532714844,
        "free_range_anchor_m": 10.478620529174805,
        "bearing_deg": 171.73439025878906
      },
      {
        "parent_id": "S04_3d_unicyclic_small_C03",
        "global_sequence_index": 39371,
        "slot": 1,
        "distance_m": 41.03901672363281,
        "free_range_anchor_m": 10.145696640014648,
        "bearing_deg": 171.45404052734375
      },
      {
        "parent_id": "S04_3d_unicyclic_small_C03",
        "global_sequence_index": 39372,
        "slot": 1,
        "distance_m": 42.01981735229492,
        "free_range_anchor_m": 9.888431549072266,
        "bearing_deg": 171.35350036621094
      },
      {
        "parent_id": "S04_3d_unicyclic_small_C03",
        "global_sequence_index": 39505,
        "slot": 1,
        "distance_m": 49.52291488647461,
        "free_range_anchor_m": 29.230960845947266,
        "bearing_deg": 9.55734920501709
      },
      {
        "parent_id": "S04_3d_unicyclic_small_C03",
        "global_sequence_index": 39506,
        "slot": 1,
        "distance_m": 48.53253936767578,
        "free_range_anchor_m": 28.24796485900879,
        "bearing_deg": 9.31751823425293
      },
      {
        "parent_id": "S04_3d_unicyclic_small_C04",
        "global_sequence_index": 40721,
        "slot": 0,
        "distance_m": 36.142581939697266,
        "free_range_anchor_m": 19.8870792388916,
        "bearing_deg": 211.93467712402344
      },
      {
        "parent_id": "S04_3d_unicyclic_small_C06",
        "global_sequence_index": 43661,
        "slot": 1,
        "distance_m": 23.741207122802734,
        "free_range_anchor_m": 12.976080894470215,
        "bearing_deg": 336.9475402832031
      },
      {
        "parent_id": "S04_3d_unicyclic_small_C06",
        "global_sequence_index": 43681,
        "slot": 0,
        "distance_m": 32.83053207397461,
        "free_range_anchor_m": 32.72123336791992,
        "bearing_deg": 180.25941467285156
      },
      {
        "parent_id": "S04_3d_unicyclic_small_C06",
        "global_sequence_index": 43682,
        "slot": 0,
        "distance_m": 33.830230712890625,
        "free_range_anchor_m": 33.33992004394531,
        "bearing_deg": 180.12677001953125
      },
      {
        "parent_id": "S04_3d_unicyclic_small_C06",
        "global_sequence_index": 43683,
        "slot": 0,
        "distance_m": 34.830081939697266,
        "free_range_anchor_m": 33.7384033203125,
        "bearing_deg": 180.0517578125
      },
      {
        "parent_id": "S04_3d_unicyclic_small_C06",
        "global_sequence_index": 43684,
        "slot": 0,
        "distance_m": 35.83003616333008,
        "free_range_anchor_m": 34.476436614990234,
        "bearing_deg": 179.96881103515625
      },
      {
        "parent_id": "S04_3d_unicyclic_small_C06",
        "global_sequence_index": 43685,
        "slot": 0,
        "distance_m": 36.83000183105469,
        "free_range_anchor_m": 35.17051696777344,
        "bearing_deg": 179.8785400390625
      },
      {
        "parent_id": "S04_3d_unicyclic_small_C06",
        "global_sequence_index": 43686,
        "slot": 0,
        "distance_m": 37.82986068725586,
        "free_range_anchor_m": 35.529808044433594,
        "bearing_deg": 179.7813720703125
      },
      {
        "parent_id": "S04_3d_unicyclic_small_C06",
        "global_sequence_index": 43687,
        "slot": 0,
        "distance_m": 34.37282180786133,
        "free_range_anchor_m": 33.622650146484375,
        "bearing_deg": 0.08707492053508759
      },
      {
        "parent_id": "S04_3d_unicyclic_small_C06",
        "global_sequence_index": 43688,
        "slot": 0,
        "distance_m": 33.37303924560547,
        "free_range_anchor_m": 33.09687805175781,
        "bearing_deg": 0.15826475620269775
      },
      {
        "parent_id": "S04_3d_unicyclic_small_C06",
        "global_sequence_index": 43742,
        "slot": 0,
        "distance_m": 42.36602020263672,
        "free_range_anchor_m": 33.9608268737793,
        "bearing_deg": 178.1020050048828
      },
      {
        "parent_id": "S04_3d_unicyclic_small_C06",
        "global_sequence_index": 43743,
        "slot": 0,
        "distance_m": 43.363807678222656,
        "free_range_anchor_m": 34.61315155029297,
        "bearing_deg": 178.17869567871094
      },
      {
        "parent_id": "S04_3d_unicyclic_small_C06",
        "global_sequence_index": 43744,
        "slot": 0,
        "distance_m": 44.36151123046875,
        "free_range_anchor_m": 35.03927230834961,
        "bearing_deg": 178.21788024902344
      },
      {
        "parent_id": "S04_3d_unicyclic_small_C06",
        "global_sequence_index": 43745,
        "slot": 0,
        "distance_m": 45.35929870605469,
        "free_range_anchor_m": 35.264434814453125,
        "bearing_deg": 178.33209228515625
      },
      {
        "parent_id": "S04_3d_unicyclic_small_C06",
        "global_sequence_index": 43746,
        "slot": 0,
        "distance_m": 46.3573112487793,
        "free_range_anchor_m": 35.801483154296875,
        "bearing_deg": 178.52110290527344
      },
      {
        "parent_id": "S04_3d_unicyclic_small_C06",
        "global_sequence_index": 43747,
        "slot": 0,
        "distance_m": 47.35567092895508,
        "free_range_anchor_m": 33.63209533691406,
        "bearing_deg": 178.6307373046875
      },
      {
        "parent_id": "S04_3d_unicyclic_small_C06",
        "global_sequence_index": 43748,
        "slot": 0,
        "distance_m": 48.354461669921875,
        "free_range_anchor_m": 33.9248161315918,
        "bearing_deg": 178.7288360595703
      },
      {
        "parent_id": "S04_3d_unicyclic_small_C06",
        "global_sequence_index": 43749,
        "slot": 0,
        "distance_m": 49.35369873046875,
        "free_range_anchor_m": 33.54801940917969,
        "bearing_deg": 178.8450164794922
      },
      {
        "parent_id": "S04_3d_unicyclic_small_C06",
        "global_sequence_index": 43752,
        "slot": 0,
        "distance_m": 47.556236267089844,
        "free_range_anchor_m": 33.686790466308594,
        "bearing_deg": 358.64886474609375
      },
      {
        "parent_id": "S04_3d_unicyclic_small_C06",
        "global_sequence_index": 43753,
        "slot": 0,
        "distance_m": 46.55779266357422,
        "free_range_anchor_m": 35.47511672973633,
        "bearing_deg": 358.5660400390625
      },
      {
        "parent_id": "S04_3d_unicyclic_small_C06",
        "global_sequence_index": 43754,
        "slot": 0,
        "distance_m": 45.55971908569336,
        "free_range_anchor_m": 35.341041564941406,
        "bearing_deg": 358.3636474609375
      },
      {
        "parent_id": "S04_3d_unicyclic_small_C06",
        "global_sequence_index": 43755,
        "slot": 0,
        "distance_m": 44.5619010925293,
        "free_range_anchor_m": 35.17728805541992,
        "bearing_deg": 358.234130859375
      }
    ],
    "definition": "Teacher event distance <= max current LiDAR support in its four-column polar cell."
  },
  "checks": {
    "exact_80_worlds": true,
    "exact_60_20_split": true,
    "exact_188126_unique_observations": true,
    "exact_133055_tokens": true,
    "exact_type_and_identity_counts": true,
    "exact_cardinality_histogram": true,
    "all_teacher_tokens_have_scan_free_range_support": false,
    "source_range_and_invalid_contract": true,
    "range_valid_only_forward_signature": true,
    "forbidden_inputs_declared": true,
    "exact_264134_parameters": true,
    "real_cardinality_0_through_5_finite_backward": true,
    "query_permutation_loss_error_at_most_1e_6": true,
    "circular_rotation_xyz_error_at_most_1e_3_m": true,
    "circular_rotation_invariants_error_at_most_2e_5": true,
    "free_range_bound_error_nonpositive": true,
    "seed_replay_bit_exact": true,
    "zero_training_threshold_C09_C10_MTARE": true,
    "all_passed": false
  },
  "duration_seconds": 26.183466893970035,
  "optimizer_steps": 0,
  "trained_model_inference_frames": 0,
  "threshold_selection_steps": 0,
  "random_initialization_forward_batches": 4,
  "c09_worlds_read": 0,
  "c10_worlds_read": 0,
  "mtare_worlds_read": 0
}
