{"c07": {"assignment": 3.6870944654209086, "axis": 0.1898525723005317, "bearing": 0.08569386602165525, "cardinality": 0.6151632973559495, "global_geometry": 0.004174558716538485, "slot_geometry": 0.005713092503634062, "total": 4.587691859343022}, "epoch": 0, "optimizer_steps": 1137, "train": {"assignment": 3.772341199653107, "axis": 0.6158309893258466, "bearing": 0.0978660167228754, "cardinality": 0.6021491111625242, "global_geometry": 0.009494760625841035, "slot_geometry": 0.009906124297708945, "total": 5.107588214778487}}
{"c07": {"assignment": 3.514242206120814, "axis": 0.09603514818748497, "bearing": 0.07400624197553335, "cardinality": 0.6218698344293498, "global_geometry": 0.0042248176603256644, "slot_geometry": 0.007045634167703847, "total": 4.317423876305115}, "epoch": 1, "optimizer_steps": 1137, "train": {"assignment": 3.5013367413354364, "axis": 0.14559556144793612, "bearing": 0.0710510785923524, "cardinality": 0.5999665604916347, "global_geometry": 0.0038781048153336446, "slot_geometry": 0.0057280548957932866, "total": 4.327556091362896}}
{"c07": {"assignment": 3.7839274659589646, "axis": 0.14859416849284685, "bearing": 0.07377852472443899, "cardinality": 0.611379068552983, "global_geometry": 0.004315827738411389, "slot_geometry": 0.005128270392049417, "total": 4.627123334400283}, "epoch": 2, "optimizer_steps": 1137, "train": {"assignment": 3.354247300004286, "axis": 0.08466518201986774, "bearing": 0.061100588065157016, "cardinality": 0.5979178511216237, "global_geometry": 0.003890041918942687, "slot_geometry": 0.004796870696699683, "total": 4.106617840091103}}
{"c07": {"assignment": 4.453791743221499, "axis": 0.06755811343530889, "bearing": 0.08315518595062504, "cardinality": 0.5641985583669382, "global_geometry": 0.004329447280896071, "slot_geometry": 0.004692290289110015, "total": 5.17772526415288}, "epoch": 3, "optimizer_steps": 1137, "train": {"assignment": 3.463704833871424, "axis": 0.07162979367417682, "bearing": 0.0593267007385867, "cardinality": 0.5788486256779618, "global_geometry": 0.003942022994929375, "slot_geometry": 0.005023148223554205, "total": 4.1824751209711}}
{"c07": {"assignment": 3.27312761183371, "axis": 0.04457655779282449, "bearing": 0.051620398784969, "cardinality": 0.3580126515816996, "global_geometry": 0.0052979450895409, "slot_geometry": 0.005538801132801264, "total": 3.7381739447549256}, "epoch": 4, "optimizer_steps": 1137, "train": {"assignment": 3.4740028057350316, "axis": 0.06029145722107814, "bearing": 0.05654895358692482, "cardinality": 0.45008104045612896, "global_geometry": 0.004691753306036035, "slot_geometry": 0.004649600475726775, "total": 4.050265606384812}}
{"c07": {"assignment": 3.366549528505932, "axis": 0.04525137194898239, "bearing": 0.060811800098518456, "cardinality": 0.31872321013585964, "global_geometry": 0.008235642440257141, "slot_geometry": 0.004656018480809891, "total": 3.8042275848516134}, "epoch": 5, "optimizer_steps": 1137, "train": {"assignment": 3.295122802146867, "axis": 0.044597715836007634, "bearing": 0.047589957663867574, "cardinality": 0.26019518875691916, "global_geometry": 0.0040787079049216446, "slot_geometry": 0.004057165816525734, "total": 3.655641542797398}}
{"c07": {"assignment": 3.161116865386276, "axis": 0.036304247452415346, "bearing": 0.05203804542641694, "cardinality": 0.23026107244140998, "global_geometry": 0.0039289927126056855, "slot_geometry": 0.003988842855171143, "total": 3.487638032412029}, "epoch": 6, "optimizer_steps": 1137, "train": {"assignment": 3.2919799391328466, "axis": 0.04525124193556158, "bearing": 0.049680087752271083, "cardinality": 0.24935209587926305, "global_geometry": 0.0038180577997975382, "slot_geometry": 0.0037984209726791614, "total": 3.6438798470823914}}
{"c07": {"assignment": 3.0336548430104857, "axis": 0.032873386443345906, "bearing": 0.044207083356500664, "cardinality": 0.23532242771296524, "global_geometry": 0.004032806323818998, "slot_geometry": 0.0038388286265491865, "total": 3.3539293935176326}, "epoch": 7, "optimizer_steps": 1137, "train": {"assignment": 3.0928881082109276, "axis": 0.033698315217092566, "bearing": 0.04430611071147076, "cardinality": 0.22463149128777077, "global_geometry": 0.003667511328596743, "slot_geometry": 0.0035990481198143495, "total": 3.4027905828614875}}
{"c07": {"assignment": 2.900498496262377, "axis": 0.0250416512257299, "bearing": 0.03683526335910956, "cardinality": 0.2335181516735739, "global_geometry": 0.0038732603988435596, "slot_geometry": 0.003564416573697605, "total": 3.2033312148987663}, "epoch": 8, "optimizer_steps": 1137, "train": {"assignment": 2.985850564584221, "axis": 0.027359012204479616, "bearing": 0.03830184951913342, "cardinality": 0.2134567805847575, "global_geometry": 0.003624295010142419, "slot_geometry": 0.0033707971102289523, "total": 3.271963297448818}}
{"c07": {"assignment": 2.975279330477016, "axis": 0.025636799585268506, "bearing": 0.04111895949961264, "cardinality": 0.1832572248660952, "global_geometry": 0.003932961762546684, "slot_geometry": 0.00375970262074257, "total": 3.232984965998719}, "epoch": 9, "optimizer_steps": 1137, "train": {"assignment": 2.929932594453585, "axis": 0.026050208095455208, "bearing": 0.03777803559700848, "cardinality": 0.1966546548806403, "global_geometry": 0.0036337738115002904, "slot_geometry": 0.0033033177432563025, "total": 3.1973525842898325}}
{"best_c07_validation_loss": 3.2033312148987663, "best_epoch": 8, "c07_checkpoint_observations": 21548, "c08_checkpoint_observations": 0, "c09_worlds_read": 0, "c10_worlds_read": 0, "development_output_observations": 45942, "duration_seconds": 1980.287727676914, "epochs": 10, "final_inference_c07_observations": 21548, "final_inference_c08_observations": 24394, "fit_observations": 142184, "mtare_worlds_read": 0, "optimizer_steps": 11370, "parameters": 788618, "peak_gpu_memory_bytes": 7924012032, "schema_version": "gse_circular_peak_geometry_training_seed_v1", "seed": 0}
	Command being timed: "/home/zeng-workstation/.local/share/mtare_topo_comm/envs/phase3_torch290_cu129_zarr2187_v1/bin/python /home/zeng-workstation/mtare_topo_comm/tools/v3/train_gse_cyclic_ordered_unimodal_slot_transport_v1.py --teacher-root /home/zeng-workstation/mtare_topo_comm/results/gate2_representation/gate2_20260829_gse_circular_exit_geometry_field_teacher_export_v1_seed0/artifacts/export/teacher --source-root /home/zeng-workstation/mtare_topo_comm/results/gate2_representation/gate2_20260824_gse_deduplicated_dataset_export_v1_seed0/artifacts/dataset/train --output-dir /home/zeng-workstation/mtare_topo_comm/results/gate3_semantics/gate3_20260829_gse_cyclic_ordered_unimodal_slot_transport_three_seed_training_v1_seed0/artifacts/models/seed0 --seed 0 --epochs 10 --batch-size 128 --evaluation-batch-size 256 --learning-rate 0.0003 --weight-decay 0.0001"
	User time (seconds): 1911.35
	System time (seconds): 112.23
	Percent of CPU this job got: 102%
	Elapsed (wall clock) time (h:mm:ss or m:ss): 33:01.25
	Average shared text size (kbytes): 0
	Average unshared data size (kbytes): 0
	Average stack size (kbytes): 0
	Average total size (kbytes): 0
	Maximum resident set size (kbytes): 3461620
	Average resident set size (kbytes): 0
	Major (requiring I/O) page faults: 0
	Minor (reclaiming a frame) page faults: 17702482
	Voluntary context switches: 2738694
	Involuntary context switches: 8279
	Swaps: 0
	File system inputs: 0
	File system outputs: 336520
	Socket messages sent: 0
	Socket messages received: 0
	Signals delivered: 0
	Page size (bytes): 4096
	Exit status: 0
