{"c07": {"assignment": 3.6605360727706735, "axis": 0.0445756707668525, "bearing": 0.07828073260688129, "cardinality": 0.592031045518615, "global_geometry": 0.004918479077176196, "slot_geometry": 0.005173657583032154, "total": 4.385515694319925}, "epoch": 0, "optimizer_steps": 1137, "train": {"assignment": 3.77401772923363, "axis": 0.22207459217161804, "bearing": 0.0940474354165397, "cardinality": 0.59703613705931, "global_geometry": 0.011156362934179369, "slot_geometry": 0.010662885317686202, "total": 4.70899514829221}}
{"c07": {"assignment": 3.4160625966024107, "axis": 0.044974065278139, "bearing": 0.05715480466035256, "cardinality": 0.33559156673387625, "global_geometry": 0.00431134229288825, "slot_geometry": 0.00475610349075478, "total": 3.862850521100747}, "epoch": 1, "optimizer_steps": 1137, "train": {"assignment": 3.4727539898326616, "axis": 0.07353546086273065, "bearing": 0.06472766303232991, "cardinality": 0.45709938039166964, "global_geometry": 0.003894415480777694, "slot_geometry": 0.005213623137108959, "total": 4.077224543016428}}
{"c07": {"assignment": 3.6458773474669397, "axis": 0.07843862468086657, "bearing": 0.06275466438172055, "cardinality": 0.3048000002664716, "global_geometry": 0.004077206494446077, "slot_geometry": 0.00769271111413259, "total": 4.103640572578185}, "epoch": 2, "optimizer_steps": 1137, "train": {"assignment": 3.321922331171433, "axis": 0.05035588338340544, "bearing": 0.05459798180350884, "cardinality": 0.2772676791586617, "global_geometry": 0.003922990203976631, "slot_geometry": 0.004881870167076077, "total": 3.7129487383012156}}
{"c07": {"assignment": 3.6368419118287814, "axis": 0.02801045627140113, "bearing": 0.06577141840469108, "cardinality": 0.22338567933329426, "global_geometry": 0.004209338374041641, "slot_geometry": 0.005125863470110495, "total": 3.9633446448982723}, "epoch": 3, "optimizer_steps": 1137, "train": {"assignment": 3.341537958520054, "axis": 0.04017625338391003, "bearing": 0.05356653183343703, "cardinality": 0.21022145502227976, "global_geometry": 0.0038094325453021604, "slot_geometry": 0.005136016700212374, "total": 3.6544476465570406}}
{"c07": {"assignment": 3.233183201664517, "axis": 0.03798612485935727, "bearing": 0.05010136336345604, "cardinality": 0.47559301619469313, "global_geometry": 0.00482974019403294, "slot_geometry": 0.004658300581730744, "total": 3.8063517526989856}, "epoch": 4, "optimizer_steps": 1137, "train": {"assignment": 3.3615537840768828, "axis": 0.04086967114471698, "bearing": 0.053983419096578625, "cardinality": 0.20930899542247094, "global_geometry": 0.004082360312224925, "slot_geometry": 0.0047389040173429825, "total": 3.6745371395746242}}
{"c07": {"assignment": 3.19650415547022, "axis": 0.023653361025610907, "bearing": 0.04719124927052636, "cardinality": 0.1665213072682168, "global_geometry": 0.0038800360026481663, "slot_geometry": 0.004313840475252356, "total": 3.442063963897865}, "epoch": 5, "optimizer_steps": 1137, "train": {"assignment": 3.16842324961582, "axis": 0.02908687836987418, "bearing": 0.04441414295307247, "cardinality": 0.19070580367133633, "global_geometry": 0.0037367908297207654, "slot_geometry": 0.00429364558062829, "total": 3.440660508185523}}
{"c07": {"assignment": 3.2097056882156165, "axis": 0.027627947565320454, "bearing": 0.041913253573272205, "cardinality": 0.1683881731883849, "global_geometry": 0.0038269058286252104, "slot_geometry": 0.004635306303572627, "total": 3.4560973215616544}, "epoch": 6, "optimizer_steps": 1137, "train": {"assignment": 3.047858466768965, "axis": 0.026061232598771054, "bearing": 0.040821351382778384, "cardinality": 0.17777298143643408, "global_geometry": 0.0036438457012494432, "slot_geometry": 0.003962065180841902, "total": 3.3001199401518924}}
{"c07": {"assignment": 3.0515086365604702, "axis": 0.029482374767654775, "bearing": 0.039114694394459006, "cardinality": 0.1568008208130795, "global_geometry": 0.0038357971982765885, "slot_geometry": 0.004706216342699236, "total": 3.2854485007679615}, "epoch": 7, "optimizer_steps": 1137, "train": {"assignment": 3.036270220838548, "axis": 0.02236644213449371, "bearing": 0.03939026854706198, "cardinality": 0.1719740170185612, "global_geometry": 0.003592172674041443, "slot_geometry": 0.004018023821441644, "total": 3.2776111443578135}}
{"c07": {"assignment": 2.9940232539278733, "axis": 0.020876377166605172, "bearing": 0.03994167189492562, "cardinality": 0.1940995394949825, "global_geometry": 0.004108590947603539, "slot_geometry": 0.004414967275668936, "total": 3.2574644084983175}, "epoch": 8, "optimizer_steps": 1137, "train": {"assignment": 3.1506842477054806, "axis": 0.025284269296684213, "bearing": 0.041155048778509035, "cardinality": 0.18177705141080344, "global_geometry": 0.0037930902237807273, "slot_geometry": 0.004085098936959238, "total": 3.406778811895337}}
{"c07": {"assignment": 3.353450014393383, "axis": 0.020544839434188944, "bearing": 0.053514649545336385, "cardinality": 0.16887441591157573, "global_geometry": 0.0040620012297832705, "slot_geometry": 0.004636841665445812, "total": 3.605082779420159}, "epoch": 9, "optimizer_steps": 1137, "train": {"assignment": 3.031410223529676, "axis": 0.01849146762223431, "bearing": 0.038128049419998165, "cardinality": 0.16976516534029779, "global_geometry": 0.003640256811970452, "slot_geometry": 0.0037987880739305977, "total": 3.2652339412634426}}
{"best_c07_validation_loss": 3.2574644084983175, "best_epoch": 8, "c07_checkpoint_observations": 21548, "c08_checkpoint_observations": 0, "c09_worlds_read": 0, "c10_worlds_read": 0, "development_output_observations": 45942, "duration_seconds": 1982.460540690925, "epochs": 10, "final_inference_c07_observations": 21548, "final_inference_c08_observations": 24394, "fit_observations": 142184, "mtare_worlds_read": 0, "optimizer_steps": 11370, "parameters": 788618, "peak_gpu_memory_bytes": 7924012032, "schema_version": "gse_circular_peak_geometry_training_seed_v1", "seed": 1}
	Command being timed: "/home/zeng-workstation/.local/share/mtare_topo_comm/envs/phase3_torch290_cu129_zarr2187_v1/bin/python /home/zeng-workstation/mtare_topo_comm/tools/v3/train_gse_cyclic_ordered_unimodal_slot_transport_v1.py --teacher-root /home/zeng-workstation/mtare_topo_comm/results/gate2_representation/gate2_20260829_gse_circular_exit_geometry_field_teacher_export_v1_seed0/artifacts/export/teacher --source-root /home/zeng-workstation/mtare_topo_comm/results/gate2_representation/gate2_20260824_gse_deduplicated_dataset_export_v1_seed0/artifacts/dataset/train --output-dir /home/zeng-workstation/mtare_topo_comm/results/gate3_semantics/gate3_20260829_gse_cyclic_ordered_unimodal_slot_transport_three_seed_training_v1_seed0/artifacts/models/seed1 --seed 1 --epochs 10 --batch-size 128 --evaluation-batch-size 256 --learning-rate 0.0003 --weight-decay 0.0001"
	User time (seconds): 1916.32
	System time (seconds): 109.55
	Percent of CPU this job got: 102%
	Elapsed (wall clock) time (h:mm:ss or m:ss): 33:03.43
	Average shared text size (kbytes): 0
	Average unshared data size (kbytes): 0
	Average stack size (kbytes): 0
	Average total size (kbytes): 0
	Maximum resident set size (kbytes): 3469756
	Average resident set size (kbytes): 0
	Major (requiring I/O) page faults: 0
	Minor (reclaiming a frame) page faults: 15382363
	Voluntary context switches: 2741009
	Involuntary context switches: 7928
	Swaps: 0
	File system inputs: 0
	File system outputs: 343296
	Socket messages sent: 0
	Socket messages received: 0
	Signals delivered: 0
	Page size (bytes): 4096
	Exit status: 0
