{
  "checks": {
    "c07_safe_precision_recall": false,
    "c08_not_used_for_selection": true,
    "c08_safe_precision_recall": false,
    "deployed_action_macro_f1": false,
    "global_geometry_contract": false,
    "overall_exact_set": false,
    "raw_cardinality_accuracy": true,
    "registered_baseline_gain": false,
    "slot_geometry_contract": true,
    "three_four_exit_recovery": false,
    "zero_test_graph_planner": true
  },
  "decision": "STOP_COUST_BEFORE_GRAPH",
  "status": "FAIL_GSE_CYCLIC_ORDERED_UNIMODAL_SLOT_TRANSPORT_SELECTION_V1",
  "threshold": 0.9899982037080375
}
Command exited with non-zero status 2
	Command being timed: "/home/zeng-workstation/.local/share/mtare_topo_comm/envs/phase3_torch290_cu129_zarr2187_v1/bin/python /home/zeng-workstation/mtare_topo_comm/tools/v3/evaluate_gse_cyclic_ordered_unimodal_slot_transport_selection_v1.py --teacher-root /home/zeng-workstation/mtare_topo_comm/results/gate2_representation/gate2_20260829_gse_circular_exit_geometry_field_teacher_export_v1_seed0/artifacts/export/teacher --source-root /home/zeng-workstation/mtare_topo_comm/results/gate2_representation/gate2_20260824_gse_deduplicated_dataset_export_v1_seed0/artifacts/dataset/train --output-dir /home/zeng-workstation/mtare_topo_comm/results/gate3_semantics/gate3_20260829_gse_cyclic_ordered_unimodal_slot_transport_three_seed_training_v1_seed0/metrics/selection --prediction-root /home/zeng-workstation/mtare_topo_comm/results/gate3_semantics/gate3_20260829_gse_cyclic_ordered_unimodal_slot_transport_three_seed_training_v1_seed0/artifacts/models/seed0/development_predictions --prediction-root /home/zeng-workstation/mtare_topo_comm/results/gate3_semantics/gate3_20260829_gse_cyclic_ordered_unimodal_slot_transport_three_seed_training_v1_seed0/artifacts/models/seed1/development_predictions --prediction-root /home/zeng-workstation/mtare_topo_comm/results/gate3_semantics/gate3_20260829_gse_cyclic_ordered_unimodal_slot_transport_three_seed_training_v1_seed0/artifacts/models/seed2/development_predictions"
	User time (seconds): 8.29
	System time (seconds): 0.36
	Percent of CPU this job got: 100%
	Elapsed (wall clock) time (h:mm:ss or m:ss): 0:08.58
	Average shared text size (kbytes): 0
	Average unshared data size (kbytes): 0
	Average stack size (kbytes): 0
	Average total size (kbytes): 0
	Maximum resident set size (kbytes): 2419656
	Average resident set size (kbytes): 0
	Major (requiring I/O) page faults: 0
	Minor (reclaiming a frame) page faults: 164078
	Voluntary context switches: 955
	Involuntary context switches: 106
	Swaps: 0
	File system inputs: 0
	File system outputs: 552
	Socket messages sent: 0
	Socket messages received: 0
	Signals delivered: 0
	Page size (bytes): 4096
	Exit status: 2
