{
  "csg_hit_sha256": "cab0632b6de0629fe3c3fbf847ee297e60702448516500be965d99ebaf2c7dfc",
  "csg_qualified_coverage": 0.9886067708333334,
  "csg_seconds": 1.9883608960080892,
  "identity_agreement": 1.0,
  "implicit_coverage": 0.9899088541666666,
  "implicit_hit_sha256": "346a063da73d6e7fedb2e954a99f0d5f91641a166d77a6b0dc104938f4514580",
  "implicit_seconds": 11.627832410973497,
  "mesh_construction_seconds": 0.6553766399156302,
  "mesh_triangles": 2119040,
  "mesh_vertices": 1059630,
  "operand_query": "full",
  "poses": [
    {
      "frame_id": "S01_flat_tree_small_C01_t0001_k00002_f0",
      "role": "interior"
    },
    {
      "frame_id": "S01_flat_tree_small_C01_t0001_k00002_f1",
      "role": "interior"
    },
    {
      "frame_id": "S01_flat_tree_small_C01_t0001_k00031_f0",
      "role": "junction"
    },
    {
      "frame_id": "S01_flat_tree_small_C01_t0001_k00031_f1",
      "role": "junction"
    },
    {
      "frame_id": "S01_flat_tree_small_C01_t0001_k00000_f0",
      "role": "terminal"
    },
    {
      "frame_id": "S01_flat_tree_small_C01_t0001_k00000_f1",
      "role": "terminal"
    }
  ],
  "primitive_count": 55,
  "range_gt_0p05_fraction": 0.0,
  "range_mae_m": 0.004389368944495459,
  "range_max_m": 0.04827813700721961,
  "range_p95_m": 0.014404146765072042,
  "range_p99_m": 0.02452470856135987,
  "rays": 6144,
  "realization": "c1_mixed",
  "speedup": 5.84794864670593,
  "valid_agreement": 0.9986979166666666,
  "world": "S01_flat_tree_small_C01"
}
