{
  "status": "COMPLETED_PHASE3_TRAINING_EXECUTOR",
  "mode": "M1",
  "seed": 1,
  "epochs_completed": 19,
  "best_epoch": 13,
  "best_direction_validation_f1": 0.8687926916146335,
  "best_validation": {
    "loss": {
      "total": 0.1532166175222397,
      "direction": 0.08709213316917419,
      "count": 0.09198186890408397,
      "role": 0.17251606859207153
    },
    "role": {
      "confusion_matrix": [
        [
          9855,
          244,
          151
        ],
        [
          191,
          1661,
          23
        ],
        [
          1,
          12,
          362
        ]
      ],
      "precision": [
        0.9808898178560764,
        0.8664580073030778,
        0.6753731343283582
      ],
      "recall": [
        0.9614634146341463,
        0.8858666666666667,
        0.9653333333333334
      ],
      "f1": [
        0.9710794698723948,
        0.8760548523206751,
        0.7947310647639956
      ],
      "support": [
        10250,
        1875,
        375
      ],
      "macro_f1_present": 0.8806217956523552,
      "accuracy": 0.95024
    },
    "count": {
      "confusion_matrix": [
        [
          138,
          40,
          0,
          0,
          0,
          0
        ],
        [
          1,
          11191,
          58,
          1,
          0,
          0
        ],
        [
          0,
          167,
          735,
          5,
          0,
          0
        ],
        [
          0,
          51,
          74,
          37,
          0,
          0
        ],
        [
          0,
          0,
          0,
          1,
          0,
          0
        ],
        [
          0,
          0,
          0,
          1,
          0,
          0
        ]
      ],
      "precision": [
        0.9928057553956835,
        0.9774652808105512,
        0.8477508650519031,
        0.8222222222222222,
        0.0,
        0.0
      ],
      "recall": [
        0.7752808988764045,
        0.9946671406986046,
        0.8103638368246968,
        0.22839506172839505,
        0.0,
        0.0
      ],
      "f1": [
        0.8706624605678234,
        0.9859911894273128,
        0.8286358511837656,
        0.35748792270531404,
        0.0,
        0.0
      ],
      "support": [
        178,
        11251,
        907,
        162,
        1,
        1
      ],
      "macro_f1_present": 0.5071295706473693,
      "accuracy": 0.96808,
      "macro_f1_count_1_to_4": 0.760694355971054
    },
    "direction": {
      "mean_bce": 0.08709213315248489,
      "threshold": 0.5,
      "matching_tolerance_deg": 20.0,
      "matched": 20732,
      "predicted": 21666,
      "truth": 26060,
      "precision": 0.9568909812609618,
      "recall": 0.7955487336914812,
      "f1": 0.8687926916146335,
      "mean_matched_angular_error_deg": 3.198341325312844
    },
    "representation": {
      "same_cluster_cosine": {
        "pairs": 25000,
        "mean": 0.9823604423583706,
        "p05": 0.899984624527786,
        "minimum": 0.17763262748601222
      }
    },
    "frames": 12500
  },
  "stability": {
    "frames": 2048,
    "fixed_masking_z_role_cosine_mean": 0.25799787044525146,
    "fixed_masking_z_role_cosine_p05": 0.05483551323413849,
    "rotation_shift_deg": 6.0,
    "rotation_direction_max_absolute_logit_error": 0.004992485046386719,
    "rotation_z_role_minimum_cosine": 0.9999998807907104
  },
  "parameters": 521098,
  "duration_seconds": 1637.7915974570024,
  "train_frames": 100000,
  "validation_frames": 12500,
  "strict_test_frames_read": 0,
  "mtare_frames_read": 0
}

duration_seconds=1640.756680
exit_code=0
