{
  "status": "COMPLETED_PHASE3_TRAINING_EXECUTOR",
  "mode": "M1",
  "seed": 2,
  "epochs_completed": 21,
  "best_epoch": 15,
  "best_direction_validation_f1": 0.8733659441680021,
  "best_validation": {
    "loss": {
      "total": 0.15318957014083862,
      "direction": 0.08677611980915069,
      "count": 0.08263178793698549,
      "role": 0.18302201385736466
    },
    "role": {
      "confusion_matrix": [
        [
          9716,
          326,
          208
        ],
        [
          128,
          1679,
          68
        ],
        [
          2,
          6,
          367
        ]
      ],
      "precision": [
        0.9867966686979484,
        0.8349080059671805,
        0.5707620528771384
      ],
      "recall": [
        0.9479024390243902,
        0.8954666666666666,
        0.9786666666666667
      ],
      "f1": [
        0.9669585987261146,
        0.8641276376737004,
        0.7210216110019646
      ],
      "support": [
        10250,
        1875,
        375
      ],
      "macro_f1_present": 0.8507026158005931,
      "accuracy": 0.94096
    },
    "count": {
      "confusion_matrix": [
        [
          172,
          6,
          0,
          0,
          0,
          0
        ],
        [
          29,
          11108,
          99,
          15,
          0,
          0
        ],
        [
          0,
          111,
          774,
          22,
          0,
          0
        ],
        [
          0,
          34,
          63,
          65,
          0,
          0
        ],
        [
          0,
          0,
          0,
          1,
          0,
          0
        ],
        [
          0,
          0,
          0,
          1,
          0,
          0
        ]
      ],
      "precision": [
        0.8557213930348259,
        0.9865885069722,
        0.8269230769230769,
        0.625,
        0.0,
        0.0
      ],
      "recall": [
        0.9662921348314607,
        0.9872900186650075,
        0.8533627342888643,
        0.4012345679012346,
        0.0,
        0.0
      ],
      "f1": [
        0.9076517150395779,
        0.9869391381608174,
        0.8399348887683126,
        0.4887218045112782,
        0.0,
        0.0
      ],
      "support": [
        178,
        11251,
        907,
        162,
        1,
        1
      ],
      "macro_f1_present": 0.5372079244133311,
      "accuracy": 0.96952,
      "macro_f1_count_1_to_4": 0.8058118866199966
    },
    "direction": {
      "mean_bce": 0.08677611992269754,
      "threshold": 0.5,
      "matching_tolerance_deg": 20.0,
      "matched": 20711,
      "predicted": 21368,
      "truth": 26060,
      "precision": 0.9692530887308124,
      "recall": 0.7947429009976976,
      "f1": 0.8733659441680021,
      "mean_matched_angular_error_deg": 3.247365298678003
    },
    "representation": {
      "same_cluster_cosine": {
        "pairs": 25000,
        "mean": 0.9724064660787144,
        "p05": 0.8472897646458046,
        "minimum": -0.17854149836125854
      }
    },
    "frames": 12500
  },
  "stability": {
    "frames": 2048,
    "fixed_masking_z_role_cosine_mean": 0.12241695821285248,
    "fixed_masking_z_role_cosine_p05": -0.11455697566270828,
    "rotation_shift_deg": 6.0,
    "rotation_direction_max_absolute_logit_error": 0.0038967132568359375,
    "rotation_z_role_minimum_cosine": 0.9999998807907104
  },
  "parameters": 521098,
  "duration_seconds": 1814.0374789009984,
  "train_frames": 100000,
  "validation_frames": 12500,
  "strict_test_frames_read": 0,
  "mtare_frames_read": 0
}

duration_seconds=1816.994619
exit_code=0
