argv=["/tmp/mtare_cano_compat_e1_py312_np126_sp112/bin/python", "/home/zeng-workstation/mtare_topo_comm/tools/v3/execute_cano_100_parent_perception_mesh_contract_m0r.py", "--run-dir", "/home/zeng-workstation/mtare_topo_comm/results/gate0_baseline/gate0_20260811_cano_100_parent_perception_mesh_contract_m0r_geometric_replay_seed0"]
finished_at_utc=2026-08-11T09:05:24.717367+00:00
[S01_flat_tree_small_C01/primary] compute_all start

Voxelizing floors:   0%|          | 0/966 [00:00<?, ?it/s]
Voxelizing floors:   7%|▋         | 68/966 [00:00<00:01, 676.37it/s]
Voxelizing floors:  15%|█▌        | 146/966 [00:00<00:01, 733.91it/s]
Voxelizing floors:  24%|██▍       | 234/966 [00:00<00:00, 798.63it/s]
Voxelizing floors:  35%|███▍      | 335/966 [00:00<00:00, 880.39it/s]
Voxelizing floors:  47%|████▋     | 455/966 [00:00<00:00, 992.82it/s]
Voxelizing floors:  63%|██████▎   | 611/966 [00:00<00:00, 1183.46it/s]
Voxelizing floors:  96%|█████████▌| 929/966 [00:00<00:00, 1833.68it/s]
Voxelizing floors: 100%|██████████| 966/966 [00:00<00:00, 1367.41it/s]

Checking wich vertices are floors:   0%|          | 0/69909 [00:00<?, ?it/s]
Checking wich vertices are floors:   4%|▍         | 2939/69909 [00:00<00:02, 29387.16it/s]
Checking wich vertices are floors:   9%|▊         | 5997/69909 [00:00<00:02, 30086.03it/s]
Checking wich vertices are floors:  13%|█▎        | 9269/69909 [00:00<00:01, 31285.82it/s]
Checking wich vertices are floors:  18%|█▊        | 12600/69909 [00:00<00:01, 32084.28it/s]
Checking wich vertices are floors:  23%|██▎       | 15944/69909 [00:00<00:01, 32569.27it/s]
Checking wich vertices are floors:  28%|██▊       | 19274/69909 [00:00<00:01, 32814.88it/s]
Checking wich vertices are floors:  32%|███▏      | 22706/69909 [00:00<00:01, 33303.97it/s]
Checking wich vertices are floors:  38%|███▊      | 26232/69909 [00:00<00:01, 33924.79it/s]
Checking wich vertices are floors:  43%|████▎     | 29805/69909 [00:00<00:01, 34486.71it/s]
Checking wich vertices are floors:  48%|████▊     | 33403/69909 [00:01<00:01, 34947.61it/s]
Checking wich vertices are floors:  53%|█████▎    | 37070/69909 [00:01<00:00, 35474.37it/s]
Checking wich vertices are floors:  58%|█████▊    | 40753/69909 [00:01<00:00, 35886.59it/s]
Checking wich vertices are floors:  64%|██████▎   | 44414/69909 [00:01<00:00, 36105.37it/s]
Checking wich vertices are floors:  69%|██████▊   | 48025/69909 [00:01<00:00, 35937.45it/s]
Checking wich vertices are floors:  74%|███████▍  | 51619/69909 [00:01<00:00, 35711.39it/s]
Checking wich vertices are floors:  79%|███████▉  | 55191/69909 [00:01<00:00, 34981.46it/s]
Checking wich vertices are floors:  84%|████████▍ | 58693/69909 [00:01<00:00, 33345.07it/s]
Checking wich vertices are floors:  89%|████████▊ | 62044/69909 [00:01<00:00, 33356.04it/s]
Checking wich vertices are floors:  94%|█████████▎| 65391/69909 [00:01<00:00, 32834.23it/s]
Checking wich vertices are floors:  98%|█████████▊| 68745/69909 [00:02<00:00, 33037.15it/s]

Checking wich intersection vertices are floors:   0%|          | 0/3 [00:00<?, ?it/s][A
Checking wich vertices are floors: 100%|██████████| 69909/69909 [00:02<00:00, 33826.73it/s]

Floor adj list:   0%|          | 0/24838 [00:00<?, ?it/s]
Checking wich intersection vertices are floors: 100%|██████████| 3/3 [00:00<00:00, 50.19it/s]

Floor adj list:   8%|▊         | 2009/24838 [00:00<00:01, 20077.05it/s]
Floor adj list:  16%|█▌        | 4017/24838 [00:00<00:01, 19646.11it/s]
Floor adj list:  24%|██▍       | 5983/24838 [00:00<00:01, 10005.83it/s]
Floor adj list:  30%|██▉       | 7338/24838 [00:00<00:01, 9230.57it/s] 
Floor adj list:  34%|███▍      | 8468/24838 [00:00<00:01, 8863.93it/s]
Floor adj list:  38%|███▊      | 9479/24838 [00:01<00:02, 6521.11it/s]
Floor adj list:  41%|████▏     | 10272/24838 [00:01<00:02, 5540.02it/s]
Floor adj list:  44%|████▍     | 10924/24838 [00:01<00:02, 4920.67it/s]
Floor adj list:  46%|████▌     | 11479/24838 [00:01<00:02, 4800.51it/s]
Floor adj list:  49%|████▊     | 12063/24838 [00:01<00:02, 5007.13it/s]
Floor adj list:  51%|█████     | 12662/24838 [00:01<00:02, 5223.37it/s]
Floor adj list:  53%|█████▎    | 13219/24838 [00:01<00:02, 5289.53it/s]
Floor adj list:  55%|█████▌    | 13774/24838 [00:02<00:02, 5226.69it/s]
Floor adj list:  58%|█████▊    | 14314/24838 [00:02<00:02, 5128.53it/s]
Floor adj list:  60%|█████▉    | 14839/24838 [00:02<00:02, 4867.39it/s]
Floor adj list:  62%|██████▏   | 15335/24838 [00:02<00:02, 4363.23it/s]
Floor adj list:  64%|██████▎   | 15784/24838 [00:02<00:02, 4034.98it/s]
Floor adj list:  65%|██████▌   | 16198/24838 [00:02<00:02, 3804.33it/s]
Floor adj list:  67%|██████▋   | 16585/24838 [00:02<00:02, 3612.96it/s]
Floor adj list:  68%|██████▊   | 16951/24838 [00:02<00:02, 3428.20it/s]
Floor adj list:  70%|██████▉   | 17297/24838 [00:03<00:02, 3261.59it/s]
Floor adj list:  71%|███████   | 17625/24838 [00:03<00:02, 3156.44it/s]
Floor adj list:  72%|███████▏  | 17941/24838 [00:03<00:02, 3108.59it/s]
Floor adj list:  74%|███████▎  | 18315/24838 [00:03<00:01, 3277.38it/s]
Floor adj list:  75%|███████▌  | 18662/24838 [00:03<00:01, 3329.00it/s]
Floor adj list:  76%|███████▋  | 18997/24838 [00:03<00:01, 3285.24it/s]
Floor adj list:  78%|███████▊  | 19327/24838 [00:03<00:01, 3276.75it/s]
Floor adj list:  79%|███████▉  | 19656/24838 [00:03<00:01, 3104.74it/s]
Floor adj list:  80%|████████  | 19969/24838 [00:03<00:01, 2981.45it/s]
Floor adj list:  82%|████████▏ | 20269/24838 [00:04<00:01, 2804.22it/s]
Floor adj list:  83%|████████▎ | 20552/24838 [00:04<00:01, 2744.99it/s]
Floor adj list:  84%|████████▍ | 20828/24838 [00:04<00:01, 2720.29it/s]
Floor adj list:  85%|████████▍ | 21101/24838 [00:04<00:01, 2689.13it/s]
Floor adj list:  86%|████████▌ | 21371/24838 [00:04<00:01, 2648.98it/s]
Floor adj list:  87%|████████▋ | 21637/24838 [00:04<00:01, 2551.74it/s]
Floor adj list:  88%|████████▊ | 21893/24838 [00:04<00:01, 2531.46it/s]
Floor adj list:  89%|████████▉ | 22147/24838 [00:04<00:01, 2501.28it/s]
Floor adj list:  90%|█████████ | 22398/24838 [00:04<00:00, 2483.38it/s]
Floor adj list:  91%|█████████ | 22659/24838 [00:04<00:00, 2518.00it/s]
Floor adj list:  92%|█████████▏| 22975/24838 [00:05<00:00, 2703.55it/s]
Floor adj list:  94%|█████████▎| 23253/24838 [00:05<00:00, 2724.48it/s]
Floor adj list:  95%|█████████▍| 23526/24838 [00:05<00:00, 2710.24it/s]
Floor adj list:  96%|█████████▌| 23798/24838 [00:05<00:00, 2650.91it/s]
Floor adj list:  97%|█████████▋| 24064/24838 [00:05<00:00, 2554.10it/s]
Floor adj list:  98%|█████████▊| 24321/24838 [00:05<00:00, 2415.09it/s]
Floor adj list:  99%|█████████▉| 24580/24838 [00:05<00:00, 2463.00it/s]
Floor adj list: 100%|█████████▉| 24828/24838 [00:05<00:00, 2431.79it/s]

Floor smoothing:   0%|          | 0/496760 [00:00<?, ?it/s][A
Floor adj list: 100%|██████████| 24838/24838 [00:05<00:00, 4247.47it/s]


Floor smoothing:   3%|▎         | 15975/496760 [00:00<00:03, 159734.92it/s][A

Floor smoothing:   7%|▋         | 34640/496760 [00:00<00:02, 175564.59it/s][A

Floor smoothing:  11%|█▏        | 56996/496760 [00:00<00:02, 197479.35it/s][A

Floor smoothing:  17%|█▋        | 83458/496760 [00:00<00:01, 223982.60it/s][A

Floor smoothing:  23%|██▎       | 112102/496760 [00:00<00:01, 246499.34it/s][A

Floor smoothing:  28%|██▊       | 136752/496760 [00:00<00:01, 227396.75it/s][A

Floor smoothing:  34%|███▎      | 166487/496760 [00:00<00:01, 249039.50it/s][A

Floor smoothing:  39%|███▊      | 191682/496760 [00:00<00:01, 244479.01it/s][A

Floor smoothing:  44%|████▎     | 216333/496760 [00:01<00:01, 199113.19it/s][A

Floor smoothing:  48%|████▊     | 237632/496760 [00:01<00:01, 189462.49it/s][A

Floor smoothing:  54%|█████▎    | 266824/496760 [00:01<00:01, 215728.41it/s][A

Floor smoothing:  60%|█████▉    | 297194/496760 [00:01<00:00, 239308.73it/s][A

Floor smoothing:  66%|██████▌   | 327612/496760 [00:01<00:00, 257271.47it/s][A

Floor smoothing:  72%|███████▏  | 358170/496760 [00:01<00:00, 270963.45it/s][A

Floor smoothing:  78%|███████▊  | 388956/496760 [00:01<00:00, 281596.54it/s][A

Floor smoothing:  84%|████████▍ | 419560/496760 [00:01<00:00, 288723.88it/s][A

Floor smoothing:  91%|█████████ | 450145/496760 [00:01<00:00, 293759.05it/s][A

Floor smoothing:  97%|█████████▋| 480699/496760 [00:01<00:00, 297242.85it/s][A
Floor smoothing: 100%|██████████| 496760/496760 [00:02<00:00, 247457.47it/s]
[S01_flat_tree_small_C01/primary] done triangles=139822 bytes=10179110 duration=21.10s passed=True
[S01_flat_tree_small_C01/replay] compute_all start

Voxelizing floors:   0%|          | 0/966 [00:00<?, ?it/s]
Voxelizing floors:   7%|▋         | 67/966 [00:00<00:01, 668.27it/s]
Voxelizing floors:  15%|█▌        | 146/966 [00:00<00:01, 736.10it/s]
Voxelizing floors:  24%|██▍       | 234/966 [00:00<00:00, 799.75it/s]
Voxelizing floors:  34%|███▍      | 333/966 [00:00<00:00, 873.96it/s]
Voxelizing floors:  47%|████▋     | 452/966 [00:00<00:00, 987.39it/s]
Voxelizing floors:  63%|██████▎   | 607/966 [00:00<00:00, 1176.62it/s]
Voxelizing floors: 100%|██████████| 966/966 [00:00<00:00, 1376.07it/s]

Checking wich vertices are floors:   0%|          | 0/69909 [00:00<?, ?it/s]
Checking wich vertices are floors:   5%|▍         | 3332/69909 [00:00<00:01, 33312.49it/s]
Checking wich vertices are floors:  10%|▉         | 6664/69909 [00:00<00:01, 33253.97it/s]
Checking wich vertices are floors:  14%|█▍        | 9990/69909 [00:00<00:01, 33241.91it/s]
Checking wich vertices are floors:  19%|█▉        | 13322/69909 [00:00<00:01, 33270.72it/s]
Checking wich vertices are floors:  24%|██▍       | 16682/69909 [00:00<00:01, 33389.17it/s]
Checking wich vertices are floors:  29%|██▊       | 20057/69909 [00:00<00:01, 33509.50it/s]
Checking wich vertices are floors:  34%|███▎      | 23501/69909 [00:00<00:01, 33810.32it/s]
Checking wich vertices are floors:  39%|███▊      | 27054/69909 [00:00<00:01, 34355.92it/s]
Checking wich vertices are floors:  44%|████▎     | 30582/69909 [00:00<00:01, 34642.37it/s]
Checking wich vertices are floors:  49%|████▊     | 34047/69909 [00:01<00:01, 34530.11it/s]
Checking wich vertices are floors:  54%|█████▎    | 37501/69909 [00:01<00:00, 33642.87it/s]
Checking wich vertices are floors:  58%|█████▊    | 40871/69909 [00:01<00:00, 32367.98it/s]
Checking wich vertices are floors:  63%|██████▎   | 44353/69909 [00:01<00:00, 33079.48it/s]
Checking wich vertices are floors:  68%|██████▊   | 47874/69909 [00:01<00:00, 33702.74it/s]
Checking wich vertices are floors:  73%|███████▎  | 51254/69909 [00:01<00:00, 32880.95it/s]
Checking wich vertices are floors:  78%|███████▊  | 54552/69909 [00:01<00:00, 30002.28it/s]
Checking wich vertices are floors:  83%|████████▎ | 57906/69909 [00:01<00:00, 30973.19it/s]
Checking wich vertices are floors:  87%|████████▋ | 61123/69909 [00:01<00:00, 31307.29it/s]
Checking wich vertices are floors:  92%|█████████▏| 64287/69909 [00:01<00:00, 30320.84it/s]
Checking wich vertices are floors:  96%|█████████▋| 67413/69909 [00:02<00:00, 30584.97it/s]

Checking wich intersection vertices are floors:   0%|          | 0/3 [00:00<?, ?it/s][A
Checking wich vertices are floors: 100%|██████████| 69909/69909 [00:02<00:00, 32473.77it/s]

Floor adj list:   0%|          | 0/24833 [00:00<?, ?it/s]
Checking wich intersection vertices are floors: 100%|██████████| 3/3 [00:00<00:00, 47.05it/s]

Floor adj list:   8%|▊         | 1999/24833 [00:00<00:01, 19977.11it/s]
Floor adj list:  16%|█▌        | 3997/24833 [00:00<00:01, 19617.08it/s]
Floor adj list:  24%|██▍       | 5960/24833 [00:00<00:01, 9894.53it/s] 
Floor adj list:  29%|██▉       | 7309/24833 [00:00<00:01, 10037.79it/s]
Floor adj list:  34%|███▍      | 8535/24833 [00:00<00:01, 9732.98it/s] 
Floor adj list:  39%|███▉      | 9645/24833 [00:01<00:02, 7443.38it/s]
Floor adj list:  42%|████▏     | 10533/24833 [00:01<00:02, 6053.23it/s]
Floor adj list:  45%|████▌     | 11254/24833 [00:01<00:02, 5202.72it/s]
Floor adj list:  48%|████▊     | 11855/24833 [00:01<00:02, 5152.19it/s]
Floor adj list:  50%|█████     | 12457/24833 [00:01<00:02, 5324.24it/s]
Floor adj list:  52%|█████▏    | 13036/24833 [00:01<00:02, 5264.45it/s]
Floor adj list:  55%|█████▍    | 13593/24833 [00:01<00:02, 5188.91it/s]
Floor adj list:  57%|█████▋    | 14132/24833 [00:02<00:02, 5073.42it/s]
Floor adj list:  59%|█████▉    | 14652/24833 [00:02<00:02, 4990.04it/s]
Floor adj list:  61%|██████    | 15159/24833 [00:02<00:02, 4392.72it/s]
Floor adj list:  63%|██████▎   | 15613/24833 [00:02<00:02, 4062.77it/s]
Floor adj list:  65%|██████▍   | 16030/24833 [00:02<00:02, 3780.98it/s]
Floor adj list:  66%|██████▌   | 16416/24833 [00:02<00:02, 3616.19it/s]
Floor adj list:  68%|██████▊   | 16782/24833 [00:02<00:02, 3451.94it/s]
Floor adj list:  69%|██████▉   | 17130/24833 [00:02<00:02, 3303.03it/s]
Floor adj list:  70%|███████   | 17462/24833 [00:03<00:02, 3192.35it/s]
Floor adj list:  72%|███████▏  | 17782/24833 [00:03<00:02, 3133.27it/s]
Floor adj list:  73%|███████▎  | 18213/24833 [00:03<00:01, 3446.47it/s]
Floor adj list:  75%|███████▍  | 18605/24833 [00:03<00:01, 3576.36it/s]
Floor adj list:  76%|███████▋  | 18966/24833 [00:03<00:01, 3533.74it/s]
Floor adj list:  78%|███████▊  | 19322/24833 [00:03<00:01, 3492.75it/s]
Floor adj list:  79%|███████▉  | 19673/24833 [00:03<00:01, 3226.56it/s]
Floor adj list:  81%|████████  | 20000/24833 [00:03<00:01, 3017.68it/s]
Floor adj list:  82%|████████▏ | 20307/24833 [00:03<00:01, 2914.28it/s]
Floor adj list:  83%|████████▎ | 20602/24833 [00:04<00:01, 2803.96it/s]
Floor adj list:  84%|████████▍ | 20885/24833 [00:04<00:01, 2762.08it/s]
Floor adj list:  85%|████████▌ | 21163/24833 [00:04<00:01, 2691.75it/s]
Floor adj list:  86%|████████▋ | 21433/24833 [00:04<00:01, 2653.11it/s]
Floor adj list:  87%|████████▋ | 21699/24833 [00:04<00:01, 2599.35it/s]
Floor adj list:  88%|████████▊ | 21960/24833 [00:04<00:01, 2533.52it/s]
Floor adj list:  89%|████████▉ | 22214/24833 [00:04<00:01, 2449.04it/s]
Floor adj list:  90%|█████████ | 22460/24833 [00:04<00:00, 2447.12it/s]
Floor adj list:  92%|█████████▏| 22742/24833 [00:04<00:00, 2552.93it/s]
Floor adj list:  93%|█████████▎| 23050/24833 [00:05<00:00, 2703.48it/s]
Floor adj list:  94%|█████████▍| 23322/24833 [00:05<00:00, 2685.96it/s]
Floor adj list:  95%|█████████▌| 23592/24833 [00:05<00:00, 2679.05it/s]
Floor adj list:  96%|█████████▌| 23861/24833 [00:05<00:00, 2580.86it/s]
Floor adj list:  97%|█████████▋| 24121/24833 [00:05<00:00, 2513.90it/s]
Floor adj list:  98%|█████████▊| 24374/24833 [00:05<00:00, 2448.93it/s]
Floor adj list:  99%|█████████▉| 24620/24833 [00:05<00:00, 2367.31it/s]

Floor smoothing:   0%|          | 0/496660 [00:00<?, ?it/s][A
Floor adj list: 100%|██████████| 24833/24833 [00:05<00:00, 4325.06it/s]


Floor smoothing:   6%|▌         | 30190/496660 [00:00<00:01, 301897.41it/s][A

Floor smoothing:  12%|█▏        | 60562/496660 [00:00<00:01, 302967.14it/s][A

Floor smoothing:  18%|█▊        | 90951/496660 [00:00<00:01, 303386.35it/s][A

Floor smoothing:  24%|██▍       | 121542/496660 [00:00<00:01, 304379.04it/s][A

Floor smoothing:  31%|███       | 151980/496660 [00:00<00:01, 303905.01it/s][A

Floor smoothing:  37%|███▋      | 182371/496660 [00:00<00:01, 302963.98it/s][A

Floor smoothing:  43%|████▎     | 212668/496660 [00:00<00:00, 294129.67it/s][A

Floor smoothing:  49%|████▉     | 243052/496660 [00:00<00:00, 297150.57it/s][A

Floor smoothing:  55%|█████▍    | 272807/496660 [00:00<00:00, 294563.63it/s][A

Floor smoothing:  61%|██████    | 302292/496660 [00:01<00:00, 280507.86it/s][A

Floor smoothing:  67%|██████▋   | 330481/496660 [00:01<00:00, 269737.72it/s][A

Floor smoothing:  72%|███████▏  | 359755/496660 [00:01<00:00, 276319.06it/s][A

Floor smoothing:  78%|███████▊  | 387529/496660 [00:01<00:00, 260165.01it/s][A

Floor smoothing:  84%|████████▍ | 417552/496660 [00:01<00:00, 271397.43it/s][A

Floor smoothing:  90%|█████████ | 447432/496660 [00:01<00:00, 279233.47it/s][A

Floor smoothing:  96%|█████████▌| 477610/496660 [00:01<00:00, 285770.83it/s][A
Floor smoothing: 100%|██████████| 496660/496660 [00:01<00:00, 287274.99it/s]
[S01_flat_tree_small_C01/replay] done triangles=139822 bytes=10179005 duration=20.93s passed=True
[S02_3d_tree_small_C01/primary] compute_all start

Voxelizing floors:   0%|          | 0/1175 [00:00<?, ?it/s]
Voxelizing floors:   6%|▌         | 70/1175 [00:00<00:01, 695.96it/s]
Voxelizing floors:  12%|█▏        | 140/1175 [00:00<00:01, 695.81it/s]
Voxelizing floors:  19%|█▉        | 222/1175 [00:00<00:01, 750.52it/s]
Voxelizing floors:  27%|██▋       | 312/1175 [00:00<00:01, 806.90it/s]
Voxelizing floors:  35%|███▌      | 412/1175 [00:00<00:00, 876.00it/s]
Voxelizing floors:  45%|████▌     | 530/1175 [00:00<00:00, 978.29it/s]
Voxelizing floors:  57%|█████▋    | 671/1175 [00:00<00:00, 1117.01it/s]
Voxelizing floors:  74%|███████▍  | 870/1175 [00:00<00:00, 1393.45it/s]
Voxelizing floors: 100%|██████████| 1175/1175 [00:00<00:00, 1365.55it/s]

Checking wich vertices are floors:   0%|          | 0/78650 [00:00<?, ?it/s]
Checking wich vertices are floors:   5%|▍         | 3667/78650 [00:00<00:02, 36667.41it/s]
Checking wich vertices are floors:   9%|▉         | 7334/78650 [00:00<00:01, 36092.63it/s]
Checking wich vertices are floors:  14%|█▍        | 11005/78650 [00:00<00:01, 36369.92it/s]
Checking wich vertices are floors:  19%|█▉        | 14788/78650 [00:00<00:01, 36942.91it/s]
Checking wich vertices are floors:  24%|██▎       | 18494/78650 [00:00<00:01, 36983.04it/s]
Checking wich vertices are floors:  28%|██▊       | 22295/78650 [00:00<00:01, 37330.16it/s]
Checking wich vertices are floors:  33%|███▎      | 26029/78650 [00:00<00:01, 36861.51it/s]
Checking wich vertices are floors:  38%|███▊      | 29717/78650 [00:00<00:01, 34033.59it/s]
Checking wich vertices are floors:  42%|████▏     | 33160/78650 [00:00<00:01, 34101.90it/s]
Checking wich vertices are floors:  47%|████▋     | 36598/78650 [00:01<00:01, 33745.66it/s]
Checking wich vertices are floors:  51%|█████     | 40087/78650 [00:01<00:01, 34081.28it/s]
Checking wich vertices are floors:  55%|█████▌    | 43637/78650 [00:01<00:01, 34499.22it/s]
Checking wich vertices are floors:  60%|██████    | 47212/78650 [00:01<00:00, 34868.34it/s]
Checking wich vertices are floors:  64%|██████▍   | 50708/78650 [00:01<00:00, 33717.52it/s]
Checking wich vertices are floors:  69%|██████▉   | 54210/78650 [00:01<00:00, 34095.10it/s]
Checking wich vertices are floors:  73%|███████▎  | 57762/78650 [00:01<00:00, 34512.91it/s]
Checking wich vertices are floors:  78%|███████▊  | 61280/78650 [00:01<00:00, 34707.73it/s]
Checking wich vertices are floors:  82%|████████▏ | 64884/78650 [00:01<00:00, 35100.91it/s]
Checking wich vertices are floors:  87%|████████▋ | 68399/78650 [00:01<00:00, 34402.81it/s]
Checking wich vertices are floors:  92%|█████████▏| 72008/78650 [00:02<00:00, 34891.36it/s]
Checking wich vertices are floors:  96%|█████████▌| 75503/78650 [00:02<00:00, 34546.60it/s]

Checking wich intersection vertices are floors:   0%|          | 0/3 [00:00<?, ?it/s][A
Checking wich vertices are floors: 100%|██████████| 78650/78650 [00:02<00:00, 35033.56it/s]

Floor adj list:   0%|          | 0/27454 [00:00<?, ?it/s]
Checking wich intersection vertices are floors: 100%|██████████| 3/3 [00:00<00:00, 41.80it/s]

Floor adj list:   9%|▉         | 2414/27454 [00:00<00:01, 24132.31it/s]
Floor adj list:  18%|█▊        | 4828/27454 [00:00<00:01, 13371.30it/s]
Floor adj list:  23%|██▎       | 6422/27454 [00:00<00:02, 10387.95it/s]
Floor adj list:  28%|██▊       | 7626/27454 [00:00<00:02, 9280.05it/s] 
Floor adj list:  31%|███▏      | 8642/27454 [00:00<00:02, 8130.59it/s]
Floor adj list:  35%|███▍      | 9506/27454 [00:01<00:02, 7347.33it/s]
Floor adj list:  37%|███▋      | 10266/27454 [00:01<00:02, 6735.53it/s]
Floor adj list:  40%|███▉      | 10949/27454 [00:01<00:02, 6237.14it/s]
Floor adj list:  42%|████▏     | 11573/27454 [00:01<00:02, 5779.26it/s]
Floor adj list:  44%|████▍     | 12147/27454 [00:01<00:02, 5356.63it/s]
Floor adj list:  46%|████▌     | 12677/27454 [00:01<00:02, 5049.99it/s]
Floor adj list:  48%|████▊     | 13175/27454 [00:01<00:02, 4782.66it/s]
Floor adj list:  50%|████▉     | 13646/27454 [00:01<00:03, 4541.03it/s]
Floor adj list:  51%|█████▏    | 14093/27454 [00:02<00:03, 4244.59it/s]
Floor adj list:  53%|█████▎    | 14512/27454 [00:02<00:03, 4103.91it/s]
Floor adj list:  54%|█████▍    | 14918/27454 [00:02<00:03, 3973.86it/s]
Floor adj list:  56%|█████▌    | 15311/27454 [00:02<00:03, 3821.71it/s]
Floor adj list:  57%|█████▋    | 15690/27454 [00:02<00:03, 3736.70it/s]
Floor adj list:  59%|█████▊    | 16061/27454 [00:02<00:03, 3660.49it/s]
Floor adj list:  60%|█████▉    | 16425/27454 [00:02<00:03, 3510.98it/s]
Floor adj list:  61%|██████    | 16775/27454 [00:02<00:03, 3378.33it/s]
Floor adj list:  62%|██████▏   | 17112/27454 [00:02<00:03, 3322.26it/s]
Floor adj list:  64%|██████▎   | 17444/27454 [00:03<00:03, 3177.81it/s]
Floor adj list:  65%|██████▍   | 17762/27454 [00:03<00:03, 3114.42it/s]
Floor adj list:  66%|██████▌   | 18074/27454 [00:03<00:03, 3065.73it/s]
Floor adj list:  67%|██████▋   | 18384/27454 [00:03<00:02, 3073.06it/s]
Floor adj list:  68%|██████▊   | 18692/27454 [00:03<00:02, 2993.48it/s]
Floor adj list:  69%|██████▉   | 18992/27454 [00:03<00:02, 2977.15it/s]
Floor adj list:  70%|███████   | 19290/27454 [00:03<00:02, 2820.41it/s]
Floor adj list:  71%|███████▏  | 19587/27454 [00:03<00:02, 2859.92it/s]
Floor adj list:  72%|███████▏  | 19875/27454 [00:03<00:02, 2759.44it/s]
Floor adj list:  73%|███████▎  | 20155/27454 [00:04<00:02, 2769.06it/s]
Floor adj list:  74%|███████▍  | 20433/27454 [00:04<00:02, 2771.69it/s]
Floor adj list:  75%|███████▌  | 20711/27454 [00:04<00:02, 2697.32it/s]
Floor adj list:  76%|███████▋  | 20990/27454 [00:04<00:02, 2721.25it/s]
Floor adj list:  77%|███████▋  | 21263/27454 [00:04<00:02, 2642.17it/s]
Floor adj list:  78%|███████▊  | 21528/27454 [00:04<00:02, 2536.68it/s]
Floor adj list:  79%|███████▉  | 21783/27454 [00:04<00:02, 2529.51it/s]
Floor adj list:  80%|████████  | 22037/27454 [00:04<00:02, 2497.66it/s]
Floor adj list:  81%|████████  | 22288/27454 [00:04<00:02, 2488.86it/s]
Floor adj list:  82%|████████▏ | 22538/27454 [00:05<00:02, 2354.18it/s]
Floor adj list:  83%|████████▎ | 22784/27454 [00:05<00:01, 2382.76it/s]
Floor adj list:  84%|████████▍ | 23024/27454 [00:05<00:01, 2370.37it/s]
Floor adj list:  85%|████████▍ | 23263/27454 [00:05<00:01, 2375.45it/s]
Floor adj list:  86%|████████▌ | 23502/27454 [00:05<00:01, 2315.85it/s]
Floor adj list:  86%|████████▋ | 23737/27454 [00:05<00:01, 2324.61it/s]
Floor adj list:  87%|████████▋ | 23975/27454 [00:05<00:01, 2339.42it/s]
Floor adj list:  88%|████████▊ | 24210/27454 [00:05<00:01, 2322.45it/s]
Floor adj list:  89%|████████▉ | 24443/27454 [00:05<00:01, 2219.06it/s]
Floor adj list:  90%|████████▉ | 24666/27454 [00:05<00:01, 2220.32it/s]
Floor adj list:  91%|█████████ | 24889/27454 [00:06<00:01, 2182.01it/s]
Floor adj list:  91%|█████████▏| 25110/27454 [00:06<00:01, 2189.56it/s]
Floor adj list:  92%|█████████▏| 25330/27454 [00:06<00:00, 2189.58it/s]
Floor adj list:  93%|█████████▎| 25550/27454 [00:06<00:00, 2181.77it/s]
Floor adj list:  94%|█████████▍| 25769/27454 [00:06<00:00, 2154.04it/s]
Floor adj list:  95%|█████████▍| 25985/27454 [00:06<00:00, 2141.87it/s]
Floor adj list:  95%|█████████▌| 26200/27454 [00:06<00:00, 2103.70it/s]
Floor adj list:  96%|█████████▌| 26411/27454 [00:06<00:00, 2090.53it/s]
Floor adj list:  97%|█████████▋| 26621/27454 [00:06<00:00, 2076.43it/s]
Floor adj list:  98%|█████████▊| 26831/27454 [00:06<00:00, 2081.68it/s]
Floor adj list:  98%|█████████▊| 27040/27454 [00:07<00:00, 2073.73it/s]
Floor adj list:  99%|█████████▉| 27248/27454 [00:07<00:00, 2067.42it/s]

Floor smoothing:   0%|          | 0/549080 [00:00<?, ?it/s][A
Floor adj list: 100%|██████████| 27454/27454 [00:07<00:00, 3772.74it/s]


Floor smoothing:   6%|▌         | 30384/549080 [00:00<00:01, 303831.60it/s][A

Floor smoothing:  11%|█         | 61242/549080 [00:00<00:01, 306621.48it/s][A

Floor smoothing:  17%|█▋        | 91905/549080 [00:00<00:01, 306403.35it/s][A

Floor smoothing:  22%|██▏       | 122654/549080 [00:00<00:01, 306829.67it/s][A

Floor smoothing:  28%|██▊       | 153337/549080 [00:00<00:01, 306813.81it/s][A

Floor smoothing:  34%|███▎      | 184362/549080 [00:00<00:01, 307981.45it/s][A

Floor smoothing:  39%|███▉      | 215161/549080 [00:00<00:01, 307197.17it/s][A

Floor smoothing:  45%|████▍     | 245910/549080 [00:00<00:00, 307288.22it/s][A

Floor smoothing:  50%|█████     | 276640/549080 [00:00<00:00, 300007.72it/s][A

Floor smoothing:  56%|█████▌    | 306677/549080 [00:01<00:00, 293107.79it/s][A

Floor smoothing:  61%|██████▏   | 336823/549080 [00:01<00:00, 295590.59it/s][A

Floor smoothing:  67%|██████▋   | 366423/549080 [00:01<00:00, 295018.78it/s][A

Floor smoothing:  72%|███████▏  | 395953/549080 [00:01<00:00, 282077.06it/s][A

Floor smoothing:  78%|███████▊  | 425978/549080 [00:01<00:00, 287333.43it/s][A

Floor smoothing:  83%|████████▎ | 455840/549080 [00:01<00:00, 290632.43it/s][A

Floor smoothing:  89%|████████▊ | 486559/549080 [00:01<00:00, 295511.57it/s][A

Floor smoothing:  94%|█████████▍| 517105/549080 [00:01<00:00, 298458.84it/s][A

Floor smoothing: 100%|█████████▉| 547878/549080 [00:01<00:00, 301214.26it/s][A
Floor smoothing: 100%|██████████| 549080/549080 [00:01<00:00, 298847.84it/s]
[S02_3d_tree_small_C01/primary] done triangles=157298 bytes=11422378 duration=16.75s passed=True
[S02_3d_tree_small_C01/replay] compute_all start

Voxelizing floors:   0%|          | 0/1175 [00:00<?, ?it/s]
Voxelizing floors:   5%|▌         | 64/1175 [00:00<00:01, 634.31it/s]
Voxelizing floors:  12%|█▏        | 139/1175 [00:00<00:01, 700.21it/s]
Voxelizing floors:  18%|█▊        | 211/1175 [00:00<00:01, 708.05it/s]
Voxelizing floors:  25%|██▌       | 299/1175 [00:00<00:01, 773.43it/s]
Voxelizing floors:  34%|███▍      | 397/1175 [00:00<00:00, 847.09it/s]
Voxelizing floors:  43%|████▎     | 502/1175 [00:00<00:00, 915.18it/s]
Voxelizing floors:  53%|█████▎    | 623/1175 [00:00<00:00, 1009.87it/s]
Voxelizing floors:  68%|██████▊   | 794/1175 [00:00<00:00, 1232.02it/s]
Voxelizing floors: 100%|██████████| 1175/1175 [00:00<00:00, 1302.21it/s]

Checking wich vertices are floors:   0%|          | 0/78650 [00:00<?, ?it/s]
Checking wich vertices are floors:   5%|▍         | 3593/78650 [00:00<00:02, 35923.61it/s]
Checking wich vertices are floors:   9%|▉         | 7186/78650 [00:00<00:02, 35436.46it/s]
Checking wich vertices are floors:  14%|█▍        | 10864/78650 [00:00<00:01, 36043.56it/s]
Checking wich vertices are floors:  19%|█▊        | 14713/78650 [00:00<00:01, 37003.55it/s]
Checking wich vertices are floors:  23%|██▎       | 18415/78650 [00:00<00:01, 34895.09it/s]
Checking wich vertices are floors:  28%|██▊       | 22245/78650 [00:00<00:01, 36004.50it/s]
Checking wich vertices are floors:  33%|███▎      | 26043/78650 [00:00<00:01, 36629.57it/s]
Checking wich vertices are floors:  38%|███▊      | 29804/78650 [00:00<00:01, 36935.33it/s]
Checking wich vertices are floors:  43%|████▎     | 33601/78650 [00:00<00:01, 37251.42it/s]
Checking wich vertices are floors:  47%|████▋     | 37334/78650 [00:01<00:01, 37099.03it/s]
Checking wich vertices are floors:  52%|█████▏    | 41049/78650 [00:01<00:01, 36099.57it/s]
Checking wich vertices are floors:  57%|█████▋    | 44668/78650 [00:01<00:00, 35681.37it/s]
Checking wich vertices are floors:  61%|██████▏   | 48289/78650 [00:01<00:00, 35834.65it/s]
Checking wich vertices are floors:  66%|██████▌   | 51878/78650 [00:01<00:00, 34145.66it/s]
Checking wich vertices are floors:  70%|███████   | 55387/78650 [00:01<00:00, 34414.34it/s]
Checking wich vertices are floors:  75%|███████▍  | 58925/78650 [00:01<00:00, 34694.10it/s]
Checking wich vertices are floors:  79%|███████▉  | 62451/78650 [00:01<00:00, 34857.14it/s]
Checking wich vertices are floors:  84%|████████▍ | 66112/78650 [00:01<00:00, 35373.44it/s]
Checking wich vertices are floors:  89%|████████▊ | 69786/78650 [00:01<00:00, 35776.68it/s]
Checking wich vertices are floors:  93%|█████████▎| 73369/78650 [00:02<00:00, 35733.18it/s]
Checking wich vertices are floors:  98%|█████████▊| 77191/78650 [00:02<00:00, 36473.30it/s]

Checking wich intersection vertices are floors:   0%|          | 0/3 [00:00<?, ?it/s][A
Checking wich vertices are floors: 100%|██████████| 78650/78650 [00:02<00:00, 35903.84it/s]

Floor adj list:   0%|          | 0/27444 [00:00<?, ?it/s]
Checking wich intersection vertices are floors: 100%|██████████| 3/3 [00:00<00:00, 45.16it/s]

Floor adj list:   9%|▉         | 2403/27444 [00:00<00:01, 24029.39it/s]
Floor adj list:  18%|█▊        | 4806/27444 [00:00<00:01, 15825.76it/s]
Floor adj list:  24%|██▍       | 6547/27444 [00:00<00:01, 11612.03it/s]
Floor adj list:  29%|██▊       | 7862/27444 [00:00<00:02, 9756.63it/s] 
Floor adj list:  33%|███▎      | 8935/27444 [00:00<00:02, 8409.04it/s]
Floor adj list:  36%|███▌      | 9837/27444 [00:01<00:02, 7450.17it/s]
Floor adj list:  39%|███▊      | 10616/27444 [00:01<00:02, 6749.25it/s]
Floor adj list:  41%|████      | 11307/27444 [00:01<00:02, 6217.37it/s]
Floor adj list:  43%|████▎     | 11933/27444 [00:01<00:02, 5745.12it/s]
Floor adj list:  46%|████▌     | 12505/27444 [00:01<00:02, 5318.67it/s]
Floor adj list:  47%|████▋     | 13031/27444 [00:01<00:02, 4930.29it/s]
Floor adj list:  49%|████▉     | 13517/27444 [00:01<00:02, 4650.06it/s]
Floor adj list:  51%|█████     | 13975/27444 [00:01<00:03, 4447.14it/s]
Floor adj list:  53%|█████▎    | 14412/27444 [00:02<00:03, 4246.65it/s]
Floor adj list:  54%|█████▍    | 14830/27444 [00:02<00:03, 4046.16it/s]
Floor adj list:  55%|█████▌    | 15229/27444 [00:02<00:03, 3700.38it/s]
Floor adj list:  57%|█████▋    | 15597/27444 [00:02<00:03, 3598.87it/s]
Floor adj list:  58%|█████▊    | 15955/27444 [00:02<00:03, 3205.09it/s]
Floor adj list:  59%|█████▉    | 16281/27444 [00:02<00:03, 3217.40it/s]
Floor adj list:  61%|██████    | 16615/27444 [00:02<00:03, 3247.39it/s]
Floor adj list:  62%|██████▏   | 16942/27444 [00:02<00:03, 3209.32it/s]
Floor adj list:  63%|██████▎   | 17266/27444 [00:03<00:03, 3216.42it/s]
Floor adj list:  64%|██████▍   | 17589/27444 [00:03<00:03, 3127.68it/s]
Floor adj list:  65%|██████▌   | 17903/27444 [00:03<00:03, 3016.42it/s]
Floor adj list:  66%|██████▋   | 18206/27444 [00:03<00:03, 2953.84it/s]
Floor adj list:  67%|██████▋   | 18511/27444 [00:03<00:02, 2979.05it/s]
Floor adj list:  69%|██████▊   | 18810/27444 [00:03<00:02, 2889.19it/s]
Floor adj list:  70%|██████▉   | 19100/27444 [00:03<00:02, 2878.32it/s]
Floor adj list:  71%|███████   | 19389/27444 [00:03<00:02, 2871.49it/s]
Floor adj list:  72%|███████▏  | 19677/27444 [00:03<00:02, 2591.26it/s]
Floor adj list:  73%|███████▎  | 19941/27444 [00:03<00:02, 2588.13it/s]
Floor adj list:  74%|███████▎  | 20225/27444 [00:04<00:02, 2658.02it/s]
Floor adj list:  75%|███████▍  | 20494/27444 [00:04<00:02, 2594.17it/s]
Floor adj list:  76%|███████▌  | 20756/27444 [00:04<00:02, 2597.91it/s]
Floor adj list:  77%|███████▋  | 21026/27444 [00:04<00:02, 2624.88it/s]
Floor adj list:  78%|███████▊  | 21290/27444 [00:04<00:02, 2613.70it/s]
Floor adj list:  79%|███████▊  | 21553/27444 [00:04<00:02, 2581.93it/s]
Floor adj list:  79%|███████▉  | 21813/27444 [00:04<00:02, 2585.52it/s]
Floor adj list:  80%|████████  | 22072/27444 [00:04<00:02, 2533.71it/s]
Floor adj list:  81%|████████▏ | 22328/27444 [00:04<00:02, 2541.24it/s]
Floor adj list:  82%|████████▏ | 22583/27444 [00:05<00:01, 2482.17it/s]
Floor adj list:  83%|████████▎ | 22832/27444 [00:05<00:02, 2233.47it/s]
Floor adj list:  84%|████████▍ | 23060/27444 [00:05<00:02, 2134.08it/s]
Floor adj list:  85%|████████▍ | 23277/27444 [00:05<00:02, 2074.00it/s]
Floor adj list:  86%|████████▌ | 23487/27444 [00:05<00:01, 2079.84it/s]
Floor adj list:  86%|████████▋ | 23697/27444 [00:05<00:01, 1958.12it/s]
Floor adj list:  87%|████████▋ | 23899/27444 [00:05<00:01, 1973.59it/s]
Floor adj list:  88%|████████▊ | 24115/27444 [00:05<00:01, 2025.02it/s]
Floor adj list:  89%|████████▊ | 24338/27444 [00:05<00:01, 2083.29it/s]
Floor adj list:  89%|████████▉ | 24560/27444 [00:06<00:01, 2120.78it/s]
Floor adj list:  90%|█████████ | 24781/27444 [00:06<00:01, 2146.53it/s]
Floor adj list:  91%|█████████ | 25002/27444 [00:06<00:01, 2164.92it/s]
Floor adj list:  92%|█████████▏| 25221/27444 [00:06<00:01, 2170.66it/s]
Floor adj list:  93%|█████████▎| 25439/27444 [00:06<00:00, 2167.71it/s]
Floor adj list:  93%|█████████▎| 25657/27444 [00:06<00:00, 2165.94it/s]
Floor adj list:  94%|█████████▍| 25874/27444 [00:06<00:00, 2144.81it/s]
Floor adj list:  95%|█████████▌| 26090/27444 [00:06<00:00, 2147.11it/s]
Floor adj list:  96%|█████████▌| 26305/27444 [00:06<00:00, 2135.61it/s]
Floor adj list:  97%|█████████▋| 26519/27444 [00:06<00:00, 2095.66it/s]
Floor adj list:  97%|█████████▋| 26729/27444 [00:07<00:00, 2057.32it/s]
Floor adj list:  98%|█████████▊| 26935/27444 [00:07<00:00, 2032.72it/s]
Floor adj list:  99%|█████████▉| 27139/27444 [00:07<00:00, 2030.85it/s]
Floor adj list: 100%|█████████▉| 27346/27444 [00:07<00:00, 2041.63it/s]

Floor smoothing:   0%|          | 0/548880 [00:00<?, ?it/s][A
Floor adj list: 100%|██████████| 27444/27444 [00:07<00:00, 3707.17it/s]


Floor smoothing:   5%|▌         | 29882/548880 [00:00<00:01, 298815.30it/s][A

Floor smoothing:  11%|█         | 59764/548880 [00:00<00:01, 296421.62it/s][A

Floor smoothing:  16%|█▋        | 89408/548880 [00:00<00:02, 224209.07it/s][A

Floor smoothing:  21%|██        | 113439/548880 [00:00<00:01, 221089.57it/s][A

Floor smoothing:  26%|██▌       | 143294/548880 [00:00<00:01, 245249.02it/s][A

Floor smoothing:  32%|███▏      | 173755/548880 [00:00<00:01, 263544.22it/s][A

Floor smoothing:  37%|███▋      | 204150/548880 [00:00<00:01, 275896.00it/s][A

Floor smoothing:  43%|████▎     | 234542/548880 [00:00<00:01, 284414.44it/s][A

Floor smoothing:  48%|████▊     | 265084/548880 [00:00<00:00, 290773.65it/s][A

Floor smoothing:  54%|█████▍    | 295486/548880 [00:01<00:00, 294771.81it/s][A

Floor smoothing:  59%|█████▉    | 325215/548880 [00:01<00:00, 290086.38it/s][A

Floor smoothing:  65%|██████▍   | 355971/548880 [00:01<00:00, 295276.13it/s][A

Floor smoothing:  70%|███████   | 385642/548880 [00:01<00:00, 267734.84it/s][A

Floor smoothing:  76%|███████▌  | 415141/548880 [00:01<00:00, 275312.64it/s][A

Floor smoothing:  81%|████████  | 444182/548880 [00:01<00:00, 279603.49it/s][A

Floor smoothing:  86%|████████▋ | 474561/548880 [00:01<00:00, 286590.27it/s][A

Floor smoothing:  92%|█████████▏| 504594/548880 [00:01<00:00, 290602.73it/s][A

Floor smoothing:  98%|█████████▊| 535166/548880 [00:01<00:00, 295052.81it/s][A
Floor smoothing: 100%|██████████| 548880/548880 [00:01<00:00, 278600.34it/s]
[S02_3d_tree_small_C01/replay] done triangles=157296 bytes=11422071 duration=16.96s passed=True
Traceback (most recent call last):
  File "/home/zeng-workstation/mtare_topo_comm/tools/v3/execute_cano_100_parent_perception_mesh_contract_m0r.py", line 148, in <module>
    raise SystemExit(main())
                     ^^^^^^
  File "/home/zeng-workstation/mtare_topo_comm/tools/v3/execute_cano_100_parent_perception_mesh_contract_m0r.py", line 132, in main
    summary = execute(args.run_dir.resolve())
              ^^^^^^^^^^^^^^^^^^^^^^^^^^^^^^^
  File "/home/zeng-workstation/mtare_topo_comm/tools/v3/execute_cano_100_parent_perception_mesh_contract_m0r.py", line 101, in execute
    summary = m0.execute(run_dir)
              ^^^^^^^^^^^^^^^^^^^
  File "/home/zeng-workstation/mtare_topo_comm/tools/v3/execute_cano_100_parent_perception_mesh_contract_m0.py", line 378, in execute
    raise RuntimeError(f"{parent['parent_id']}: exact geometry replay failed: {replay_audit}")
RuntimeError: S02_3d_tree_small_C01: exact geometry replay failed: {'passed': False, 'checks': {'parent_id_equal': True, 'graph_identity_equal': True, 'spline_identity_equal': True, 'operation_trace_equal': True, 'effective_geometry_parameters_equal': True, 'axis_exact_equal': True, 'vertex_count_equal': True, 'triangle_count_equal': False, 'primary_to_replay_nearest_vertex_maximum_within_0_75m': True, 'replay_to_primary_nearest_vertex_maximum_within_0_75m': True, 'aabb_endpoint_maximum_coordinate_difference_within_0_5m': True, 'surface_area_relative_difference_within_1_percent': True, 'primary_mesh_passed': True, 'replay_mesh_passed': True}, 'metrics': {'primary_vertex_count': 78650, 'replay_vertex_count': 78650, 'primary_triangle_count': 157298, 'replay_triangle_count': 157296, 'primary_to_replay_nearest_vertex_maximum_m': 0.6921038405099493, 'replay_to_primary_nearest_vertex_maximum_m': 0.5546985459824221, 'aabb_endpoint_maximum_coordinate_difference_m': 0.08473992347717285, 'surface_area_relative_difference': 0.001006228719294544, 'primary_obj_sha256': '09072f937624d5cffd2cb04968f81a8d6c8143ed53ac210d58edde5f5ca98200', 'replay_obj_sha256': '0aa7a9954b9be25f5933369af4b7e7322c07f0c1c2a2cf06ef7240f1a81847ff', 'obj_sha256_equal_recorded_not_required': False, 'primary_to_replay_nearest_vertex_mean_m': 0.21785755658354264, 'replay_to_primary_nearest_vertex_mean_m': 0.21760334382075958, 'primary_to_replay_nearest_vertex_p99_m': 0.4294742982038641, 'replay_to_primary_nearest_vertex_p99_m': 0.42766988179878973, 'primary_surface_area_m2': 22023.32134640035, 'replay_surface_area_m2': 22001.16084796735, 'aabb_lower_coordinate_differences_m': [0.0, 0.05999755859375, 9.918212890625e-05], 'aabb_upper_coordinate_differences_m': [0.08473992347717285, 0.0, 0.04189872741699219], 'axis_exact_equal': True}, 'thresholds': {'nearest_vertex_maximum_m': 0.75, 'aabb_endpoint_maximum_coordinate_difference_m': 0.5, 'surface_area_relative_difference': 0.01, 'nearest_vertex_threshold_basis': 'sqrt(3)*0.4=0.692820 m upstream paired noise bound plus 0.057180 m numerical allowance'}}

duration_seconds=78.462099
exit_code=1
