argv=["/tmp/mtare_gate4_meshing_sidecar_v1/bin/python", "/home/zeng-workstation/mtare_topo_comm/tools/v3/execute_cano_c08_hybrid_implicit_qualification_v3.py", "--run-dir", "/home/zeng-workstation/mtare_topo_comm/results/gate4_topology/gate4_20260814_cano_c08_hybrid_implicit_qualification_v4_seed0"]
started_at_utc=2026-08-14T11:48:28.716721+00:00
{"world": "S01_flat_tree_small_C08", "resolution_m": 0.1, "patch_node": "node_0010", "state": "extracting"}
{"world": "S01_flat_tree_small_C08", "resolution_m": 0.1, "patch_node": "node_0010", "state": "complete", "vertices": 51086}
{"world": "S01_flat_tree_small_C08", "resolution_m": 0.1, "patch_node": "node_0015", "state": "extracting"}
{"world": "S01_flat_tree_small_C08", "resolution_m": 0.1, "patch_node": "node_0015", "state": "complete", "vertices": 45314}
{"world": "S01_flat_tree_small_C08", "resolution_m": 0.1, "patch_node": "node_0027", "state": "extracting"}
{"world": "S01_flat_tree_small_C08", "resolution_m": 0.1, "patch_node": "node_0027", "state": "complete", "vertices": 50554}
{"world": "S01_flat_tree_small_C08", "resolution_m": 0.1, "patch_node": "node_0039", "state": "extracting"}
{"world": "S01_flat_tree_small_C08", "resolution_m": 0.1, "patch_node": "node_0039", "state": "complete", "vertices": 56414}
{"world": "S01_flat_tree_small_C08", "resolution_m": 0.1, "qualified_frames": 16}
{"world": "S01_flat_tree_small_C08", "resolution_m": 0.1, "qualified_frames": 272}
{"world": "S01_flat_tree_small_C08", "resolution_m": 0.1, "qualified_frames": 528}
{"world": "S01_flat_tree_small_C08", "resolution_m": 0.1, "qualified_frames": 784}
{"world": "S01_flat_tree_small_C08", "resolution_m": 0.05, "patch_node": "node_0010", "state": "extracting"}
{"world": "S01_flat_tree_small_C08", "resolution_m": 0.05, "patch_node": "node_0010", "state": "complete", "vertices": 200336}
{"world": "S01_flat_tree_small_C08", "resolution_m": 0.05, "patch_node": "node_0015", "state": "extracting"}
{"world": "S01_flat_tree_small_C08", "resolution_m": 0.05, "patch_node": "node_0015", "state": "complete", "vertices": 179682}
{"world": "S01_flat_tree_small_C08", "resolution_m": 0.05, "patch_node": "node_0027", "state": "extracting"}
{"world": "S01_flat_tree_small_C08", "resolution_m": 0.05, "patch_node": "node_0027", "state": "complete", "vertices": 200406}
{"world": "S01_flat_tree_small_C08", "resolution_m": 0.05, "patch_node": "node_0039", "state": "extracting"}
{"world": "S01_flat_tree_small_C08", "resolution_m": 0.05, "patch_node": "node_0039", "state": "complete", "vertices": 224703}
{"world": "S01_flat_tree_small_C08", "resolution_m": 0.05, "qualified_frames": 16}
{"world": "S01_flat_tree_small_C08", "resolution_m": 0.05, "qualified_frames": 272}
{"world": "S01_flat_tree_small_C08", "resolution_m": 0.05, "qualified_frames": 528}
{"world": "S01_flat_tree_small_C08", "resolution_m": 0.05, "qualified_frames": 784}
{"world": "S01_flat_tree_small_C08", "resolution_m": 0.025, "patch_node": "node_0010", "state": "extracting"}
{"world": "S01_flat_tree_small_C08", "resolution_m": 0.025, "patch_node": "node_0010", "state": "complete", "vertices": 798634}
{"world": "S01_flat_tree_small_C08", "resolution_m": 0.025, "patch_node": "node_0015", "state": "extracting"}
{"world": "S01_flat_tree_small_C08", "resolution_m": 0.025, "patch_node": "node_0015", "state": "complete", "vertices": 716342}
{"world": "S01_flat_tree_small_C08", "resolution_m": 0.025, "patch_node": "node_0027", "state": "extracting"}
{"world": "S01_flat_tree_small_C08", "resolution_m": 0.025, "patch_node": "node_0027", "state": "complete", "vertices": 799249}
{"world": "S01_flat_tree_small_C08", "resolution_m": 0.025, "patch_node": "node_0039", "state": "extracting"}
{"world": "S01_flat_tree_small_C08", "resolution_m": 0.025, "patch_node": "node_0039", "state": "complete", "vertices": 890672}
{"world": "S01_flat_tree_small_C08", "resolution_m": 0.025, "qualified_frames": 16}
{"world": "S01_flat_tree_small_C08", "resolution_m": 0.025, "qualified_frames": 272}
{"world": "S01_flat_tree_small_C08", "resolution_m": 0.025, "qualified_frames": 528}
{"world": "S01_flat_tree_small_C08", "resolution_m": 0.025, "qualified_frames": 784}
{"world": "S01_flat_tree_small_C08", "frames": 801, "traversals": 108, "window_frames": 80, "passed_frames": 801, "failed_frames": 0, "minimum_horizontal_clearance_m": 3.012561757407792, "maximum_floor_error_m": 0.0022436914091565896, "minimum_up_clearance_m": 9.712935880061712, "maximum_xy_correction_m": 0.0, "optimizer_objective": "zero XY is the unique minimum-displacement feasible candidate; Z is the deterministic support solution", "baseline_geometry": {"maximum_step_m": 1.9999999841780218, "p99_step_m": 1.999999390831667, "maximum_turn_deg": 179.97663608816848, "p99_turn_deg": 104.79453241128388}, "corrected_geometry": {"maximum_step_m": 2.010725706243948, "p99_step_m": 2.000989604737486, "maximum_turn_deg": 179.9766359139698, "p99_turn_deg": 104.75423629683979}, "continuity_passed": true, "resolution_pass_fail_identical": true, "all_frames_passed": true, "resolution_convergence": [{"resolution_m": 0.1, "centerline_sample_count": 8005, "maximum_seam_field_error_m": 0.0, "maximum_volume_isolation_error_m": 0.0, "passed_frames": 801, "all_frames_passed": true}, {"resolution_m": 0.05, "centerline_sample_count": 16004, "maximum_seam_field_error_m": 0.0, "maximum_volume_isolation_error_m": 0.0, "passed_frames": 801, "all_frames_passed": true}, {"resolution_m": 0.025, "centerline_sample_count": 32001, "maximum_seam_field_error_m": 0.0, "maximum_volume_isolation_error_m": 0.0, "passed_frames": 801, "all_frames_passed": true}]}
{"world": "S06_3d_branch_medium_C08", "resolution_m": 0.1, "patch_node": "node_0006", "state": "extracting"}
{"world": "S06_3d_branch_medium_C08", "resolution_m": 0.1, "patch_node": "node_0006", "state": "complete", "vertices": 57637}
{"world": "S06_3d_branch_medium_C08", "resolution_m": 0.1, "patch_node": "node_0013", "state": "extracting"}
{"world": "S06_3d_branch_medium_C08", "resolution_m": 0.1, "patch_node": "node_0013", "state": "complete", "vertices": 55991}
{"world": "S06_3d_branch_medium_C08", "resolution_m": 0.1, "patch_node": "node_0018", "state": "extracting"}
{"world": "S06_3d_branch_medium_C08", "resolution_m": 0.1, "patch_node": "node_0018", "state": "complete", "vertices": 45986}
{"world": "S06_3d_branch_medium_C08", "resolution_m": 0.1, "patch_node": "node_0029", "state": "extracting"}
{"world": "S06_3d_branch_medium_C08", "resolution_m": 0.1, "patch_node": "node_0029", "state": "complete", "vertices": 59093}
{"world": "S06_3d_branch_medium_C08", "resolution_m": 0.1, "patch_node": "node_0044", "state": "extracting"}
{"world": "S06_3d_branch_medium_C08", "resolution_m": 0.1, "patch_node": "node_0044", "state": "complete", "vertices": 48626}
{"world": "S06_3d_branch_medium_C08", "resolution_m": 0.1, "patch_node": "node_0076", "state": "extracting"}
{"world": "S06_3d_branch_medium_C08", "resolution_m": 0.1, "patch_node": "node_0076", "state": "complete", "vertices": 38480}
{"world": "S06_3d_branch_medium_C08", "resolution_m": 0.1, "patch_node": "node_0078", "state": "extracting"}
{"world": "S06_3d_branch_medium_C08", "resolution_m": 0.1, "patch_node": "node_0078", "state": "complete", "vertices": 45564}
{"world": "S06_3d_branch_medium_C08", "resolution_m": 0.1, "qualified_frames": 16}
{"world": "S06_3d_branch_medium_C08", "resolution_m": 0.1, "qualified_frames": 272}
{"world": "S06_3d_branch_medium_C08", "resolution_m": 0.1, "qualified_frames": 528}
{"world": "S06_3d_branch_medium_C08", "resolution_m": 0.1, "qualified_frames": 784}
{"world": "S06_3d_branch_medium_C08", "resolution_m": 0.1, "qualified_frames": 1040}
{"world": "S06_3d_branch_medium_C08", "resolution_m": 0.1, "qualified_frames": 1296}
{"world": "S06_3d_branch_medium_C08", "resolution_m": 0.05, "patch_node": "node_0006", "state": "extracting"}
{"world": "S06_3d_branch_medium_C08", "resolution_m": 0.05, "patch_node": "node_0006", "state": "complete", "vertices": 227489}
{"world": "S06_3d_branch_medium_C08", "resolution_m": 0.05, "patch_node": "node_0013", "state": "extracting"}
{"world": "S06_3d_branch_medium_C08", "resolution_m": 0.05, "patch_node": "node_0013", "state": "complete", "vertices": 220844}
{"world": "S06_3d_branch_medium_C08", "resolution_m": 0.05, "patch_node": "node_0018", "state": "extracting"}
{"world": "S06_3d_branch_medium_C08", "resolution_m": 0.05, "patch_node": "node_0018", "state": "complete", "vertices": 181215}
{"world": "S06_3d_branch_medium_C08", "resolution_m": 0.05, "patch_node": "node_0029", "state": "extracting"}
{"world": "S06_3d_branch_medium_C08", "resolution_m": 0.05, "patch_node": "node_0029", "state": "complete", "vertices": 233476}
{"world": "S06_3d_branch_medium_C08", "resolution_m": 0.05, "patch_node": "node_0044", "state": "extracting"}
{"world": "S06_3d_branch_medium_C08", "resolution_m": 0.05, "patch_node": "node_0044", "state": "complete", "vertices": 193284}
{"world": "S06_3d_branch_medium_C08", "resolution_m": 0.05, "patch_node": "node_0076", "state": "extracting"}
{"world": "S06_3d_branch_medium_C08", "resolution_m": 0.05, "patch_node": "node_0076", "state": "complete", "vertices": 152767}
{"world": "S06_3d_branch_medium_C08", "resolution_m": 0.05, "patch_node": "node_0078", "state": "extracting"}
{"world": "S06_3d_branch_medium_C08", "resolution_m": 0.05, "patch_node": "node_0078", "state": "complete", "vertices": 179398}
{"world": "S06_3d_branch_medium_C08", "resolution_m": 0.05, "qualified_frames": 16}
{"world": "S06_3d_branch_medium_C08", "resolution_m": 0.05, "qualified_frames": 272}
{"world": "S06_3d_branch_medium_C08", "resolution_m": 0.05, "qualified_frames": 528}
{"world": "S06_3d_branch_medium_C08", "resolution_m": 0.05, "qualified_frames": 784}
{"world": "S06_3d_branch_medium_C08", "resolution_m": 0.05, "qualified_frames": 1040}
{"world": "S06_3d_branch_medium_C08", "resolution_m": 0.05, "qualified_frames": 1296}
{"world": "S06_3d_branch_medium_C08", "resolution_m": 0.025, "patch_node": "node_0006", "state": "extracting"}
{"world": "S06_3d_branch_medium_C08", "resolution_m": 0.025, "patch_node": "node_0006", "state": "complete", "vertices": 907352}
{"world": "S06_3d_branch_medium_C08", "resolution_m": 0.025, "patch_node": "node_0013", "state": "extracting"}
{"world": "S06_3d_branch_medium_C08", "resolution_m": 0.025, "patch_node": "node_0013", "state": "complete", "vertices": 880638}
{"world": "S06_3d_branch_medium_C08", "resolution_m": 0.025, "patch_node": "node_0018", "state": "extracting"}
{"world": "S06_3d_branch_medium_C08", "resolution_m": 0.025, "patch_node": "node_0018", "state": "complete", "vertices": 719421}
{"world": "S06_3d_branch_medium_C08", "resolution_m": 0.025, "patch_node": "node_0029", "state": "extracting"}
{"world": "S06_3d_branch_medium_C08", "resolution_m": 0.025, "patch_node": "node_0029", "state": "complete", "vertices": 931474}
{"world": "S06_3d_branch_medium_C08", "resolution_m": 0.025, "patch_node": "node_0044", "state": "extracting"}
{"world": "S06_3d_branch_medium_C08", "resolution_m": 0.025, "patch_node": "node_0044", "state": "complete", "vertices": 770664}
{"world": "S06_3d_branch_medium_C08", "resolution_m": 0.025, "patch_node": "node_0076", "state": "extracting"}
{"world": "S06_3d_branch_medium_C08", "resolution_m": 0.025, "patch_node": "node_0076", "state": "complete", "vertices": 608811}
{"world": "S06_3d_branch_medium_C08", "resolution_m": 0.025, "patch_node": "node_0078", "state": "extracting"}
{"world": "S06_3d_branch_medium_C08", "resolution_m": 0.025, "patch_node": "node_0078", "state": "complete", "vertices": 715091}
{"world": "S06_3d_branch_medium_C08", "resolution_m": 0.025, "qualified_frames": 16}
{"world": "S06_3d_branch_medium_C08", "resolution_m": 0.025, "qualified_frames": 272}
{"world": "S06_3d_branch_medium_C08", "resolution_m": 0.025, "qualified_frames": 528}
{"world": "S06_3d_branch_medium_C08", "resolution_m": 0.025, "qualified_frames": 784}
{"world": "S06_3d_branch_medium_C08", "resolution_m": 0.025, "qualified_frames": 1040}
{"world": "S06_3d_branch_medium_C08", "resolution_m": 0.025, "qualified_frames": 1296}
{"world": "S06_3d_branch_medium_C08", "frames": 1414, "traversals": 184, "window_frames": 128, "passed_frames": 1414, "failed_frames": 0, "minimum_horizontal_clearance_m": 2.170421896929092, "maximum_floor_error_m": 0.010399860705798125, "minimum_up_clearance_m": 9.024221319399482, "maximum_xy_correction_m": 0.0, "optimizer_objective": "zero XY is the unique minimum-displacement feasible candidate; Z is the deterministic support solution", "baseline_geometry": {"maximum_step_m": 1.9999999729046738, "p99_step_m": 1.9999886876975852, "maximum_turn_deg": 179.80717372045618, "p99_turn_deg": 59.94438197282115}, "corrected_geometry": {"maximum_step_m": 2.139792492955759, "p99_step_m": 2.0164966554173067, "maximum_turn_deg": 179.81368317928073, "p99_turn_deg": 60.94795850220042}, "continuity_passed": false, "resolution_pass_fail_identical": true, "all_frames_passed": true, "resolution_convergence": [{"resolution_m": 0.1, "centerline_sample_count": 14139, "maximum_seam_field_error_m": 0.0, "maximum_volume_isolation_error_m": 0.0, "passed_frames": 1414, "all_frames_passed": true}, {"resolution_m": 0.05, "centerline_sample_count": 28267, "maximum_seam_field_error_m": 0.0, "maximum_volume_isolation_error_m": 0.0, "passed_frames": 1414, "all_frames_passed": true}, {"resolution_m": 0.025, "centerline_sample_count": 56526, "maximum_seam_field_error_m": 0.0, "maximum_volume_isolation_error_m": 0.0, "passed_frames": 1414, "all_frames_passed": true}]}
{"world": "S10_3d_complex_C08", "resolution_m": 0.1, "patch_node": "node_0013", "state": "extracting"}
{"world": "S10_3d_complex_C08", "resolution_m": 0.1, "patch_node": "node_0013", "state": "complete", "vertices": 53479}
{"world": "S10_3d_complex_C08", "resolution_m": 0.1, "patch_node": "node_0015", "state": "extracting"}
{"world": "S10_3d_complex_C08", "resolution_m": 0.1, "patch_node": "node_0015", "state": "complete", "vertices": 53049}
{"world": "S10_3d_complex_C08", "resolution_m": 0.1, "patch_node": "node_0019", "state": "extracting"}
{"world": "S10_3d_complex_C08", "resolution_m": 0.1, "patch_node": "node_0019", "state": "complete", "vertices": 53997}
{"world": "S10_3d_complex_C08", "resolution_m": 0.1, "patch_node": "node_0037", "state": "extracting"}
{"world": "S10_3d_complex_C08", "resolution_m": 0.1, "patch_node": "node_0037", "state": "complete", "vertices": 54833}
{"world": "S10_3d_complex_C08", "resolution_m": 0.1, "patch_node": "node_0052", "state": "extracting"}
{"world": "S10_3d_complex_C08", "resolution_m": 0.1, "patch_node": "node_0052", "state": "complete", "vertices": 43640}
{"world": "S10_3d_complex_C08", "resolution_m": 0.1, "patch_node": "node_0061", "state": "extracting"}
{"world": "S10_3d_complex_C08", "resolution_m": 0.1, "patch_node": "node_0061", "state": "complete", "vertices": 42717}
{"world": "S10_3d_complex_C08", "resolution_m": 0.1, "patch_node": "node_0062", "state": "extracting"}
{"world": "S10_3d_complex_C08", "resolution_m": 0.1, "patch_node": "node_0062", "state": "complete", "vertices": 41429}
{"world": "S10_3d_complex_C08", "resolution_m": 0.1, "patch_node": "node_0079", "state": "extracting"}
{"world": "S10_3d_complex_C08", "resolution_m": 0.1, "patch_node": "node_0079", "state": "complete", "vertices": 41610}
{"world": "S10_3d_complex_C08", "resolution_m": 0.1, "patch_node": "node_0087", "state": "extracting"}
{"world": "S10_3d_complex_C08", "resolution_m": 0.1, "patch_node": "node_0087", "state": "complete", "vertices": 53205}
{"world": "S10_3d_complex_C08", "resolution_m": 0.1, "patch_node": "node_0111", "state": "extracting"}
{"world": "S10_3d_complex_C08", "resolution_m": 0.1, "patch_node": "node_0111", "state": "complete", "vertices": 43311}
{"world": "S10_3d_complex_C08", "resolution_m": 0.1, "patch_node": "node_0133", "state": "extracting"}
{"world": "S10_3d_complex_C08", "resolution_m": 0.1, "patch_node": "node_0133", "state": "complete", "vertices": 52951}
{"world": "S10_3d_complex_C08", "resolution_m": 0.1, "patch_node": "node_0141", "state": "extracting"}
{"world": "S10_3d_complex_C08", "resolution_m": 0.1, "patch_node": "node_0141", "state": "complete", "vertices": 56038}
{"world": "S10_3d_complex_C08", "resolution_m": 0.1, "patch_node": "node_0153", "state": "extracting"}
{"world": "S10_3d_complex_C08", "resolution_m": 0.1, "patch_node": "node_0153", "state": "complete", "vertices": 59507}
{"world": "S10_3d_complex_C08", "resolution_m": 0.1, "patch_node": "node_0161", "state": "extracting"}
{"world": "S10_3d_complex_C08", "resolution_m": 0.1, "patch_node": "node_0161", "state": "complete", "vertices": 63818}
{"world": "S10_3d_complex_C08", "resolution_m": 0.1, "qualified_frames": 16}
finished_at_utc=2026-08-14T12:53:33.398935+00:00
duration_seconds=3904.682252
exit_code=-15
