{"epoch": 1, "train_loss": 2.5374495506286623, "train_total": 3.871964120864868, "val_loss": 3.1736670070224338, "val_iou": 0.0}
{"epoch": 2, "train_loss": 2.033752453327179, "train_total": 3.0932597398757933, "val_loss": 2.7274413638644748, "val_iou": 0.004099333293972325}
{"epoch": 3, "train_loss": 1.5946809709072114, "train_total": 2.437654745578766, "val_loss": 2.3259869151645236, "val_iou": 0.32648923284881065}
{"epoch": 4, "train_loss": 1.2813072800636292, "train_total": 1.9631613314151763, "val_loss": 2.07447968588935, "val_iou": 0.39890242908853896}
{"epoch": 5, "train_loss": 1.1154133558273316, "train_total": 1.7169663608074188, "val_loss": 1.8554477824105158, "val_iou": 0.44422488751714934}
{"epoch": 6, "train_loss": 1.0022293508052826, "train_total": 1.5445368766784668, "val_loss": 1.7124985721376207, "val_iou": 0.47413599854689154}
{"epoch": 7, "train_loss": 0.9438972324132919, "train_total": 1.456246554851532, "val_loss": 1.6521729363335504, "val_iou": 0.48746616557378214}
{"epoch": 8, "train_loss": 0.9007577240467072, "train_total": 1.3890698671340942, "val_loss": 1.6143760416242812, "val_iou": 0.49964743608873186}
{"epoch": 9, "train_loss": 0.8615710020065308, "train_total": 1.3330586850643158, "val_loss": 1.55436376730601, "val_iou": 0.5059482353912267}
{"epoch": 10, "train_loss": 0.831716924905777, "train_total": 1.2875955045223235, "val_loss": 1.540123528904385, "val_iou": 0.5132879100038495}
{"epoch": 11, "train_loss": 0.7933748692274094, "train_total": 1.2325971126556396, "val_loss": 1.5654099120034113, "val_iou": 0.5036920742344027}
{"epoch": 12, "train_loss": 0.7800150752067566, "train_total": 1.2147422313690186, "val_loss": 1.4681743780771892, "val_iou": 0.5182550922396032}
{"epoch": 13, "train_loss": 0.7722191363573074, "train_total": 1.2028674066066742, "val_loss": 1.681888222694397, "val_iou": 0.48645263394334487}
{"epoch": 14, "train_loss": 0.7427865326404571, "train_total": 1.159859848022461, "val_loss": 1.625404543346829, "val_iou": 0.506118724803355}
{"epoch": 15, "train_loss": 0.7184890747070313, "train_total": 1.1222976267337799, "val_loss": 1.5535002284579806, "val_iou": 0.5092289010321798}
{"epoch": 16, "train_loss": 0.707007247209549, "train_total": 1.1077628254890441, "val_loss": 1.6672937075297039, "val_iou": 0.510199635765606}
{"epoch": 17, "train_loss": 0.6850775182247162, "train_total": 1.080741012096405, "val_loss": 1.5372679366005793, "val_iou": 0.5165830485102348}
{"epoch": 18, "train_loss": 0.6587391853332519, "train_total": 1.0366415232419968, "val_loss": 1.499876340230306, "val_iou": 0.5065677254818716}
{"epoch": 19, "train_loss": 0.6565208673477173, "train_total": 1.0383808374404908, "val_loss": 1.665552682346768, "val_iou": 0.4991143331648944}
{"epoch": 20, "train_loss": 0.650403356552124, "train_total": 1.0275235652923584, "val_loss": 1.6008801460266113, "val_iou": 0.5166525338147148}
{
  "result_dir": "results/structural_bottleneck_feasibility/20260805_231500_forced_global_bottleneck_seed20260805",
  "status": "BOTTLENECK_REPRESENTATION_FAIL"
}
