argv=["/tmp/mtare_cano_e1_zarr2187/bin/python", "/home/zeng-workstation/mtare_topo_comm/tools/v3/execute_cano_c08_causal_sensor_stage_v1.py", "--run-dir", "/home/zeng-workstation/mtare_topo_comm/results/gate4_topology/gate4_20260813_cano_c08_causal_topology_replay_v1_seed0"]
finished_at_utc=2026-08-13T11:34:32.812992+00:00
{"world": "S01_flat_tree_small_C08", "world_index": 1, "frame": 250, "frames": 801}
{"world": "S01_flat_tree_small_C08", "world_index": 1, "frame": 500, "frames": 801}
{"world": "S01_flat_tree_small_C08", "world_index": 1, "frame": 750, "frames": 801}
{"world": "S01_flat_tree_small_C08", "world_index": 1, "frame": 801, "frames": 801}
{"world": "S06_3d_branch_medium_C08", "world_index": 2, "frame": 250, "frames": 1414}
{"world": "S06_3d_branch_medium_C08", "world_index": 2, "frame": 500, "frames": 1414}
{"world": "S06_3d_branch_medium_C08", "world_index": 2, "frame": 750, "frames": 1414}
{"world": "S06_3d_branch_medium_C08", "world_index": 2, "frame": 1000, "frames": 1414}
{"world": "S06_3d_branch_medium_C08", "world_index": 2, "frame": 1250, "frames": 1414}
{"world": "S06_3d_branch_medium_C08", "world_index": 2, "frame": 1414, "frames": 1414}
Traceback (most recent call last):
  File "/home/zeng-workstation/mtare_topo_comm/tools/v3/execute_cano_c08_causal_sensor_stage_v1.py", line 217, in <module>
    raise SystemExit(main())
                     ^^^^^^
  File "/home/zeng-workstation/mtare_topo_comm/tools/v3/execute_cano_c08_causal_sensor_stage_v1.py", line 142, in main
    raise RuntimeError(f"C08 sensor/teacher contract failure: {failure}")
RuntimeError: C08 sensor/teacher contract failure: {'world': 'S10_3d_complex_C08', 'frame_index': 6, 'route_arc_m': 12.0, 'eligible': False, 'deterministic': True, 'scene_max_difference_m': 0.0, 'minimum_horizontal_clearance_m': 0.631976306438446, 'branch_los': [True, True], 'branch_count': 2}

duration_seconds=24.086971
exit_code=1
