{"index": 1, "observations": 1252, "of": 80, "parent_id": "S01_flat_tree_small_C01", "partition": "fit", "removed_tokens": 0, "retained_tokens": 854, "shard_bytes": 25303, "shard_file_count": 16, "shard_tree_sha256": "eb98220064650679c0a36f15d3319cbbdfadc05a815014449e9bc1e701befe36", "source_tokens": 854}
{"index": 2, "observations": 1134, "of": 80, "parent_id": "S01_flat_tree_small_C02", "partition": "fit", "removed_tokens": 0, "retained_tokens": 676, "shard_bytes": 21591, "shard_file_count": 16, "shard_tree_sha256": "2eb58246ccdf3f4053decae7280d6d5a57c2e0a80163b1a574545ebbd17ea2b7", "source_tokens": 676}
{"index": 3, "observations": 1522, "of": 80, "parent_id": "S01_flat_tree_small_C03", "partition": "fit", "removed_tokens": 0, "retained_tokens": 561, "shard_bytes": 19879, "shard_file_count": 16, "shard_tree_sha256": "1a8d09ab7312aefac32168f98223b05ce9ad99031a55a88b88218a0585bf44f1", "source_tokens": 561}
{"index": 4, "observations": 860, "of": 80, "parent_id": "S01_flat_tree_small_C04", "partition": "fit", "removed_tokens": 0, "retained_tokens": 559, "shard_bytes": 17873, "shard_file_count": 16, "shard_tree_sha256": "9ff66810cd058c8e388f30091648e89faf1ba8ca6647cd797d345b196a5a7371", "source_tokens": 559}
{"index": 5, "observations": 1176, "of": 80, "parent_id": "S01_flat_tree_small_C05", "partition": "fit", "removed_tokens": 0, "retained_tokens": 665, "shard_bytes": 21104, "shard_file_count": 16, "shard_tree_sha256": "ec279ecd3d94656a12769f0092da356f5b1e307e9fe2af0b29165bbac18d0b47", "source_tokens": 665}
{"index": 6, "observations": 1224, "of": 80, "parent_id": "S01_flat_tree_small_C06", "partition": "fit", "removed_tokens": 0, "retained_tokens": 682, "shard_bytes": 20183, "shard_file_count": 16, "shard_tree_sha256": "2cd27998ed4c827a0f8a8289ea2cb364165341d20f538483c6404979052ce51b", "source_tokens": 682}
{"index": 7, "observations": 1314, "of": 80, "parent_id": "S02_3d_tree_small_C01", "partition": "fit", "removed_tokens": 0, "retained_tokens": 537, "shard_bytes": 21928, "shard_file_count": 16, "shard_tree_sha256": "49269094a2fbaa9bc3cb7188d5afd4e4929bd846437f9a9e6fdfa0232ee112f4", "source_tokens": 537}
{"index": 8, "observations": 1212, "of": 80, "parent_id": "S02_3d_tree_small_C02", "partition": "fit", "removed_tokens": 7, "retained_tokens": 755, "shard_bytes": 26773, "shard_file_count": 16, "shard_tree_sha256": "3b61a1e42c05e923f7db552451588b319bc9a069c035fb032e9b519fdc3c3b43", "source_tokens": 762}
{"index": 9, "observations": 1618, "of": 80, "parent_id": "S02_3d_tree_small_C03", "partition": "fit", "removed_tokens": 0, "retained_tokens": 979, "shard_bytes": 31912, "shard_file_count": 16, "shard_tree_sha256": "37db1c488c095e34023d6daa68640545410c2642d9faf6701e8e6bfb5b21d431", "source_tokens": 979}
{"index": 10, "observations": 1042, "of": 80, "parent_id": "S02_3d_tree_small_C04", "partition": "fit", "removed_tokens": 0, "retained_tokens": 503, "shard_bytes": 20835, "shard_file_count": 16, "shard_tree_sha256": "e899c94133d7846b82a78c42185288c0ed9cd24c20ac0d4071bd120520c01432", "source_tokens": 503}
{"index": 11, "observations": 1292, "of": 80, "parent_id": "S02_3d_tree_small_C05", "partition": "fit", "removed_tokens": 0, "retained_tokens": 736, "shard_bytes": 26215, "shard_file_count": 16, "shard_tree_sha256": "03b0bae8500966fcf77da5e270fa61c305dd9d2cdbe62242c5311fb1d9c4eb00", "source_tokens": 736}
{"index": 12, "observations": 1538, "of": 80, "parent_id": "S02_3d_tree_small_C06", "partition": "fit", "removed_tokens": 0, "retained_tokens": 573, "shard_bytes": 21748, "shard_file_count": 16, "shard_tree_sha256": "6342e30b714d60307ae4856d6c6c455be97d331cb0cbe39a3a9a941758eb1ccf", "source_tokens": 573}
{"index": 13, "observations": 1510, "of": 80, "parent_id": "S03_flat_unicyclic_small_C01", "partition": "fit", "removed_tokens": 0, "retained_tokens": 1032, "shard_bytes": 30203, "shard_file_count": 16, "shard_tree_sha256": "c0f643adcc8ddb49141613cd864db2b07641e8889269b16370eb8614c966f997", "source_tokens": 1032}
{"index": 14, "observations": 1864, "of": 80, "parent_id": "S03_flat_unicyclic_small_C02", "partition": "fit", "removed_tokens": 0, "retained_tokens": 1148, "shard_bytes": 31433, "shard_file_count": 16, "shard_tree_sha256": "a9d423ebd7ba60dfc8bd7d5db614f2e7c0008f7e9a0e788980ea6903103e9c97", "source_tokens": 1148}
{"index": 15, "observations": 1770, "of": 80, "parent_id": "S03_flat_unicyclic_small_C03", "partition": "fit", "removed_tokens": 0, "retained_tokens": 1117, "shard_bytes": 32769, "shard_file_count": 16, "shard_tree_sha256": "91369cb3ed3285de401d5ef6a4a86a6fbe0f8c9a10c34f5de8d3ade687f4a6bf", "source_tokens": 1117}
{"index": 16, "observations": 1566, "of": 80, "parent_id": "S03_flat_unicyclic_small_C04", "partition": "fit", "removed_tokens": 0, "retained_tokens": 1015, "shard_bytes": 29700, "shard_file_count": 16, "shard_tree_sha256": "ae741f8905abc9aa53da05f1722fa60c54a24a24ced03f0441bd464f44fcf29a", "source_tokens": 1015}
{"index": 17, "observations": 1444, "of": 80, "parent_id": "S03_flat_unicyclic_small_C05", "partition": "fit", "removed_tokens": 0, "retained_tokens": 995, "shard_bytes": 27879, "shard_file_count": 16, "shard_tree_sha256": "24d209737969d269a42c5caea949da9de3f2c7c9da03ef6f0acf73f5c32dd8cb", "source_tokens": 995}
{"index": 18, "observations": 1380, "of": 80, "parent_id": "S03_flat_unicyclic_small_C06", "partition": "fit", "removed_tokens": 0, "retained_tokens": 845, "shard_bytes": 25495, "shard_file_count": 16, "shard_tree_sha256": "c0af262d1ff286f96e553a97038e799d874424f614262cd6ccbe74e6b68e6512", "source_tokens": 845}
{"index": 19, "observations": 1408, "of": 80, "parent_id": "S04_3d_unicyclic_small_C01", "partition": "fit", "removed_tokens": 0, "retained_tokens": 799, "shard_bytes": 27379, "shard_file_count": 16, "shard_tree_sha256": "8d0e786e42e6ffc0d7325807544e6f5febbf9137cffd48d38c47cf47852524d9", "source_tokens": 799}
{"index": 20, "observations": 1174, "of": 80, "parent_id": "S04_3d_unicyclic_small_C02", "partition": "fit", "removed_tokens": 1, "retained_tokens": 841, "shard_bytes": 29309, "shard_file_count": 16, "shard_tree_sha256": "37b6195f5cb4a99999607c16c80aba378af918270bdb7d3e63974679d556c910", "source_tokens": 842}
{"index": 21, "observations": 1754, "of": 80, "parent_id": "S04_3d_unicyclic_small_C03", "partition": "fit", "removed_tokens": 133, "retained_tokens": 1000, "shard_bytes": 33970, "shard_file_count": 16, "shard_tree_sha256": "40f8198c4144483410c55e0878423948b0f631a94b9bebc89115bc189dce5cce", "source_tokens": 1133}
{"index": 22, "observations": 1268, "of": 80, "parent_id": "S04_3d_unicyclic_small_C04", "partition": "fit", "removed_tokens": 0, "retained_tokens": 1110, "shard_bytes": 34832, "shard_file_count": 16, "shard_tree_sha256": "09fcf0eaa840c7bb11a8d27d1a57354ff7e54afa64caab9af7bc6c2eb9f4617a", "source_tokens": 1110}
{"index": 23, "observations": 1058, "of": 80, "parent_id": "S04_3d_unicyclic_small_C05", "partition": "fit", "removed_tokens": 20, "retained_tokens": 1063, "shard_bytes": 33284, "shard_file_count": 16, "shard_tree_sha256": "a5cb946f8079918abe242d1dbd00906ed83cd789a91c1f40d2d1f10c79448f4d", "source_tokens": 1083}
{"index": 24, "observations": 1408, "of": 80, "parent_id": "S04_3d_unicyclic_small_C06", "partition": "fit", "removed_tokens": 163, "retained_tokens": 1118, "shard_bytes": 34980, "shard_file_count": 16, "shard_tree_sha256": "30cc062a7ce31c891beaf23441141d25103435e6eed933a38539fe4d3880aca2", "source_tokens": 1281}
{"index": 25, "observations": 2190, "of": 80, "parent_id": "S05_flat_branch_medium_C01", "partition": "fit", "removed_tokens": 0, "retained_tokens": 1545, "shard_bytes": 41461, "shard_file_count": 16, "shard_tree_sha256": "16ab70f360269e8f8123600dbbea73fb512738f10ae8ba0f8938c73ea8e5e119", "source_tokens": 1545}
{"index": 26, "observations": 2412, "of": 80, "parent_id": "S05_flat_branch_medium_C02", "partition": "fit", "removed_tokens": 0, "retained_tokens": 1342, "shard_bytes": 41587, "shard_file_count": 16, "shard_tree_sha256": "700893215dba7e007fa3088fc7d8625b853baa071961e1d322c1620a1cd76eed", "source_tokens": 1342}
{"index": 27, "observations": 2468, "of": 80, "parent_id": "S05_flat_branch_medium_C03", "partition": "fit", "removed_tokens": 0, "retained_tokens": 1553, "shard_bytes": 43239, "shard_file_count": 16, "shard_tree_sha256": "f44f46a0dd147fd0921fb3ab1be4662c1144be52d512398a16900424ec18a292", "source_tokens": 1553}
{"index": 28, "observations": 2088, "of": 80, "parent_id": "S05_flat_branch_medium_C04", "partition": "fit", "removed_tokens": 0, "retained_tokens": 1496, "shard_bytes": 42218, "shard_file_count": 16, "shard_tree_sha256": "e8ae72f7c6b9dc048d62dee07d989ca045214ef43493aad3c8cd9bf8bb6cb266", "source_tokens": 1496}
{"index": 29, "observations": 1980, "of": 80, "parent_id": "S05_flat_branch_medium_C05", "partition": "fit", "removed_tokens": 0, "retained_tokens": 1709, "shard_bytes": 47226, "shard_file_count": 16, "shard_tree_sha256": "47045a3d28bffa12cf3429bfa9bede8404f91d85854e11e29cb53476e1c6466e", "source_tokens": 1709}
{"index": 30, "observations": 2752, "of": 80, "parent_id": "S05_flat_branch_medium_C06", "partition": "fit", "removed_tokens": 0, "retained_tokens": 1760, "shard_bytes": 45418, "shard_file_count": 16, "shard_tree_sha256": "f36b332b7169b26fdbad1f2474087fa6b23e659bd31b13b878d6edfe60c8efbd", "source_tokens": 1760}
{"index": 31, "observations": 1654, "of": 80, "parent_id": "S06_3d_branch_medium_C01", "partition": "fit", "removed_tokens": 0, "retained_tokens": 1411, "shard_bytes": 46020, "shard_file_count": 16, "shard_tree_sha256": "f5b041ad20ab3572be5e932317c1595ebdd3676517b87b9aa6a2eb1f5c961585", "source_tokens": 1411}
{"index": 32, "observations": 1914, "of": 80, "parent_id": "S06_3d_branch_medium_C02", "partition": "fit", "removed_tokens": 10, "retained_tokens": 1104, "shard_bytes": 38356, "shard_file_count": 16, "shard_tree_sha256": "e068da5ea548400cbcccd144bf1cb98c9f8144f150d7a5963864f563dfcb191f", "source_tokens": 1114}
{"index": 33, "observations": 1782, "of": 80, "parent_id": "S06_3d_branch_medium_C03", "partition": "fit", "removed_tokens": 0, "retained_tokens": 1686, "shard_bytes": 50661, "shard_file_count": 16, "shard_tree_sha256": "7057ac04075dff66ddd730dfdea4b633f22d7e643b6e5bae240691f62df1ffa2", "source_tokens": 1686}
{"index": 34, "observations": 3006, "of": 80, "parent_id": "S06_3d_branch_medium_C04", "partition": "fit", "removed_tokens": 1, "retained_tokens": 1337, "shard_bytes": 45217, "shard_file_count": 16, "shard_tree_sha256": "82775ab81a7682774d7c412ec56fcfa9aff2b739f4ddf0beb33a3e7665c5945f", "source_tokens": 1338}
{"index": 35, "observations": 2208, "of": 80, "parent_id": "S06_3d_branch_medium_C05", "partition": "fit", "removed_tokens": 170, "retained_tokens": 1193, "shard_bytes": 38259, "shard_file_count": 16, "shard_tree_sha256": "35e5334e98420eb7eebb2da210c49615a4479a31f8c2957d76d26e8097f4fb09", "source_tokens": 1363}
{"index": 36, "observations": 2472, "of": 80, "parent_id": "S06_3d_branch_medium_C06", "partition": "fit", "removed_tokens": 7, "retained_tokens": 1151, "shard_bytes": 37277, "shard_file_count": 16, "shard_tree_sha256": "5ccab7e0182a66eb710be3420244d5af46f36f2b9e97834d16b793d024f4f106", "source_tokens": 1158}
{"index": 37, "observations": 3432, "of": 80, "parent_id": "S07_flat_loop_rich_C01", "partition": "fit", "removed_tokens": 0, "retained_tokens": 2740, "shard_bytes": 69879, "shard_file_count": 16, "shard_tree_sha256": "8af357e73e3eed746355a48495f81014adcd45c2a90bf462ba84f1799c5bcd4c", "source_tokens": 2740}
{"index": 38, "observations": 3468, "of": 80, "parent_id": "S07_flat_loop_rich_C02", "partition": "fit", "removed_tokens": 0, "retained_tokens": 2984, "shard_bytes": 78661, "shard_file_count": 16, "shard_tree_sha256": "ed7326d918933e591db21ae2fb37deaa04ad304adf5d35dc36c8f76d9ea63696", "source_tokens": 2984}
{"index": 39, "observations": 2662, "of": 80, "parent_id": "S07_flat_loop_rich_C03", "partition": "fit", "removed_tokens": 0, "retained_tokens": 2229, "shard_bytes": 60826, "shard_file_count": 16, "shard_tree_sha256": "fcc501343b242805f62b728eb03e704bbebedab9526677d2f1c8a9472a740367", "source_tokens": 2229}
{"index": 40, "observations": 3408, "of": 80, "parent_id": "S07_flat_loop_rich_C04", "partition": "fit", "removed_tokens": 0, "retained_tokens": 3142, "shard_bytes": 75082, "shard_file_count": 16, "shard_tree_sha256": "bc05db255861b617c5d9b61d9a5dc31fe360fd6c93e5cd8d851860613b496aee", "source_tokens": 3142}
{"index": 41, "observations": 2800, "of": 80, "parent_id": "S07_flat_loop_rich_C05", "partition": "fit", "removed_tokens": 0, "retained_tokens": 2504, "shard_bytes": 60783, "shard_file_count": 16, "shard_tree_sha256": "c66351287c6d61b176e424b509c90ba1cf35c75ba8eda893701cf0d51bda1b47", "source_tokens": 2504}
{"index": 42, "observations": 3026, "of": 80, "parent_id": "S07_flat_loop_rich_C06", "partition": "fit", "removed_tokens": 0, "retained_tokens": 2401, "shard_bytes": 63009, "shard_file_count": 16, "shard_tree_sha256": "e9e5d299f3120a310fdbe8a5230819ebc0868552a293a5177948166487923782", "source_tokens": 2401}
{"index": 43, "observations": 3230, "of": 80, "parent_id": "S08_3d_loop_rich_C01", "partition": "fit", "removed_tokens": 7, "retained_tokens": 1896, "shard_bytes": 59771, "shard_file_count": 16, "shard_tree_sha256": "2576611549dba493cfe6e76879a1bd7b865924ddc84cc2ba31e083f89d22c7a6", "source_tokens": 1903}
{"index": 44, "observations": 3304, "of": 80, "parent_id": "S08_3d_loop_rich_C02", "partition": "fit", "removed_tokens": 241, "retained_tokens": 2078, "shard_bytes": 63453, "shard_file_count": 16, "shard_tree_sha256": "d9d50001234cda53f603d62ad41dcd931ed5ae065bb72f59f60b16caf63cf33d", "source_tokens": 2319}
{"index": 45, "observations": 2364, "of": 80, "parent_id": "S08_3d_loop_rich_C03", "partition": "fit", "removed_tokens": 124, "retained_tokens": 1204, "shard_bytes": 41430, "shard_file_count": 16, "shard_tree_sha256": "6f85d745ffe80317aee5fbbdea62abab6739e672574822dddbe75effa1b8353a", "source_tokens": 1328}
{"index": 46, "observations": 3650, "of": 80, "parent_id": "S08_3d_loop_rich_C04", "partition": "fit", "removed_tokens": 0, "retained_tokens": 2312, "shard_bytes": 72156, "shard_file_count": 16, "shard_tree_sha256": "09133a59a868ff1c1b0534c49be0679f0f70d3d2711937ee0c583edc915f5d86", "source_tokens": 2312}
{"index": 47, "observations": 2668, "of": 80, "parent_id": "S08_3d_loop_rich_C05", "partition": "fit", "removed_tokens": 20, "retained_tokens": 1629, "shard_bytes": 54138, "shard_file_count": 16, "shard_tree_sha256": "a1ae21f9f75919eff4555be2e2b447cbe72bfca52b887e55305aaed56f63ad71", "source_tokens": 1649}
{"index": 48, "observations": 3272, "of": 80, "parent_id": "S08_3d_loop_rich_C06", "partition": "fit", "removed_tokens": 0, "retained_tokens": 2084, "shard_bytes": 63659, "shard_file_count": 16, "shard_tree_sha256": "e9dfd7d6899842c3e0747d9eba78ad9e5e843d377a29986db6028faba4a6c1f9", "source_tokens": 2084}
{"index": 49, "observations": 4704, "of": 80, "parent_id": "S09_flat_complex_C01", "partition": "fit", "removed_tokens": 0, "retained_tokens": 3096, "shard_bytes": 78019, "shard_file_count": 16, "shard_tree_sha256": "e83f31a18c173d4d22d1f363dcba9333a3a3e69ee9b1f6d7e8a0e0dbe69eb996", "source_tokens": 3096}
{"index": 50, "observations": 3344, "of": 80, "parent_id": "S09_flat_complex_C02", "partition": "fit", "removed_tokens": 0, "retained_tokens": 2888, "shard_bytes": 71094, "shard_file_count": 16, "shard_tree_sha256": "3c12b35a8414121737fc60469e476489b59f1061af8ed585e1949ad2910c44c4", "source_tokens": 2888}
{"index": 51, "observations": 3840, "of": 80, "parent_id": "S09_flat_complex_C03", "partition": "fit", "removed_tokens": 0, "retained_tokens": 2924, "shard_bytes": 71302, "shard_file_count": 16, "shard_tree_sha256": "1ee4cd86aa2c97a3b6a851ab711c56a356b34722d90eabf5893882320e08a556", "source_tokens": 2924}
{"index": 52, "observations": 3520, "of": 80, "parent_id": "S09_flat_complex_C04", "partition": "fit", "removed_tokens": 0, "retained_tokens": 3243, "shard_bytes": 74906, "shard_file_count": 16, "shard_tree_sha256": "95c8e12322133358b5b5fcdd2ff1330588823fb67eacdab2089188bf4cf94f5a", "source_tokens": 3243}
{"index": 53, "observations": 4594, "of": 80, "parent_id": "S09_flat_complex_C05", "partition": "fit", "removed_tokens": 0, "retained_tokens": 3767, "shard_bytes": 96285, "shard_file_count": 16, "shard_tree_sha256": "d1bd1839c3030d030dcb6f559527b3a4bdea1d1060c3bb2c5bce25260dfa9562", "source_tokens": 3767}
{"index": 54, "observations": 3376, "of": 80, "parent_id": "S09_flat_complex_C06", "partition": "fit", "removed_tokens": 0, "retained_tokens": 2848, "shard_bytes": 70627, "shard_file_count": 16, "shard_tree_sha256": "31c418f23f313e4489fecd2ea434bb1ac18c480cf2ffd8c0cfd323c69925c961", "source_tokens": 2848}
{"index": 55, "observations": 2624, "of": 80, "parent_id": "S10_3d_complex_C01", "partition": "fit", "removed_tokens": 79, "retained_tokens": 2270, "shard_bytes": 68332, "shard_file_count": 16, "shard_tree_sha256": "c6694deb874f25db8f215f101f5a21c1e6bdf89c1d3b09e4561a51795855a44e", "source_tokens": 2349}
{"index": 56, "observations": 4052, "of": 80, "parent_id": "S10_3d_complex_C02", "partition": "fit", "removed_tokens": 33, "retained_tokens": 2087, "shard_bytes": 67785, "shard_file_count": 16, "shard_tree_sha256": "90544f10830385685c6a6a2f18691044932023cf677e89ae1274ed030ee40201", "source_tokens": 2120}
{"index": 57, "observations": 3706, "of": 80, "parent_id": "S10_3d_complex_C03", "partition": "fit", "removed_tokens": 5, "retained_tokens": 2578, "shard_bytes": 81657, "shard_file_count": 16, "shard_tree_sha256": "3452e57e5d7113126affa39e90267d50117bae8b5aece0a1c3d41473cc935e6f", "source_tokens": 2583}
{"index": 58, "observations": 4282, "of": 80, "parent_id": "S10_3d_complex_C04", "partition": "fit", "removed_tokens": 29, "retained_tokens": 2568, "shard_bytes": 80091, "shard_file_count": 16, "shard_tree_sha256": "778f794db251d5bb92c8997e20d76725a69023c399e3946ec15d01dad733beab", "source_tokens": 2597}
{"index": 59, "observations": 3622, "of": 80, "parent_id": "S10_3d_complex_C05", "partition": "fit", "removed_tokens": 9, "retained_tokens": 2315, "shard_bytes": 75499, "shard_file_count": 16, "shard_tree_sha256": "48868eeb45d4bac58ac2e39950674be61fe9ff03d2fcf515979151bf3b55383b", "source_tokens": 2324}
{"index": 60, "observations": 3522, "of": 80, "parent_id": "S10_3d_complex_C06", "partition": "fit", "removed_tokens": 154, "retained_tokens": 3042, "shard_bytes": 91645, "shard_file_count": 16, "shard_tree_sha256": "19e8d32ddd49f33281553b877b04c0c8341b3496d85ce12f5d73e3a633100473", "source_tokens": 3196}
{"index": 61, "observations": 1004, "of": 80, "parent_id": "S01_flat_tree_small_C07", "partition": "selection", "removed_tokens": 0, "retained_tokens": 781, "shard_bytes": 23886, "shard_file_count": 16, "shard_tree_sha256": "ed08b9910dc15c51793c86ad672bc165dac336e7fedd3bd3ea1c8345f90be83a", "source_tokens": 781}
{"index": 62, "observations": 1218, "of": 80, "parent_id": "S01_flat_tree_small_C08", "partition": "selection", "removed_tokens": 0, "retained_tokens": 874, "shard_bytes": 26968, "shard_file_count": 16, "shard_tree_sha256": "f2216578c431b01f5fb22f3db08782f1a7e76a2de655610bae8811ac9776749b", "source_tokens": 874}
{"index": 63, "observations": 922, "of": 80, "parent_id": "S02_3d_tree_small_C07", "partition": "selection", "removed_tokens": 0, "retained_tokens": 562, "shard_bytes": 20743, "shard_file_count": 16, "shard_tree_sha256": "da0a0404dfef49c14f3258eda7e28344597a05fc3c3017ba9e42663a2d24bc71", "source_tokens": 562}
{"index": 64, "observations": 1590, "of": 80, "parent_id": "S02_3d_tree_small_C08", "partition": "selection", "removed_tokens": 1, "retained_tokens": 962, "shard_bytes": 31867, "shard_file_count": 16, "shard_tree_sha256": "53d3a72c494e4effafeab04a6def6dde908eabab1f0890fa30e14da3783e1544", "source_tokens": 963}
{"index": 65, "observations": 906, "of": 80, "parent_id": "S03_flat_unicyclic_small_C07", "partition": "selection", "removed_tokens": 0, "retained_tokens": 1105, "shard_bytes": 30204, "shard_file_count": 16, "shard_tree_sha256": "0afbb74797359a16d1f19fac3edf4af45c7dfd991caf71103e20997a7bb4474f", "source_tokens": 1105}
{"index": 66, "observations": 1414, "of": 80, "parent_id": "S03_flat_unicyclic_small_C08", "partition": "selection", "removed_tokens": 0, "retained_tokens": 857, "shard_bytes": 25738, "shard_file_count": 16, "shard_tree_sha256": "ef4d7e93af5995939266d6c527a797fc2c662574a7817e81333c908bab4c5c43", "source_tokens": 857}
{"index": 67, "observations": 1134, "of": 80, "parent_id": "S04_3d_unicyclic_small_C07", "partition": "selection", "removed_tokens": 10, "retained_tokens": 992, "shard_bytes": 33431, "shard_file_count": 16, "shard_tree_sha256": "3d88aa46e04e88717c33cffc48f1fa49333952949c198b085bcd4e56f5fcba42", "source_tokens": 1002}
{"index": 68, "observations": 1526, "of": 80, "parent_id": "S04_3d_unicyclic_small_C08", "partition": "selection", "removed_tokens": 10, "retained_tokens": 898, "shard_bytes": 30978, "shard_file_count": 16, "shard_tree_sha256": "d030efe48ef673b124ab8fce257d02292f01d7ed3b03776f77dc6cae18891fc4", "source_tokens": 908}
{"index": 69, "observations": 2068, "of": 80, "parent_id": "S05_flat_branch_medium_C07", "partition": "selection", "removed_tokens": 0, "retained_tokens": 1200, "shard_bytes": 38435, "shard_file_count": 16, "shard_tree_sha256": "942d69620bdb12289cb782456a228a14ca4ffb1ca5e045ee1cafc3248347652b", "source_tokens": 1200}
{"index": 70, "observations": 2466, "of": 80, "parent_id": "S05_flat_branch_medium_C08", "partition": "selection", "removed_tokens": 0, "retained_tokens": 1657, "shard_bytes": 45159, "shard_file_count": 16, "shard_tree_sha256": "54707721f0a3a803b89781b5bb5f8c347ba3dcf9d3e7e954b4ba232cdfac2fe5", "source_tokens": 1657}
{"index": 71, "observations": 1676, "of": 80, "parent_id": "S06_3d_branch_medium_C07", "partition": "selection", "removed_tokens": 0, "retained_tokens": 1235, "shard_bytes": 39031, "shard_file_count": 16, "shard_tree_sha256": "d660a9542d6b832f5c41101879ddbfc641b58574845bae8e7dafc067a18f04b5", "source_tokens": 1235}
{"index": 72, "observations": 2174, "of": 80, "parent_id": "S06_3d_branch_medium_C08", "partition": "selection", "removed_tokens": 0, "retained_tokens": 1549, "shard_bytes": 49829, "shard_file_count": 16, "shard_tree_sha256": "0871eaa32d1659c1af8e6b3a7dd262027ae8d704b705e8b3e6fdd33ad090a78b", "source_tokens": 1549}
{"index": 73, "observations": 2678, "of": 80, "parent_id": "S07_flat_loop_rich_C07", "partition": "selection", "removed_tokens": 0, "retained_tokens": 2285, "shard_bytes": 59942, "shard_file_count": 16, "shard_tree_sha256": "45f62ecfab491920a0052fdefd4e321b0357bd3201d423f01d716a2049eb0b71", "source_tokens": 2285}
{"index": 74, "observations": 2654, "of": 80, "parent_id": "S07_flat_loop_rich_C08", "partition": "selection", "removed_tokens": 0, "retained_tokens": 2484, "shard_bytes": 65289, "shard_file_count": 16, "shard_tree_sha256": "c4ba4a0d3a55b7396b9ef9b84b565e4c368eef50087597cd733a5b71d4d1acd7", "source_tokens": 2484}
{"index": 75, "observations": 3458, "of": 80, "parent_id": "S08_3d_loop_rich_C07", "partition": "selection", "removed_tokens": 4, "retained_tokens": 1754, "shard_bytes": 58940, "shard_file_count": 16, "shard_tree_sha256": "ba13a531d94f8f800aba3538c2cb0dbda1e96d1b95f34b84244078ddf6aaef8e", "source_tokens": 1758}
{"index": 76, "observations": 3212, "of": 80, "parent_id": "S08_3d_loop_rich_C08", "partition": "selection", "removed_tokens": 28, "retained_tokens": 2195, "shard_bytes": 68597, "shard_file_count": 16, "shard_tree_sha256": "3a8d75eb455b4999b0f156d60298f53f1fb599bd0ba543a06d9961201d49cdba", "source_tokens": 2223}
{"index": 77, "observations": 3580, "of": 80, "parent_id": "S09_flat_complex_C07", "partition": "selection", "removed_tokens": 0, "retained_tokens": 3232, "shard_bytes": 79290, "shard_file_count": 16, "shard_tree_sha256": "57a1990fa078b1601b7b2151ba57fd7f1cdd03cc70565a897b458ad663a6d247", "source_tokens": 3232}
{"index": 78, "observations": 4182, "of": 80, "parent_id": "S09_flat_complex_C08", "partition": "selection", "removed_tokens": 0, "retained_tokens": 3153, "shard_bytes": 81120, "shard_file_count": 16, "shard_tree_sha256": "293c000ecf69a47aca2821faf6246d7f3f24cbe2b2508cefed54b891ac723178", "source_tokens": 3153}
{"index": 79, "observations": 4122, "of": 80, "parent_id": "S10_3d_complex_C07", "partition": "selection", "removed_tokens": 54, "retained_tokens": 2876, "shard_bytes": 87737, "shard_file_count": 16, "shard_tree_sha256": "5dd8dd43f2379a71f5b81c05cdfba29e81cbb0bde918def4dd0575bf9b525d7e", "source_tokens": 2930}
{"index": 80, "observations": 3958, "of": 80, "parent_id": "S10_3d_complex_C08", "partition": "selection", "removed_tokens": 311, "retained_tokens": 2494, "shard_bytes": 79556, "shard_file_count": 16, "shard_tree_sha256": "d519de0cac2a5d5086269dc9b8959f9f84ab18093d7ca5f5b2e8066761a5c035", "source_tokens": 2805}
{
  "schema_version": "gse_observable_spatial_event_teacher_v2",
  "status": "PASS_GSE_OBSERVABLE_SPATIAL_EVENT_TEACHER_V2",
  "population": {
    "worlds": 80,
    "observations": 188126,
    "event_identities": 1076,
    "source_tokens": 133055,
    "observable_tokens": 131424,
    "removed_unobservable_tokens": 1631,
    "retained_type_counts": {
      "terminal": 30714,
      "junction": 100710
    },
    "removed_type_counts": {
      "terminal": 75,
      "junction": 1556
    },
    "cardinality_histogram": {
      "0": 82326,
      "1": 82183,
      "2": 21756,
      "3": 1724,
      "4": 128,
      "5": 9
    },
    "partition_totals": {
      "fit": {
        "worlds": 60,
        "observations": 142184,
        "source_tokens": 99492,
        "tokens": 98279,
        "removed": 1213
      },
      "selection": {
        "worlds": 20,
        "observations": 45942,
        "source_tokens": 33563,
        "tokens": 33145,
        "removed": 418
      }
    }
  },
  "filter_contract": {
    "vertical_fov_deg_inclusive": [
      -15.0,
      15.0
    ],
    "filter_inputs": [
      "event_relative_xyz_m",
      "event_mask"
    ],
    "forbidden_filter_inputs": [
      "model_prediction",
      "model_error",
      "checkpoint",
      "confidence",
      "C09",
      "C10",
      "M-TARE"
    ],
    "row_policy": "retain every observation; repack retained tokens in original order",
    "identity_policy": "retain original teacher-only identity indices"
  },
  "checks": {
    "exact_80_worlds": true,
    "exact_188126_rows_retained": true,
    "exact_source_133055_tokens": true,
    "exact_1631_vertical_fov_tokens_removed": true,
    "exact_131424_observable_tokens": true,
    "exact_type_counts": true,
    "exact_removed_type_counts": true,
    "all_1076_identities_retained": true,
    "exact_fit_selection_counts": true,
    "exact_cardinality_histogram": true,
    "all_rows_preserved_and_zero_rows_retained": true,
    "zero_training_inference_C09_C10_MTARE": true,
    "all_passed": true
  },
  "duration_seconds": 1.4379336819984019,
  "optimizer_steps": 0,
  "model_inference_frames": 0,
  "model_updates": 0,
  "normalization_steps": 0,
  "threshold_selection_steps": 0,
  "c09_worlds_read": 0,
  "c10_worlds_read": 0,
  "mtare_worlds_read": 0
}
