{"observations": 1252, "parent_id": "S01_flat_tree_small_C01", "world": 1}
{"observations": 1134, "parent_id": "S01_flat_tree_small_C02", "world": 2}
{"observations": 1522, "parent_id": "S01_flat_tree_small_C03", "world": 3}
{"observations": 860, "parent_id": "S01_flat_tree_small_C04", "world": 4}
{"observations": 1176, "parent_id": "S01_flat_tree_small_C05", "world": 5}
{"observations": 1224, "parent_id": "S01_flat_tree_small_C06", "world": 6}
{"observations": 1004, "parent_id": "S01_flat_tree_small_C07", "world": 7}
{"observations": 1218, "parent_id": "S01_flat_tree_small_C08", "world": 8}
{"observations": 1314, "parent_id": "S02_3d_tree_small_C01", "world": 9}
{"observations": 1212, "parent_id": "S02_3d_tree_small_C02", "world": 10}
{"observations": 1618, "parent_id": "S02_3d_tree_small_C03", "world": 11}
{"observations": 1042, "parent_id": "S02_3d_tree_small_C04", "world": 12}
{"observations": 1292, "parent_id": "S02_3d_tree_small_C05", "world": 13}
{"observations": 1538, "parent_id": "S02_3d_tree_small_C06", "world": 14}
{"observations": 922, "parent_id": "S02_3d_tree_small_C07", "world": 15}
{"observations": 1590, "parent_id": "S02_3d_tree_small_C08", "world": 16}
{"observations": 1510, "parent_id": "S03_flat_unicyclic_small_C01", "world": 17}
{"observations": 1864, "parent_id": "S03_flat_unicyclic_small_C02", "world": 18}
{"observations": 1770, "parent_id": "S03_flat_unicyclic_small_C03", "world": 19}
{"observations": 1566, "parent_id": "S03_flat_unicyclic_small_C04", "world": 20}
{"observations": 1444, "parent_id": "S03_flat_unicyclic_small_C05", "world": 21}
{"observations": 1380, "parent_id": "S03_flat_unicyclic_small_C06", "world": 22}
{"observations": 906, "parent_id": "S03_flat_unicyclic_small_C07", "world": 23}
{"observations": 1414, "parent_id": "S03_flat_unicyclic_small_C08", "world": 24}
{"observations": 1408, "parent_id": "S04_3d_unicyclic_small_C01", "world": 25}
{"observations": 1174, "parent_id": "S04_3d_unicyclic_small_C02", "world": 26}
{"observations": 1754, "parent_id": "S04_3d_unicyclic_small_C03", "world": 27}
{"observations": 1268, "parent_id": "S04_3d_unicyclic_small_C04", "world": 28}
{"observations": 1058, "parent_id": "S04_3d_unicyclic_small_C05", "world": 29}
{"observations": 1408, "parent_id": "S04_3d_unicyclic_small_C06", "world": 30}
{"observations": 1134, "parent_id": "S04_3d_unicyclic_small_C07", "world": 31}
{"observations": 1526, "parent_id": "S04_3d_unicyclic_small_C08", "world": 32}
{"observations": 2190, "parent_id": "S05_flat_branch_medium_C01", "world": 33}
{"observations": 2412, "parent_id": "S05_flat_branch_medium_C02", "world": 34}
{"observations": 2468, "parent_id": "S05_flat_branch_medium_C03", "world": 35}
{"observations": 2088, "parent_id": "S05_flat_branch_medium_C04", "world": 36}
{"observations": 1980, "parent_id": "S05_flat_branch_medium_C05", "world": 37}
{"observations": 2752, "parent_id": "S05_flat_branch_medium_C06", "world": 38}
{"observations": 2068, "parent_id": "S05_flat_branch_medium_C07", "world": 39}
{"observations": 2466, "parent_id": "S05_flat_branch_medium_C08", "world": 40}
{"observations": 1654, "parent_id": "S06_3d_branch_medium_C01", "world": 41}
{"observations": 1914, "parent_id": "S06_3d_branch_medium_C02", "world": 42}
{"observations": 1782, "parent_id": "S06_3d_branch_medium_C03", "world": 43}
{"observations": 3006, "parent_id": "S06_3d_branch_medium_C04", "world": 44}
{"observations": 2208, "parent_id": "S06_3d_branch_medium_C05", "world": 45}
{"observations": 2472, "parent_id": "S06_3d_branch_medium_C06", "world": 46}
{"observations": 1676, "parent_id": "S06_3d_branch_medium_C07", "world": 47}
{"observations": 2174, "parent_id": "S06_3d_branch_medium_C08", "world": 48}
{"observations": 3432, "parent_id": "S07_flat_loop_rich_C01", "world": 49}
{"observations": 3468, "parent_id": "S07_flat_loop_rich_C02", "world": 50}
{"observations": 2662, "parent_id": "S07_flat_loop_rich_C03", "world": 51}
{"observations": 3408, "parent_id": "S07_flat_loop_rich_C04", "world": 52}
{"observations": 2800, "parent_id": "S07_flat_loop_rich_C05", "world": 53}
{"observations": 3026, "parent_id": "S07_flat_loop_rich_C06", "world": 54}
{"observations": 2678, "parent_id": "S07_flat_loop_rich_C07", "world": 55}
{"observations": 2654, "parent_id": "S07_flat_loop_rich_C08", "world": 56}
{"observations": 3230, "parent_id": "S08_3d_loop_rich_C01", "world": 57}
{"observations": 3304, "parent_id": "S08_3d_loop_rich_C02", "world": 58}
{"observations": 2364, "parent_id": "S08_3d_loop_rich_C03", "world": 59}
{"observations": 3650, "parent_id": "S08_3d_loop_rich_C04", "world": 60}
{"observations": 2668, "parent_id": "S08_3d_loop_rich_C05", "world": 61}
{"observations": 3272, "parent_id": "S08_3d_loop_rich_C06", "world": 62}
{"observations": 3458, "parent_id": "S08_3d_loop_rich_C07", "world": 63}
{"observations": 3212, "parent_id": "S08_3d_loop_rich_C08", "world": 64}
{"observations": 4704, "parent_id": "S09_flat_complex_C01", "world": 65}
{"observations": 3344, "parent_id": "S09_flat_complex_C02", "world": 66}
{"observations": 3840, "parent_id": "S09_flat_complex_C03", "world": 67}
{"observations": 3520, "parent_id": "S09_flat_complex_C04", "world": 68}
{"observations": 4594, "parent_id": "S09_flat_complex_C05", "world": 69}
{"observations": 3376, "parent_id": "S09_flat_complex_C06", "world": 70}
{"observations": 3580, "parent_id": "S09_flat_complex_C07", "world": 71}
{"observations": 4182, "parent_id": "S09_flat_complex_C08", "world": 72}
{"observations": 2624, "parent_id": "S10_3d_complex_C01", "world": 73}
{"observations": 4052, "parent_id": "S10_3d_complex_C02", "world": 74}
{"observations": 3706, "parent_id": "S10_3d_complex_C03", "world": 75}
{"observations": 4282, "parent_id": "S10_3d_complex_C04", "world": 76}
{"observations": 3622, "parent_id": "S10_3d_complex_C05", "world": 77}
{"observations": 3522, "parent_id": "S10_3d_complex_C06", "world": 78}
{"observations": 4122, "parent_id": "S10_3d_complex_C07", "world": 79}
{"observations": 3958, "parent_id": "S10_3d_complex_C08", "world": 80}
{"cache_bytes": 8720393116, "duration_seconds": 56.021325263078324, "observations": 188126, "schema_version": "gse_spatial_event_set_feature_cache_v1", "seed": 0}
	Command being timed: "/home/zeng-workstation/.local/share/mtare_topo_comm/envs/phase3_torch290_cu129_zarr2187_v1/bin/python /home/zeng-workstation/mtare_topo_comm/tools/v3/build_gse_spatial_event_set_cache_v1.py --dataset-run /home/zeng-workstation/mtare_topo_comm/results/gate2_representation/gate2_20260824_gse_deduplicated_dataset_export_v1_seed0 --teacher-root /home/zeng-workstation/mtare_topo_comm/results/gate2_representation/gate2_20260828_gse_spatial_multi_event_teacher_export_v1_seed0/artifacts/export/teacher --checkpoint /home/zeng-workstation/mtare_topo_comm/results/gate2_representation/gate2_20260824_gse_graph_three_seed_training_v1r_seed0/artifacts/models/seed0/best.pt --output-dir /home/zeng-workstation/mtare_topo_comm/results/gate3_semantics/gate3_20260828_gse_spatial_event_set_capacity_v1_seed0/scratch/seed0_causal_cache --seed 0 --encoder-batch-size 128 --causal-batch-size 128"
	User time (seconds): 47.47
	System time (seconds): 14.05
	Percent of CPU this job got: 108%
	Elapsed (wall clock) time (h:mm:ss or m:ss): 0:56.89
	Average shared text size (kbytes): 0
	Average unshared data size (kbytes): 0
	Average stack size (kbytes): 0
	Average total size (kbytes): 0
	Maximum resident set size (kbytes): 10103980
	Average resident set size (kbytes): 0
	Major (requiring I/O) page faults: 13
	Minor (reclaiming a frame) page faults: 1524677
	Voluntary context switches: 280269
	Involuntary context switches: 670
	Swaps: 0
	File system inputs: 1272
	File system outputs: 17089528
	Socket messages sent: 0
	Socket messages received: 0
	Signals delivered: 0
	Page size (bytes): 4096
	Exit status: 0
