{
  "checks": {
    "attachment_labels_nonempty": true,
    "five_frame_sequences_nonempty": true,
    "real_p1a_shard_complete": true,
    "relative_odometry_finite_current_zero_no_absolute_pose": true,
    "repeat_exact": true,
    "temporary_assets_removed": true,
    "visible_capacity_le_32": true
  },
  "directed_attachment_labels": 14616,
  "frames": 1292,
  "maximum_visible_primitives": 17,
  "overall_status": "PASS_PRIMITIVE_RELATION_P1B_REAL_SHARD_CONTRACT",
  "primitive_count": 54,
  "repeat_duration_seconds": [
    14.539166753995232,
    14.26671997900121
  ],
  "repeat_tree_sha256": "7d1e4b719a486be546189334f5e57a4e9025578f4f203e4290a73ba3347e5769",
  "sequences": 860,
  "task_id": "S01_flat_tree_small_C04__c1_mixed",
  "temporal_dustbin_labels": 1013,
  "undirected_disconnected_overlap_labels": 5891
}
