{
  "decision": "REPLACE_COMPLETE_SET_REGRESSION_WITH_EVENT_PLUS_RELATION_FACTORIZATION",
  "diagnosis": {
    "by_split": {
      "c07": {
        "cardinality_exact2_gain": 0.012112493038797106,
        "complex_gap_quality_with_oracle_phase_at_10deg": 0.0,
        "complex_phase_quality_with_oracle_gaps_at_10deg": 0.11268057784911717,
        "component": "JOINT_PHASE_AND_GAP_FAILURE",
        "target_alignment_exact2_gain": 4.640801930572147e-05
      },
      "c08": {
        "cardinality_exact2_gain": 0.01098630810855128,
        "complex_gap_quality_with_oracle_phase_at_10deg": 0.0,
        "complex_phase_quality_with_oracle_gaps_at_10deg": 0.12026726057906459,
        "component": "JOINT_PHASE_AND_GAP_FAILURE",
        "target_alignment_exact2_gain": 0.0
      }
    },
    "cross_split_component_stable": true,
    "decision": "REPLACE_COMPLETE_SET_REGRESSION_WITH_EVENT_PLUS_RELATION_FACTORIZATION",
    "predeclared_rule": "K>=3 exact10 under oracle phase/gaps isolates gap/phase; gains >=0.05 identify count/alignment contribution"
  },
  "status": "PASS_GSE_JOINT_CYCLIC_GAP_SIMPLEX_FAILURE_ATTRIBUTION_V1"
}
	Command being timed: "/home/zeng-workstation/.local/share/mtare_topo_comm/envs/phase3_torch290_cu129_zarr2187_v1/bin/python /home/zeng-workstation/mtare_topo_comm/tools/v3/execute_gse_joint_cyclic_gap_simplex_failure_attribution_v1.py --teacher-root /home/zeng-workstation/mtare_topo_comm/results/gate2_representation/gate2_20260829_gse_circular_exit_geometry_field_teacher_export_v1_seed0/artifacts/export/teacher --formal-summary /home/zeng-workstation/mtare_topo_comm/results/gate3_semantics/gate3_20260829_gse_joint_cyclic_gap_simplex_three_seed_training_v1r2_seed0/metrics/selection/summary.json --output-dir /home/zeng-workstation/mtare_topo_comm/results/gate3_semantics/gate3_20260829_gse_joint_cyclic_gap_simplex_failure_attribution_v1_seed0/metrics/attribution --prediction-root /home/zeng-workstation/mtare_topo_comm/results/gate3_semantics/gate3_20260829_gse_joint_cyclic_gap_simplex_three_seed_training_v1r2_seed0/artifacts/models/seed0/development_predictions --prediction-root /home/zeng-workstation/mtare_topo_comm/results/gate3_semantics/gate3_20260829_gse_joint_cyclic_gap_simplex_three_seed_training_v1r2_seed0/artifacts/models/seed1/development_predictions --prediction-root /home/zeng-workstation/mtare_topo_comm/results/gate3_semantics/gate3_20260829_gse_joint_cyclic_gap_simplex_three_seed_training_v1r2_seed0/artifacts/models/seed2/development_predictions"
	User time (seconds): 29.52
	System time (seconds): 0.17
	Percent of CPU this job got: 99%
	Elapsed (wall clock) time (h:mm:ss or m:ss): 0:29.70
	Average shared text size (kbytes): 0
	Average unshared data size (kbytes): 0
	Average stack size (kbytes): 0
	Average total size (kbytes): 0
	Maximum resident set size (kbytes): 776244
	Average resident set size (kbytes): 0
	Major (requiring I/O) page faults: 0
	Minor (reclaiming a frame) page faults: 155649
	Voluntary context switches: 34
	Involuntary context switches: 115
	Swaps: 0
	File system inputs: 0
	File system outputs: 992
	Socket messages sent: 0
	Socket messages received: 0
	Signals delivered: 0
	Page size (bytes): 4096
	Exit status: 0
