{"events": {"corridor": 897, "geometry_transition": 141, "junction": 132, "terminal": 82, "turn": 0}, "geometry_targets": 1249, "index": 1, "of": 80, "sequences": 1252, "world": "S01_flat_tree_small_C01"}
{"events": {"corridor": 893, "geometry_transition": 41, "junction": 114, "terminal": 82, "turn": 4}, "geometry_targets": 1125, "index": 2, "of": 80, "sequences": 1134, "world": "S01_flat_tree_small_C02"}
{"events": {"corridor": 1184, "geometry_transition": 169, "junction": 102, "terminal": 67, "turn": 0}, "geometry_targets": 1511, "index": 3, "of": 80, "sequences": 1522, "world": "S01_flat_tree_small_C03"}
{"events": {"corridor": 597, "geometry_transition": 100, "junction": 103, "terminal": 54, "turn": 6}, "geometry_targets": 854, "index": 4, "of": 80, "sequences": 860, "world": "S01_flat_tree_small_C04"}
{"events": {"corridor": 752, "geometry_transition": 214, "junction": 133, "terminal": 77, "turn": 0}, "geometry_targets": 1166, "index": 5, "of": 80, "sequences": 1176, "world": "S01_flat_tree_small_C05"}
{"events": {"corridor": 970, "geometry_transition": 68, "junction": 95, "terminal": 63, "turn": 28}, "geometry_targets": 1214, "index": 6, "of": 80, "sequences": 1224, "world": "S01_flat_tree_small_C06"}
{"events": {"corridor": 759, "geometry_transition": 27, "junction": 137, "terminal": 73, "turn": 8}, "geometry_targets": 993, "index": 7, "of": 80, "sequences": 1004, "world": "S01_flat_tree_small_C07"}
{"events": {"corridor": 796, "geometry_transition": 167, "junction": 179, "terminal": 76, "turn": 0}, "geometry_targets": 1197, "index": 8, "of": 80, "sequences": 1218, "world": "S01_flat_tree_small_C08"}
{"events": {"corridor": 1010, "geometry_transition": 148, "junction": 89, "terminal": 67, "turn": 0}, "geometry_targets": 1314, "index": 9, "of": 80, "sequences": 1314, "world": "S02_3d_tree_small_C01"}
{"events": {"corridor": 932, "geometry_transition": 62, "junction": 137, "terminal": 71, "turn": 10}, "geometry_targets": 1207, "index": 10, "of": 80, "sequences": 1212, "world": "S02_3d_tree_small_C02"}
{"events": {"corridor": 1289, "geometry_transition": 72, "junction": 153, "terminal": 83, "turn": 21}, "geometry_targets": 1604, "index": 11, "of": 80, "sequences": 1618, "world": "S02_3d_tree_small_C03"}
{"events": {"corridor": 796, "geometry_transition": 76, "junction": 76, "terminal": 59, "turn": 35}, "geometry_targets": 1031, "index": 12, "of": 80, "sequences": 1042, "world": "S02_3d_tree_small_C04"}
{"events": {"corridor": 977, "geometry_transition": 101, "junction": 131, "terminal": 72, "turn": 11}, "geometry_targets": 1292, "index": 13, "of": 80, "sequences": 1292, "world": "S02_3d_tree_small_C05"}
{"events": {"corridor": 1172, "geometry_transition": 182, "junction": 102, "terminal": 56, "turn": 26}, "geometry_targets": 1529, "index": 14, "of": 80, "sequences": 1538, "world": "S02_3d_tree_small_C06"}
{"events": {"corridor": 713, "geometry_transition": 50, "junction": 68, "terminal": 61, "turn": 30}, "geometry_targets": 922, "index": 15, "of": 80, "sequences": 922, "world": "S02_3d_tree_small_C07"}
{"events": {"corridor": 1263, "geometry_transition": 100, "junction": 147, "terminal": 80, "turn": 0}, "geometry_targets": 1590, "index": 16, "of": 80, "sequences": 1590, "world": "S02_3d_tree_small_C08"}
{"events": {"corridor": 1177, "geometry_transition": 78, "junction": 204, "terminal": 49, "turn": 2}, "geometry_targets": 1491, "index": 17, "of": 80, "sequences": 1510, "world": "S03_flat_unicyclic_small_C01"}
{"events": {"corridor": 1399, "geometry_transition": 200, "junction": 197, "terminal": 68, "turn": 0}, "geometry_targets": 1853, "index": 18, "of": 80, "sequences": 1864, "world": "S03_flat_unicyclic_small_C02"}
{"events": {"corridor": 1308, "geometry_transition": 167, "junction": 230, "terminal": 65, "turn": 0}, "geometry_targets": 1750, "index": 19, "of": 80, "sequences": 1770, "world": "S03_flat_unicyclic_small_C03"}
{"events": {"corridor": 1197, "geometry_transition": 97, "junction": 192, "terminal": 58, "turn": 22}, "geometry_targets": 1537, "index": 20, "of": 80, "sequences": 1566, "world": "S03_flat_unicyclic_small_C04"}
{"events": {"corridor": 809, "geometry_transition": 314, "junction": 238, "terminal": 83, "turn": 0}, "geometry_targets": 1441, "index": 21, "of": 80, "sequences": 1444, "world": "S03_flat_unicyclic_small_C05"}
{"events": {"corridor": 1014, "geometry_transition": 133, "junction": 174, "terminal": 56, "turn": 3}, "geometry_targets": 1368, "index": 22, "of": 80, "sequences": 1380, "world": "S03_flat_unicyclic_small_C06"}
{"events": {"corridor": 584, "geometry_transition": 41, "junction": 198, "terminal": 73, "turn": 10}, "geometry_targets": 896, "index": 23, "of": 80, "sequences": 906, "world": "S03_flat_unicyclic_small_C07"}
{"events": {"corridor": 1114, "geometry_transition": 63, "junction": 167, "terminal": 62, "turn": 8}, "geometry_targets": 1401, "index": 24, "of": 80, "sequences": 1414, "world": "S03_flat_unicyclic_small_C08"}
{"events": {"corridor": 1018, "geometry_transition": 138, "junction": 176, "terminal": 48, "turn": 28}, "geometry_targets": 1404, "index": 25, "of": 80, "sequences": 1408, "world": "S04_3d_unicyclic_small_C01"}
{"events": {"corridor": 812, "geometry_transition": 108, "junction": 206, "terminal": 48, "turn": 0}, "geometry_targets": 1171, "index": 26, "of": 80, "sequences": 1174, "world": "S04_3d_unicyclic_small_C02"}
{"events": {"corridor": 1284, "geometry_transition": 117, "junction": 255, "terminal": 85, "turn": 13}, "geometry_targets": 1754, "index": 27, "of": 80, "sequences": 1754, "world": "S04_3d_unicyclic_small_C03"}
{"events": {"corridor": 862, "geometry_transition": 142, "junction": 203, "terminal": 61, "turn": 0}, "geometry_targets": 1254, "index": 28, "of": 80, "sequences": 1268, "world": "S04_3d_unicyclic_small_C04"}
{"events": {"corridor": 677, "geometry_transition": 41, "junction": 216, "terminal": 57, "turn": 67}, "geometry_targets": 1054, "index": 29, "of": 80, "sequences": 1058, "world": "S04_3d_unicyclic_small_C05"}
{"events": {"corridor": 947, "geometry_transition": 169, "junction": 241, "terminal": 51, "turn": 0}, "geometry_targets": 1408, "index": 30, "of": 80, "sequences": 1408, "world": "S04_3d_unicyclic_small_C06"}
{"events": {"corridor": 723, "geometry_transition": 102, "junction": 234, "terminal": 41, "turn": 34}, "geometry_targets": 1127, "index": 31, "of": 80, "sequences": 1134, "world": "S04_3d_unicyclic_small_C07"}
{"events": {"corridor": 1081, "geometry_transition": 154, "junction": 200, "terminal": 61, "turn": 30}, "geometry_targets": 1520, "index": 32, "of": 80, "sequences": 1526, "world": "S04_3d_unicyclic_small_C08"}
{"events": {"corridor": 1666, "geometry_transition": 176, "junction": 249, "terminal": 97, "turn": 2}, "geometry_targets": 2162, "index": 33, "of": 80, "sequences": 2190, "world": "S05_flat_branch_medium_C01"}
{"events": {"corridor": 1694, "geometry_transition": 366, "junction": 256, "terminal": 88, "turn": 8}, "geometry_targets": 2398, "index": 34, "of": 80, "sequences": 2412, "world": "S05_flat_branch_medium_C02"}
{"events": {"corridor": 1914, "geometry_transition": 182, "junction": 262, "terminal": 99, "turn": 11}, "geometry_targets": 2438, "index": 35, "of": 80, "sequences": 2468, "world": "S05_flat_branch_medium_C03"}
{"events": {"corridor": 1479, "geometry_transition": 237, "junction": 280, "terminal": 91, "turn": 1}, "geometry_targets": 2048, "index": 36, "of": 80, "sequences": 2088, "world": "S05_flat_branch_medium_C04"}
{"events": {"corridor": 1415, "geometry_transition": 117, "junction": 328, "terminal": 92, "turn": 28}, "geometry_targets": 1974, "index": 37, "of": 80, "sequences": 1980, "world": "S05_flat_branch_medium_C05"}
{"events": {"corridor": 1804, "geometry_transition": 471, "junction": 357, "terminal": 119, "turn": 1}, "geometry_targets": 2729, "index": 38, "of": 80, "sequences": 2752, "world": "S05_flat_branch_medium_C06"}
{"events": {"corridor": 1629, "geometry_transition": 137, "junction": 213, "terminal": 73, "turn": 16}, "geometry_targets": 2047, "index": 39, "of": 80, "sequences": 2068, "world": "S05_flat_branch_medium_C07"}
{"events": {"corridor": 1823, "geometry_transition": 202, "junction": 324, "terminal": 106, "turn": 11}, "geometry_targets": 2456, "index": 40, "of": 80, "sequences": 2466, "world": "S05_flat_branch_medium_C08"}
{"events": {"corridor": 1126, "geometry_transition": 47, "junction": 312, "terminal": 90, "turn": 79}, "geometry_targets": 1644, "index": 41, "of": 80, "sequences": 1654, "world": "S06_3d_branch_medium_C01"}
{"events": {"corridor": 1312, "geometry_transition": 254, "junction": 231, "terminal": 83, "turn": 34}, "geometry_targets": 1913, "index": 42, "of": 80, "sequences": 1914, "world": "S06_3d_branch_medium_C02"}
{"events": {"corridor": 1151, "geometry_transition": 173, "junction": 322, "terminal": 111, "turn": 25}, "geometry_targets": 1765, "index": 43, "of": 80, "sequences": 1782, "world": "S06_3d_branch_medium_C03"}
{"events": {"corridor": 2230, "geometry_transition": 423, "junction": 255, "terminal": 85, "turn": 13}, "geometry_targets": 2999, "index": 44, "of": 80, "sequences": 3006, "world": "S06_3d_branch_medium_C04"}
{"events": {"corridor": 1569, "geometry_transition": 279, "junction": 247, "terminal": 96, "turn": 17}, "geometry_targets": 2196, "index": 45, "of": 80, "sequences": 2208, "world": "S06_3d_branch_medium_C05"}
{"events": {"corridor": 2110, "geometry_transition": 69, "junction": 209, "terminal": 69, "turn": 15}, "geometry_targets": 2469, "index": 46, "of": 80, "sequences": 2472, "world": "S06_3d_branch_medium_C06"}
{"events": {"corridor": 1274, "geometry_transition": 99, "junction": 214, "terminal": 82, "turn": 7}, "geometry_targets": 1675, "index": 47, "of": 80, "sequences": 1676, "world": "S06_3d_branch_medium_C07"}
{"events": {"corridor": 1571, "geometry_transition": 151, "junction": 333, "terminal": 119, "turn": 0}, "geometry_targets": 2168, "index": 48, "of": 80, "sequences": 2174, "world": "S06_3d_branch_medium_C08"}
{"events": {"corridor": 2430, "geometry_transition": 364, "junction": 493, "terminal": 128, "turn": 17}, "geometry_targets": 3385, "index": 49, "of": 80, "sequences": 3432, "world": "S07_flat_loop_rich_C01"}
{"events": {"corridor": 2532, "geometry_transition": 84, "junction": 641, "terminal": 135, "turn": 76}, "geometry_targets": 3404, "index": 50, "of": 80, "sequences": 3468, "world": "S07_flat_loop_rich_C02"}
{"events": {"corridor": 1696, "geometry_transition": 404, "junction": 428, "terminal": 106, "turn": 28}, "geometry_targets": 2602, "index": 51, "of": 80, "sequences": 2662, "world": "S07_flat_loop_rich_C03"}
{"events": {"corridor": 2397, "geometry_transition": 262, "junction": 608, "terminal": 141, "turn": 0}, "geometry_targets": 3335, "index": 52, "of": 80, "sequences": 3408, "world": "S07_flat_loop_rich_C04"}
{"events": {"corridor": 2028, "geometry_transition": 174, "junction": 464, "terminal": 134, "turn": 0}, "geometry_targets": 2761, "index": 53, "of": 80, "sequences": 2800, "world": "S07_flat_loop_rich_C05"}
{"events": {"corridor": 2184, "geometry_transition": 200, "junction": 492, "terminal": 127, "turn": 23}, "geometry_targets": 2977, "index": 54, "of": 80, "sequences": 3026, "world": "S07_flat_loop_rich_C06"}
{"events": {"corridor": 1919, "geometry_transition": 176, "junction": 456, "terminal": 103, "turn": 24}, "geometry_targets": 2645, "index": 55, "of": 80, "sequences": 2678, "world": "S07_flat_loop_rich_C07"}
{"events": {"corridor": 1999, "geometry_transition": 74, "junction": 434, "terminal": 125, "turn": 22}, "geometry_targets": 2589, "index": 56, "of": 80, "sequences": 2654, "world": "S07_flat_loop_rich_C08"}
{"events": {"corridor": 2364, "geometry_transition": 366, "junction": 392, "terminal": 94, "turn": 14}, "geometry_targets": 3212, "index": 57, "of": 80, "sequences": 3230, "world": "S08_3d_loop_rich_C01"}
{"events": {"corridor": 2542, "geometry_transition": 188, "junction": 441, "terminal": 118, "turn": 15}, "geometry_targets": 3288, "index": 58, "of": 80, "sequences": 3304, "world": "S08_3d_loop_rich_C02"}
{"events": {"corridor": 1604, "geometry_transition": 362, "junction": 306, "terminal": 66, "turn": 26}, "geometry_targets": 2341, "index": 59, "of": 80, "sequences": 2364, "world": "S08_3d_loop_rich_C03"}
{"events": {"corridor": 2710, "geometry_transition": 335, "junction": 462, "terminal": 135, "turn": 8}, "geometry_targets": 3629, "index": 60, "of": 80, "sequences": 3650, "world": "S08_3d_loop_rich_C04"}
{"events": {"corridor": 1904, "geometry_transition": 239, "junction": 384, "terminal": 80, "turn": 61}, "geometry_targets": 2665, "index": 61, "of": 80, "sequences": 2668, "world": "S08_3d_loop_rich_C05"}
{"events": {"corridor": 2347, "geometry_transition": 245, "junction": 473, "terminal": 118, "turn": 89}, "geometry_targets": 3243, "index": 62, "of": 80, "sequences": 3272, "world": "S08_3d_loop_rich_C06"}
{"events": {"corridor": 2259, "geometry_transition": 594, "junction": 400, "terminal": 100, "turn": 105}, "geometry_targets": 3452, "index": 63, "of": 80, "sequences": 3458, "world": "S08_3d_loop_rich_C07"}
{"events": {"corridor": 2199, "geometry_transition": 334, "junction": 457, "terminal": 133, "turn": 89}, "geometry_targets": 3197, "index": 64, "of": 80, "sequences": 3212, "world": "S08_3d_loop_rich_C08"}
{"events": {"corridor": 3812, "geometry_transition": 168, "junction": 588, "terminal": 125, "turn": 11}, "geometry_targets": 4599, "index": 65, "of": 80, "sequences": 4704, "world": "S09_flat_complex_C01"}
{"events": {"corridor": 2327, "geometry_transition": 272, "junction": 569, "terminal": 129, "turn": 47}, "geometry_targets": 3299, "index": 66, "of": 80, "sequences": 3344, "world": "S09_flat_complex_C02"}
{"events": {"corridor": 2831, "geometry_transition": 307, "junction": 544, "terminal": 118, "turn": 40}, "geometry_targets": 3824, "index": 67, "of": 80, "sequences": 3840, "world": "S09_flat_complex_C03"}
{"events": {"corridor": 2616, "geometry_transition": 141, "junction": 622, "terminal": 140, "turn": 1}, "geometry_targets": 3450, "index": 68, "of": 80, "sequences": 3520, "world": "S09_flat_complex_C04"}
{"events": {"corridor": 3280, "geometry_transition": 376, "junction": 747, "terminal": 164, "turn": 27}, "geometry_targets": 4547, "index": 69, "of": 80, "sequences": 4594, "world": "S09_flat_complex_C05"}
{"events": {"corridor": 2341, "geometry_transition": 223, "junction": 611, "terminal": 144, "turn": 57}, "geometry_targets": 3324, "index": 70, "of": 80, "sequences": 3376, "world": "S09_flat_complex_C06"}
{"events": {"corridor": 2585, "geometry_transition": 204, "junction": 645, "terminal": 146, "turn": 0}, "geometry_targets": 3549, "index": 71, "of": 80, "sequences": 3580, "world": "S09_flat_complex_C07"}
{"events": {"corridor": 2644, "geometry_transition": 605, "junction": 761, "terminal": 168, "turn": 4}, "geometry_targets": 4152, "index": 72, "of": 80, "sequences": 4182, "world": "S09_flat_complex_C08"}
{"events": {"corridor": 1840, "geometry_transition": 143, "junction": 501, "terminal": 87, "turn": 53}, "geometry_targets": 2593, "index": 73, "of": 80, "sequences": 2624, "world": "S10_3d_complex_C01"}
{"events": {"corridor": 2859, "geometry_transition": 542, "junction": 459, "terminal": 76, "turn": 116}, "geometry_targets": 4049, "index": 74, "of": 80, "sequences": 4052, "world": "S10_3d_complex_C02"}
{"events": {"corridor": 2639, "geometry_transition": 311, "junction": 574, "terminal": 115, "turn": 67}, "geometry_targets": 3700, "index": 75, "of": 80, "sequences": 3706, "world": "S10_3d_complex_C03"}
{"events": {"corridor": 3108, "geometry_transition": 493, "junction": 549, "terminal": 132, "turn": 0}, "geometry_targets": 4272, "index": 76, "of": 80, "sequences": 4282, "world": "S10_3d_complex_C04"}
{"events": {"corridor": 2543, "geometry_transition": 290, "junction": 541, "terminal": 121, "turn": 127}, "geometry_targets": 3622, "index": 77, "of": 80, "sequences": 3622, "world": "S10_3d_complex_C05"}
{"events": {"corridor": 2497, "geometry_transition": 173, "junction": 647, "terminal": 136, "turn": 69}, "geometry_targets": 3497, "index": 78, "of": 80, "sequences": 3522, "world": "S10_3d_complex_C06"}
{"events": {"corridor": 2947, "geometry_transition": 358, "junction": 624, "terminal": 148, "turn": 45}, "geometry_targets": 4106, "index": 79, "of": 80, "sequences": 4122, "world": "S10_3d_complex_C07"}
{"events": {"corridor": 2367, "geometry_transition": 695, "junction": 674, "terminal": 144, "turn": 78}, "geometry_targets": 3952, "index": 80, "of": 80, "sequences": 3958, "world": "S10_3d_complex_C08"}
{
  "acceptance_thresholds": {
    "maximum_non_junction_missing_fraction": 0.005,
    "minimum_event_count": 500,
    "minimum_geometry_valid_fraction": 0.98
  },
  "checks": {
    "all_five_event_classes_have_at_least_500_train_sequences": true,
    "all_sequences_have_event_label": true,
    "exact_train_directed_traversal_count": true,
    "exact_train_edge_count": true,
    "exact_train_sequence_count": true,
    "exact_train_unique_frame_count": true,
    "exact_train_world_count": true,
    "geometry_valid_fraction_at_least_0p98": true,
    "non_junction_missing_fraction_at_most_0p005": true,
    "zero_validation_strict_test_mtare_reads": true
  },
  "duration_seconds": 55.334437110985164,
  "event_counts": {
    "corridor": 135123,
    "geometry_transition": 16867,
    "junction": 26608,
    "terminal": 7525,
    "turn": 2003
  },
  "geometry_valid_fraction": 0.9917183164474873,
  "missing_continuous_geometry_by_event": {
    "corridor": 132,
    "geometry_transition": 3,
    "junction": 1413,
    "terminal": 10,
    "turn": 0
  },
  "mtare_worlds_read": 0,
  "non_junction_missing_fraction": 0.0008977327604353694,
  "overall_status": "PASS_GSE_MESH_TEACHER_DISTRIBUTION_V1",
  "schema_version": "gse_mesh_teacher_distribution_v1",
  "split": "train",
  "strict_test_worlds_read": 0,
  "totals": {
    "complete_mesh_frame_count": 250106,
    "continuous_geometry_target_count": 186568,
    "directed_traversal_count": 16078,
    "edge_count": 8039,
    "incomplete_mesh_frame_count": 2324,
    "labelled_sequence_count": 188126,
    "missing_continuous_geometry_target_count": 1558,
    "sequence_count": 188126,
    "transition_candidate_count": 24580
  },
  "train_worlds_read": 80,
  "validation_worlds_read": 0
}

duration_seconds=57.163523
exit_code=0
