Traceback (most recent call last):
  File "/home/zeng-workstation/mtare_topo_comm/tools/v3/select_gse_five_frame_decision_gate_v1.py", line 143, in <module>
    raise SystemExit(main())
                     ~~~~^^
  File "/home/zeng-workstation/mtare_topo_comm/tools/v3/select_gse_five_frame_decision_gate_v1.py", line 96, in main
    metrics = select_decision_mass_threshold(
        ensemble, bank.event_index, bank.episode_id, traversal, sequence,
    ...<2 lines>...
        minimum_per_event_recall=.25,
    )
  File "/home/zeng-workstation/mtare_topo_comm/src/mtare_topo/evaluation/gse_causal_episode_metrics.py", line 263, in select_decision_mass_threshold
    raise RuntimeError("no five-frame decision threshold satisfies the frozen safety/recall margins")
RuntimeError: no five-frame decision threshold satisfies the frozen safety/recall margins
Command exited with non-zero status 1
	Command being timed: "/home/zeng-workstation/.local/share/mtare_topo_comm/envs/phase3_torch290_cu129_zarr2187_v1/bin/python /home/zeng-workstation/mtare_topo_comm/tools/v3/select_gse_five_frame_decision_gate_v1.py --teacher /home/zeng-workstation/mtare_topo_comm/results/gate2_representation/gate2_20260827_gse_corrected_causal_teacher_manifest_v1r_seed0/artifacts/teacher_observations.jsonl --pair-cache /home/zeng-workstation/mtare_topo_comm/results/gate3_semantics/gate3_20260826_gse_exit_token_association_corrective_v2_seed0/artifacts/pair_cache/pairs.npz --output-dir /home/zeng-workstation/mtare_topo_comm/results/gate3_semantics/gate3_20260828_gse_five_frame_decision_gate_corrective_v1r_seed0/artifacts/selection --observation0 /home/zeng-workstation/mtare_topo_comm/results/gate3_semantics/gate3_20260827_gse_factorized_association_capacity_v1r_seed0/artifacts/unified_observation/seed0_unified_observation_features.npy --observation1 /home/zeng-workstation/mtare_topo_comm/results/gate3_semantics/gate3_20260827_gse_factorized_association_capacity_v1r_seed0/artifacts/unified_observation/seed1_unified_observation_features.npy --observation2 /home/zeng-workstation/mtare_topo_comm/results/gate3_semantics/gate3_20260827_gse_factorized_association_capacity_v1r_seed0/artifacts/unified_observation/seed2_unified_observation_features.npy"
	User time (seconds): 29.32
	System time (seconds): 0.26
	Percent of CPU this job got: 99%
	Elapsed (wall clock) time (h:mm:ss or m:ss): 0:29.58
	Average shared text size (kbytes): 0
	Average unshared data size (kbytes): 0
	Average stack size (kbytes): 0
	Average total size (kbytes): 0
	Maximum resident set size (kbytes): 1172328
	Average resident set size (kbytes): 0
	Major (requiring I/O) page faults: 0
	Minor (reclaiming a frame) page faults: 246621
	Voluntary context switches: 34
	Involuntary context switches: 111
	Swaps: 0
	File system inputs: 0
	File system outputs: 16
	Socket messages sent: 0
	Socket messages received: 0
	Signals delivered: 0
	Page size (bytes): 4096
	Exit status: 1
