argv=["docker", "run", "--rm", "--gpus", "all", "--network", "none", "--shm-size", "2g", "-e", "ACCEPT_EULA=Y", "-e", "PRIVACY_CONSENT=Y", "-v", "/home/zeng-workstation/mtare_topo_comm:/workspace:rw", "-v", "/home/zeng-workstation/mtare_topo_comm/configs/v3/gate0/sensors/mtare_vlp16_720_50m_v1.json:/isaac-sim/extscache/omni.sensors.nv.common-3.0.0+f9bf0dda.lx64.r.cp312/data/lidar/MTARE_VLP16_720_50M_V1.json:ro", "--entrypoint", "/isaac-sim/python.sh", "nvcr.io/nvidia/isaac-sim:6.0.1", "/workspace/tools/v3/isaac/capture_cano_lidar_sensor_smoke.py", "--stage", "/workspace/results/gate0_baseline/gate0_20260810_cano_native_mesh_lidar_label_smoke_v1_seed0/artifacts/isaac_stage.usda", "--manifest", "/workspace/results/gate0_baseline/gate0_20260810_cano_native_mesh_lidar_label_smoke_v1_seed0/artifacts/pose_manifest.json", "--output-dir", "/workspace/results/gate0_baseline/gate0_20260810_cano_native_mesh_lidar_label_smoke_v1_seed0/artifacts/rtx_capture", "--metrics", "/workspace/results/gate0_baseline/gate0_20260810_cano_native_mesh_lidar_label_smoke_v1_seed0/metrics/isaac_capture.json", "--config-name", "MTARE_VLP16_720_50M_V1"]
cwd=/home/zeng-workstation/mtare_topo_comm
started_at_utc=2026-08-10T11:33:08.089698+00:00
2026-08-10T11:33:08Z [Info] [carb] Logging to file: /isaac-sim/kit/logs/Kit/Isaac-Sim Python/6.0/kit_20260810_113308.log
[0.048s] [ext: omni.assets.plugins-0.0.0] startup
[0.049s] [ext: omni.blobkey-1.1.2] startup
[0.049s] [ext: omni.kit.async_engine-0.0.3] startup
[0.421s] [ext: omni.client.lib-1.1.1] startup
[0.437s] [ext: omni.client-1.3.0] startup
2026-08-10T11:33:09Z [466ms] [Warning] [carb.omniclient.plugin]  57: OmniHub: ThreadId(02) Hub encountered error. Trying to reconnect to Hub. retry_reason="Hub failed to launch: Io(\"child exited with exit status: 1 without writing file \\\"/tmp/hub-isaac-sim-575B7C47.config.json\\\"\")"
2026-08-10T11:33:09Z [537ms] [Warning] [carb.omniclient.plugin]  57: OmniHub: ThreadId(02) Hub encountered error. Trying to reconnect to Hub. retry_reason="Hub failed to launch: Io(\"child exited with exit status: 1 without writing file \\\"/tmp/hub-isaac-sim-575B7C47.config.json\\\"\")"
2026-08-10T11:33:09Z [619ms] [Warning] [carb.omniclient.plugin]  57: OmniHub: ThreadId(02) Hub encountered error. Trying to reconnect to Hub. retry_reason="Hub failed to launch: Io(\"child exited with exit status: 1 without writing file \\\"/tmp/hub-isaac-sim-575B7C47.config.json\\\"\")"
2026-08-10T11:33:09Z [710ms] [Warning] [carb.omniclient.plugin]  57: OmniHub: ThreadId(02) Hub encountered error. Trying to reconnect to Hub. retry_reason="Hub failed to launch: Io(\"child exited with exit status: 1 without writing file \\\"/tmp/hub-isaac-sim-575B7C47.config.json\\\"\")"
2026-08-10T11:33:09Z [812ms] [Warning] [carb.omniclient.plugin]  57: OmniHub: ThreadId(02) Hub encountered error. Trying to reconnect to Hub. retry_reason="Hub failed to launch: Io(\"child exited with exit status: 1 without writing file \\\"/tmp/hub-isaac-sim-575B7C47.config.json\\\"\")"
2026-08-10T11:33:09Z [923ms] [Warning] [carb.omniclient.plugin]  57: OmniHub: ThreadId(02) Hub encountered error. Trying to reconnect to Hub. retry_reason="Hub failed to launch: Io(\"child exited with exit status: 1 without writing file \\\"/tmp/hub-isaac-sim-575B7C47.config.json\\\"\")"
2026-08-10T11:33:09Z [1,045ms] [Warning] [carb.omniclient.plugin]  57: OmniHub: ThreadId(02) Hub encountered error. Trying to reconnect to Hub. retry_reason="Hub failed to launch: Io(\"child exited with exit status: 1 without writing file \\\"/tmp/hub-isaac-sim-575B7C47.config.json\\\"\")"
2026-08-10T11:33:09Z [1,176ms] [Warning] [carb.omniclient.plugin]  57: OmniHub: ThreadId(02) Hub encountered error. Trying to reconnect to Hub. retry_reason="Hub failed to launch: Io(\"child exited with exit status: 1 without writing file \\\"/tmp/hub-isaac-sim-575B7C47.config.json\\\"\")"
2026-08-10T11:33:09Z [1,318ms] [Warning] [carb.omniclient.plugin]  57: OmniHub: ThreadId(02) Hub encountered error. Trying to reconnect to Hub. retry_reason="Hub failed to launch: Io(\"child exited with exit status: 1 without writing file \\\"/tmp/hub-isaac-sim-575B7C47.config.json\\\"\")"
2026-08-10T11:33:10Z [1,469ms] [Warning] [carb.omniclient.plugin]  57: OmniHub: ThreadId(02) Hub encountered error. Trying to reconnect to Hub. retry_reason="Hub failed to launch: Io(\"child exited with exit status: 1 without writing file \\\"/tmp/hub-isaac-sim-575B7C47.config.json\\\"\")"
2026-08-10T11:33:10Z [1,631ms] [Warning] [carb.omniclient.plugin]  57: OmniHub: ThreadId(02) Hub encountered error. Trying to reconnect to Hub. retry_reason="Hub failed to launch: Io(\"child exited with exit status: 1 without writing file \\\"/tmp/hub-isaac-sim-575B7C47.config.json\\\"\")"
2026-08-10T11:33:10Z [1,802ms] [Warning] [carb.omniclient.plugin]  57: OmniHub: ThreadId(02) Hub encountered error. Trying to reconnect to Hub. retry_reason="Hub failed to launch: Io(\"child exited with exit status: 1 without writing file \\\"/tmp/hub-isaac-sim-575B7C47.config.json\\\"\")"
2026-08-10T11:33:10Z [1,984ms] [Warning] [carb.omniclient.plugin]  57: OmniHub: ThreadId(02) Hub encountered error. Trying to reconnect to Hub. retry_reason="Hub failed to launch: Io(\"child exited with exit status: 1 without writing file \\\"/tmp/hub-isaac-sim-575B7C47.config.json\\\"\")"
2026-08-10T11:33:10Z [2,175ms] [Warning] [carb.omniclient.plugin]  57: OmniHub: ThreadId(02) Hub encountered error. Trying to reconnect to Hub. retry_reason="Hub failed to launch: Io(\"child exited with exit status: 1 without writing file \\\"/tmp/hub-isaac-sim-575B7C47.config.json\\\"\")"
2026-08-10T11:33:11Z [2,377ms] [Warning] [carb.omniclient.plugin]  57: OmniHub: ThreadId(02) Hub encountered error. Trying to reconnect to Hub. retry_reason="Hub failed to launch: Io(\"child exited with exit status: 1 without writing file \\\"/tmp/hub-isaac-sim-575B7C47.config.json\\\"\")"
2026-08-10T11:33:11Z [2,588ms] [Warning] [carb.omniclient.plugin]  57: OmniHub: ThreadId(02) Hub encountered error. Trying to reconnect to Hub. retry_reason="Hub failed to launch: Io(\"child exited with exit status: 1 without writing file \\\"/tmp/hub-isaac-sim-575B7C47.config.json\\\"\")"
2026-08-10T11:33:11Z [2,809ms] [Warning] [carb.omniclient.plugin]  57: OmniHub: ThreadId(02) Hub encountered error. Trying to reconnect to Hub. retry_reason="Hub failed to launch: Io(\"child exited with exit status: 1 without writing file \\\"/tmp/hub-isaac-sim-575B7C47.config.json\\\"\")"
2026-08-10T11:33:11Z [3,041ms] [Warning] [carb.omniclient.plugin]  57: OmniHub: ThreadId(02) Hub encountered error. Trying to reconnect to Hub. retry_reason="Hub failed to launch: Io(\"child exited with exit status: 1 without writing file \\\"/tmp/hub-isaac-sim-575B7C47.config.json\\\"\")"
2026-08-10T11:33:11Z [3,282ms] [Warning] [carb.omniclient.plugin]  57: OmniHub: ThreadId(02) Hub encountered error. Trying to reconnect to Hub. retry_reason="Hub failed to launch: Io(\"child exited with exit status: 1 without writing file \\\"/tmp/hub-isaac-sim-575B7C47.config.json\\\"\")"
2026-08-10T11:33:12Z [3,534ms] [Warning] [carb.omniclient.plugin]  57: OmniHub: ThreadId(02) Hub encountered error. Trying to reconnect to Hub. retry_reason="Hub failed to launch: Io(\"child exited with exit status: 1 without writing file \\\"/tmp/hub-isaac-sim-575B7C47.config.json\\\"\")"
2026-08-10T11:33:12Z [3,795ms] [Warning] [carb.omniclient.plugin]  57: OmniHub: ThreadId(02) Hub encountered error. Trying to reconnect to Hub. retry_reason="Hub failed to launch: Io(\"child exited with exit status: 1 without writing file \\\"/tmp/hub-isaac-sim-575B7C47.config.json\\\"\")"
2026-08-10T11:33:12Z [4,067ms] [Warning] [carb.omniclient.plugin]  57: OmniHub: ThreadId(02) Hub encountered error. Trying to reconnect to Hub. retry_reason="Hub failed to launch: Io(\"child exited with exit status: 1 without writing file \\\"/tmp/hub-isaac-sim-575B7C47.config.json\\\"\")"
2026-08-10T11:33:13Z [4,348ms] [Warning] [carb.omniclient.plugin]  57: OmniHub: ThreadId(02) Hub encountered error. Trying to reconnect to Hub. retry_reason="Hub failed to launch: Io(\"child exited with exit status: 1 without writing file \\\"/tmp/hub-isaac-sim-575B7C47.config.json\\\"\")"
2026-08-10T11:33:13Z [4,640ms] [Warning] [carb.omniclient.plugin]  57: OmniHub: ThreadId(02) Hub encountered error. Trying to reconnect to Hub. retry_reason="Hub failed to launch: Io(\"child exited with exit status: 1 without writing file \\\"/tmp/hub-isaac-sim-575B7C47.config.json\\\"\")"
2026-08-10T11:33:13Z [4,941ms] [Warning] [carb.omniclient.plugin]  57: OmniHub: ThreadId(02) Hub encountered error. Trying to reconnect to Hub. retry_reason="Hub failed to launch: Io(\"child exited with exit status: 1 without writing file \\\"/tmp/hub-isaac-sim-575B7C47.config.json\\\"\")"
2026-08-10T11:33:13Z [5,252ms] [Warning] [carb.omniclient.plugin]  57: OmniHub: ThreadId(02) Hub encountered error. Trying to reconnect to Hub. retry_reason="Hub failed to launch: Io(\"child exited with exit status: 1 without writing file \\\"/tmp/hub-isaac-sim-575B7C47.config.json\\\"\")"
2026-08-10T11:33:14Z [5,573ms] [Warning] [carb.omniclient.plugin]  57: OmniHub: ThreadId(02) Hub encountered error. Trying to reconnect to Hub. retry_reason="Hub failed to launch: Io(\"child exited with exit status: 1 without writing file \\\"/tmp/hub-isaac-sim-575B7C47.config.json\\\"\")"
2026-08-10T11:33:14Z [5,904ms] [Warning] [carb.omniclient.plugin]  57: OmniHub: ThreadId(02) Hub encountered error. Trying to reconnect to Hub. retry_reason="Hub failed to launch: Io(\"child exited with exit status: 1 without writing file \\\"/tmp/hub-isaac-sim-575B7C47.config.json\\\"\")"
WARNING: All log messages before absl::InitializeLog() is called are written to STDERR
E0000 00:00:1786361599.345260      11 descriptor_database.cc:633] File already exists in database: grpc/health/v1/health.proto
W0000 00:00:1786361599.345279      11 message.cc:301] Protobuf GeneratedMessageFactory: File is already registered: grpc/health/v1/health.proto
2026-08-10T11:33:14Z [6,246ms] [Warning] [carb.omniclient.plugin]  57: OmniHub: ThreadId(02) Hub encountered error. Trying to reconnect to Hub. retry_reason="Hub failed to launch: Io(\"child exited with exit status: 1 without writing file \\\"/tmp/hub-isaac-sim-575B7C47.config.json\\\"\")"
2026-08-10T11:33:15Z [6,597ms] [Warning] [carb.omniclient.plugin]  57: OmniHub: ThreadId(02) Hub encountered error. Trying to reconnect to Hub. retry_reason="Hub failed to launch: Io(\"child exited with exit status: 1 without writing file \\\"/tmp/hub-isaac-sim-575B7C47.config.json\\\"\")"
2026-08-10T11:33:15Z [6,958ms] [Warning] [carb.omniclient.plugin]  57: OmniHub: ThreadId(02) Hub encountered error. Trying to reconnect to Hub. retry_reason="Hub failed to launch: Io(\"child exited with exit status: 1 without writing file \\\"/tmp/hub-isaac-sim-575B7C47.config.json\\\"\")"
2026-08-10T11:33:16Z [7,330ms] [Warning] [carb.omniclient.plugin]  57: OmniHub: ThreadId(02) Hub encountered error. Trying to reconnect to Hub. retry_reason="Hub failed to launch: Io(\"child exited with exit status: 1 without writing file \\\"/tmp/hub-isaac-sim-575B7C47.config.json\\\"\")"
2026-08-10T11:33:16Z [7,711ms] [Warning] [carb.omniclient.plugin]  57: OmniHub: ThreadId(02) Hub encountered error. Trying to reconnect to Hub. retry_reason="Hub failed to launch: Io(\"child exited with exit status: 1 without writing file \\\"/tmp/hub-isaac-sim-575B7C47.config.json\\\"\")"
2026-08-10T11:33:16Z [8,102ms] [Warning] [carb.omniclient.plugin]  57: OmniHub: ThreadId(02) Hub encountered error. Trying to reconnect to Hub. retry_reason="Hub failed to launch: Io(\"child exited with exit status: 1 without writing file \\\"/tmp/hub-isaac-sim-575B7C47.config.json\\\"\")"
2026-08-10T11:33:17Z [8,504ms] [Warning] [carb.omniclient.plugin]  57: OmniHub: ThreadId(02) Hub encountered error. Trying to reconnect to Hub. retry_reason="Hub failed to launch: Io(\"child exited with exit status: 1 without writing file \\\"/tmp/hub-isaac-sim-575B7C47.config.json\\\"\")"
2026-08-10T11:33:17Z [8,915ms] [Warning] [carb.omniclient.plugin]  57: OmniHub: ThreadId(02) Hub encountered error. Trying to reconnect to Hub. retry_reason="Hub failed to launch: Io(\"child exited with exit status: 1 without writing file \\\"/tmp/hub-isaac-sim-575B7C47.config.json\\\"\")"
2026-08-10T11:33:18Z [9,336ms] [Warning] [carb.omniclient.plugin]  57: OmniHub: ThreadId(02) Hub encountered error. Trying to reconnect to Hub. retry_reason="Hub failed to launch: Io(\"child exited with exit status: 1 without writing file \\\"/tmp/hub-isaac-sim-575B7C47.config.json\\\"\")"
2026-08-10T11:33:18Z [9,768ms] [Warning] [carb.omniclient.plugin]  57: OmniHub: ThreadId(02) Hub encountered error. Trying to reconnect to Hub. retry_reason="Hub failed to launch: Io(\"child exited with exit status: 1 without writing file \\\"/tmp/hub-isaac-sim-575B7C47.config.json\\\"\")"
2026-08-10T11:33:18Z [10,209ms] [Warning] [carb.omniclient.plugin]  57: OmniHub: ThreadId(02) Hub encountered error. Trying to reconnect to Hub. retry_reason="Hub failed to launch: Io(\"child exited with exit status: 1 without writing file \\\"/tmp/hub-isaac-sim-575B7C47.config.json\\\"\")"
[10.685s] [ext: omni.protobuf.lib-1.0.0] startup
[10.685s] [ext: omni.grpc.lib-1.0.0] startup
[10.688s] [ext: omni.metrics.core-0.0.3] startup
[10.688s] [ext: omni.datastore-0.0.0] startup
[10.688s] [ext: omni.gpu_foundation.shadercache.vulkan-1.0.0] startup
[10.692s] [ext: omni.hsscclient-1.1.4] startup
[10.692s] [ext: omni.stats-1.0.1] startup
[10.693s] [ext: omni.ujitso.default-1.0.0] startup
[10.695s] [ext: omni.gpu_foundation-0.0.0] startup
[10.855s] [ext: carb.windowing.plugins-1.0.1] startup
[10.855s] [ext: omni.kit.renderer.init-1.0.1] startup
2026-08-10T11:33:19Z [10,856ms] [Warning] [omni.platforminfo.plugin] failed to open the default display.  Can't verify X Server version.

|---------------------------------------------------------------------------------------------|
| Driver Version: 580.173.02    | Graphics API: Vulkan
|=============================================================================================|
| GPU | Name                             | Active | LDA | GPU Memory | Vendor-ID | LUID       |
|     |                                  |        |     |            | Device-ID | UUID       |
|     |                                  |        |     |            | Bus-ID    |            |
|---------------------------------------------------------------------------------------------|
| 0   | NVIDIA GeForce RTX 5090 D        | Yes: 0 |     | 32853   MB | 10de      | 0          |
|     |                                  |        |     |            | 2b87      | 033d0899.. |
|     |                                  |        |     |            | 1         |            |
|=============================================================================================|
| OS: 24.04.3 LTS (Noble Numbat) ubuntu, Version: 24.04.3, Kernel: 7.0.0-28-generic
| Processor: Intel(R) Core(TM) i9-14900K
| Bare Metal Cores: 24 | Bare Metal Logical Cores: 48
| Available Cores:  32 
|---------------------------------------------------------------------------------------------|
| Total Memory (MB): 64055 | Free Memory: 49673
| Total Page/Swap (MB): 8191 | Free Page/Swap: 0
|---------------------------------------------------------------------------------------------|
2026-08-10T11:33:19Z [11,289ms] [Warning] [omni.rtx] CPU performance profile is set to powersave. This profile sets the CPU to the lowest frequency reducing performance.
[11.442s] [ext: omni.kit.pipapi-0.0.0] startup
[11.444s] [ext: omni.kit.pip_archive-0.0.0] startup
[11.445s] [ext: isaacsim.pip.newton-0.6.1] startup
[11.445s] [ext: omni.pip.compute-1.9.2] startup
[11.445s] [ext: omni.isaac.core_archive-5.3.1] startup
[11.446s] [ext: omni.kit.telemetry-0.5.2] startup
[11.467s] [ext: omni.kit.loop-isaac-1.6.0] startup
[11.468s] [ext: omni.kit.test-2.0.7] startup
[11.715s] [ext: omni.materialx.libs-1.0.9] startup
[11.722s] [ext: omni.gpucompute.plugins-0.0.0] startup
[11.722s] [ext: omni.usd.config-1.0.7] startup
[11.726s] [ext: omni.usd.libs-1.0.3] startup
[11.784s] [ext: omni.iray.libs-0.0.1] startup
[11.787s] [ext: omni.mdl-57.0.3] startup
[12.033s] [ext: omni.mdl.neuraylib-0.2.20] startup
[12.037s] [ext: omni.kit.usd.mdl-1.1.9] startup
[12.123s] [ext: omni.appwindow-1.2.2] startup
[12.125s] [ext: omni.kit.renderer.core-1.2.2] startup
2026-08-10T11:33:20Z [12,214ms] [Warning] [carb.windowing-glfw.plugin] GLFW initialization failed.
2026-08-10T11:33:20Z [12,214ms] [Warning] [carb] Failed to startup plugin carb.windowing-glfw.plugin (interfaces: [carb::windowing::IGLContext v1.0],[carb::windowing::IWindowing v1.5]) (impl: carb.windowing-glfw.plugin)
[12.250s] [ext: omni.kit.renderer.capture-2.0.1] startup
[12.253s] [ext: omni.kit.renderer.imgui-2.0.6] startup
2026-08-10T11:33:20Z [12,231ms] [Warning] [carb.windowing-glfw.plugin] GLFW initialization failed.
2026-08-10T11:33:20Z [12,231ms] [Warning] [carb] Failed to startup plugin carb.windowing-glfw.plugin (interfaces: [carb::windowing::IGLContext v1.0],[carb::windowing::IWindowing v1.5]) (impl: carb.windowing-glfw.plugin)
2026-08-10T11:33:20Z [12,233ms] [Warning] [carb.windowing-glfw.plugin] GLFW initialization failed.
2026-08-10T11:33:20Z [12,233ms] [Warning] [carb] Failed to startup plugin carb.windowing-glfw.plugin (interfaces: [carb::windowing::IGLContext v1.0],[carb::windowing::IWindowing v1.5]) (impl: carb.windowing-glfw.plugin)
[12.295s] [ext: omni.ui-3.2.0] startup
[12.308s] [ext: omni.kit.mainwindow-1.0.3] startup
[12.310s] [ext: carb.audio-0.1.0] startup
[12.312s] [ext: omni.uiaudio-1.0.0] startup
[12.313s] [ext: omni.kit.uiapp-0.0.0] startup
[12.313s] [ext: omni.usd.schema.metrics.assembler-110.1.0] startup
[12.315s] [ext: omni.usd.schema.audio-0.0.1] startup
[12.318s] [ext: omni.usd_resolver-1.0.0] startup
[12.320s] [ext: omni.usd.core-1.8.3] startup
[12.323s] [ext: omni.metropolis.schema-0.0.3] startup
[12.323s] [ext: isaacsim.anim.robot.schema-0.1.1] startup
[12.324s] [ext: omni.usd.schema.anim-0.0.1] startup
[12.338s] [ext: omni.usd.schema.geospatial-0.0.1] startup
[12.340s] [ext: omni.usd.schema.omnigraph-1.0.1] startup
[12.345s] [ext: omni.usd.schema.semantics-0.0.0] startup
[12.348s] [ext: omni.activity.core-1.0.3] startup
[12.349s] [ext: omni.cubric-0.1.0] startup
[12.349s] [ext: omni.graph.exec-0.9.6] startup
[12.349s] [ext: omni.hydra.scene_delegate-0.3.5] startup
[12.352s] [ext: usdrt.scenegraph-7.6.3] startup
[12.375s] [ext: omni.hydra.usdrt_delegate-7.5.2] startup
[12.380s] [ext: omni.inspect-1.0.2] startup
[12.382s] [ext: omni.kit.actions.core-1.0.0] startup
[12.384s] [ext: omni.kit.audiodeviceenum-1.0.2] startup
[12.386s] [ext: omni.kit.commands-1.5.0] startup
[12.394s] [ext: omni.kit.exec.core-0.13.5] startup
[12.396s] [ext: omni.kit.usd_undo-0.1.8] startup
[12.397s] [ext: omni.kit.window.popup_dialog-2.0.25] startup
[12.405s] [ext: omni.kit.widget.nucleus_connector-2.3.1] startup
[12.416s] [ext: omni.timeline-1.1.0] startup
[12.418s] [ext: omni.usd-1.16.0] startup
[12.494s] [ext: omni.graph.core-3.1.2] startup
[12.496s] [ext: omni.kit.notification_manager-1.0.11] startup
[12.501s] [ext: isaacsim.core.deprecation_manager-0.4.2] startup
[12.502s] [ext: isaacsim.replicator.agent.schema-0.1.1] startup
[12.503s] [ext: isaacsim.robot.schema-6.3.7] startup
[12.511s] [ext: isaacsim.robot_motion.schema-0.2.1] startup
[12.512s] [ext: omni.anim.behavior.schema-110.1.0] startup
[12.515s] [ext: omni.anim.graph.schema-110.1.1] startup
[12.520s] [ext: omni.anim.navigation.schema-110.1.0] startup
[12.522s] [ext: omni.behavior.tree.schema-110.1.0] startup
[12.523s] [ext: omni.isaac.ml_archive-3.3.0] startup
[12.524s] [ext: omni.kit.asset_converter-6.0.1] startup
[12.536s] [ext: omni.pip.cloud-1.5.4] startup
[12.548s] [ext: omni.usd.schema.flow-110.0.0] startup
[12.549s] [ext: omni.usd.schema.mujoco-1.1.1] startup
[12.549s] [ext: omni.usd.schema.newton-1.2.1] startup
[12.550s] [ext: omni.usd.schema.omni_lens_distortion-1.0.0] startup
[12.551s] [ext: omni.usd.schema.omni_projectors-1.0.0] startup
[12.551s] [ext: omni.usd.schema.omni_sensors-0.0.0] startup
[12.557s] [ext: omni.usd.schema.omniscripting-1.0.1] startup
[12.561s] [ext: omni.usd.schema.physical_lighting-0.1.0] startup
[12.564s] [ext: omni.usd.schema.physx-110.1.13] startup
[12.586s] [ext: omni.usd.schema.render_settings.rtx-1.0.2] startup
[12.590s] [ext: omni.usd.schema.usd_particle_field-1.0.0] startup
[12.591s] [ext: isaacsim.core.version-2.1.1] startup
[12.592s] [ext: omni.kit.menu.core-1.2.0] startup
[12.594s] [ext: omni.kit.menu.utils-2.2.4] startup
[12.620s] [ext: isaacsim.app.about-2.3.1] startup
[12.628s] [ext: isaacsim.asset.transformer-1.2.5] startup
[12.633s] [ext: omni.scene.optimizer.core-110.1.0] startup
[12.677s] [ext: isaacsim.asset.importer.utils-1.8.1] startup
[12.683s] [ext: omni.convexdecomposition-110.1.13] startup
[12.686s] [ext: omni.physics-110.1.13] startup
[12.688s] [ext: omni.physx.gpu-110.1.13] startup
[12.688s] [ext: omni.physx.foundation-110.1.13] startup
[12.690s] [ext: omni.usdphysics-110.1.13] startup
[12.692s] [ext: omni.physx.cooking-110.1.13] startup
[12.694s] [ext: omni.physx-110.1.13] startup
[12.710s] [ext: omni.physics.physx-110.1.13] startup
[12.712s] [ext: isaacsim.asset.exporter.urdf-2.0.5] startup
[12.735s] [ext: omni.kit.clipboard-1.1.1] startup
[12.736s] [ext: omni.kit.usd.layers-2.6.1] startup
[12.759s] [ext: omni.kit.widget.context_menu-1.4.0] startup
[12.764s] [ext: omni.kit.context_menu-1.9.0] startup
[12.770s] [ext: omni.kit.helper.file_utils-0.1.10] startup
[12.774s] [ext: omni.kit.widget.nucleus_info-2.0.2] startup
[12.775s] [ext: omni.kit.search_core-1.0.8] startup
[12.777s] [ext: omni.kit.widget.path_field-2.0.13] startup
[12.780s] [ext: omni.kit.widget.browser_bar-2.0.10] startup
[12.783s] [ext: omni.kit.widget.filebrowser-2.13.4] startup
[12.805s] [ext: omni.kit.widget.options_menu-1.1.6] startup
[12.813s] [ext: omni.kit.widget.options_button-1.0.3] startup
[12.814s] [ext: omni.kit.widget.search_delegate-1.0.9] startup
[12.818s] [ext: omni.ui.scene-2.0.3] startup
[12.823s] [ext: omni.kit.window.filepicker-2.15.5] startup
[12.888s] [ext: omni.kit.window.file_importer-1.1.21] startup
[12.892s] [ext: omni.kit.material.library-3.1.2] startup
[12.916s] [ext: isaacsim.asset.transformer.rules-1.7.10] startup
[12.973s] [ext: omni.usdex.libs-2.2.2] startup
[12.981s] [ext: isaacsim.asset.importer.mjcf-3.10.1] startup
[12.984s] [ext: isaacsim.asset.importer.urdf-3.11.2] startup
[12.995s] [ext: omni.kit.primitive.mesh-1.1.0] startup
[13.006s] [ext: omni.kit.stage_template.core-1.1.22] startup
[13.008s] [ext: omni.kit.stage_templates-2.0.2] startup
[13.012s] [ext: omni.usd.metrics.assembler-110.1.2] startup
[13.015s] [ext: omni.warp.core-1.13.0] startup
[13.363s] [ext: isaacsim.core.experimental.utils-0.17.2] startup
[13.364s] [ext: omni.physics.stageupdate-110.1.13] startup
[13.367s] [ext: omni.physics.tensors-110.1.13] startup
[13.379s] [ext: omni.physx.tensors-110.1.13] startup
[13.382s] [ext: isaacsim.core.simulation_manager-1.15.6] startup
[13.409s] [ext: isaacsim.storage.native-1.9.3] startup
[13.415s] [ext: omni.usd.metrics.assembler.physics-110.1.13] startup
[13.422s] [ext: isaacsim.core.utils-4.1.7] startup
[13.427s] [ext: isaacsim.core.prims-0.11.7] startup
[15.659s] [ext: isaacsim.core.api-5.2.13] startup
[15.700s] [ext: isaacsim.core.cloner-1.7.3] startup
[15.705s] [ext: isaacsim.test.docstring-1.3.2] startup
[15.729s] [ext: isaacsim.core.experimental.prims-1.8.9] startup
[15.786s] [ext: isaacsim.core.experimental.primdata-0.3.2] startup
[15.788s] [ext: omni.graph.tools-1.81.0] startup
[15.894s] [ext: omni.graph-1.142.5] startup
[15.991s] [ext: isaacsim.core.experimental.actuators-0.1.2] startup
[16.027s] [ext: isaacsim.core.experimental.materials-0.7.1] startup
[16.044s] [ext: isaacsim.core.experimental.objects-0.8.1] startup
[16.274s] [ext: omni.hydra.engine.stats-1.0.5] startup
[16.277s] [ext: omni.hydra.rtx.shadercache.vulkan-1.0.0] startup
[16.278s] [ext: omni.index.libs-387500.4413.0] startup
[16.279s] [ext: omni.index-1.0.1] startup
[16.279s] [ext: omni.ujitso.client-0.0.0] startup
[16.279s] [ext: omni.usd.schema.playback-1.0.0] startup
[16.283s] [ext: omni.volume-0.5.2] startup
[16.286s] [ext: omni.hydra.rtx-1.0.4] startup
2026-08-10T11:33:24Z [16,273ms] [Warning] [omni.log] Source: omni.hydra was already registered.
[16.309s] [ext: omni.kit.hydra_texture-1.6.0] startup
[16.313s] [ext: omni.kit.raycast.query-1.2.0] startup
[16.317s] [ext: omni.kit.viewport.legacy_gizmos-1.0.24] startup
[16.319s] [ext: omni.kit.viewport.registry-104.0.6] startup
[16.321s] [ext: omni.kit.viewport.scene_camera_model-1.0.7] startup
[16.324s] [ext: omni.kit.widget.viewport-109.2.0] startup
[16.340s] [ext: omni.kit.window.drop_support-1.0.8] startup
[16.342s] [ext: omni.kit.viewport.window-109.0.2] startup
[16.381s] [ext: omni.kit.viewport.utility-2.0.1] startup
[16.385s] [ext: isaacsim.core.rendering_manager-0.4.3] startup
[16.409s] [ext: omni.graph.action_core-1.1.9] startup
[16.412s] [ext: omni.graph.action_nodes_core-2.11.0] startup
[16.415s] [ext: omni.graph.action_nodes-2.11.0] startup
[16.506s] [ext: omni.graph.action-2.10.2] startup
[16.508s] [ext: omni.graph.image.core-0.6.1] startup
[16.510s] [ext: omni.graph.image.nodes-1.3.1] startup
[16.511s] [ext: omni.graph.nodes_core-2.11.0] startup
[16.519s] [ext: omni.graph.nodes-2.12.0] startup
[16.524s] [ext: omni.kit.hotkeys.core-1.3.12] startup
[16.525s] [ext: omni.kit.property.adapter.core-1.1.1] startup
[16.529s] [ext: omni.kit.property.adapter.usd-1.0.5] startup
[16.531s] [ext: omni.kit.widget.filter-1.1.5] startup
[16.533s] [ext: omni.kit.widget.highlight_label-1.0.3] startup
[16.535s] [ext: omni.kit.widget.searchfield-1.1.8] startup
[16.539s] [ext: omni.kit.window.file_exporter-1.0.36] startup
[16.542s] [ext: omni.kit.widget.stage-4.4.0] startup
[16.581s] [ext: omni.kit.window.content_browser_registry-0.0.6] startup
[16.583s] [ext: omni.kit.window.file-2.0.10] startup
[16.595s] [ext: omni.kit.window.content_browser-3.1.8] startup
[16.614s] [ext: omni.kit.window.property-1.15.1] startup
[16.677s] [ext: omni.kit.property.usd-4.9.4] startup
[16.741s] [ext: omni.graph.scriptnode-2.10.2] startup
[16.756s] [ext: omni.kit.widget.searchable_combobox-1.0.7] startup
[16.760s] [ext: omni.kit.widget.settings-2.0.0] startup
[16.769s] [ext: omni.kit.window.preferences-1.8.3] startup
[16.795s] [ext: omni.kit.viewport.menubar.core-107.2.2] startup
[16.831s] [ext: omni.syntheticdata-0.6.15] startup
[16.893s] [ext: omni.replicator.nv-1.1.1] startup
[16.906s] [ext: omni.videoencoding-0.2.1] startup
[16.912s] [ext: omni.replicator.core-1.13.27] startup
2026-08-10T11:33:25Z [16,948ms] [Warning] [pxr.Semantics] pxr.Semantics is deprecated - please use Semantics instead
2026-08-10T11:33:25Z [17,090ms] [Warning] [omni.replicator.core.scripts.extension] No material configuration file, adding configuration to material settings directly.
[17.511s] [ext: isaacsim.core.nodes-5.10.5] startup
[17.586s] [ext: isaacsim.core.throttling-2.3.5] startup
[17.589s] [ext: omni.kit.manipulator.viewport-107.0.1] startup
[17.591s] [ext: omni.graph.visualization.nodes-2.1.4] startup
[17.632s] [ext: omni.kit.window.extensions-1.5.10] startup
[17.665s] [ext: isaacsim.gui.components-1.8.5] startup
[17.690s] [ext: isaacsim.robot.surface_gripper-3.6.2] startup
[17.706s] [ext: isaacsim.robot.manipulators-3.4.4] startup
[17.724s] [ext: isaacsim.robot_motion.lula-4.1.3] startup
[17.730s] [ext: isaacsim.robot_motion.motion_generation-8.2.9] startup
[17.751s] [ext: isaacsim.cortex.framework-1.0.18] startup
[17.753s] [ext: isaacsim.cortex.behaviors-2.0.17] startup
[17.755s] [ext: isaacsim.examples.base-1.3.2] startup
[17.758s] [ext: omni.kit.widget.zoombar-1.0.7] startup
[17.760s] [ext: omni.kit.browser.core-2.3.18] startup
[17.775s] [ext: omni.kit.browser.folder.core-2.0.2] startup
[17.795s] [ext: omni.kit.widget.stage_icons-1.0.8] startup
[17.797s] [ext: omni.kit.window.stage-2.6.1] startup
[17.802s] [ext: omni.kit.menu.stage-1.2.7] startup
[17.805s] [ext: omni.kit.usd.collect-3.0.6] startup
[17.818s] [ext: omni.kit.widget.prompt-1.0.7] startup
[17.820s] [ext: omni.kit.tool.collect-2.2.19] startup
[17.829s] [ext: isaacsim.examples.browser-0.3.2] startup
[17.835s] [ext: omni.kit.search.files-1.0.4] startup
[17.837s] [ext: omni.kit.widget.calendar-1.0.9] startup
[17.840s] [ext: omni.kit.widget.extended_searchfield-1.0.31] startup
[17.866s] [ext: omni.simready.content.browser-0.3.7] startup
[18.205s] [ext: isaacsim.gui.content_browser-0.4.3] startup
[18.209s] [ext: omni.kit.selection-0.1.6] startup
[18.212s] [ext: isaacsim.gui.menu-2.10.5] startup
[18.234s] [ext: isaacsim.gui.property-1.6.4] startup
[18.260s] [ext: omni.kit.viewport.actions-110.0.0] startup
[18.267s] [ext: omni.kit.viewport.menubar.display-107.1.3] startup
[18.271s] [ext: isaacsim.gui.sensors.icon-2.2.1] startup
[18.278s] [ext: omni.behavior.scripting.core-110.1.0] startup
[18.288s] [ext: isaacsim.replicator.behavior-1.5.4] startup
[18.289s] [ext: isaacsim.replicator.experimental.domain_randomization-1.2.5] startup
[18.332s] [ext: isaacsim.replicator.domain_randomization-1.2.2] startup
[18.430s] [ext: isaacsim.replicator.writers-1.5.4] startup
[18.514s] [ext: isaacsim.robot.experimental.wheeled_robots-0.2.11] startup
[18.583s] [ext: isaacsim.robot.policy.examples-5.2.12] startup
[18.636s] [ext: isaacsim.robot.wheeled_robots-5.2.4] startup
[18.645s] [ext: isaacsim.robot.wheeled_robots.nodes-0.1.5] startup
[18.693s] [ext: isaacsim.robot_motion.experimental.motion_generation-6.1.3] startup
[18.717s] [ext: isaacsim.robot_motion.cumotion-1.3.1] startup
[18.740s] [ext: omni.kit.numpy.common-0.1.3] startup
[18.742s] [ext: isaacsim.sensors.camera-1.7.9] startup
[18.786s] [ext: isaacsim.sensors.experimental.physics-3.0.2] startup
[18.802s] [ext: omni.sensors.net-1.0.1] startup
[18.806s] [ext: omni.sensors.nv.common-3.0.0] startup
[18.816s] [ext: omni.sensors.nv.materials-2.0.0] startup
[18.820s] [ext: omni.sensors.nv.acoustic-3.0.0] startup
[18.822s] [ext: omni.sensors.nv.ids-2.0.1] startup
[18.824s] [ext: omni.sensors.nv.lidar-3.0.0] startup
[18.828s] [ext: omni.sensors.nv.radar-3.0.0] startup
[18.831s] [ext: isaacsim.sensors.experimental.rtx-1.4.6] startup
[19.508s] [ext: isaacsim.sensors.physics.nodes-1.5.3] startup
[19.515s] [ext: isaacsim.util.debug_draw-3.2.3] startup
[19.522s] [ext: isaacsim.sensors.physx-2.5.5] startup
[19.535s] [ext: isaacsim.sensors.rtx-15.17.1] startup
[19.552s] [ext: isaacsim.simulation_app-2.18.4] startup
[19.553s] [ext: omni.anim.curve.core-1.6.0] startup
[19.578s] [ext: omni.graph.ui_nodes-2.11.1] startup
[19.725s] [ext: omni.hydra.scene_api-0.1.3] startup
[19.729s] [ext: omni.kit.manipulator.camera-110.0.0] startup
[19.746s] [ext: omni.kit.manipulator.selector-1.1.4] startup
[19.749s] [ext: omni.kit.manipulator.transform-107.0.0] startup
[19.766s] [ext: omni.kit.widget.toolbar-2.1.0] startup
[19.783s] [ext: omni.kit.manipulator.tool.snap-1.5.14] startup
[19.794s] [ext: omni.kit.viewport.manipulator.transform-107.0.4] startup
[19.798s] [ext: omni.kit.manipulator.prim.core-108.0.2] startup
[19.818s] [ext: omni.kit.manipulator.prim.usd-107.0.3] startup
[19.821s] [ext: omni.kit.manipulator.prim-108.0.0] startup
[19.821s] [ext: omni.kit.manipulator.selection-109.0.1] startup
[19.824s] [ext: omni.kit.menu.create-2.0.2] startup
[19.827s] [ext: omni.kit.property.audio-1.0.16] startup
[19.833s] [ext: omni.kit.property.camera-1.0.14] startup
[19.836s] [ext: omni.kit.property.geometry-2.1.2] startup
[19.845s] [ext: omni.kit.property.light-1.0.14] startup
2026-08-10T11:33:28Z [19,856ms] [Warning] [omni.usd] Encountered USD Warnings but USD Diagnostics are currently muted. To view USD Warnings, please set the '/persistent/app/usd/muteUsdDiagnostics' setting to false in Preferences page.
[19.885s] [ext: omni.kit.property.material-1.14.6] startup
[19.908s] [ext: omni.kit.property.render-1.2.2] startup
[19.910s] [ext: omni.kit.property.transform-1.6.9] startup
[19.929s] [ext: omni.kit.property.bundle-1.5.1] startup
[19.932s] [ext: omni.kit.usdz_export-1.1.0] startup
[19.938s] [ext: omni.kit.tool.asset_importer-6.0.1] startup
[19.958s] [ext: omni.kit.ui.actions-1.0.5] startup
[19.961s] [ext: omni.kit.viewport.menubar.camera-107.0.10] startup
[19.975s] [ext: omni.kit.viewport.menubar.lighting-107.3.2] startup
[19.985s] [ext: omni.kit.viewport.menubar.render-110.0.0] startup
[19.993s] [ext: omni.kit.viewport.menubar.settings-110.0.1] startup
[20.007s] [ext: omni.kit.window.console-1.1.9] startup
[20.017s] [ext: omni.kit.window.status_bar-0.1.11] startup
[20.021s] [ext: omni.kit.window.toolbar-3.0.3] startup
[20.025s] [ext: omni.ocio-0.1.1] startup
[20.027s] [ext: omni.physx.commands-110.1.13] startup
[20.043s] [ext: omni.replicator.replicator_yaml-2.0.12] startup
[20.064s] [ext: omni.rtx.window.settings-0.8.0] startup
[20.075s] [ext: omni.rtx.settings.core-0.7.1] startup
[20.090s] [ext: omni.usd.metrics.assembler.ui-110.1.1] startup
[20.102s] [ext: semantics.schema.editor-2.0.2] startup
[20.111s] [ext: semantics.schema.property-2.0.2] startup
[20.115s] [ext: omni.kit.menu.common-2.0.2] startup
[20.117s] [ext: isaacsim.exp.base-6.0.1] startup
[20.118s] [ext: isaacsim.exp.base.python-6.0.1] startup
[20.119s] Simulation App Starting
[22.791s] Simulation App Startup Complete
[22.792s] app ready
Starting kit application with the following args:  ['/isaac-sim/exts/isaacsim.simulation_app/isaacsim/simulation_app/simulation_app.py', '/isaac-sim/apps/isaacsim.exp.base.python.kit', '--/app/tokens/exe-path=/isaac-sim/kit', '--/persistent/app/viewport/displayOptions=3094', '--/rtx/materialDb/syncLoads=True', '--/rtx/hydra/materialSyncLoads=True', '--/omni/kit/plugin/syncUsdLoads=True', '--/app/renderer/resolution/width=1280', '--/app/renderer/resolution/height=720', '--/app/window/width=1440', '--/app/window/height=900', '--/renderer/multiGpu/enabled=True', '--/app/fastShutdown=True', '--/app/installSignalHandlers=0', '--ext-folder', '/isaac-sim/exts', '--ext-folder', '/isaac-sim/apps', '--/physics/cudaDevice=0', '--/renderer/raytracingMotion/enabled=true', '--/renderer/raytracingMotion/enableHydraEngineMasking=true', "--/renderer/raytracingMotion/enabledForHydraEngines='0'", '--/plugins/carb.tasking.plugin/threadCount=32', '--/plugins/omni.tbb.globalcontrol/maxThreadCount=32', '--portable', '--no-window', '--/app/window/hideUi=1']
Passing the following args to the base kit application:  ['--stage', '/workspace/results/gate0_baseline/gate0_20260810_cano_native_mesh_lidar_label_smoke_v1_seed0/artifacts/isaac_stage.usda', '--manifest', '/workspace/results/gate0_baseline/gate0_20260810_cano_native_mesh_lidar_label_smoke_v1_seed0/artifacts/pose_manifest.json', '--output-dir', '/workspace/results/gate0_baseline/gate0_20260810_cano_native_mesh_lidar_label_smoke_v1_seed0/artifacts/rtx_capture', '--metrics', '/workspace/results/gate0_baseline/gate0_20260810_cano_native_mesh_lidar_label_smoke_v1_seed0/metrics/isaac_capture.json', '--config-name', 'MTARE_VLP16_720_50M_V1']
Warp 1.13.0 initialized:
   CUDA Toolkit 12.9, Driver 13.0
   Devices:
     "cpu"      : "x86_64"
     "cuda:0"   : "NVIDIA GeForce RTX 5090 D" (31 GiB, sm_120, mempool enabled)
   Kernel cache:
     /isaac-sim/.cache/warp/1.13.0
[23.284s] Simulation App Shutting Down
finished_at_utc=2026-08-10T11:33:33.551041+00:00
duration_seconds=25.461415
exit_code=0
