2026-08-10T11:36:23Z [Info] [carb] Logging to file: /isaac-sim/kit/logs/Kit/Isaac-Sim Python/6.0/kit_20260810_113623.log
[0.052s] [ext: omni.assets.plugins-0.0.0] startup
[0.053s] [ext: omni.blobkey-1.1.2] startup
[0.053s] [ext: omni.kit.async_engine-0.0.3] startup
[0.481s] [ext: omni.client.lib-1.1.1] startup
[0.496s] [ext: omni.client-1.3.0] startup
2026-08-10T11:36:24Z [522ms] [Warning] [carb.omniclient.plugin]  57: OmniHub: ThreadId(02) Hub encountered error. Trying to reconnect to Hub. retry_reason="Hub failed to launch: Io(\"child exited with exit status: 1 without writing file \\\"/tmp/hub-isaac-sim-FFF3AA6D.config.json\\\"\")"
2026-08-10T11:36:24Z [593ms] [Warning] [carb.omniclient.plugin]  57: OmniHub: ThreadId(02) Hub encountered error. Trying to reconnect to Hub. retry_reason="Hub failed to launch: Io(\"child exited with exit status: 1 without writing file \\\"/tmp/hub-isaac-sim-FFF3AA6D.config.json\\\"\")"
2026-08-10T11:36:24Z [675ms] [Warning] [carb.omniclient.plugin]  57: OmniHub: ThreadId(02) Hub encountered error. Trying to reconnect to Hub. retry_reason="Hub failed to launch: Io(\"child exited with exit status: 1 without writing file \\\"/tmp/hub-isaac-sim-FFF3AA6D.config.json\\\"\")"
2026-08-10T11:36:24Z [766ms] [Warning] [carb.omniclient.plugin]  57: OmniHub: ThreadId(02) Hub encountered error. Trying to reconnect to Hub. retry_reason="Hub failed to launch: Io(\"child exited with exit status: 1 without writing file \\\"/tmp/hub-isaac-sim-FFF3AA6D.config.json\\\"\")"
2026-08-10T11:36:24Z [868ms] [Warning] [carb.omniclient.plugin]  57: OmniHub: ThreadId(02) Hub encountered error. Trying to reconnect to Hub. retry_reason="Hub failed to launch: Io(\"child exited with exit status: 1 without writing file \\\"/tmp/hub-isaac-sim-FFF3AA6D.config.json\\\"\")"
2026-08-10T11:36:24Z [979ms] [Warning] [carb.omniclient.plugin]  57: OmniHub: ThreadId(02) Hub encountered error. Trying to reconnect to Hub. retry_reason="Hub failed to launch: Io(\"child exited with exit status: 1 without writing file \\\"/tmp/hub-isaac-sim-FFF3AA6D.config.json\\\"\")"
2026-08-10T11:36:25Z [1,101ms] [Warning] [carb.omniclient.plugin]  57: OmniHub: ThreadId(02) Hub encountered error. Trying to reconnect to Hub. retry_reason="Hub failed to launch: Io(\"child exited with exit status: 1 without writing file \\\"/tmp/hub-isaac-sim-FFF3AA6D.config.json\\\"\")"
2026-08-10T11:36:25Z [1,232ms] [Warning] [carb.omniclient.plugin]  57: OmniHub: ThreadId(02) Hub encountered error. Trying to reconnect to Hub. retry_reason="Hub failed to launch: Io(\"child exited with exit status: 1 without writing file \\\"/tmp/hub-isaac-sim-FFF3AA6D.config.json\\\"\")"
2026-08-10T11:36:25Z [1,374ms] [Warning] [carb.omniclient.plugin]  57: OmniHub: ThreadId(02) Hub encountered error. Trying to reconnect to Hub. retry_reason="Hub failed to launch: Io(\"child exited with exit status: 1 without writing file \\\"/tmp/hub-isaac-sim-FFF3AA6D.config.json\\\"\")"
2026-08-10T11:36:25Z [1,525ms] [Warning] [carb.omniclient.plugin]  57: OmniHub: ThreadId(02) Hub encountered error. Trying to reconnect to Hub. retry_reason="Hub failed to launch: Io(\"child exited with exit status: 1 without writing file \\\"/tmp/hub-isaac-sim-FFF3AA6D.config.json\\\"\")"
2026-08-10T11:36:25Z [1,687ms] [Warning] [carb.omniclient.plugin]  57: OmniHub: ThreadId(02) Hub encountered error. Trying to reconnect to Hub. retry_reason="Hub failed to launch: Io(\"child exited with exit status: 1 without writing file \\\"/tmp/hub-isaac-sim-FFF3AA6D.config.json\\\"\")"
2026-08-10T11:36:25Z [1,858ms] [Warning] [carb.omniclient.plugin]  57: OmniHub: ThreadId(02) Hub encountered error. Trying to reconnect to Hub. retry_reason="Hub failed to launch: Io(\"child exited with exit status: 1 without writing file \\\"/tmp/hub-isaac-sim-FFF3AA6D.config.json\\\"\")"
2026-08-10T11:36:25Z [2,040ms] [Warning] [carb.omniclient.plugin]  57: OmniHub: ThreadId(02) Hub encountered error. Trying to reconnect to Hub. retry_reason="Hub failed to launch: Io(\"child exited with exit status: 1 without writing file \\\"/tmp/hub-isaac-sim-FFF3AA6D.config.json\\\"\")"
2026-08-10T11:36:26Z [2,231ms] [Warning] [carb.omniclient.plugin]  57: OmniHub: ThreadId(02) Hub encountered error. Trying to reconnect to Hub. retry_reason="Hub failed to launch: Io(\"child exited with exit status: 1 without writing file \\\"/tmp/hub-isaac-sim-FFF3AA6D.config.json\\\"\")"
2026-08-10T11:36:26Z [2,433ms] [Warning] [carb.omniclient.plugin]  57: OmniHub: ThreadId(02) Hub encountered error. Trying to reconnect to Hub. retry_reason="Hub failed to launch: Io(\"child exited with exit status: 1 without writing file \\\"/tmp/hub-isaac-sim-FFF3AA6D.config.json\\\"\")"
2026-08-10T11:36:26Z [2,644ms] [Warning] [carb.omniclient.plugin]  57: OmniHub: ThreadId(02) Hub encountered error. Trying to reconnect to Hub. retry_reason="Hub failed to launch: Io(\"child exited with exit status: 1 without writing file \\\"/tmp/hub-isaac-sim-FFF3AA6D.config.json\\\"\")"
2026-08-10T11:36:26Z [2,865ms] [Warning] [carb.omniclient.plugin]  57: OmniHub: ThreadId(02) Hub encountered error. Trying to reconnect to Hub. retry_reason="Hub failed to launch: Io(\"child exited with exit status: 1 without writing file \\\"/tmp/hub-isaac-sim-FFF3AA6D.config.json\\\"\")"
2026-08-10T11:36:27Z [3,097ms] [Warning] [carb.omniclient.plugin]  57: OmniHub: ThreadId(02) Hub encountered error. Trying to reconnect to Hub. retry_reason="Hub failed to launch: Io(\"child exited with exit status: 1 without writing file \\\"/tmp/hub-isaac-sim-FFF3AA6D.config.json\\\"\")"
2026-08-10T11:36:27Z [3,338ms] [Warning] [carb.omniclient.plugin]  57: OmniHub: ThreadId(02) Hub encountered error. Trying to reconnect to Hub. retry_reason="Hub failed to launch: Io(\"child exited with exit status: 1 without writing file \\\"/tmp/hub-isaac-sim-FFF3AA6D.config.json\\\"\")"
2026-08-10T11:36:27Z [3,590ms] [Warning] [carb.omniclient.plugin]  57: OmniHub: ThreadId(02) Hub encountered error. Trying to reconnect to Hub. retry_reason="Hub failed to launch: Io(\"child exited with exit status: 1 without writing file \\\"/tmp/hub-isaac-sim-FFF3AA6D.config.json\\\"\")"
2026-08-10T11:36:27Z [3,851ms] [Warning] [carb.omniclient.plugin]  57: OmniHub: ThreadId(02) Hub encountered error. Trying to reconnect to Hub. retry_reason="Hub failed to launch: Io(\"child exited with exit status: 1 without writing file \\\"/tmp/hub-isaac-sim-FFF3AA6D.config.json\\\"\")"
2026-08-10T11:36:28Z [4,123ms] [Warning] [carb.omniclient.plugin]  57: OmniHub: ThreadId(02) Hub encountered error. Trying to reconnect to Hub. retry_reason="Hub failed to launch: Io(\"child exited with exit status: 1 without writing file \\\"/tmp/hub-isaac-sim-FFF3AA6D.config.json\\\"\")"
2026-08-10T11:36:28Z [4,404ms] [Warning] [carb.omniclient.plugin]  57: OmniHub: ThreadId(02) Hub encountered error. Trying to reconnect to Hub. retry_reason="Hub failed to launch: Io(\"child exited with exit status: 1 without writing file \\\"/tmp/hub-isaac-sim-FFF3AA6D.config.json\\\"\")"
2026-08-10T11:36:28Z [4,695ms] [Warning] [carb.omniclient.plugin]  57: OmniHub: ThreadId(02) Hub encountered error. Trying to reconnect to Hub. retry_reason="Hub failed to launch: Io(\"child exited with exit status: 1 without writing file \\\"/tmp/hub-isaac-sim-FFF3AA6D.config.json\\\"\")"
2026-08-10T11:36:28Z [4,996ms] [Warning] [carb.omniclient.plugin]  57: OmniHub: ThreadId(02) Hub encountered error. Trying to reconnect to Hub. retry_reason="Hub failed to launch: Io(\"child exited with exit status: 1 without writing file \\\"/tmp/hub-isaac-sim-FFF3AA6D.config.json\\\"\")"
2026-08-10T11:36:29Z [5,307ms] [Warning] [carb.omniclient.plugin]  57: OmniHub: ThreadId(02) Hub encountered error. Trying to reconnect to Hub. retry_reason="Hub failed to launch: Io(\"child exited with exit status: 1 without writing file \\\"/tmp/hub-isaac-sim-FFF3AA6D.config.json\\\"\")"
2026-08-10T11:36:29Z [5,629ms] [Warning] [carb.omniclient.plugin]  57: OmniHub: ThreadId(02) Hub encountered error. Trying to reconnect to Hub. retry_reason="Hub failed to launch: Io(\"child exited with exit status: 1 without writing file \\\"/tmp/hub-isaac-sim-FFF3AA6D.config.json\\\"\")"
2026-08-10T11:36:29Z [5,960ms] [Warning] [carb.omniclient.plugin]  57: OmniHub: ThreadId(02) Hub encountered error. Trying to reconnect to Hub. retry_reason="Hub failed to launch: Io(\"child exited with exit status: 1 without writing file \\\"/tmp/hub-isaac-sim-FFF3AA6D.config.json\\\"\")"
WARNING: All log messages before absl::InitializeLog() is called are written to STDERR
E0000 00:00:1786361794.669044      11 descriptor_database.cc:633] File already exists in database: grpc/health/v1/health.proto
W0000 00:00:1786361794.669068      11 message.cc:301] Protobuf GeneratedMessageFactory: File is already registered: grpc/health/v1/health.proto
2026-08-10T11:36:30Z [6,302ms] [Warning] [carb.omniclient.plugin]  57: OmniHub: ThreadId(02) Hub encountered error. Trying to reconnect to Hub. retry_reason="Hub failed to launch: Io(\"child exited with exit status: 1 without writing file \\\"/tmp/hub-isaac-sim-FFF3AA6D.config.json\\\"\")"
2026-08-10T11:36:30Z [6,654ms] [Warning] [carb.omniclient.plugin]  57: OmniHub: ThreadId(02) Hub encountered error. Trying to reconnect to Hub. retry_reason="Hub failed to launch: Io(\"child exited with exit status: 1 without writing file \\\"/tmp/hub-isaac-sim-FFF3AA6D.config.json\\\"\")"
2026-08-10T11:36:30Z [7,014ms] [Warning] [carb.omniclient.plugin]  57: OmniHub: ThreadId(02) Hub encountered error. Trying to reconnect to Hub. retry_reason="Hub failed to launch: Io(\"child exited with exit status: 1 without writing file \\\"/tmp/hub-isaac-sim-FFF3AA6D.config.json\\\"\")"
2026-08-10T11:36:31Z [7,386ms] [Warning] [carb.omniclient.plugin]  57: OmniHub: ThreadId(02) Hub encountered error. Trying to reconnect to Hub. retry_reason="Hub failed to launch: Io(\"child exited with exit status: 1 without writing file \\\"/tmp/hub-isaac-sim-FFF3AA6D.config.json\\\"\")"
2026-08-10T11:36:31Z [7,767ms] [Warning] [carb.omniclient.plugin]  57: OmniHub: ThreadId(02) Hub encountered error. Trying to reconnect to Hub. retry_reason="Hub failed to launch: Io(\"child exited with exit status: 1 without writing file \\\"/tmp/hub-isaac-sim-FFF3AA6D.config.json\\\"\")"
2026-08-10T11:36:32Z [8,158ms] [Warning] [carb.omniclient.plugin]  57: OmniHub: ThreadId(02) Hub encountered error. Trying to reconnect to Hub. retry_reason="Hub failed to launch: Io(\"child exited with exit status: 1 without writing file \\\"/tmp/hub-isaac-sim-FFF3AA6D.config.json\\\"\")"
2026-08-10T11:36:32Z [8,560ms] [Warning] [carb.omniclient.plugin]  57: OmniHub: ThreadId(02) Hub encountered error. Trying to reconnect to Hub. retry_reason="Hub failed to launch: Io(\"child exited with exit status: 1 without writing file \\\"/tmp/hub-isaac-sim-FFF3AA6D.config.json\\\"\")"
2026-08-10T11:36:32Z [8,970ms] [Warning] [carb.omniclient.plugin]  57: OmniHub: ThreadId(02) Hub encountered error. Trying to reconnect to Hub. retry_reason="Hub failed to launch: Io(\"child exited with exit status: 1 without writing file \\\"/tmp/hub-isaac-sim-FFF3AA6D.config.json\\\"\")"
2026-08-10T11:36:33Z [9,392ms] [Warning] [carb.omniclient.plugin]  57: OmniHub: ThreadId(02) Hub encountered error. Trying to reconnect to Hub. retry_reason="Hub failed to launch: Io(\"child exited with exit status: 1 without writing file \\\"/tmp/hub-isaac-sim-FFF3AA6D.config.json\\\"\")"
2026-08-10T11:36:33Z [9,824ms] [Warning] [carb.omniclient.plugin]  57: OmniHub: ThreadId(02) Hub encountered error. Trying to reconnect to Hub. retry_reason="Hub failed to launch: Io(\"child exited with exit status: 1 without writing file \\\"/tmp/hub-isaac-sim-FFF3AA6D.config.json\\\"\")"
2026-08-10T11:36:34Z [10,265ms] [Warning] [carb.omniclient.plugin]  57: OmniHub: ThreadId(02) Hub encountered error. Trying to reconnect to Hub. retry_reason="Hub failed to launch: Io(\"child exited with exit status: 1 without writing file \\\"/tmp/hub-isaac-sim-FFF3AA6D.config.json\\\"\")"
[10.743s] [ext: omni.protobuf.lib-1.0.0] startup
[10.744s] [ext: omni.grpc.lib-1.0.0] startup
[10.747s] [ext: omni.metrics.core-0.0.3] startup
[10.747s] [ext: omni.datastore-0.0.0] startup
[10.747s] [ext: omni.gpu_foundation.shadercache.vulkan-1.0.0] startup
[10.751s] [ext: omni.hsscclient-1.1.4] startup
[10.752s] [ext: omni.stats-1.0.1] startup
[10.752s] [ext: omni.ujitso.default-1.0.0] startup
[10.755s] [ext: omni.gpu_foundation-0.0.0] startup
[10.925s] [ext: carb.windowing.plugins-1.0.1] startup
[10.925s] [ext: omni.kit.renderer.init-1.0.1] startup
2026-08-10T11:36:34Z [10,924ms] [Warning] [omni.platforminfo.plugin] failed to open the default display.  Can't verify X Server version.

|---------------------------------------------------------------------------------------------|
| Driver Version: 580.173.02    | Graphics API: Vulkan
|=============================================================================================|
| GPU | Name                             | Active | LDA | GPU Memory | Vendor-ID | LUID       |
|     |                                  |        |     |            | Device-ID | UUID       |
|     |                                  |        |     |            | Bus-ID    |            |
|---------------------------------------------------------------------------------------------|
| 0   | NVIDIA GeForce RTX 5090 D        | Yes: 0 |     | 32853   MB | 10de      | 0          |
|     |                                  |        |     |            | 2b87      | 033d0899.. |
|     |                                  |        |     |            | 1         |            |
|=============================================================================================|
| OS: 24.04.3 LTS (Noble Numbat) ubuntu, Version: 24.04.3, Kernel: 7.0.0-28-generic
| Processor: Intel(R) Core(TM) i9-14900K
| Bare Metal Cores: 24 | Bare Metal Logical Cores: 48
| Available Cores:  32 
|---------------------------------------------------------------------------------------------|
| Total Memory (MB): 64055 | Free Memory: 49799
| Total Page/Swap (MB): 8191 | Free Page/Swap: 0
|---------------------------------------------------------------------------------------------|
2026-08-10T11:36:35Z [11,384ms] [Warning] [omni.rtx] CPU performance profile is set to powersave. This profile sets the CPU to the lowest frequency reducing performance.
[11.555s] [ext: omni.kit.pipapi-0.0.0] startup
[11.559s] [ext: omni.kit.pip_archive-0.0.0] startup
[11.560s] [ext: isaacsim.pip.newton-0.6.1] startup
[11.561s] [ext: omni.pip.compute-1.9.2] startup
[11.561s] [ext: omni.isaac.core_archive-5.3.1] startup
[11.562s] [ext: omni.kit.telemetry-0.5.2] startup
[11.598s] [ext: omni.kit.loop-isaac-1.6.0] startup
[11.600s] [ext: omni.kit.test-2.0.7] startup
[11.857s] [ext: omni.materialx.libs-1.0.9] startup
[11.864s] [ext: omni.gpucompute.plugins-0.0.0] startup
[11.864s] [ext: omni.usd.config-1.0.7] startup
[11.868s] [ext: omni.usd.libs-1.0.3] startup
[11.924s] [ext: omni.iray.libs-0.0.1] startup
[11.927s] [ext: omni.mdl-57.0.3] startup
[12.208s] [ext: omni.mdl.neuraylib-0.2.20] startup
[12.213s] [ext: omni.kit.usd.mdl-1.1.9] startup
[12.340s] [ext: omni.appwindow-1.2.2] startup
[12.342s] [ext: omni.kit.renderer.core-1.2.2] startup
2026-08-10T11:36:36Z [12,464ms] [Warning] [carb.windowing-glfw.plugin] GLFW initialization failed.
2026-08-10T11:36:36Z [12,464ms] [Warning] [carb] Failed to startup plugin carb.windowing-glfw.plugin (interfaces: [carb::windowing::IGLContext v1.0],[carb::windowing::IWindowing v1.5]) (impl: carb.windowing-glfw.plugin)
[12.504s] [ext: omni.kit.renderer.capture-2.0.1] startup
[12.506s] [ext: omni.kit.renderer.imgui-2.0.6] startup
2026-08-10T11:36:36Z [12,481ms] [Warning] [carb.windowing-glfw.plugin] GLFW initialization failed.
2026-08-10T11:36:36Z [12,481ms] [Warning] [carb] Failed to startup plugin carb.windowing-glfw.plugin (interfaces: [carb::windowing::IGLContext v1.0],[carb::windowing::IWindowing v1.5]) (impl: carb.windowing-glfw.plugin)
2026-08-10T11:36:36Z [12,483ms] [Warning] [carb.windowing-glfw.plugin] GLFW initialization failed.
2026-08-10T11:36:36Z [12,483ms] [Warning] [carb] Failed to startup plugin carb.windowing-glfw.plugin (interfaces: [carb::windowing::IGLContext v1.0],[carb::windowing::IWindowing v1.5]) (impl: carb.windowing-glfw.plugin)
[12.564s] [ext: omni.ui-3.2.0] startup
[12.584s] [ext: omni.kit.mainwindow-1.0.3] startup
[12.586s] [ext: carb.audio-0.1.0] startup
[12.590s] [ext: omni.uiaudio-1.0.0] startup
[12.591s] [ext: omni.kit.uiapp-0.0.0] startup
[12.591s] [ext: omni.usd.schema.metrics.assembler-110.1.0] startup
[12.593s] [ext: omni.usd.schema.audio-0.0.1] startup
[12.596s] [ext: omni.usd_resolver-1.0.0] startup
[12.599s] [ext: omni.usd.core-1.8.3] startup
[12.601s] [ext: omni.metropolis.schema-0.0.3] startup
[12.602s] [ext: isaacsim.anim.robot.schema-0.1.1] startup
[12.603s] [ext: omni.usd.schema.anim-0.0.1] startup
[12.617s] [ext: omni.usd.schema.geospatial-0.0.1] startup
[12.619s] [ext: omni.usd.schema.omnigraph-1.0.1] startup
[12.624s] [ext: omni.usd.schema.semantics-0.0.0] startup
[12.626s] [ext: omni.activity.core-1.0.3] startup
[12.627s] [ext: omni.cubric-0.1.0] startup
[12.627s] [ext: omni.graph.exec-0.9.6] startup
[12.628s] [ext: omni.hydra.scene_delegate-0.3.5] startup
[12.630s] [ext: usdrt.scenegraph-7.6.3] startup
[12.654s] [ext: omni.hydra.usdrt_delegate-7.5.2] startup
[12.659s] [ext: omni.inspect-1.0.2] startup
[12.661s] [ext: omni.kit.actions.core-1.0.0] startup
[12.664s] [ext: omni.kit.audiodeviceenum-1.0.2] startup
[12.665s] [ext: omni.kit.commands-1.5.0] startup
[12.673s] [ext: omni.kit.exec.core-0.13.5] startup
[12.676s] [ext: omni.kit.usd_undo-0.1.8] startup
[12.678s] [ext: omni.kit.window.popup_dialog-2.0.25] startup
[12.690s] [ext: omni.kit.widget.nucleus_connector-2.3.1] startup
[12.706s] [ext: omni.timeline-1.1.0] startup
[12.709s] [ext: omni.usd-1.16.0] startup
[12.807s] [ext: omni.graph.core-3.1.2] startup
[12.809s] [ext: omni.kit.notification_manager-1.0.11] startup
[12.813s] [ext: isaacsim.core.deprecation_manager-0.4.2] startup
[12.815s] [ext: isaacsim.replicator.agent.schema-0.1.1] startup
[12.816s] [ext: isaacsim.robot.schema-6.3.7] startup
[12.823s] [ext: isaacsim.robot_motion.schema-0.2.1] startup
[12.825s] [ext: omni.anim.behavior.schema-110.1.0] startup
[12.828s] [ext: omni.anim.graph.schema-110.1.1] startup
[12.832s] [ext: omni.anim.navigation.schema-110.1.0] startup
[12.835s] [ext: omni.behavior.tree.schema-110.1.0] startup
[12.836s] [ext: omni.isaac.ml_archive-3.3.0] startup
[12.836s] [ext: omni.kit.asset_converter-6.0.1] startup
[12.849s] [ext: omni.pip.cloud-1.5.4] startup
[12.861s] [ext: omni.usd.schema.flow-110.0.0] startup
[12.861s] [ext: omni.usd.schema.mujoco-1.1.1] startup
[12.862s] [ext: omni.usd.schema.newton-1.2.1] startup
[12.863s] [ext: omni.usd.schema.omni_lens_distortion-1.0.0] startup
[12.863s] [ext: omni.usd.schema.omni_projectors-1.0.0] startup
[12.864s] [ext: omni.usd.schema.omni_sensors-0.0.0] startup
[12.870s] [ext: omni.usd.schema.omniscripting-1.0.1] startup
[12.874s] [ext: omni.usd.schema.physical_lighting-0.1.0] startup
[12.877s] [ext: omni.usd.schema.physx-110.1.13] startup
[12.900s] [ext: omni.usd.schema.render_settings.rtx-1.0.2] startup
[12.904s] [ext: omni.usd.schema.usd_particle_field-1.0.0] startup
[12.905s] [ext: isaacsim.core.version-2.1.1] startup
[12.906s] [ext: omni.kit.menu.core-1.2.0] startup
[12.908s] [ext: omni.kit.menu.utils-2.2.4] startup
[12.935s] [ext: isaacsim.app.about-2.3.1] startup
[12.943s] [ext: isaacsim.asset.transformer-1.2.5] startup
[12.949s] [ext: omni.scene.optimizer.core-110.1.0] startup
[12.993s] [ext: isaacsim.asset.importer.utils-1.8.1] startup
[13.000s] [ext: omni.convexdecomposition-110.1.13] startup
[13.002s] [ext: omni.physics-110.1.13] startup
[13.005s] [ext: omni.physx.gpu-110.1.13] startup
[13.005s] [ext: omni.physx.foundation-110.1.13] startup
[13.007s] [ext: omni.usdphysics-110.1.13] startup
[13.008s] [ext: omni.physx.cooking-110.1.13] startup
[13.011s] [ext: omni.physx-110.1.13] startup
[13.028s] [ext: omni.physics.physx-110.1.13] startup
[13.029s] [ext: isaacsim.asset.exporter.urdf-2.0.5] startup
[13.053s] [ext: omni.kit.clipboard-1.1.1] startup
[13.054s] [ext: omni.kit.usd.layers-2.6.1] startup
[13.082s] [ext: omni.kit.widget.context_menu-1.4.0] startup
[13.089s] [ext: omni.kit.context_menu-1.9.0] startup
[13.100s] [ext: omni.kit.helper.file_utils-0.1.10] startup
[13.105s] [ext: omni.kit.widget.nucleus_info-2.0.2] startup
[13.107s] [ext: omni.kit.search_core-1.0.8] startup
[13.110s] [ext: omni.kit.widget.path_field-2.0.13] startup
[13.115s] [ext: omni.kit.widget.browser_bar-2.0.10] startup
[13.118s] [ext: omni.kit.widget.filebrowser-2.13.4] startup
[13.150s] [ext: omni.kit.widget.options_menu-1.1.6] startup
[13.163s] [ext: omni.kit.widget.options_button-1.0.3] startup
[13.165s] [ext: omni.kit.widget.search_delegate-1.0.9] startup
[13.170s] [ext: omni.ui.scene-2.0.3] startup
[13.179s] [ext: omni.kit.window.filepicker-2.15.5] startup
[13.269s] [ext: omni.kit.window.file_importer-1.1.21] startup
[13.274s] [ext: omni.kit.material.library-3.1.2] startup
[13.307s] [ext: isaacsim.asset.transformer.rules-1.7.10] startup
[13.365s] [ext: omni.usdex.libs-2.2.2] startup
[13.373s] [ext: isaacsim.asset.importer.mjcf-3.10.1] startup
[13.376s] [ext: isaacsim.asset.importer.urdf-3.11.2] startup
[13.386s] [ext: omni.kit.primitive.mesh-1.1.0] startup
[13.398s] [ext: omni.kit.stage_template.core-1.1.22] startup
[13.399s] [ext: omni.kit.stage_templates-2.0.2] startup
[13.404s] [ext: omni.usd.metrics.assembler-110.1.2] startup
[13.407s] [ext: omni.warp.core-1.13.0] startup
[13.790s] [ext: isaacsim.core.experimental.utils-0.17.2] startup
[13.791s] [ext: omni.physics.stageupdate-110.1.13] startup
[13.794s] [ext: omni.physics.tensors-110.1.13] startup
[13.806s] [ext: omni.physx.tensors-110.1.13] startup
[13.809s] [ext: isaacsim.core.simulation_manager-1.15.6] startup
[13.836s] [ext: isaacsim.storage.native-1.9.3] startup
[13.842s] [ext: omni.usd.metrics.assembler.physics-110.1.13] startup
[13.849s] [ext: isaacsim.core.utils-4.1.7] startup
[13.854s] [ext: isaacsim.core.prims-0.11.7] startup
[16.265s] [ext: isaacsim.core.api-5.2.13] startup
[16.303s] [ext: isaacsim.core.cloner-1.7.3] startup
[16.307s] [ext: isaacsim.test.docstring-1.3.2] startup
[16.331s] [ext: isaacsim.core.experimental.prims-1.8.9] startup
[16.406s] [ext: isaacsim.core.experimental.primdata-0.3.2] startup
[16.409s] [ext: omni.graph.tools-1.81.0] startup
[16.536s] [ext: omni.graph-1.142.5] startup
[16.630s] [ext: isaacsim.core.experimental.actuators-0.1.2] startup
[16.658s] [ext: isaacsim.core.experimental.materials-0.7.1] startup
[16.672s] [ext: isaacsim.core.experimental.objects-0.8.1] startup
[16.940s] [ext: omni.hydra.engine.stats-1.0.5] startup
[16.944s] [ext: omni.hydra.rtx.shadercache.vulkan-1.0.0] startup
[16.946s] [ext: omni.index.libs-387500.4413.0] startup
[16.946s] [ext: omni.index-1.0.1] startup
[16.946s] [ext: omni.ujitso.client-0.0.0] startup
[16.947s] [ext: omni.usd.schema.playback-1.0.0] startup
[16.950s] [ext: omni.volume-0.5.2] startup
[16.953s] [ext: omni.hydra.rtx-1.0.4] startup
2026-08-10T11:36:40Z [16,937ms] [Warning] [omni.log] Source: omni.hydra was already registered.
[16.976s] [ext: omni.kit.hydra_texture-1.6.0] startup
[16.980s] [ext: omni.kit.raycast.query-1.2.0] startup
[16.986s] [ext: omni.kit.viewport.legacy_gizmos-1.0.24] startup
[16.988s] [ext: omni.kit.viewport.registry-104.0.6] startup
[16.989s] [ext: omni.kit.viewport.scene_camera_model-1.0.7] startup
[16.993s] [ext: omni.kit.widget.viewport-109.2.0] startup
[17.009s] [ext: omni.kit.window.drop_support-1.0.8] startup
[17.010s] [ext: omni.kit.viewport.window-109.0.2] startup
[17.051s] [ext: omni.kit.viewport.utility-2.0.1] startup
[17.055s] [ext: isaacsim.core.rendering_manager-0.4.3] startup
[17.081s] [ext: omni.graph.action_core-1.1.9] startup
[17.084s] [ext: omni.graph.action_nodes_core-2.11.0] startup
[17.086s] [ext: omni.graph.action_nodes-2.11.0] startup
[17.173s] [ext: omni.graph.action-2.10.2] startup
[17.175s] [ext: omni.graph.image.core-0.6.1] startup
[17.175s] [ext: omni.graph.image.nodes-1.3.1] startup
[17.176s] [ext: omni.graph.nodes_core-2.11.0] startup
[17.183s] [ext: omni.graph.nodes-2.12.0] startup
[17.192s] [ext: omni.kit.hotkeys.core-1.3.12] startup
[17.194s] [ext: omni.kit.property.adapter.core-1.1.1] startup
[17.198s] [ext: omni.kit.property.adapter.usd-1.0.5] startup
[17.201s] [ext: omni.kit.widget.filter-1.1.5] startup
[17.203s] [ext: omni.kit.widget.highlight_label-1.0.3] startup
[17.204s] [ext: omni.kit.widget.searchfield-1.1.8] startup
[17.210s] [ext: omni.kit.window.file_exporter-1.0.36] startup
[17.213s] [ext: omni.kit.widget.stage-4.4.0] startup
[17.249s] [ext: omni.kit.window.content_browser_registry-0.0.6] startup
[17.251s] [ext: omni.kit.window.file-2.0.10] startup
[17.263s] [ext: omni.kit.window.content_browser-3.1.8] startup
[17.281s] [ext: omni.kit.window.property-1.15.1] startup
[17.357s] [ext: omni.kit.property.usd-4.9.4] startup
[17.422s] [ext: omni.graph.scriptnode-2.10.2] startup
[17.437s] [ext: omni.kit.widget.searchable_combobox-1.0.7] startup
[17.441s] [ext: omni.kit.widget.settings-2.0.0] startup
[17.450s] [ext: omni.kit.window.preferences-1.8.3] startup
[17.470s] [ext: omni.kit.viewport.menubar.core-107.2.2] startup
[17.517s] [ext: omni.syntheticdata-0.6.15] startup
[17.590s] [ext: omni.replicator.nv-1.1.1] startup
[17.603s] [ext: omni.videoencoding-0.2.1] startup
[17.609s] [ext: omni.replicator.core-1.13.27] startup
2026-08-10T11:36:41Z [17,635ms] [Warning] [pxr.Semantics] pxr.Semantics is deprecated - please use Semantics instead
2026-08-10T11:36:41Z [17,786ms] [Warning] [omni.replicator.core.scripts.extension] No material configuration file, adding configuration to material settings directly.
[18.244s] [ext: isaacsim.core.nodes-5.10.5] startup
[18.322s] [ext: isaacsim.core.throttling-2.3.5] startup
[18.324s] [ext: omni.kit.manipulator.viewport-107.0.1] startup
[18.327s] [ext: omni.graph.visualization.nodes-2.1.4] startup
[18.366s] [ext: omni.kit.window.extensions-1.5.10] startup
[18.397s] [ext: isaacsim.gui.components-1.8.5] startup
[18.420s] [ext: isaacsim.robot.surface_gripper-3.6.2] startup
[18.435s] [ext: isaacsim.robot.manipulators-3.4.4] startup
[18.456s] [ext: isaacsim.robot_motion.lula-4.1.3] startup
[18.466s] [ext: isaacsim.robot_motion.motion_generation-8.2.9] startup
[18.489s] [ext: isaacsim.cortex.framework-1.0.18] startup
[18.491s] [ext: isaacsim.cortex.behaviors-2.0.17] startup
[18.492s] [ext: isaacsim.examples.base-1.3.2] startup
[18.496s] [ext: omni.kit.widget.zoombar-1.0.7] startup
[18.497s] [ext: omni.kit.browser.core-2.3.18] startup
[18.512s] [ext: omni.kit.browser.folder.core-2.0.2] startup
[18.530s] [ext: omni.kit.widget.stage_icons-1.0.8] startup
[18.531s] [ext: omni.kit.window.stage-2.6.1] startup
[18.537s] [ext: omni.kit.menu.stage-1.2.7] startup
[18.539s] [ext: omni.kit.usd.collect-3.0.6] startup
[18.552s] [ext: omni.kit.widget.prompt-1.0.7] startup
[18.555s] [ext: omni.kit.tool.collect-2.2.19] startup
[18.563s] [ext: isaacsim.examples.browser-0.3.2] startup
[18.569s] [ext: omni.kit.search.files-1.0.4] startup
[18.571s] [ext: omni.kit.widget.calendar-1.0.9] startup
[18.574s] [ext: omni.kit.widget.extended_searchfield-1.0.31] startup
[18.599s] [ext: omni.simready.content.browser-0.3.7] startup
[18.963s] [ext: isaacsim.gui.content_browser-0.4.3] startup
[18.967s] [ext: omni.kit.selection-0.1.6] startup
[18.971s] [ext: isaacsim.gui.menu-2.10.5] startup
[18.992s] [ext: isaacsim.gui.property-1.6.4] startup
[19.019s] [ext: omni.kit.viewport.actions-110.0.0] startup
[19.027s] [ext: omni.kit.viewport.menubar.display-107.1.3] startup
[19.031s] [ext: isaacsim.gui.sensors.icon-2.2.1] startup
[19.037s] [ext: omni.behavior.scripting.core-110.1.0] startup
[19.048s] [ext: isaacsim.replicator.behavior-1.5.4] startup
[19.049s] [ext: isaacsim.replicator.experimental.domain_randomization-1.2.5] startup
[19.093s] [ext: isaacsim.replicator.domain_randomization-1.2.2] startup
[19.170s] [ext: isaacsim.replicator.writers-1.5.4] startup
[19.255s] [ext: isaacsim.robot.experimental.wheeled_robots-0.2.11] startup
[19.328s] [ext: isaacsim.robot.policy.examples-5.2.12] startup
[19.380s] [ext: isaacsim.robot.wheeled_robots-5.2.4] startup
[19.388s] [ext: isaacsim.robot.wheeled_robots.nodes-0.1.5] startup
[19.439s] [ext: isaacsim.robot_motion.experimental.motion_generation-6.1.3] startup
[19.464s] [ext: isaacsim.robot_motion.cumotion-1.3.1] startup
[19.488s] [ext: omni.kit.numpy.common-0.1.3] startup
[19.489s] [ext: isaacsim.sensors.camera-1.7.9] startup
[19.533s] [ext: isaacsim.sensors.experimental.physics-3.0.2] startup
[19.548s] [ext: omni.sensors.net-1.0.1] startup
[19.551s] [ext: omni.sensors.nv.common-3.0.0] startup
[19.560s] [ext: omni.sensors.nv.materials-2.0.0] startup
[19.563s] [ext: omni.sensors.nv.acoustic-3.0.0] startup
[19.565s] [ext: omni.sensors.nv.ids-2.0.1] startup
[19.567s] [ext: omni.sensors.nv.lidar-3.0.0] startup
[19.571s] [ext: omni.sensors.nv.radar-3.0.0] startup
[19.573s] [ext: isaacsim.sensors.experimental.rtx-1.4.6] startup
[20.285s] [ext: isaacsim.sensors.physics.nodes-1.5.3] startup
[20.291s] [ext: isaacsim.util.debug_draw-3.2.3] startup
[20.297s] [ext: isaacsim.sensors.physx-2.5.5] startup
[20.310s] [ext: isaacsim.sensors.rtx-15.17.1] startup
[20.327s] [ext: isaacsim.simulation_app-2.18.4] startup
[20.328s] [ext: omni.anim.curve.core-1.6.0] startup
[20.353s] [ext: omni.graph.ui_nodes-2.11.1] startup
[20.495s] [ext: omni.hydra.scene_api-0.1.3] startup
[20.500s] [ext: omni.kit.manipulator.camera-110.0.0] startup
[20.518s] [ext: omni.kit.manipulator.selector-1.1.4] startup
[20.520s] [ext: omni.kit.manipulator.transform-107.0.0] startup
[20.538s] [ext: omni.kit.widget.toolbar-2.1.0] startup
[20.556s] [ext: omni.kit.manipulator.tool.snap-1.5.14] startup
[20.572s] [ext: omni.kit.viewport.manipulator.transform-107.0.4] startup
[20.579s] [ext: omni.kit.manipulator.prim.core-108.0.2] startup
[20.609s] [ext: omni.kit.manipulator.prim.usd-107.0.3] startup
[20.614s] [ext: omni.kit.manipulator.prim-108.0.0] startup
[20.614s] [ext: omni.kit.manipulator.selection-109.0.1] startup
[20.620s] [ext: omni.kit.menu.create-2.0.2] startup
[20.625s] [ext: omni.kit.property.audio-1.0.16] startup
[20.632s] [ext: omni.kit.property.camera-1.0.14] startup
[20.635s] [ext: omni.kit.property.geometry-2.1.2] startup
[20.644s] [ext: omni.kit.property.light-1.0.14] startup
2026-08-10T11:36:44Z [20,646ms] [Warning] [omni.usd] Encountered USD Warnings but USD Diagnostics are currently muted. To view USD Warnings, please set the '/persistent/app/usd/muteUsdDiagnostics' setting to false in Preferences page.
[20.678s] [ext: omni.kit.property.material-1.14.6] startup
[20.701s] [ext: omni.kit.property.render-1.2.2] startup
[20.703s] [ext: omni.kit.property.transform-1.6.9] startup
[20.725s] [ext: omni.kit.property.bundle-1.5.1] startup
[20.728s] [ext: omni.kit.usdz_export-1.1.0] startup
[20.733s] [ext: omni.kit.tool.asset_importer-6.0.1] startup
[20.753s] [ext: omni.kit.ui.actions-1.0.5] startup
[20.757s] [ext: omni.kit.viewport.menubar.camera-107.0.10] startup
[20.772s] [ext: omni.kit.viewport.menubar.lighting-107.3.2] startup
[20.782s] [ext: omni.kit.viewport.menubar.render-110.0.0] startup
[20.791s] [ext: omni.kit.viewport.menubar.settings-110.0.1] startup
[20.805s] [ext: omni.kit.window.console-1.1.9] startup
[20.814s] [ext: omni.kit.window.status_bar-0.1.11] startup
[20.817s] [ext: omni.kit.window.toolbar-3.0.3] startup
[20.820s] [ext: omni.ocio-0.1.1] startup
[20.821s] [ext: omni.physx.commands-110.1.13] startup
[20.837s] [ext: omni.replicator.replicator_yaml-2.0.12] startup
[20.858s] [ext: omni.rtx.window.settings-0.8.0] startup
[20.867s] [ext: omni.rtx.settings.core-0.7.1] startup
[20.882s] [ext: omni.usd.metrics.assembler.ui-110.1.1] startup
[20.895s] [ext: semantics.schema.editor-2.0.2] startup
[20.903s] [ext: semantics.schema.property-2.0.2] startup
[20.906s] [ext: omni.kit.menu.common-2.0.2] startup
[20.909s] [ext: isaacsim.exp.base-6.0.1] startup
[20.909s] [ext: isaacsim.exp.base.python-6.0.1] startup
[20.911s] Simulation App Starting
[23.589s] Simulation App Startup Complete
[23.590s] app ready
Starting kit application with the following args:  ['/isaac-sim/exts/isaacsim.simulation_app/isaacsim/simulation_app/simulation_app.py', '/isaac-sim/apps/isaacsim.exp.base.python.kit', '--/app/tokens/exe-path=/isaac-sim/kit', '--/persistent/app/viewport/displayOptions=3094', '--/rtx/materialDb/syncLoads=True', '--/rtx/hydra/materialSyncLoads=True', '--/omni/kit/plugin/syncUsdLoads=True', '--/app/renderer/resolution/width=1280', '--/app/renderer/resolution/height=720', '--/app/window/width=1440', '--/app/window/height=900', '--/renderer/multiGpu/enabled=True', '--/app/fastShutdown=True', '--/app/installSignalHandlers=0', '--ext-folder', '/isaac-sim/exts', '--ext-folder', '/isaac-sim/apps', '--/physics/cudaDevice=0', '--/renderer/raytracingMotion/enabled=true', '--/renderer/raytracingMotion/enableHydraEngineMasking=true', "--/renderer/raytracingMotion/enabledForHydraEngines='0'", '--/plugins/carb.tasking.plugin/threadCount=32', '--/plugins/omni.tbb.globalcontrol/maxThreadCount=32', '--portable', '--no-window', '--/app/window/hideUi=1']
Passing the following args to the base kit application:  ['--capture-stage-path', '/workspace/results/gate0_baseline/gate0_20260810_cano_native_mesh_lidar_label_smoke_v1_seed0/artifacts/isaac_stage.usda', '--capture-manifest-path', '/workspace/results/gate0_baseline/gate0_20260810_cano_native_mesh_lidar_label_smoke_v1_seed0/artifacts/pose_manifest.json', '--capture-output-dir', '/workspace/results/gate0_baseline/gate0_20260810_cano_native_mesh_lidar_label_smoke_v1_seed0/artifacts/rtx_capture', '--capture-metrics-path', '/workspace/results/gate0_baseline/gate0_20260810_cano_native_mesh_lidar_label_smoke_v1_seed0/metrics/isaac_capture.json', '--capture-config-name', 'MTARE_VLP16_720_50M_V1']
Warp 1.13.0 initialized:
   CUDA Toolkit 12.9, Driver 13.0
   Devices:
     "cpu"      : "x86_64"
     "cuda:0"   : "NVIDIA GeForce RTX 5090 D" (31 GiB, sm_120, mempool enabled)
   Kernel cache:
     /isaac-sim/.cache/warp/1.13.0
CAPTURE_MAIN_ENTER
[24.126s] Simulation App Shutting Down
