/home/zeng-workstation/anaconda3/lib/python3.13/site-packages/torch/backends/__init__.py:46: UserWarning: Please use the new API settings to control TF32 behavior, such as torch.backends.cudnn.conv.fp32_precision = 'tf32' or torch.backends.cuda.matmul.fp32_precision = 'ieee'. Old settings, e.g, torch.backends.cuda.matmul.allow_tf32 = True, torch.backends.cudnn.allow_tf32 = True, allowTF32CuDNN() and allowTF32CuBLAS() will be deprecated after Pytorch 2.9. Please see https://pytorch.org/docs/main/notes/cuda.html#tensorfloat-32-tf32-on-ampere-and-later-devices (Triggered internally at /pytorch/aten/src/ATen/Context.cpp:80.)
  self.setter(val)
{"c07": {"axis_mean_error_deg": 8.521901281330965, "causal_count_accuracy": 0.9321177802944507, "core_loss": {"axis": 0.018740156949837473, "column_exclusivity": 0.057805637290646986, "count": 0.2119198128469883, "event": 0.7153139841471905, "global_geometry": 0.004474989728021783, "proposal": 0.19674131023611632, "reveal": 0.2572483649483932, "token_geometry": -2.4255118881901496, "total": -0.16766066794600584, "transport_row": 0.7720392517937741, "uncertainty": 0.02356771583253449}, "event": {"accuracy": 0.8468999443103769, "confusion": [[14569, 724, 97, 2, 0], [295, 2893, 1, 0, 0], [102, 9, 787, 1, 1], [258, 13, 8, 0, 0], [1550, 215, 22, 1, 0]], "macro_f1": 0.5189211766335513, "per_class": {"corridor": {"f1": 0.9058633339551079, "precision": 0.8685465601526171, "recall": 0.9465306652806653, "support": 15392}, "geometry_transition": {"f1": 0.0, "precision": 0.0, "recall": 0.0, "support": 1788}, "junction": {"f1": 0.821524918358654, "precision": 0.750648676699533, "recall": 0.9071809344622138, "support": 3189}, "terminal": {"f1": 0.8672176308539945, "precision": 0.8601092896174863, "recall": 0.8744444444444445, "support": 900}, "turn": {"f1": 0.0, "precision": 0.0, "recall": 0.0, "support": 279}}}, "rows": 21548, "selection_loss": -0.16766066794600584}, "core_steps": 1137, "descriptor_steps": 86, "epoch": 0, "optimizer_steps": 1223, "train": {"core": {"axis": 0.02201618516568863, "column_exclusivity": 0.057805172012530076, "count": 0.27160800035573623, "event": 0.7551261975938713, "global_geometry": 0.004095423203324429, "proposal": 0.2147698376288138, "reveal": 0.27111161944798523, "token_geometry": -2.3167871636976933, "total": 0.23710310604528714, "transport_row": 0.9369540551499916, "uncertainty": 0.02040377961362054}, "descriptor": {"branch_association": 3.213055741956934, "place_association": 1.9321563093257885, "total": 5.1452120601126055}}}
{"c07": {"axis_mean_error_deg": 6.8620952459618225, "causal_count_accuracy": 0.946806342015855, "core_loss": {"axis": 0.012147244066540245, "column_exclusivity": 0.024175677265427662, "count": 0.15813102659524553, "event": 0.6658970461855777, "global_geometry": 0.0035741543306057407, "proposal": 0.19453554899772865, "reveal": 0.2241616992712787, "token_geometry": -2.611114354330112, "total": -0.7134194800055201, "transport_row": 0.5922609667029389, "uncertainty": 0.022811495579331553}, "event": {"accuracy": 0.8645813996658622, "confusion": [[14942, 304, 110, 36, 0], [396, 2786, 1, 6, 0], [4, 9, 884, 3, 0], [248, 2, 11, 18, 0], [1601, 161, 19, 7, 0]], "macro_f1": 0.5605001738794723, "per_class": {"corridor": {"f1": 0.9171653929963478, "precision": 0.8691757314874062, "recall": 0.9707640332640333, "support": 15392}, "geometry_transition": {"f1": 0.0, "precision": 0.0, "recall": 0.0, "support": 1788}, "junction": {"f1": 0.863742055495272, "precision": 0.8540772532188842, "recall": 0.8736280965820006, "support": 3189}, "terminal": {"f1": 0.9184415584415584, "precision": 0.8624390243902439, "recall": 0.9822222222222222, "support": 900}, "turn": {"f1": 0.10315186246418338, "precision": 0.2571428571428571, "recall": 0.06451612903225806, "support": 279}}}, "rows": 21548, "selection_loss": -0.7134194800055201}, "core_steps": 1137, "descriptor_steps": 86, "epoch": 1, "optimizer_steps": 1223, "train": {"core": {"axis": 0.015327284203940325, "column_exclusivity": 0.03671492097671059, "count": 0.1440585301380249, "event": 0.5962815635744289, "global_geometry": 0.003564303521464326, "proposal": 0.1962309911432518, "reveal": 0.2213821859644832, "token_geometry": -2.623654806985508, "total": -0.747304136500497, "transport_row": 0.6444311531965193, "uncertainty": 0.018359736936649076}, "descriptor": {"branch_association": 2.2285901366189953, "place_association": 1.183255918022308, "total": 3.4118460474642354}}}
{"c07": {"axis_mean_error_deg": 6.391387046500971, "causal_count_accuracy": 0.9578935447338618, "core_loss": {"axis": 0.010474809908071196, "column_exclusivity": 0.036084417857787085, "count": 0.1242836473557169, "event": 0.5795604140455042, "global_geometry": 0.003418412718436357, "proposal": 0.19115142279992814, "reveal": 0.2250236537685921, "token_geometry": -2.679150900593799, "total": -0.9383901437509031, "transport_row": 0.5529126725034245, "uncertainty": 0.01785130751642219}, "event": {"accuracy": 0.8506125858548357, "confusion": [[14363, 307, 116, 257, 349], [259, 2866, 3, 31, 30], [6, 7, 887, 0, 0], [193, 3, 2, 79, 2], [1442, 183, 21, 8, 134]], "macro_f1": 0.611905162534094, "per_class": {"corridor": {"f1": 0.9074711735902701, "precision": 0.883170386767509, "recall": 0.9331470893970893, "support": 15392}, "geometry_transition": {"f1": 0.11636995223621363, "precision": 0.26019417475728157, "recall": 0.07494407158836688, "support": 1788}, "junction": {"f1": 0.8744469870327994, "precision": 0.851455733808675, "recall": 0.898714330511132, "support": 3189}, "terminal": {"f1": 0.9196474857439088, "precision": 0.8620019436345967, "recall": 0.9855555555555555, "support": 900}, "turn": {"f1": 0.2415902140672783, "precision": 0.21066666666666667, "recall": 0.2831541218637993, "support": 279}}}, "rows": 21548, "selection_loss": -0.9383901437509031}, "core_steps": 1137, "descriptor_steps": 86, "epoch": 2, "optimizer_steps": 1223, "train": {"core": {"axis": 0.011000911091004045, "column_exclusivity": 0.028124607616952402, "count": 0.11741059869487468, "event": 0.5506373872716479, "global_geometry": 0.0032846258136623057, "proposal": 0.1914938262342092, "reveal": 0.1897854921420836, "token_geometry": -2.702073691789779, "total": -1.0776269105001834, "transport_row": 0.5168451945921673, "uncertainty": 0.01586413257220538}, "descriptor": {"branch_association": 2.035159670040704, "place_association": 1.0266227018870488, "total": 3.061782379340183}}}
Command terminated by signal 15
	Command being timed: "/home/zeng-workstation/.local/share/mtare_topo_comm/envs/phase3_torch290_cu129_zarr2187_v1/bin/python /home/zeng-workstation/mtare_topo_comm/tools/v3/train_gse_sparse_circular_relation_transport_v2.py --dataset-root /home/zeng-workstation/mtare_topo_comm/results/gate2_representation/gate2_20260824_gse_deduplicated_dataset_export_v1_seed0/artifacts/dataset/train --sequence-manifest /home/zeng-workstation/mtare_topo_comm/results/gate2_representation/gate2_20260824_gse_deduplicated_dataset_export_v1_seed0/artifacts/sequence_manifest.jsonl --predecessor-checkpoint /home/zeng-workstation/mtare_topo_comm/results/gate3_semantics/gate3_20260829_gse_cardinality_conditioned_circular_slot_transport_three_seed_training_v1_seed0/artifacts/models/seed0/best.pt --output-dir /home/zeng-workstation/mtare_topo_comm/results/gate3_semantics/gate3_20260829_gse_sparse_circular_relation_transport_three_seed_training_v2r4_seed0/artifacts/models/seed0 --seed 0 --epochs 10 --batch-size 128 --evaluation-batch-size 256 --learning-rate 0.0003 --weight-decay 0.0001"
	User time (seconds): 1775.69
	System time (seconds): 32.12
	Percent of CPU this job got: 100%
	Elapsed (wall clock) time (h:mm:ss or m:ss): 29:50.87
	Average shared text size (kbytes): 0
	Average unshared data size (kbytes): 0
	Average stack size (kbytes): 0
	Average total size (kbytes): 0
	Maximum resident set size (kbytes): 3479384
	Average resident set size (kbytes): 0
	Major (requiring I/O) page faults: 0
	Minor (reclaiming a frame) page faults: 4690379
	Voluntary context switches: 1158646
	Involuntary context switches: 6324
	Swaps: 0
	File system inputs: 0
	File system outputs: 18616
	Socket messages sent: 0
	Socket messages received: 0
	Signals delivered: 0
	Page size (bytes): 4096
	Exit status: 0
