{
  "checks": {
    "axis_error_at_most_ten_degrees": false,
    "combined_association_safe_and_recalled": false,
    "continuous_geometry_improves_rule_baseline": false,
    "current_branch_field_safe_and_recalled": false,
    "event_macro_f1_gain_at_least_five_points": false,
    "exact_c07_c08_population": true,
    "three_relation_channels_safe_and_nontrivial": false,
    "uncertainty_refusal_safe_and_recalled": false
  },
  "decision": "STOP_AXIS_ANCHORED_EVENT_RELATION_BEFORE_GRAPH_AND_ATTRIBUTE",
  "status": "FAIL_GSE_AXIS_ANCHORED_EVENT_RELATION_SELECTION_V1"
}
Command exited with non-zero status 2
	Command being timed: "/home/zeng-workstation/.local/share/mtare_topo_comm/envs/phase3_torch290_cu129_zarr2187_v1/bin/python /home/zeng-workstation/mtare_topo_comm/tools/v3/evaluate_gse_axis_anchored_event_relation_selection_v1.py --dataset-root /home/zeng-workstation/mtare_topo_comm/results/gate2_representation/gate2_20260824_gse_deduplicated_dataset_export_v1_seed0/artifacts/dataset/train --sequence-manifest /home/zeng-workstation/mtare_topo_comm/results/gate2_representation/gate2_20260824_gse_deduplicated_dataset_export_v1_seed0/artifacts/sequence_manifest.jsonl --association-pairs /home/zeng-workstation/mtare_topo_comm/results/gate2_representation/gate2_20260824_gse_deduplicated_dataset_export_v1_seed0/artifacts/association_pairs_numeric.jsonl --output-dir /home/zeng-workstation/mtare_topo_comm/results/gate3_semantics/gate3_20260829_gse_axis_anchored_event_relation_three_seed_training_v1_seed0/metrics/selection --prediction-root /home/zeng-workstation/mtare_topo_comm/results/gate3_semantics/gate3_20260829_gse_axis_anchored_event_relation_three_seed_training_v1_seed0/artifacts/models/seed0/development_predictions --prediction-root /home/zeng-workstation/mtare_topo_comm/results/gate3_semantics/gate3_20260829_gse_axis_anchored_event_relation_three_seed_training_v1_seed0/artifacts/models/seed1/development_predictions --prediction-root /home/zeng-workstation/mtare_topo_comm/results/gate3_semantics/gate3_20260829_gse_axis_anchored_event_relation_three_seed_training_v1_seed0/artifacts/models/seed2/development_predictions"
	User time (seconds): 74.60
	System time (seconds): 2.41
	Percent of CPU this job got: 103%
	Elapsed (wall clock) time (h:mm:ss or m:ss): 1:14.39
	Average shared text size (kbytes): 0
	Average unshared data size (kbytes): 0
	Average stack size (kbytes): 0
	Average total size (kbytes): 0
	Maximum resident set size (kbytes): 3235644
	Average resident set size (kbytes): 0
	Major (requiring I/O) page faults: 0
	Minor (reclaiming a frame) page faults: 375885
	Voluntary context switches: 581876
	Involuntary context switches: 564
	Swaps: 0
	File system inputs: 0
	File system outputs: 720
	Socket messages sent: 0
	Socket messages received: 0
	Signals delivered: 0
	Page size (bytes): 4096
	Exit status: 2
