argv=["/tmp/mtare_cano_compat_e1_py312_np126_sp112/bin/python", "-m", "pip", "install", "--constraint", "/home/zeng-workstation/mtare_topo_comm/results/gate0_baseline/gate0_20260810_cano_dependency_compatibility_matrix_v1_seed0/config/constraints_E1.txt", "-r", "/home/zeng-workstation/mtare_topo_comm/external/procedural-subt-gen/requirements.txt", "/home/zeng-workstation/mtare_topo_comm/external/procedural-subt-gen", "opencv-python-headless==4.8.1.78"]
cwd=/home/zeng-workstation/mtare_topo_comm
started_at_utc=2026-08-10T10:09:18.889706+00:00
Processing ./external/procedural-subt-gen
  Installing build dependencies: started
  Installing build dependencies: finished with status 'done'
  Getting requirements to build wheel: started
  Getting requirements to build wheel: finished with status 'done'
  Preparing metadata (pyproject.toml): started
  Preparing metadata (pyproject.toml): finished with status 'done'
Collecting git+https://github.com/pvigier/perlin-numpy (from -r /home/zeng-workstation/mtare_topo_comm/external/procedural-subt-gen/requirements.txt (line 1))
  Cloning https://github.com/pvigier/perlin-numpy to /tmp/pip-req-build-o4ocj34l
  Running command git clone --filter=blob:none --quiet https://github.com/pvigier/perlin-numpy /tmp/pip-req-build-o4ocj34l
  Resolved https://github.com/pvigier/perlin-numpy to commit 5e26837db14042e51166eb6cad4c0df2c1907016
  Installing build dependencies: started
  Installing build dependencies: finished with status 'done'
  Getting requirements to build wheel: started
  Getting requirements to build wheel: finished with status 'done'
  Preparing metadata (pyproject.toml): started
  Preparing metadata (pyproject.toml): finished with status 'done'
Collecting opencv-python-headless==4.8.1.78
  Downloading opencv_python_headless-4.8.1.78-cp37-abi3-manylinux_2_17_x86_64.manylinux2014_x86_64.whl.metadata (19 kB)
Collecting matplotlib (from -r /home/zeng-workstation/mtare_topo_comm/external/procedural-subt-gen/requirements.txt (line 2))
  Using cached matplotlib-3.11.1-cp312-cp312-manylinux2014_x86_64.manylinux_2_17_x86_64.whl.metadata (80 kB)
Collecting open3d (from -r /home/zeng-workstation/mtare_topo_comm/external/procedural-subt-gen/requirements.txt (line 3))
  Using cached open3d-0.19.0-cp312-cp312-manylinux_2_31_x86_64.whl.metadata (4.3 kB)
Collecting perlin_noise (from -r /home/zeng-workstation/mtare_topo_comm/external/procedural-subt-gen/requirements.txt (line 4))
  Using cached perlin_noise-1.14-py3-none-any.whl.metadata (472 bytes)
Collecting pyqt5 (from -r /home/zeng-workstation/mtare_topo_comm/external/procedural-subt-gen/requirements.txt (line 5))
  Using cached PyQt5-5.15.11-cp38-abi3-manylinux_2_17_x86_64.whl.metadata (2.1 kB)
Collecting pyvista (from -r /home/zeng-workstation/mtare_topo_comm/external/procedural-subt-gen/requirements.txt (line 6))
  Using cached pyvista-0.48.4-py3-none-any.whl.metadata (13 kB)
Collecting pyvistaqt (from -r /home/zeng-workstation/mtare_topo_comm/external/procedural-subt-gen/requirements.txt (line 7))
  Using cached pyvistaqt-0.12.0-py3-none-any.whl.metadata (5.2 kB)
Collecting pyyaml (from -r /home/zeng-workstation/mtare_topo_comm/external/procedural-subt-gen/requirements.txt (line 8))
  Using cached pyyaml-6.0.3-cp312-cp312-manylinux2014_x86_64.manylinux_2_17_x86_64.manylinux_2_28_x86_64.whl.metadata (2.4 kB)
Collecting scipy (from -r /home/zeng-workstation/mtare_topo_comm/external/procedural-subt-gen/requirements.txt (line 9))
  Downloading scipy-1.12.0-cp312-cp312-manylinux_2_17_x86_64.manylinux2014_x86_64.whl.metadata (60 kB)
     ━━━━━━━━━━━━━━━━━━━━━━━━━━━━━━━━━━━━━━━ 60.4/60.4 kB 179.2 kB/s eta 0:00:00
Collecting distinctipy (from -r /home/zeng-workstation/mtare_topo_comm/external/procedural-subt-gen/requirements.txt (line 10))
  Using cached distinctipy-1.3.4-py3-none-any.whl.metadata (7.7 kB)
Collecting numpy>=1.21.2 (from opencv-python-headless==4.8.1.78)
  Downloading numpy-1.26.4-cp312-cp312-manylinux_2_17_x86_64.manylinux2014_x86_64.whl.metadata (61 kB)
     ━━━━━━━━━━━━━━━━━━━━━━━━━━━━━━━━━━━━━━━━ 61.0/61.0 kB 15.5 MB/s eta 0:00:00
Collecting meshio (from SubterraneanProceduralGeneration==0.0.1)
  Using cached meshio-5.3.5-py3-none-any.whl.metadata (11 kB)
Collecting contourpy>=1.0.1 (from matplotlib->-r /home/zeng-workstation/mtare_topo_comm/external/procedural-subt-gen/requirements.txt (line 2))
  Using cached contourpy-1.3.3-cp312-cp312-manylinux_2_27_x86_64.manylinux_2_28_x86_64.whl.metadata (5.5 kB)
Collecting cycler>=0.10 (from matplotlib->-r /home/zeng-workstation/mtare_topo_comm/external/procedural-subt-gen/requirements.txt (line 2))
  Using cached cycler-0.12.1-py3-none-any.whl.metadata (3.8 kB)
Collecting fonttools>=4.28.2 (from matplotlib->-r /home/zeng-workstation/mtare_topo_comm/external/procedural-subt-gen/requirements.txt (line 2))
  Using cached fonttools-4.63.0-cp312-cp312-manylinux2014_x86_64.manylinux_2_17_x86_64.whl.metadata (118 kB)
Collecting kiwisolver>=1.3.1 (from matplotlib->-r /home/zeng-workstation/mtare_topo_comm/external/procedural-subt-gen/requirements.txt (line 2))
  Using cached kiwisolver-1.5.0-cp312-cp312-manylinux2014_x86_64.manylinux_2_17_x86_64.whl.metadata (5.1 kB)
Collecting packaging>=20.0 (from matplotlib->-r /home/zeng-workstation/mtare_topo_comm/external/procedural-subt-gen/requirements.txt (line 2))
  Using cached packaging-26.3-py3-none-any.whl.metadata (3.5 kB)
Collecting pillow>=9 (from matplotlib->-r /home/zeng-workstation/mtare_topo_comm/external/procedural-subt-gen/requirements.txt (line 2))
  Using cached pillow-12.3.0-cp312-cp312-manylinux_2_27_x86_64.manylinux_2_28_x86_64.whl.metadata (9.1 kB)
Collecting pyparsing>=3 (from matplotlib->-r /home/zeng-workstation/mtare_topo_comm/external/procedural-subt-gen/requirements.txt (line 2))
  Using cached pyparsing-3.3.2-py3-none-any.whl.metadata (5.8 kB)
Collecting python-dateutil>=2.7 (from matplotlib->-r /home/zeng-workstation/mtare_topo_comm/external/procedural-subt-gen/requirements.txt (line 2))
  Using cached python_dateutil-2.9.0.post0-py2.py3-none-any.whl.metadata (8.4 kB)
Collecting dash>=2.6.0 (from open3d->-r /home/zeng-workstation/mtare_topo_comm/external/procedural-subt-gen/requirements.txt (line 3))
  Using cached dash-4.4.1-py3-none-any.whl.metadata (11 kB)
Collecting werkzeug>=3.0.0 (from open3d->-r /home/zeng-workstation/mtare_topo_comm/external/procedural-subt-gen/requirements.txt (line 3))
  Using cached werkzeug-3.1.8-py3-none-any.whl.metadata (4.0 kB)
Collecting flask>=3.0.0 (from open3d->-r /home/zeng-workstation/mtare_topo_comm/external/procedural-subt-gen/requirements.txt (line 3))
  Using cached flask-3.1.3-py3-none-any.whl.metadata (3.2 kB)
Collecting nbformat>=5.7.0 (from open3d->-r /home/zeng-workstation/mtare_topo_comm/external/procedural-subt-gen/requirements.txt (line 3))
  Using cached nbformat-5.11.0-py3-none-any.whl.metadata (3.7 kB)
Collecting configargparse (from open3d->-r /home/zeng-workstation/mtare_topo_comm/external/procedural-subt-gen/requirements.txt (line 3))
  Using cached configargparse-1.7.5-py3-none-any.whl.metadata (23 kB)
Collecting ipywidgets>=8.0.4 (from open3d->-r /home/zeng-workstation/mtare_topo_comm/external/procedural-subt-gen/requirements.txt (line 3))
  Using cached ipywidgets-8.1.8-py3-none-any.whl.metadata (2.4 kB)
Collecting addict (from open3d->-r /home/zeng-workstation/mtare_topo_comm/external/procedural-subt-gen/requirements.txt (line 3))
  Using cached addict-2.4.0-py3-none-any.whl.metadata (1.0 kB)
Collecting pandas>=1.0 (from open3d->-r /home/zeng-workstation/mtare_topo_comm/external/procedural-subt-gen/requirements.txt (line 3))
  Using cached pandas-3.0.5-cp312-cp312-manylinux_2_24_x86_64.manylinux_2_28_x86_64.whl.metadata (79 kB)
Collecting scikit-learn>=0.21 (from open3d->-r /home/zeng-workstation/mtare_topo_comm/external/procedural-subt-gen/requirements.txt (line 3))
  Using cached scikit_learn-1.9.0-cp312-cp312-manylinux_2_27_x86_64.manylinux_2_28_x86_64.whl.metadata (11 kB)
Collecting tqdm (from open3d->-r /home/zeng-workstation/mtare_topo_comm/external/procedural-subt-gen/requirements.txt (line 3))
  Using cached tqdm-4.70.0-py3-none-any.whl.metadata (57 kB)
Collecting pyquaternion (from open3d->-r /home/zeng-workstation/mtare_topo_comm/external/procedural-subt-gen/requirements.txt (line 3))
  Using cached pyquaternion-0.9.9-py3-none-any.whl.metadata (1.4 kB)
Collecting PyQt5-sip<13,>=12.15 (from pyqt5->-r /home/zeng-workstation/mtare_topo_comm/external/procedural-subt-gen/requirements.txt (line 5))
  Using cached pyqt5_sip-12.19.0-cp312-cp312-manylinux_2_5_x86_64.manylinux1_x86_64.whl.metadata (495 bytes)
Collecting PyQt5-Qt5<5.16.0,>=5.15.2 (from pyqt5->-r /home/zeng-workstation/mtare_topo_comm/external/procedural-subt-gen/requirements.txt (line 5))
  Using cached pyqt5_qt5-5.15.19-py3-none-manylinux2014_x86_64.whl.metadata (536 bytes)
Collecting cyclopts>=4.0.0 (from pyvista->-r /home/zeng-workstation/mtare_topo_comm/external/procedural-subt-gen/requirements.txt (line 6))
  Using cached cyclopts-4.22.5-py3-none-any.whl.metadata (12 kB)
Collecting pooch (from pyvista->-r /home/zeng-workstation/mtare_topo_comm/external/procedural-subt-gen/requirements.txt (line 6))
  Using cached pooch-1.9.0-py3-none-any.whl.metadata (10 kB)
Collecting scooby>=0.5.1 (from pyvista->-r /home/zeng-workstation/mtare_topo_comm/external/procedural-subt-gen/requirements.txt (line 6))
  Using cached scooby-0.11.2-py3-none-any.whl.metadata (16 kB)
Collecting typing-extensions>=4.10 (from pyvista->-r /home/zeng-workstation/mtare_topo_comm/external/procedural-subt-gen/requirements.txt (line 6))
  Using cached typing_extensions-4.16.0-py3-none-any.whl.metadata (3.3 kB)
Collecting vtk!=9.4.0 (from pyvista->-r /home/zeng-workstation/mtare_topo_comm/external/procedural-subt-gen/requirements.txt (line 6))
  Using cached vtk-9.6.2-cp312-cp312-manylinux2014_x86_64.manylinux_2_17_x86_64.whl.metadata (5.6 kB)
Collecting QtPy>=1.9.0 (from pyvistaqt->-r /home/zeng-workstation/mtare_topo_comm/external/procedural-subt-gen/requirements.txt (line 7))
  Using cached QtPy-2.4.3-py3-none-any.whl.metadata (12 kB)
Collecting attrs>=23.1.0 (from cyclopts>=4.0.0->pyvista->-r /home/zeng-workstation/mtare_topo_comm/external/procedural-subt-gen/requirements.txt (line 6))
  Using cached attrs-26.1.0-py3-none-any.whl.metadata (8.8 kB)
Collecting docstring-parser<4.0,>=0.15 (from cyclopts>=4.0.0->pyvista->-r /home/zeng-workstation/mtare_topo_comm/external/procedural-subt-gen/requirements.txt (line 6))
  Using cached docstring_parser-0.18.0-py3-none-any.whl.metadata (3.5 kB)
Collecting rich-rst<3.0.0,>=1.3.1 (from cyclopts>=4.0.0->pyvista->-r /home/zeng-workstation/mtare_topo_comm/external/procedural-subt-gen/requirements.txt (line 6))
  Using cached rich_rst-2.1.0-py3-none-any.whl.metadata (4.7 kB)
Collecting rich>=13.6.0 (from cyclopts>=4.0.0->pyvista->-r /home/zeng-workstation/mtare_topo_comm/external/procedural-subt-gen/requirements.txt (line 6))
  Using cached rich-15.0.0-py3-none-any.whl.metadata (18 kB)
Collecting plotly>=5.0.0 (from dash>=2.6.0->open3d->-r /home/zeng-workstation/mtare_topo_comm/external/procedural-subt-gen/requirements.txt (line 3))
  Using cached plotly-6.9.0-py3-none-any.whl.metadata (9.0 kB)
Collecting importlib-metadata (from dash>=2.6.0->open3d->-r /home/zeng-workstation/mtare_topo_comm/external/procedural-subt-gen/requirements.txt (line 3))
  Using cached importlib_metadata-9.0.0-py3-none-any.whl.metadata (4.5 kB)
Collecting requests (from dash>=2.6.0->open3d->-r /home/zeng-workstation/mtare_topo_comm/external/procedural-subt-gen/requirements.txt (line 3))
  Using cached requests-2.34.2-py3-none-any.whl.metadata (4.8 kB)
Collecting retrying (from dash>=2.6.0->open3d->-r /home/zeng-workstation/mtare_topo_comm/external/procedural-subt-gen/requirements.txt (line 3))
  Using cached retrying-1.4.2-py3-none-any.whl.metadata (5.5 kB)
Collecting nest-asyncio (from dash>=2.6.0->open3d->-r /home/zeng-workstation/mtare_topo_comm/external/procedural-subt-gen/requirements.txt (line 3))
  Using cached nest_asyncio-1.6.0-py3-none-any.whl.metadata (2.8 kB)
Collecting setuptools (from dash>=2.6.0->open3d->-r /home/zeng-workstation/mtare_topo_comm/external/procedural-subt-gen/requirements.txt (line 3))
  Using cached setuptools-84.0.0-py3-none-any.whl.metadata (6.6 kB)
Collecting janus>=1.0.0 (from dash>=2.6.0->open3d->-r /home/zeng-workstation/mtare_topo_comm/external/procedural-subt-gen/requirements.txt (line 3))
  Using cached janus-2.0.0-py3-none-any.whl.metadata (5.3 kB)
Collecting pydantic>=2.10 (from dash>=2.6.0->open3d->-r /home/zeng-workstation/mtare_topo_comm/external/procedural-subt-gen/requirements.txt (line 3))
  Using cached pydantic-2.13.4-py3-none-any.whl.metadata (109 kB)
Collecting comm (from dash>=2.6.0->open3d->-r /home/zeng-workstation/mtare_topo_comm/external/procedural-subt-gen/requirements.txt (line 3))
  Using cached comm-0.2.3-py3-none-any.whl.metadata (3.7 kB)
Collecting blinker>=1.9.0 (from flask>=3.0.0->open3d->-r /home/zeng-workstation/mtare_topo_comm/external/procedural-subt-gen/requirements.txt (line 3))
  Using cached blinker-1.9.0-py3-none-any.whl.metadata (1.6 kB)
Collecting click>=8.1.3 (from flask>=3.0.0->open3d->-r /home/zeng-workstation/mtare_topo_comm/external/procedural-subt-gen/requirements.txt (line 3))
  Using cached click-8.4.2-py3-none-any.whl.metadata (2.6 kB)
Collecting itsdangerous>=2.2.0 (from flask>=3.0.0->open3d->-r /home/zeng-workstation/mtare_topo_comm/external/procedural-subt-gen/requirements.txt (line 3))
  Using cached itsdangerous-2.2.0-py3-none-any.whl.metadata (1.9 kB)
Collecting jinja2>=3.1.2 (from flask>=3.0.0->open3d->-r /home/zeng-workstation/mtare_topo_comm/external/procedural-subt-gen/requirements.txt (line 3))
  Using cached jinja2-3.1.6-py3-none-any.whl.metadata (2.9 kB)
Collecting markupsafe>=2.1.1 (from flask>=3.0.0->open3d->-r /home/zeng-workstation/mtare_topo_comm/external/procedural-subt-gen/requirements.txt (line 3))
  Using cached markupsafe-3.0.3-cp312-cp312-manylinux2014_x86_64.manylinux_2_17_x86_64.manylinux_2_28_x86_64.whl.metadata (2.7 kB)
Collecting ipython>=6.1.0 (from ipywidgets>=8.0.4->open3d->-r /home/zeng-workstation/mtare_topo_comm/external/procedural-subt-gen/requirements.txt (line 3))
  Using cached ipython-9.16.1-py3-none-any.whl.metadata (4.6 kB)
Collecting traitlets>=4.3.1 (from ipywidgets>=8.0.4->open3d->-r /home/zeng-workstation/mtare_topo_comm/external/procedural-subt-gen/requirements.txt (line 3))
  Using cached traitlets-5.16.1-py3-none-any.whl.metadata (10 kB)
Collecting widgetsnbextension~=4.0.14 (from ipywidgets>=8.0.4->open3d->-r /home/zeng-workstation/mtare_topo_comm/external/procedural-subt-gen/requirements.txt (line 3))
  Using cached widgetsnbextension-4.0.15-py3-none-any.whl.metadata (1.6 kB)
Collecting jupyterlab_widgets~=3.0.15 (from ipywidgets>=8.0.4->open3d->-r /home/zeng-workstation/mtare_topo_comm/external/procedural-subt-gen/requirements.txt (line 3))
  Using cached jupyterlab_widgets-3.0.16-py3-none-any.whl.metadata (20 kB)
Collecting fastjsonschema>=2.15 (from nbformat>=5.7.0->open3d->-r /home/zeng-workstation/mtare_topo_comm/external/procedural-subt-gen/requirements.txt (line 3))
  Using cached fastjsonschema-2.22.1-py3-none-any.whl.metadata (2.1 kB)
Collecting jsonschema>=2.6 (from nbformat>=5.7.0->open3d->-r /home/zeng-workstation/mtare_topo_comm/external/procedural-subt-gen/requirements.txt (line 3))
  Using cached jsonschema-4.26.0-py3-none-any.whl.metadata (7.6 kB)
Collecting jupyter-core!=5.0.*,>=4.12 (from nbformat>=5.7.0->open3d->-r /home/zeng-workstation/mtare_topo_comm/external/procedural-subt-gen/requirements.txt (line 3))
  Using cached jupyter_core-5.9.1-py3-none-any.whl.metadata (1.5 kB)
Collecting six>=1.5 (from python-dateutil>=2.7->matplotlib->-r /home/zeng-workstation/mtare_topo_comm/external/procedural-subt-gen/requirements.txt (line 2))
  Using cached six-1.17.0-py2.py3-none-any.whl.metadata (1.7 kB)
Collecting joblib>=1.4.0 (from scikit-learn>=0.21->open3d->-r /home/zeng-workstation/mtare_topo_comm/external/procedural-subt-gen/requirements.txt (line 3))
  Using cached joblib-1.5.3-py3-none-any.whl.metadata (5.5 kB)
Collecting narwhals>=2.0.1 (from scikit-learn>=0.21->open3d->-r /home/zeng-workstation/mtare_topo_comm/external/procedural-subt-gen/requirements.txt (line 3))
  Using cached narwhals-2.24.0-py3-none-any.whl.metadata (15 kB)
Collecting threadpoolctl>=3.5.0 (from scikit-learn>=0.21->open3d->-r /home/zeng-workstation/mtare_topo_comm/external/procedural-subt-gen/requirements.txt (line 3))
  Using cached threadpoolctl-3.6.0-py3-none-any.whl.metadata (13 kB)
Collecting platformdirs>=2.5.0 (from pooch->pyvista->-r /home/zeng-workstation/mtare_topo_comm/external/procedural-subt-gen/requirements.txt (line 6))
  Using cached platformdirs-4.11.1-py3-none-any.whl.metadata (5.5 kB)
Collecting ipython-pygments-lexers>=1.0.0 (from ipython>=6.1.0->ipywidgets>=8.0.4->open3d->-r /home/zeng-workstation/mtare_topo_comm/external/procedural-subt-gen/requirements.txt (line 3))
  Using cached ipython_pygments_lexers-1.1.1-py3-none-any.whl.metadata (1.1 kB)
Collecting jedi>=0.18.2 (from ipython>=6.1.0->ipywidgets>=8.0.4->open3d->-r /home/zeng-workstation/mtare_topo_comm/external/procedural-subt-gen/requirements.txt (line 3))
  Using cached jedi-0.20.0-py2.py3-none-any.whl.metadata (23 kB)
Collecting matplotlib-inline>=0.1.6 (from ipython>=6.1.0->ipywidgets>=8.0.4->open3d->-r /home/zeng-workstation/mtare_topo_comm/external/procedural-subt-gen/requirements.txt (line 3))
  Using cached matplotlib_inline-0.2.2-py3-none-any.whl.metadata (2.4 kB)
Collecting pexpect>4.6 (from ipython>=6.1.0->ipywidgets>=8.0.4->open3d->-r /home/zeng-workstation/mtare_topo_comm/external/procedural-subt-gen/requirements.txt (line 3))
  Using cached pexpect-4.9.0-py2.py3-none-any.whl.metadata (2.5 kB)
Collecting prompt_toolkit<3.1.0,>=3.0.41 (from ipython>=6.1.0->ipywidgets>=8.0.4->open3d->-r /home/zeng-workstation/mtare_topo_comm/external/procedural-subt-gen/requirements.txt (line 3))
  Using cached prompt_toolkit-3.0.53-py3-none-any.whl.metadata (6.4 kB)
Collecting psutil>=7 (from ipython>=6.1.0->ipywidgets>=8.0.4->open3d->-r /home/zeng-workstation/mtare_topo_comm/external/procedural-subt-gen/requirements.txt (line 3))
  Using cached psutil-7.2.2-cp36-abi3-manylinux2010_x86_64.manylinux_2_12_x86_64.manylinux_2_28_x86_64.whl.metadata (22 kB)
Collecting pygments>=2.14.0 (from ipython>=6.1.0->ipywidgets>=8.0.4->open3d->-r /home/zeng-workstation/mtare_topo_comm/external/procedural-subt-gen/requirements.txt (line 3))
  Using cached pygments-2.20.0-py3-none-any.whl.metadata (2.5 kB)
Collecting stack_data>=0.6.0 (from ipython>=6.1.0->ipywidgets>=8.0.4->open3d->-r /home/zeng-workstation/mtare_topo_comm/external/procedural-subt-gen/requirements.txt (line 3))
  Using cached stack_data-0.6.3-py3-none-any.whl.metadata (18 kB)
Collecting jsonschema-specifications>=2023.03.6 (from jsonschema>=2.6->nbformat>=5.7.0->open3d->-r /home/zeng-workstation/mtare_topo_comm/external/procedural-subt-gen/requirements.txt (line 3))
  Using cached jsonschema_specifications-2025.9.1-py3-none-any.whl.metadata (2.9 kB)
Collecting referencing>=0.28.4 (from jsonschema>=2.6->nbformat>=5.7.0->open3d->-r /home/zeng-workstation/mtare_topo_comm/external/procedural-subt-gen/requirements.txt (line 3))
  Using cached referencing-0.37.0-py3-none-any.whl.metadata (2.8 kB)
Collecting rpds-py>=0.25.0 (from jsonschema>=2.6->nbformat>=5.7.0->open3d->-r /home/zeng-workstation/mtare_topo_comm/external/procedural-subt-gen/requirements.txt (line 3))
  Using cached rpds_py-2026.6.3-cp312-cp312-manylinux_2_17_x86_64.manylinux2014_x86_64.whl.metadata (4.1 kB)
Collecting annotated-types>=0.6.0 (from pydantic>=2.10->dash>=2.6.0->open3d->-r /home/zeng-workstation/mtare_topo_comm/external/procedural-subt-gen/requirements.txt (line 3))
  Using cached annotated_types-0.8.0-py3-none-any.whl.metadata (15 kB)
Collecting pydantic-core==2.46.4 (from pydantic>=2.10->dash>=2.6.0->open3d->-r /home/zeng-workstation/mtare_topo_comm/external/procedural-subt-gen/requirements.txt (line 3))
  Using cached pydantic_core-2.46.4-cp312-cp312-manylinux_2_17_x86_64.manylinux2014_x86_64.whl.metadata (6.6 kB)
Collecting typing-inspection>=0.4.2 (from pydantic>=2.10->dash>=2.6.0->open3d->-r /home/zeng-workstation/mtare_topo_comm/external/procedural-subt-gen/requirements.txt (line 3))
  Using cached typing_inspection-0.4.3-py3-none-any.whl.metadata (2.6 kB)
Collecting charset_normalizer<4,>=2 (from requests->dash>=2.6.0->open3d->-r /home/zeng-workstation/mtare_topo_comm/external/procedural-subt-gen/requirements.txt (line 3))
  Using cached charset_normalizer-3.4.9-cp312-cp312-manylinux2014_x86_64.manylinux_2_17_x86_64.manylinux_2_28_x86_64.whl.metadata (41 kB)
Collecting idna<4,>=2.5 (from requests->dash>=2.6.0->open3d->-r /home/zeng-workstation/mtare_topo_comm/external/procedural-subt-gen/requirements.txt (line 3))
  Using cached idna-3.18-py3-none-any.whl.metadata (6.1 kB)
Collecting urllib3<3,>=1.26 (from requests->dash>=2.6.0->open3d->-r /home/zeng-workstation/mtare_topo_comm/external/procedural-subt-gen/requirements.txt (line 3))
  Using cached urllib3-2.7.0-py3-none-any.whl.metadata (6.9 kB)
Collecting certifi>=2023.5.7 (from requests->dash>=2.6.0->open3d->-r /home/zeng-workstation/mtare_topo_comm/external/procedural-subt-gen/requirements.txt (line 3))
  Using cached certifi-2026.7.22-py3-none-any.whl.metadata (2.5 kB)
Collecting markdown-it-py>=2.2.0 (from rich>=13.6.0->cyclopts>=4.0.0->pyvista->-r /home/zeng-workstation/mtare_topo_comm/external/procedural-subt-gen/requirements.txt (line 6))
  Using cached markdown_it_py-4.2.0-py3-none-any.whl.metadata (7.4 kB)
Collecting zipp>=3.20 (from importlib-metadata->dash>=2.6.0->open3d->-r /home/zeng-workstation/mtare_topo_comm/external/procedural-subt-gen/requirements.txt (line 3))
  Using cached zipp-4.1.0-py3-none-any.whl.metadata (3.6 kB)
Collecting parso<0.9.0,>=0.8.6 (from jedi>=0.18.2->ipython>=6.1.0->ipywidgets>=8.0.4->open3d->-r /home/zeng-workstation/mtare_topo_comm/external/procedural-subt-gen/requirements.txt (line 3))
  Using cached parso-0.8.7-py2.py3-none-any.whl.metadata (8.2 kB)
Collecting mdurl~=0.1 (from markdown-it-py>=2.2.0->rich>=13.6.0->cyclopts>=4.0.0->pyvista->-r /home/zeng-workstation/mtare_topo_comm/external/procedural-subt-gen/requirements.txt (line 6))
  Using cached mdurl-0.1.2-py3-none-any.whl.metadata (1.6 kB)
Collecting ptyprocess>=0.5 (from pexpect>4.6->ipython>=6.1.0->ipywidgets>=8.0.4->open3d->-r /home/zeng-workstation/mtare_topo_comm/external/procedural-subt-gen/requirements.txt (line 3))
  Using cached ptyprocess-0.7.0-py2.py3-none-any.whl.metadata (1.3 kB)
Collecting wcwidth>=0.1.4 (from prompt_toolkit<3.1.0,>=3.0.41->ipython>=6.1.0->ipywidgets>=8.0.4->open3d->-r /home/zeng-workstation/mtare_topo_comm/external/procedural-subt-gen/requirements.txt (line 3))
  Using cached wcwidth-0.8.2-py3-none-any.whl.metadata (43 kB)
Collecting executing>=1.2.0 (from stack_data>=0.6.0->ipython>=6.1.0->ipywidgets>=8.0.4->open3d->-r /home/zeng-workstation/mtare_topo_comm/external/procedural-subt-gen/requirements.txt (line 3))
  Using cached executing-2.2.1-py2.py3-none-any.whl.metadata (8.9 kB)
Collecting asttokens>=2.1.0 (from stack_data>=0.6.0->ipython>=6.1.0->ipywidgets>=8.0.4->open3d->-r /home/zeng-workstation/mtare_topo_comm/external/procedural-subt-gen/requirements.txt (line 3))
  Using cached asttokens-3.0.2-py3-none-any.whl.metadata (5.7 kB)
Collecting pure-eval (from stack_data>=0.6.0->ipython>=6.1.0->ipywidgets>=8.0.4->open3d->-r /home/zeng-workstation/mtare_topo_comm/external/procedural-subt-gen/requirements.txt (line 3))
  Using cached pure_eval-0.2.3-py3-none-any.whl.metadata (6.3 kB)
Downloading opencv_python_headless-4.8.1.78-cp37-abi3-manylinux_2_17_x86_64.manylinux2014_x86_64.whl (49.1 MB)
   ━━━━━━━━━━━━━━━━━━━━━━━━━━━━━━━━━━━━━━━━ 49.1/49.1 MB 3.5 MB/s eta 0:00:00
Using cached matplotlib-3.11.1-cp312-cp312-manylinux2014_x86_64.manylinux_2_17_x86_64.whl (10.0 MB)
Using cached open3d-0.19.0-cp312-cp312-manylinux_2_31_x86_64.whl (447.7 MB)
Using cached perlin_noise-1.14-py3-none-any.whl (4.6 kB)
Using cached PyQt5-5.15.11-cp38-abi3-manylinux_2_17_x86_64.whl (8.2 MB)
Using cached pyvista-0.48.4-py3-none-any.whl (2.6 MB)
Using cached pyvistaqt-0.12.0-py3-none-any.whl (134 kB)
Using cached pyyaml-6.0.3-cp312-cp312-manylinux2014_x86_64.manylinux_2_17_x86_64.manylinux_2_28_x86_64.whl (807 kB)
Downloading scipy-1.12.0-cp312-cp312-manylinux_2_17_x86_64.manylinux2014_x86_64.whl (37.8 MB)
   ━━━━━━━━━━━━━━━━━━━━━━━━━━━━━━━━━━━━━━━━ 37.8/37.8 MB 3.9 MB/s eta 0:00:00
Using cached distinctipy-1.3.4-py3-none-any.whl (26 kB)
Using cached contourpy-1.3.3-cp312-cp312-manylinux_2_27_x86_64.manylinux_2_28_x86_64.whl (362 kB)
Using cached cycler-0.12.1-py3-none-any.whl (8.3 kB)
Using cached cyclopts-4.22.5-py3-none-any.whl (234 kB)
Using cached dash-4.4.1-py3-none-any.whl (8.9 MB)
Using cached flask-3.1.3-py3-none-any.whl (103 kB)
Using cached fonttools-4.63.0-cp312-cp312-manylinux2014_x86_64.manylinux_2_17_x86_64.whl (5.0 MB)
Using cached ipywidgets-8.1.8-py3-none-any.whl (139 kB)
Using cached kiwisolver-1.5.0-cp312-cp312-manylinux2014_x86_64.manylinux_2_17_x86_64.whl (1.5 MB)
Using cached nbformat-5.11.0-py3-none-any.whl (79 kB)
Downloading numpy-1.26.4-cp312-cp312-manylinux_2_17_x86_64.manylinux2014_x86_64.whl (18.0 MB)
   ━━━━━━━━━━━━━━━━━━━━━━━━━━━━━━━━━━━━━━━━ 18.0/18.0 MB 3.2 MB/s eta 0:00:00
Using cached packaging-26.3-py3-none-any.whl (129 kB)
Using cached pandas-3.0.5-cp312-cp312-manylinux_2_24_x86_64.manylinux_2_28_x86_64.whl (11.0 MB)
Using cached pillow-12.3.0-cp312-cp312-manylinux_2_27_x86_64.manylinux_2_28_x86_64.whl (6.9 MB)
Using cached pyparsing-3.3.2-py3-none-any.whl (122 kB)
Using cached pyqt5_qt5-5.15.19-py3-none-manylinux2014_x86_64.whl (60.9 MB)
Using cached pyqt5_sip-12.19.0-cp312-cp312-manylinux_2_5_x86_64.manylinux1_x86_64.whl (280 kB)
Using cached python_dateutil-2.9.0.post0-py2.py3-none-any.whl (229 kB)
Using cached QtPy-2.4.3-py3-none-any.whl (95 kB)
Using cached scikit_learn-1.9.0-cp312-cp312-manylinux_2_27_x86_64.manylinux_2_28_x86_64.whl (9.1 MB)
Using cached scooby-0.11.2-py3-none-any.whl (20 kB)
Using cached typing_extensions-4.16.0-py3-none-any.whl (45 kB)
Using cached vtk-9.6.2-cp312-cp312-manylinux2014_x86_64.manylinux_2_17_x86_64.whl (146.0 MB)
Using cached werkzeug-3.1.8-py3-none-any.whl (226 kB)
Using cached addict-2.4.0-py3-none-any.whl (3.8 kB)
Using cached configargparse-1.7.5-py3-none-any.whl (27 kB)
Using cached meshio-5.3.5-py3-none-any.whl (166 kB)
Using cached pooch-1.9.0-py3-none-any.whl (67 kB)
Using cached pyquaternion-0.9.9-py3-none-any.whl (14 kB)
Using cached tqdm-4.70.0-py3-none-any.whl (80 kB)
Using cached attrs-26.1.0-py3-none-any.whl (67 kB)
Using cached blinker-1.9.0-py3-none-any.whl (8.5 kB)
Using cached click-8.4.2-py3-none-any.whl (119 kB)
Using cached comm-0.2.3-py3-none-any.whl (7.3 kB)
Using cached docstring_parser-0.18.0-py3-none-any.whl (22 kB)
Using cached fastjsonschema-2.22.1-py3-none-any.whl (26 kB)
Using cached ipython-9.16.1-py3-none-any.whl (625 kB)
Using cached itsdangerous-2.2.0-py3-none-any.whl (16 kB)
Using cached janus-2.0.0-py3-none-any.whl (12 kB)
Using cached jinja2-3.1.6-py3-none-any.whl (134 kB)
Using cached joblib-1.5.3-py3-none-any.whl (309 kB)
Using cached jsonschema-4.26.0-py3-none-any.whl (90 kB)
Using cached jupyter_core-5.9.1-py3-none-any.whl (29 kB)
Using cached jupyterlab_widgets-3.0.16-py3-none-any.whl (914 kB)
Using cached markupsafe-3.0.3-cp312-cp312-manylinux2014_x86_64.manylinux_2_17_x86_64.manylinux_2_28_x86_64.whl (22 kB)
Using cached narwhals-2.24.0-py3-none-any.whl (461 kB)
Using cached platformdirs-4.11.1-py3-none-any.whl (23 kB)
Using cached plotly-6.9.0-py3-none-any.whl (9.9 MB)
Using cached pydantic-2.13.4-py3-none-any.whl (472 kB)
Using cached pydantic_core-2.46.4-cp312-cp312-manylinux_2_17_x86_64.manylinux2014_x86_64.whl (2.1 MB)
Using cached requests-2.34.2-py3-none-any.whl (73 kB)
Using cached rich-15.0.0-py3-none-any.whl (310 kB)
Using cached rich_rst-2.1.0-py3-none-any.whl (272 kB)
Using cached six-1.17.0-py2.py3-none-any.whl (11 kB)
Using cached threadpoolctl-3.6.0-py3-none-any.whl (18 kB)
Using cached traitlets-5.16.1-py3-none-any.whl (86 kB)
Using cached widgetsnbextension-4.0.15-py3-none-any.whl (2.2 MB)
Using cached importlib_metadata-9.0.0-py3-none-any.whl (27 kB)
Using cached nest_asyncio-1.6.0-py3-none-any.whl (5.2 kB)
Using cached retrying-1.4.2-py3-none-any.whl (10 kB)
Using cached setuptools-84.0.0-py3-none-any.whl (818 kB)
Using cached annotated_types-0.8.0-py3-none-any.whl (13 kB)
Using cached certifi-2026.7.22-py3-none-any.whl (136 kB)
Using cached charset_normalizer-3.4.9-cp312-cp312-manylinux2014_x86_64.manylinux_2_17_x86_64.manylinux_2_28_x86_64.whl (224 kB)
Using cached idna-3.18-py3-none-any.whl (65 kB)
Using cached ipython_pygments_lexers-1.1.1-py3-none-any.whl (8.1 kB)
Using cached jedi-0.20.0-py2.py3-none-any.whl (4.9 MB)
Using cached jsonschema_specifications-2025.9.1-py3-none-any.whl (18 kB)
Using cached markdown_it_py-4.2.0-py3-none-any.whl (91 kB)
Using cached matplotlib_inline-0.2.2-py3-none-any.whl (9.5 kB)
Using cached pexpect-4.9.0-py2.py3-none-any.whl (63 kB)
Using cached prompt_toolkit-3.0.53-py3-none-any.whl (392 kB)
Using cached psutil-7.2.2-cp36-abi3-manylinux2010_x86_64.manylinux_2_12_x86_64.manylinux_2_28_x86_64.whl (155 kB)
Using cached pygments-2.20.0-py3-none-any.whl (1.2 MB)
Using cached referencing-0.37.0-py3-none-any.whl (26 kB)
Using cached rpds_py-2026.6.3-cp312-cp312-manylinux_2_17_x86_64.manylinux2014_x86_64.whl (366 kB)
Using cached stack_data-0.6.3-py3-none-any.whl (24 kB)
Using cached typing_inspection-0.4.3-py3-none-any.whl (14 kB)
Using cached urllib3-2.7.0-py3-none-any.whl (131 kB)
Using cached zipp-4.1.0-py3-none-any.whl (10 kB)
Using cached asttokens-3.0.2-py3-none-any.whl (28 kB)
Using cached executing-2.2.1-py2.py3-none-any.whl (28 kB)
Using cached mdurl-0.1.2-py3-none-any.whl (10.0 kB)
Using cached parso-0.8.7-py2.py3-none-any.whl (107 kB)
Using cached ptyprocess-0.7.0-py2.py3-none-any.whl (13 kB)
Using cached wcwidth-0.8.2-py3-none-any.whl (323 kB)
Using cached pure_eval-0.2.3-py3-none-any.whl (11 kB)
Building wheels for collected packages: SubterraneanProceduralGeneration, perlin-numpy
  Building wheel for SubterraneanProceduralGeneration (pyproject.toml): started
  Building wheel for SubterraneanProceduralGeneration (pyproject.toml): finished with status 'done'
  Created wheel for SubterraneanProceduralGeneration: filename=subterraneanproceduralgeneration-0.0.1-py3-none-any.whl size=30114 sha256=9dd16f3e5bdf532392a255947bf4de4a25ce51842aee7f04eef184b565b8b019
  Stored in directory: /home/zeng-workstation/.cache/pip/wheels/48/9c/69/3736b8c8036524e3446f1400cfe0f8bf78b1d81c3de616f735
  Building wheel for perlin-numpy (pyproject.toml): started
  Building wheel for perlin-numpy (pyproject.toml): finished with status 'done'
  Created wheel for perlin-numpy: filename=perlin_numpy-0.0.0-py3-none-any.whl size=4783 sha256=619f8f10332c0cf6309246d8323a11e5c3d585d859da2bc7f1c0848e9dbdcc1e
  Stored in directory: /tmp/pip-ephem-wheel-cache-b784aarb/wheels/0b/a4/93/fe6897e5d5c629139ec3d49681e71b5f3e69b936b9c8489d66
Successfully built SubterraneanProceduralGeneration perlin-numpy
Installing collected packages: PyQt5-Qt5, pure-eval, ptyprocess, addict, zipp, widgetsnbextension, wcwidth, urllib3, typing-extensions, traitlets, tqdm, threadpoolctl, six, setuptools, scooby, rpds-py, retrying, pyyaml, PyQt5-sip, pyparsing, pygments, psutil, platformdirs, pillow, pexpect, perlin_noise, parso, packaging, numpy, nest-asyncio, narwhals, mdurl, markupsafe, kiwisolver, jupyterlab_widgets, joblib, janus, itsdangerous, idna, fonttools, fastjsonschema, executing, docstring-parser, cycler, configargparse, comm, click, charset_normalizer, certifi, blinker, attrs, asttokens, annotated-types, werkzeug, typing-inspection, stack_data, scipy, requests, referencing, QtPy, python-dateutil, pyquaternion, pyqt5, pydantic-core, prompt_toolkit, plotly, perlin-numpy, opencv-python-headless, matplotlib-inline, markdown-it-py, jupyter-core, jinja2, jedi, ipython-pygments-lexers, importlib-metadata, distinctipy, contourpy, scikit-learn, rich, pydantic, pooch, pandas, matplotlib, jsonschema-specifications, ipython, flask, vtk, rich-rst, meshio, jsonschema, ipywidgets, dash, nbformat, cyclopts, pyvista, open3d, pyvistaqt, SubterraneanProceduralGeneration
Successfully installed PyQt5-Qt5-5.15.19 PyQt5-sip-12.19.0 QtPy-2.4.3 SubterraneanProceduralGeneration-0.0.1 addict-2.4.0 annotated-types-0.8.0 asttokens-3.0.2 attrs-26.1.0 blinker-1.9.0 certifi-2026.7.22 charset_normalizer-3.4.9 click-8.4.2 comm-0.2.3 configargparse-1.7.5 contourpy-1.3.3 cycler-0.12.1 cyclopts-4.22.5 dash-4.4.1 distinctipy-1.3.4 docstring-parser-0.18.0 executing-2.2.1 fastjsonschema-2.22.1 flask-3.1.3 fonttools-4.63.0 idna-3.18 importlib-metadata-9.0.0 ipython-9.16.1 ipython-pygments-lexers-1.1.1 ipywidgets-8.1.8 itsdangerous-2.2.0 janus-2.0.0 jedi-0.20.0 jinja2-3.1.6 joblib-1.5.3 jsonschema-4.26.0 jsonschema-specifications-2025.9.1 jupyter-core-5.9.1 jupyterlab_widgets-3.0.16 kiwisolver-1.5.0 markdown-it-py-4.2.0 markupsafe-3.0.3 matplotlib-3.11.1 matplotlib-inline-0.2.2 mdurl-0.1.2 meshio-5.3.5 narwhals-2.24.0 nbformat-5.11.0 nest-asyncio-1.6.0 numpy-1.26.4 open3d-0.19.0 opencv-python-headless-4.8.1.78 packaging-26.3 pandas-3.0.5 parso-0.8.7 perlin-numpy-0.0.0 perlin_noise-1.14 pexpect-4.9.0 pillow-12.3.0 platformdirs-4.11.1 plotly-6.9.0 pooch-1.9.0 prompt_toolkit-3.0.53 psutil-7.2.2 ptyprocess-0.7.0 pure-eval-0.2.3 pydantic-2.13.4 pydantic-core-2.46.4 pygments-2.20.0 pyparsing-3.3.2 pyqt5-5.15.11 pyquaternion-0.9.9 python-dateutil-2.9.0.post0 pyvista-0.48.4 pyvistaqt-0.12.0 pyyaml-6.0.3 referencing-0.37.0 requests-2.34.2 retrying-1.4.2 rich-15.0.0 rich-rst-2.1.0 rpds-py-2026.6.3 scikit-learn-1.9.0 scipy-1.12.0 scooby-0.11.2 setuptools-84.0.0 six-1.17.0 stack_data-0.6.3 threadpoolctl-3.6.0 tqdm-4.70.0 traitlets-5.16.1 typing-extensions-4.16.0 typing-inspection-0.4.3 urllib3-2.7.0 vtk-9.6.2 wcwidth-0.8.2 werkzeug-3.1.8 widgetsnbextension-4.0.15 zipp-4.1.0
finished_at_utc=2026-08-10T10:10:57.140089+00:00
duration_seconds=98.250464
exit_code=0
