argv=["/tmp/mtare_cano_compat_e1_py312_np126_sp112/bin/python", "/home/zeng-workstation/mtare_topo_comm/tools/v3/execute_cano_anchor_selector_zero_raycast_audit.py", "--run-dir", "/home/zeng-workstation/mtare_topo_comm/results/gate0_baseline/gate0_20260811_cano_anchor_selector_zero_raycast_audit_v1_seed0"]
finished_at_utc=2026-08-11T05:00:50.089049+00:00
{
  "all_parent_audits_passed": true,
  "all_replays_identical": true,
  "claim_boundary": "This PASS authorizes review of anchor sampling only. It does not pass the five-topology LiDAR pilot or authorize data generation/training.",
  "maximum_tunnel_count_spread": 3,
  "minimum_pairwise_distance_across_parents_m": 5.4985095257246135,
  "overall_status": "PASS_CANO_ANCHOR_SELECTOR_ZERO_RAYCAST_AUDIT",
  "parents": [
    "P01_straight_turn",
    "P02_branch_deadend",
    "P03_loop_bottleneck",
    "P04_chamber_multiexit",
    "P05_slope_multiheight"
  ],
  "schema_version": "cano_anchor_selector_zero_raycast_audit_v1",
  "scope": {
    "canonical_anchors": 250,
    "formal_dataset_samples": 0,
    "formal_dataset_worlds": 0,
    "models": 0,
    "mtare_changes": 0,
    "new_graph_only_topology_constructions": 1,
    "new_meshes": 0,
    "raycast_observations": 0,
    "rays": 0,
    "sealed_graph_spline_parents_reused": 4,
    "topology_runtime_changes": 0,
    "training_samples": 0,
    "trajectories": 0
  }
}

duration_seconds=3.495339
exit_code=0
