{"c07": {"axis": 0.2137254000111864, "cardinality": 0.616707216485635, "exit_geometry": 0.007552874005665255, "global_geometry": 0.004166878901522685, "localization": 0.1461159415098446, "phase_likelihood": 3.0123829884983166, "total": -0.7670748568692042, "uncertainty_nll": -4.767726156281372}, "epoch": 0, "optimizer_steps": 1137, "train": {"axis": 0.6105209368886874, "cardinality": 0.6153595107021963, "exit_geometry": 0.014474281320876269, "global_geometry": 0.12342971323926699, "localization": 0.16625903169586645, "phase_likelihood": 3.2481476176116626, "total": 2.5095798730949666, "uncertainty_nll": -2.2686112183635943}}
{"c07": {"axis": 0.11831325288922154, "cardinality": 0.6203905223184688, "exit_geometry": 0.014449032485231349, "global_geometry": 0.0042193281859943844, "localization": 0.1489713413814363, "phase_likelihood": 2.7054660864016005, "total": -1.1692968061970612, "uncertainty_nll": -4.781106369859015}, "epoch": 1, "optimizer_steps": 1137, "train": {"axis": 0.164232056646414, "cardinality": 0.6014141476420357, "exit_geometry": 0.007219688740437432, "global_geometry": 0.003910721617775111, "localization": 0.12988459260765164, "phase_likelihood": 2.73860145028837, "total": -1.35499940651304, "uncertainty_nll": -5.000262064055722}}
{"c07": {"axis": 0.0669399145187567, "cardinality": 0.613411173346159, "exit_geometry": 0.0075486344767284105, "global_geometry": 0.004148250468854785, "localization": 0.14829325941707686, "phase_likelihood": 2.7148725181773363, "total": -1.0004486811424989, "uncertainty_nll": -4.555662431547408}, "epoch": 2, "optimizer_steps": 1137, "train": {"axis": 0.09961194791964961, "cardinality": 0.5967787001869915, "exit_geometry": 0.0068711813596594624, "global_geometry": 0.003904362870199237, "localization": 0.12258977806373267, "phase_likelihood": 2.6754454288194185, "total": -1.6962365566631326, "uncertainty_nll": -5.20143795588279}}
{"c07": {"axis": 0.06552293757555883, "cardinality": 0.6101899133853065, "exit_geometry": 0.005360011641405371, "global_geometry": 0.004162559574774955, "localization": 0.12102184002424718, "phase_likelihood": 2.646679670874161, "total": -1.741059381905736, "uncertainty_nll": -5.193996314981191}, "epoch": 3, "optimizer_steps": 1137, "train": {"axis": 0.09147430999864349, "cardinality": 0.5959352427717418, "exit_geometry": 0.006476072554381822, "global_geometry": 0.003926851209507414, "localization": 0.11953519305545243, "phase_likelihood": 2.6249418919008725, "total": -1.7873510487018511, "uncertainty_nll": -5.229640610192456}}
{"c07": {"axis": 0.058764179942118744, "cardinality": 0.6056676842431334, "exit_geometry": 0.00670017681088479, "global_geometry": 0.004146166322607179, "localization": 0.12802529967484833, "phase_likelihood": 2.837446772441034, "total": -1.5064965229283298, "uncertainty_nll": -5.147246802362956}, "epoch": 4, "optimizer_steps": 1137, "train": {"axis": 0.07645199854765156, "cardinality": 0.5917057996383212, "exit_geometry": 0.005644049074359324, "global_geometry": 0.003911156841941489, "localization": 0.12723282723930063, "phase_likelihood": 2.7028177881225774, "total": -1.5488487941283529, "uncertainty_nll": -5.056612413592509}}
{"c07": {"axis": 0.04906877922153518, "cardinality": 0.5525594456741977, "exit_geometry": 0.007590126452812633, "global_geometry": 0.00406966682276147, "localization": 0.2213461383833677, "phase_likelihood": 3.073624560397228, "total": 0.494528156231932, "uncertainty_nll": -3.4137305607199684}, "epoch": 5, "optimizer_steps": 1137, "train": {"axis": 0.06722861716951044, "cardinality": 0.5447647713327229, "exit_geometry": 0.006502596550159351, "global_geometry": 0.003908850783430579, "localization": 0.12011575912219986, "phase_likelihood": 2.6533062585514964, "total": -1.817321556217443, "uncertainty_nll": -5.213148409726957}}
{"c07": {"axis": 0.05285205108093965, "cardinality": 0.4029421685828843, "exit_geometry": 0.006072532503026976, "global_geometry": 0.004098666060024121, "localization": 0.12225920477124, "phase_likelihood": 2.6719250409960784, "total": -2.0363938557194414, "uncertainty_nll": -5.296543519713636}, "epoch": 6, "optimizer_steps": 1137, "train": {"axis": 0.05065163298222229, "cardinality": 0.4394650321544149, "exit_geometry": 0.005981894590352022, "global_geometry": 0.003749535474488751, "localization": 0.12149984265165602, "phase_likelihood": 2.5714925695121327, "total": -2.0182108087363595, "uncertainty_nll": -5.211051316101629}}
{"c07": {"axis": 0.1382388529591283, "cardinality": 0.4604509952280159, "exit_geometry": 0.00866170827194728, "global_geometry": 0.0038908101460296183, "localization": 0.12538300787372178, "phase_likelihood": 2.6712840646557128, "total": -1.7775208079040024, "uncertainty_nll": -5.185430247038556}, "epoch": 7, "optimizer_steps": 1137, "train": {"axis": 0.04825056139882003, "cardinality": 0.40623983016866116, "exit_geometry": 0.005889343659873888, "global_geometry": 0.003682216074399007, "localization": 0.11372906475448173, "phase_likelihood": 2.5796390380309497, "total": -2.207878380493452, "uncertainty_nll": -5.3653084345806406}}
{"c07": {"axis": 0.035391389107102045, "cardinality": 0.34180851853348027, "exit_geometry": 0.006041914836617744, "global_geometry": 0.0038402813996825593, "localization": 0.116416926808003, "phase_likelihood": 2.6706140283209003, "total": -2.1977737790750314, "uncertainty_nll": -5.371886838080817}, "epoch": 8, "optimizer_steps": 1137, "train": {"axis": 0.048911616057245554, "cardinality": 0.36540898082142026, "exit_geometry": 0.005760328415728605, "global_geometry": 0.003618107000296815, "localization": 0.1133638008760636, "phase_likelihood": 2.5345199239592193, "total": -2.3327662167172414, "uncertainty_nll": -5.404348973847221}}
{"c07": {"axis": 0.0708375779674334, "cardinality": 0.33872938110279266, "exit_geometry": 0.006992352557122035, "global_geometry": 0.003830540375171168, "localization": 0.13126351329434963, "phase_likelihood": 2.7883821155230475, "total": -1.8848130970968993, "uncertainty_nll": -5.224848577916813}, "epoch": 9, "optimizer_steps": 1137, "train": {"axis": 0.03856143775610998, "cardinality": 0.30685436276980244, "exit_geometry": 0.005631949678770793, "global_geometry": 0.0037381568213127013, "localization": 0.1168343806329435, "phase_likelihood": 2.526431884751601, "total": -2.3221283763427674, "uncertainty_nll": -5.32018054875331}}
{"best_c07_validation_loss": -2.1977737790750314, "best_epoch": 8, "c07_checkpoint_observations": 21548, "c08_checkpoint_observations": 0, "c09_worlds_read": 0, "c10_worlds_read": 0, "development_output_observations": 45942, "duration_seconds": 2022.4867051010951, "epochs": 10, "final_inference_c07_observations": 21548, "final_inference_c08_observations": 24394, "fit_observations": 142184, "mtare_worlds_read": 0, "optimizer_steps": 11370, "parameters": 789650, "peak_gpu_memory_bytes": 7924033024, "schema_version": "gse_circular_peak_geometry_training_seed_v1", "seed": 0}
	Command being timed: "/home/zeng-workstation/.local/share/mtare_topo_comm/envs/phase3_torch290_cu129_zarr2187_v1/bin/python /home/zeng-workstation/mtare_topo_comm/tools/v3/train_gse_joint_cyclic_gap_simplex_v1.py --teacher-root /home/zeng-workstation/mtare_topo_comm/results/gate2_representation/gate2_20260829_gse_circular_exit_geometry_field_teacher_export_v1_seed0/artifacts/export/teacher --source-root /home/zeng-workstation/mtare_topo_comm/results/gate2_representation/gate2_20260824_gse_deduplicated_dataset_export_v1_seed0/artifacts/dataset/train --output-dir /home/zeng-workstation/mtare_topo_comm/results/gate3_semantics/gate3_20260829_gse_joint_cyclic_gap_simplex_three_seed_training_v1r_seed0/artifacts/models/seed0 --seed 0 --epochs 10 --batch-size 128 --evaluation-batch-size 256 --learning-rate 0.0003 --weight-decay 0.0001"
	User time (seconds): 1951.93
	System time (seconds): 114.11
	Percent of CPU this job got: 102%
	Elapsed (wall clock) time (h:mm:ss or m:ss): 33:43.45
	Average shared text size (kbytes): 0
	Average unshared data size (kbytes): 0
	Average stack size (kbytes): 0
	Average total size (kbytes): 0
	Maximum resident set size (kbytes): 3501252
	Average resident set size (kbytes): 0
	Major (requiring I/O) page faults: 3
	Minor (reclaiming a frame) page faults: 19113157
	Voluntary context switches: 2753416
	Involuntary context switches: 7982
	Swaps: 0
	File system inputs: 136
	File system outputs: 116424
	Socket messages sent: 0
	Socket messages received: 0
	Signals delivered: 0
	Page size (bytes): 4096
	Exit status: 0
