{
  "checks": {
    "all_event_identities_have_exact_full_star": true,
    "all_junction_identities_have_at_least_four_route_views": true,
    "exact_population": true,
    "fit_and_selection_have_reveal_withdraw_supervision": true,
    "global_geometry_masks_cover_at_least_0p98": true,
    "junction_k3_k4_identity_fraction_at_least_0p95": true,
    "prior_descriptor_transport_precision_recall_at_least_0p98": true,
    "prior_stateful_commit_is_safe_but_not_claimed_as_main": true,
    "route_axis_is_causally_fixed_in_sensor_frame": true,
    "selection_has_at_least_50_identities_per_structural_event": true,
    "visible_exit_centers_separated_by_more_than_2deg": true,
    "zero_training_inference_test_graph": true
  },
  "decision": "ALLOW_AXIS_ANCHORED_EVENT_RELATION_METHOD_READINESS",
  "status": "PASS_GSE_AXIS_ANCHORED_EVENT_RELATION_TEACHER_FEASIBILITY_V1"
}
	Command being timed: "/home/zeng-workstation/.local/share/mtare_topo_comm/envs/phase3_torch290_cu129_zarr2187_v1/bin/python /home/zeng-workstation/mtare_topo_comm/tools/v3/execute_gse_axis_anchored_event_relation_teacher_feasibility_v1.py --dataset-root /home/zeng-workstation/mtare_topo_comm/results/gate2_representation/gate2_20260824_gse_deduplicated_dataset_export_v1_seed0/artifacts/dataset/train --sequence-manifest /home/zeng-workstation/mtare_topo_comm/results/gate2_representation/gate2_20260824_gse_deduplicated_dataset_export_v1_seed0/artifacts/sequence_manifest.jsonl --exit-action-summary /home/zeng-workstation/mtare_topo_comm/results/gate3_semantics/gate3_20260828_gse_exit_action_transport_feasibility_v1_seed0/metrics/summary.json --commit-summary /home/zeng-workstation/mtare_topo_comm/results/gate3_semantics/gate3_20260829_gse_relational_commit_policy_feasibility_v1_seed0/metrics/feasibility/summary.json --output-dir /home/zeng-workstation/mtare_topo_comm/results/gate3_semantics/gate3_20260829_gse_axis_anchored_event_relation_teacher_feasibility_v1_seed0/metrics/feasibility"
	User time (seconds): 3.67
	System time (seconds): 0.06
	Percent of CPU this job got: 99%
	Elapsed (wall clock) time (h:mm:ss or m:ss): 0:03.74
	Average shared text size (kbytes): 0
	Average unshared data size (kbytes): 0
	Average stack size (kbytes): 0
	Average total size (kbytes): 0
	Maximum resident set size (kbytes): 160912
	Average resident set size (kbytes): 0
	Major (requiring I/O) page faults: 0
	Minor (reclaiming a frame) page faults: 39533
	Voluntary context switches: 34
	Involuntary context switches: 83
	Swaps: 0
	File system inputs: 0
	File system outputs: 1168
	Socket messages sent: 0
	Socket messages received: 0
	Signals delivered: 0
	Page size (bytes): 4096
	Exit status: 0
