{
  "checks": {
    "all_five_frames_connected": true,
    "all_references_contiguous_and_past_only": true,
    "batch_permutation_and_repeat_deterministic": true,
    "circular_dense_axis_and_global_equivariance": true,
    "exact_cardinality": true,
    "exact_parameter_count": true,
    "exact_population_and_split": true,
    "exact_real_batch_coverage": true,
    "finite_real_batch_output_loss_backward": true,
    "masked_targets_do_not_change_loss": true,
    "no_free_query_parameter": true,
    "teacher_contains_no_lidar_pose_or_identity": true,
    "teacher_source_join_exact": true,
    "typed_forward_has_only_scans": true,
    "zero_training_threshold_test_graph": true
  },
  "decision": "ALLOW_CIRCULAR_PEAK_GEOMETRY_MODEL_TRAINING_DATA_CARD",
  "status": "PASS_GSE_CIRCULAR_PEAK_GEOMETRY_MODEL_READINESS_V1"
}
