/home/zeng-workstation/anaconda3/lib/python3.13/site-packages/torch/backends/__init__.py:46: UserWarning: Please use the new API settings to control TF32 behavior, such as torch.backends.cudnn.conv.fp32_precision = 'tf32' or torch.backends.cuda.matmul.fp32_precision = 'ieee'. Old settings, e.g, torch.backends.cuda.matmul.allow_tf32 = True, torch.backends.cudnn.allow_tf32 = True, allowTF32CuDNN() and allowTF32CuBLAS() will be deprecated after Pytorch 2.9. Please see https://pytorch.org/docs/main/notes/cuda.html#tensorfloat-32-tf32-on-ampere-and-later-devices (Triggered internally at /pytorch/aten/src/ATen/Context.cpp:80.)
  self.setter(val)
{"cuda_peak_allocated_bytes": 7685063680, "cuda_peak_reserved_bytes": 13964935168, "epoch": 0, "epoch_seconds": 3273.410351597937, "gpu_process_memory_bytes": 14654898176, "optimizer_steps_cumulative": 3411, "selection": {"balanced_pair_logistic": 0.8361986188758431, "batches": 522, "clustered_endpoints": 838148, "clusters": 411215, "different_composition_separation": 1.3109255186675408, "disconnected_overlap_rejection": 0.28834629154914926, "dustbin_endpoints": 38208, "rows": 64644, "same_composition_compactness": 0.0021727746162284894, "selection_loss": 0.6094108008617709, "total": 0.6094108008617709}, "training": {"balanced_pair_logistic": 0.7502788628125714, "batches": 3411, "clustered_endpoints": 5263214, "clusters": 2582076, "different_composition_separation": 1.054187867137684, "disconnected_overlap_rejection": 0.42052746719620065, "dustbin_endpoints": 244096, "gradient_norm": 0.14082561226856954, "rows": 426552, "same_composition_compactness": 0.22185601314759998, "total": 0.6117125528274231}}
{"cuda_peak_allocated_bytes": 7686203392, "cuda_peak_reserved_bytes": 14128513024, "epoch": 1, "epoch_seconds": 3327.0629346799105, "gpu_process_memory_bytes": 14818476032, "optimizer_steps_cumulative": 6822, "selection": {"balanced_pair_logistic": 0.804295178799927, "batches": 522, "clustered_endpoints": 838148, "clusters": 411215, "different_composition_separation": 0.8183092960117255, "disconnected_overlap_rejection": 0.2898524613901959, "dustbin_endpoints": 38208, "rows": 64644, "same_composition_compactness": 0.34906950153617433, "selection_loss": 0.5653816075705927, "total": 0.5653816075705927}, "training": {"balanced_pair_logistic": 0.8016404259433808, "batches": 3411, "clustered_endpoints": 5263214, "clusters": 2582076, "different_composition_separation": 0.9750883214800461, "disconnected_overlap_rejection": 0.2910147166982229, "dustbin_endpoints": 244096, "gradient_norm": 0.16865085068471997, "rows": 426552, "same_composition_compactness": 0.2415617510140002, "total": 0.5773263041724921}}
{"cuda_peak_allocated_bytes": 7686203392, "cuda_peak_reserved_bytes": 14128513024, "epoch": 2, "epoch_seconds": 3328.186481348006, "gpu_process_memory_bytes": 14782824448, "optimizer_steps_cumulative": 10233, "selection": {"balanced_pair_logistic": 0.7048914807945275, "batches": 522, "clustered_endpoints": 838148, "clusters": 411215, "different_composition_separation": 0.834941532693577, "disconnected_overlap_rejection": 0.3382558260204283, "dustbin_endpoints": 38208, "rows": 64644, "same_composition_compactness": 0.22818587525981052, "selection_loss": 0.5265686799523766, "total": 0.5265686799523766}, "training": {"balanced_pair_logistic": 0.739539723856122, "batches": 3411, "clustered_endpoints": 5263214, "clusters": 2582076, "different_composition_separation": 0.7904525019419757, "disconnected_overlap_rejection": 0.3083253368593761, "dustbin_endpoints": 244096, "gradient_norm": 0.3279732617794189, "rows": 426552, "same_composition_compactness": 0.26778361081378904, "total": 0.5265252928897965}}
{
  "schema_version": "primitive_local_composition_slot_seed_training_v1",
  "seed": 0,
  "parameter_count": 3062449,
  "trainable_parameters": 426818,
  "trainable_tensors": 34,
  "frozen_parameters": 2635631,
  "epochs": 3,
  "optimizer_steps": 10233,
  "best_epoch": 2,
  "best_c07_selection_loss": 0.5265686799523766,
  "selected_checkpoint": "selected.pt",
  "source_checkpoint_sha256": "8d5d2e0ec9779c28b068d0c7db80aeed38ebdb22dff5b781c26234d9001287fb",
  "source_selected_epoch": 2,
  "frozen_state_sha256_before": "248f6d4bfe675c98afc6c9103192fa37014636c8f8f7d035bce212b77be6758a",
  "frozen_state_sha256_after": "248f6d4bfe675c98afc6c9103192fa37014636c8f8f7d035bce212b77be6758a",
  "fit_rows_per_epoch": 426552,
  "c07_rows_per_epoch": 64644,
  "c08_rows_read": 0,
  "c09_c10_worlds_read": 0,
  "peak_cuda_allocated_bytes": 7686203392,
  "peak_cuda_reserved_bytes": 14128513024,
  "peak_gpu_process_memory_bytes": 14818476032,
  "duration_seconds": 9929.51598286,
  "history": [
    {
      "epoch": 0,
      "training": {
        "rows": 426552,
        "batches": 3411,
        "clusters": 2582076,
        "clustered_endpoints": 5263214,
        "dustbin_endpoints": 244096,
        "balanced_pair_logistic": 0.7502788628125714,
        "same_composition_compactness": 0.22185601314759998,
        "different_composition_separation": 1.054187867137684,
        "disconnected_overlap_rejection": 0.42052746719620065,
        "total": 0.6117125528274231,
        "gradient_norm": 0.14082561226856954
      },
      "selection": {
        "rows": 64644,
        "batches": 522,
        "balanced_pair_logistic": 0.8361986188758431,
        "same_composition_compactness": 0.0021727746162284894,
        "different_composition_separation": 1.3109255186675408,
        "disconnected_overlap_rejection": 0.28834629154914926,
        "total": 0.6094108008617709,
        "selection_loss": 0.6094108008617709,
        "clusters": 411215,
        "clustered_endpoints": 838148,
        "dustbin_endpoints": 38208
      },
      "epoch_seconds": 3273.410351597937,
      "optimizer_steps_cumulative": 3411,
      "cuda_peak_allocated_bytes": 7685063680,
      "cuda_peak_reserved_bytes": 13964935168,
      "gpu_process_memory_bytes": 14654898176
    },
    {
      "epoch": 1,
      "training": {
        "rows": 426552,
        "batches": 3411,
        "clusters": 2582076,
        "clustered_endpoints": 5263214,
        "dustbin_endpoints": 244096,
        "balanced_pair_logistic": 0.8016404259433808,
        "same_composition_compactness": 0.2415617510140002,
        "different_composition_separation": 0.9750883214800461,
        "disconnected_overlap_rejection": 0.2910147166982229,
        "total": 0.5773263041724921,
        "gradient_norm": 0.16865085068471997
      },
      "selection": {
        "rows": 64644,
        "batches": 522,
        "balanced_pair_logistic": 0.804295178799927,
        "same_composition_compactness": 0.34906950153617433,
        "different_composition_separation": 0.8183092960117255,
        "disconnected_overlap_rejection": 0.2898524613901959,
        "total": 0.5653816075705927,
        "selection_loss": 0.5653816075705927,
        "clusters": 411215,
        "clustered_endpoints": 838148,
        "dustbin_endpoints": 38208
      },
      "epoch_seconds": 3327.0629346799105,
      "optimizer_steps_cumulative": 6822,
      "cuda_peak_allocated_bytes": 7686203392,
      "cuda_peak_reserved_bytes": 14128513024,
      "gpu_process_memory_bytes": 14818476032
    },
    {
      "epoch": 2,
      "training": {
        "rows": 426552,
        "batches": 3411,
        "clusters": 2582076,
        "clustered_endpoints": 5263214,
        "dustbin_endpoints": 244096,
        "balanced_pair_logistic": 0.739539723856122,
        "same_composition_compactness": 0.26778361081378904,
        "different_composition_separation": 0.7904525019419757,
        "disconnected_overlap_rejection": 0.3083253368593761,
        "total": 0.5265252928897965,
        "gradient_norm": 0.3279732617794189
      },
      "selection": {
        "rows": 64644,
        "batches": 522,
        "balanced_pair_logistic": 0.7048914807945275,
        "same_composition_compactness": 0.22818587525981052,
        "different_composition_separation": 0.834941532693577,
        "disconnected_overlap_rejection": 0.3382558260204283,
        "total": 0.5265686799523766,
        "selection_loss": 0.5265686799523766,
        "clusters": 411215,
        "clustered_endpoints": 838148,
        "dustbin_endpoints": 38208
      },
      "epoch_seconds": 3328.186481348006,
      "optimizer_steps_cumulative": 10233,
      "cuda_peak_allocated_bytes": 7686203392,
      "cuda_peak_reserved_bytes": 14128513024,
      "gpu_process_memory_bytes": 14782824448
    }
  ]
}
