/home/zeng-workstation/anaconda3/lib/python3.13/site-packages/torch/backends/__init__.py:46: UserWarning: Please use the new API settings to control TF32 behavior, such as torch.backends.cudnn.conv.fp32_precision = 'tf32' or torch.backends.cuda.matmul.fp32_precision = 'ieee'. Old settings, e.g, torch.backends.cuda.matmul.allow_tf32 = True, torch.backends.cudnn.allow_tf32 = True, allowTF32CuDNN() and allowTF32CuBLAS() will be deprecated after Pytorch 2.9. Please see https://pytorch.org/docs/main/notes/cuda.html#tensorfloat-32-tf32-on-ampere-and-later-devices (Triggered internally at /pytorch/aten/src/ATen/Context.cpp:80.)
  self.setter(val)
{"cuda_peak_allocated_bytes": 7685975040, "cuda_peak_reserved_bytes": 13964935168, "epoch": 0, "epoch_seconds": 3345.49233803316, "gpu_process_memory_bytes": 14654898176, "optimizer_steps_cumulative": 3411, "selection": {"balanced_pair_logistic": 0.7513919445125267, "batches": 522, "clustered_endpoints": 838148, "clusters": 411215, "different_composition_separation": 0.7274259190074466, "disconnected_overlap_rejection": 0.2951944006160782, "dustbin_endpoints": 38208, "rows": 64644, "same_composition_compactness": 0.34161748409263865, "selection_loss": 0.5289074361340907, "total": 0.5289074361340907}, "training": {"balanced_pair_logistic": 0.6993732346369331, "batches": 3411, "clustered_endpoints": 5263214, "clusters": 2582076, "different_composition_separation": 0.7549051524941903, "disconnected_overlap_rejection": 0.43301060013102033, "dustbin_endpoints": 244096, "gradient_norm": 0.1566406161732894, "rows": 426552, "same_composition_compactness": 0.2847770931318011, "total": 0.5430165207087094}}
{"cuda_peak_allocated_bytes": 7685975040, "cuda_peak_reserved_bytes": 14078181376, "epoch": 1, "epoch_seconds": 3341.067691463046, "gpu_process_memory_bytes": 14768144384, "optimizer_steps_cumulative": 6822, "selection": {"balanced_pair_logistic": 0.7333601949814043, "batches": 522, "clustered_endpoints": 838148, "clusters": 411215, "different_composition_separation": 0.7605494369570774, "disconnected_overlap_rejection": 0.3206276716444872, "dustbin_endpoints": 38208, "rows": 64644, "same_composition_compactness": 0.26826526261149203, "selection_loss": 0.5207006427324627, "total": 0.5207006427324627}, "training": {"balanced_pair_logistic": 0.7356913607624771, "batches": 3411, "clustered_endpoints": 5263214, "clusters": 2582076, "different_composition_separation": 0.7553756184098055, "disconnected_overlap_rejection": 0.3092078383492236, "dustbin_endpoints": 244096, "gradient_norm": 0.09597125835879168, "rows": 426552, "same_composition_compactness": 0.27138886544275553, "total": 0.5179159203870018}}
{"cuda_peak_allocated_bytes": 7685975040, "cuda_peak_reserved_bytes": 14178844672, "epoch": 2, "epoch_seconds": 3347.6662372660358, "gpu_process_memory_bytes": 14868807680, "optimizer_steps_cumulative": 10233, "selection": {"balanced_pair_logistic": 0.6916686283831003, "batches": 522, "clustered_endpoints": 838148, "clusters": 411215, "different_composition_separation": 0.7855500178454824, "disconnected_overlap_rejection": 0.3463237148865594, "dustbin_endpoints": 38208, "rows": 64644, "same_composition_compactness": 0.2453058493511433, "selection_loss": 0.517212052444783, "total": 0.517212052444783}, "training": {"balanced_pair_logistic": 0.722274834473655, "batches": 3411, "clustered_endpoints": 5263214, "clusters": 2582076, "different_composition_separation": 0.7507795135436152, "disconnected_overlap_rejection": 0.30495110678923254, "dustbin_endpoints": 244096, "gradient_norm": 0.09163897017127713, "rows": 426552, "same_composition_compactness": 0.26980588983194925, "total": 0.5119528355857229}}
{
  "schema_version": "primitive_local_composition_slot_seed_training_v1",
  "seed": 2,
  "parameter_count": 3062449,
  "trainable_parameters": 426818,
  "trainable_tensors": 34,
  "frozen_parameters": 2635631,
  "epochs": 3,
  "optimizer_steps": 10233,
  "best_epoch": 2,
  "best_c07_selection_loss": 0.517212052444783,
  "selected_checkpoint": "selected.pt",
  "source_checkpoint_sha256": "d13833bc1f1ff186d0b8fa2d094f2a7f79bebcf894d354d505686cc18e468ac4",
  "source_selected_epoch": 2,
  "frozen_state_sha256_before": "f47fcf27fe00c9bd15f8b49e330259e82a30ed16803a47fda7fa23a193d3189e",
  "frozen_state_sha256_after": "f47fcf27fe00c9bd15f8b49e330259e82a30ed16803a47fda7fa23a193d3189e",
  "fit_rows_per_epoch": 426552,
  "c07_rows_per_epoch": 64644,
  "c08_rows_read": 0,
  "c09_c10_worlds_read": 0,
  "peak_cuda_allocated_bytes": 7685975040,
  "peak_cuda_reserved_bytes": 14178844672,
  "peak_gpu_process_memory_bytes": 14868807680,
  "duration_seconds": 10035.060093241977,
  "history": [
    {
      "epoch": 0,
      "training": {
        "rows": 426552,
        "batches": 3411,
        "clusters": 2582076,
        "clustered_endpoints": 5263214,
        "dustbin_endpoints": 244096,
        "balanced_pair_logistic": 0.6993732346369331,
        "same_composition_compactness": 0.2847770931318011,
        "different_composition_separation": 0.7549051524941903,
        "disconnected_overlap_rejection": 0.43301060013102033,
        "total": 0.5430165207087094,
        "gradient_norm": 0.1566406161732894
      },
      "selection": {
        "rows": 64644,
        "batches": 522,
        "balanced_pair_logistic": 0.7513919445125267,
        "same_composition_compactness": 0.34161748409263865,
        "different_composition_separation": 0.7274259190074466,
        "disconnected_overlap_rejection": 0.2951944006160782,
        "total": 0.5289074361340907,
        "selection_loss": 0.5289074361340907,
        "clusters": 411215,
        "clustered_endpoints": 838148,
        "dustbin_endpoints": 38208
      },
      "epoch_seconds": 3345.49233803316,
      "optimizer_steps_cumulative": 3411,
      "cuda_peak_allocated_bytes": 7685975040,
      "cuda_peak_reserved_bytes": 13964935168,
      "gpu_process_memory_bytes": 14654898176
    },
    {
      "epoch": 1,
      "training": {
        "rows": 426552,
        "batches": 3411,
        "clusters": 2582076,
        "clustered_endpoints": 5263214,
        "dustbin_endpoints": 244096,
        "balanced_pair_logistic": 0.7356913607624771,
        "same_composition_compactness": 0.27138886544275553,
        "different_composition_separation": 0.7553756184098055,
        "disconnected_overlap_rejection": 0.3092078383492236,
        "total": 0.5179159203870018,
        "gradient_norm": 0.09597125835879168
      },
      "selection": {
        "rows": 64644,
        "batches": 522,
        "balanced_pair_logistic": 0.7333601949814043,
        "same_composition_compactness": 0.26826526261149203,
        "different_composition_separation": 0.7605494369570774,
        "disconnected_overlap_rejection": 0.3206276716444872,
        "total": 0.5207006427324627,
        "selection_loss": 0.5207006427324627,
        "clusters": 411215,
        "clustered_endpoints": 838148,
        "dustbin_endpoints": 38208
      },
      "epoch_seconds": 3341.067691463046,
      "optimizer_steps_cumulative": 6822,
      "cuda_peak_allocated_bytes": 7685975040,
      "cuda_peak_reserved_bytes": 14078181376,
      "gpu_process_memory_bytes": 14768144384
    },
    {
      "epoch": 2,
      "training": {
        "rows": 426552,
        "batches": 3411,
        "clusters": 2582076,
        "clustered_endpoints": 5263214,
        "dustbin_endpoints": 244096,
        "balanced_pair_logistic": 0.722274834473655,
        "same_composition_compactness": 0.26980588983194925,
        "different_composition_separation": 0.7507795135436152,
        "disconnected_overlap_rejection": 0.30495110678923254,
        "total": 0.5119528355857229,
        "gradient_norm": 0.09163897017127713
      },
      "selection": {
        "rows": 64644,
        "batches": 522,
        "balanced_pair_logistic": 0.6916686283831003,
        "same_composition_compactness": 0.2453058493511433,
        "different_composition_separation": 0.7855500178454824,
        "disconnected_overlap_rejection": 0.3463237148865594,
        "total": 0.517212052444783,
        "selection_loss": 0.517212052444783,
        "clusters": 411215,
        "clustered_endpoints": 838148,
        "dustbin_endpoints": 38208
      },
      "epoch_seconds": 3347.6662372660358,
      "optimizer_steps_cumulative": 10233,
      "cuda_peak_allocated_bytes": 7685975040,
      "cuda_peak_reserved_bytes": 14178844672,
      "gpu_process_memory_bytes": 14868807680
    }
  ]
}
