{"array_sha256": {"decision_episode_id.npy": "184b3c833193e551d0722fdddd0d903edeba270aaba42e0bac382d927b326084", "decision_target.npy": "10516cf6d4437a204704c3ad57df103f4a78e44211a7a89594c60fbef5ae1625", "global_sequence_index.npy": "a8aa5f6e3dc6cf7718321d8df964520a45404cd012b211ce78425ee0d1955652", "history_mask.npy": "1e4a5b69b5871e5f2f9f7597917a214573582c1c51aaac5f4387fbb7caf2a682", "history_references.npy": "ecaa9cd7d249cfd1cbd9fd2ecf6c9a0fd3dc97b49cc01b5f4bb2ff8671b49393", "identity.npy": "de8257818140ec2d1ad1844b32d63e88e6c763435fcb28326560999351e7a7cf", "normalization_mean.npy": "f16cca7baf519c6551398405c5c22828670fd5ee196e4a5f7d6b8c03c4f86319", "normalization_scale.npy": "66bc050b15b00afbf2a9b581fd51da219f965eaf83e3427dfa5d4b835bf5c0f4", "parent_id.npy": "43e2f26661617d4f20b07132de7bbdfdd367ef10e384f5c792b94363c3278feb", "partition_code.npy": "4ef6f1a79c68d7a147e26a1c2c473bba5e12791203fd3051eee2bf99122bb547", "raw_tokens.npy": "40265c08cdd5bdb2b0f7f49cead4d4208e449fb605f08870bd820a6eec41a7e1", "sequence_index.npy": "a6cd3e588ae337dfb62de5705b1cb88ece856c1b73148aafd31c7aae0e3ee9ba", "traversal_id.npy": "3771d22035159d6316f248789e6bf23902b2759d8b4f5766869ad6f73b500f49"}, "c09_worlds_read": 0, "c10_worlds_read": 0, "causal_observations": 188126, "duration_seconds": 5.710426157922484, "fit_decision_episodes": 3282, "fit_decision_rows": 25294, "fit_junction_episodes": 2542, "fit_observations": 142184, "fit_terminal_episodes": 740, "forbidden_student_inputs": ["event", "identity", "parent_id", "world", "pose", "future_frame", "objective_geometry"], "history_observations": 5, "input_sha256": {"pair_cache": "3175ec5b553aa24fb85cbe7e6512b73b2c85d5102c88f159d14c14b71539f144", "seed0": "26c6d3e1d1aae1d93ea9ffd7e35dfac0c5893b98f597a004bf4b882be5d4d094", "seed1": "f20b7c5c7f24c258cc0162c4f4b84450d97e3a5210505b9228a0f2bb4ca8d561", "seed2": "512c3a4d7b0ae28b412681ae008d2dc9cb4e090013c885d7ade653529748f373", "teacher": "771792669595daa91e9ebb89d06e49fe8f50c59f7eecbae0c558565d01053bfa"}, "mtare_worlds_read": 0, "normalization_fit_partition_only": true, "schema_version": "gse_action_set_node_cache_v1", "selection_decision_episodes": 1136, "selection_decision_rows": 8839, "selection_junction_episodes": 882, "selection_observations": 45942, "selection_terminal_episodes": 254, "student_inputs": ["frozen_exit_tokens_seed0", "frozen_exit_tokens_seed1", "frozen_exit_tokens_seed2", "past_only_history_mask"], "token_storage_dtype": "float16"}
	Command being timed: "/home/zeng-workstation/.local/share/mtare_topo_comm/envs/phase3_torch290_cu129_zarr2187_v1/bin/python /home/zeng-workstation/mtare_topo_comm/tools/v3/build_gse_action_set_node_cache_v1.py --teacher /home/zeng-workstation/mtare_topo_comm/results/gate2_representation/gate2_20260827_gse_corrected_causal_teacher_manifest_v1r_seed0/artifacts/teacher_observations.jsonl --pair-cache /home/zeng-workstation/mtare_topo_comm/results/gate3_semantics/gate3_20260826_gse_exit_token_association_corrective_v2_seed0/artifacts/pair_cache/pairs.npz --seed0 /home/zeng-workstation/mtare_topo_comm/results/gate3_semantics/gate3_20260826_gse_exit_token_association_corrective_v2_seed0/artifacts/models/seed0/frozen_exit_token_outputs.npz --seed1 /home/zeng-workstation/mtare_topo_comm/results/gate3_semantics/gate3_20260826_gse_exit_token_association_corrective_v2_seed0/artifacts/models/seed1/frozen_exit_token_outputs.npz --seed2 /home/zeng-workstation/mtare_topo_comm/results/gate3_semantics/gate3_20260826_gse_exit_token_association_corrective_v2_seed0/artifacts/models/seed2/frozen_exit_token_outputs.npz --output-dir /home/zeng-workstation/mtare_topo_comm/results/gate3_semantics/gate3_20260828_gse_action_set_node_training_v1_seed0/scratch/action_set_cache"
	User time (seconds): 5.65
	System time (seconds): 0.69
	Percent of CPU this job got: 98%
	Elapsed (wall clock) time (h:mm:ss or m:ss): 0:06.47
	Average shared text size (kbytes): 0
	Average unshared data size (kbytes): 0
	Average stack size (kbytes): 0
	Average total size (kbytes): 0
	Maximum resident set size (kbytes): 1843960
	Average resident set size (kbytes): 0
	Major (requiring I/O) page faults: 1
	Minor (reclaiming a frame) page faults: 445751
	Voluntary context switches: 160
	Involuntary context switches: 82
	Swaps: 0
	File system inputs: 40
	File system outputs: 1801616
	Socket messages sent: 0
	Socket messages received: 0
	Signals delivered: 0
	Page size (bytes): 4096
	Exit status: 0
