{"epoch": 0, "optimizer_steps": 2222, "selection": {"negative": 0.06817586719989777, "positive_episode_joint": 0.0912497256348845, "total": 0.15942559283478225}, "train": {"negative": 0.09058064237384637, "positive_episode_joint": 0.15760392984314106, "total": 0.248184571813188}}
{"epoch": 1, "optimizer_steps": 2222, "selection": {"negative": 0.029180368408560753, "positive_episode_joint": 0.23628561627979788, "total": 0.26546598468835864}, "train": {"negative": 0.037243967799841855, "positive_episode_joint": 0.055825116117051245, "total": 0.09306908390848692}}
{"epoch": 2, "optimizer_steps": 2222, "selection": {"negative": 0.043124470859766006, "positive_episode_joint": 0.11404170657800562, "total": 0.15716617743777161}, "train": {"negative": 0.030286026960001825, "positive_episode_joint": 0.04361739852353966, "total": 0.07390342572281468}}
{"epoch": 3, "optimizer_steps": 2222, "selection": {"negative": 0.024225015193223953, "positive_episode_joint": 0.17779425588025966, "total": 0.2020192710734836}, "train": {"negative": 0.02405057357673016, "positive_episode_joint": 0.037083841795916596, "total": 0.061134415667916636}}
{"epoch": 4, "optimizer_steps": 2222, "selection": {"negative": 0.026797113940119743, "positive_episode_joint": 0.18056562825051675, "total": 0.2073627421906365}, "train": {"negative": 0.01766661707357746, "positive_episode_joint": 0.022321941426456365, "total": 0.03998855863684241}}
{"epoch": 5, "optimizer_steps": 2222, "selection": {"negative": 0.01643430069088936, "positive_episode_joint": 0.2622889874923736, "total": 0.278723288183263}, "train": {"negative": 0.01655288228455272, "positive_episode_joint": 0.01617405635678428, "total": 0.032726938656315284}}
{"backbone_optimizer_steps": 0, "best_epoch": 2, "c09_worlds_read": 0, "c10_worlds_read": 0, "duration_seconds": 108.78003771707881, "epochs": 6, "fit_observations": 142184, "mtare_worlds_read": 0, "optimizer_steps": 13332, "peak_gpu_memory_bytes": 102425600, "schema_version": "gse_action_set_node_training_seed_v1", "seed": 0, "selection_mil": {"negative": 0.043124470859766006, "positive_episode_joint": 0.11404170657800562, "total": 0.15716617743777161}, "selection_observations": 45942}
	Command being timed: "/home/zeng-workstation/.local/share/mtare_topo_comm/envs/phase3_torch290_cu129_zarr2187_v1/bin/python /home/zeng-workstation/mtare_topo_comm/tools/v3/train_gse_action_set_node_v1.py --cache-dir /home/zeng-workstation/mtare_topo_comm/results/gate3_semantics/gate3_20260828_gse_action_set_node_training_v1_seed0/scratch/action_set_cache --output-dir /home/zeng-workstation/mtare_topo_comm/results/gate3_semantics/gate3_20260828_gse_action_set_node_training_v1_seed0/artifacts/models/seed0 --seed 0 --epochs 6 --batch-size 64 --evaluation-batch-size 256 --learning-rate 0.0003 --weight-decay 0.0001"
	User time (seconds): 109.06
	System time (seconds): 0.84
	Percent of CPU this job got: 100%
	Elapsed (wall clock) time (h:mm:ss or m:ss): 1:49.69
	Average shared text size (kbytes): 0
	Average unshared data size (kbytes): 0
	Average stack size (kbytes): 0
	Average total size (kbytes): 0
	Maximum resident set size (kbytes): 2146600
	Average resident set size (kbytes): 0
	Major (requiring I/O) page faults: 9
	Minor (reclaiming a frame) page faults: 434091
	Voluntary context switches: 53213
	Involuntary context switches: 282
	Swaps: 0
	File system inputs: 1920
	File system outputs: 5240
	Socket messages sent: 0
	Socket messages received: 0
	Signals delivered: 0
	Page size (bytes): 4096
	Exit status: 0
