{"epoch": 0, "optimizer_steps": 2222, "selection": {"negative": 0.05175270512700081, "positive_episode_joint": 0.1221576210707147, "total": 0.17391032619771551}, "train": {"negative": 0.09634302218366084, "positive_episode_joint": 0.14591705585735285, "total": 0.24226007799456684}}
{"epoch": 1, "optimizer_steps": 2222, "selection": {"negative": 0.039359573274850845, "positive_episode_joint": 0.14583895444461015, "total": 0.185198527719461}, "train": {"negative": 0.04300597914775661, "positive_episode_joint": 0.05575279472147616, "total": 0.09875877410925951}}
{"epoch": 2, "optimizer_steps": 2222, "selection": {"negative": 0.04816647991538048, "positive_episode_joint": 0.13137304224227342, "total": 0.1795395221576539}, "train": {"negative": 0.03016948957959838, "positive_episode_joint": 0.0334188193681805, "total": 0.06358830912691679}}
{"epoch": 3, "optimizer_steps": 2222, "selection": {"negative": 0.026435788720846176, "positive_episode_joint": 0.23669223146647322, "total": 0.2631280201873194}, "train": {"negative": 0.02617267110075216, "positive_episode_joint": 0.025396775378544918, "total": 0.05156944645010261}}
{"epoch": 4, "optimizer_steps": 2222, "selection": {"negative": 0.024715134873986244, "positive_episode_joint": 0.2577025788055174, "total": 0.28241771367950363}, "train": {"negative": 0.019191549333440965, "positive_episode_joint": 0.015806039839592226, "total": 0.034997589008219546}}
{"epoch": 5, "optimizer_steps": 2222, "selection": {"negative": 0.017726005986332893, "positive_episode_joint": 0.3730496923730608, "total": 0.3907756983593937}, "train": {"negative": 0.014844283545355975, "positive_episode_joint": 0.015201045329724123, "total": 0.03004532903410438}}
{"backbone_optimizer_steps": 0, "best_epoch": 0, "c09_worlds_read": 0, "c10_worlds_read": 0, "duration_seconds": 108.9407314209966, "epochs": 6, "fit_observations": 142184, "mtare_worlds_read": 0, "optimizer_steps": 13332, "peak_gpu_memory_bytes": 102425600, "schema_version": "gse_action_set_node_training_seed_v1", "seed": 2, "selection_mil": {"negative": 0.05175270512700081, "positive_episode_joint": 0.1221576210707147, "total": 0.17391032619771551}, "selection_observations": 45942}
	Command being timed: "/home/zeng-workstation/.local/share/mtare_topo_comm/envs/phase3_torch290_cu129_zarr2187_v1/bin/python /home/zeng-workstation/mtare_topo_comm/tools/v3/train_gse_action_set_node_v1.py --cache-dir /home/zeng-workstation/mtare_topo_comm/results/gate3_semantics/gate3_20260828_gse_action_set_node_training_v1_seed0/scratch/action_set_cache --output-dir /home/zeng-workstation/mtare_topo_comm/results/gate3_semantics/gate3_20260828_gse_action_set_node_training_v1_seed0/artifacts/models/seed2 --seed 2 --epochs 6 --batch-size 64 --evaluation-batch-size 256 --learning-rate 0.0003 --weight-decay 0.0001"
	User time (seconds): 109.31
	System time (seconds): 0.77
	Percent of CPU this job got: 100%
	Elapsed (wall clock) time (h:mm:ss or m:ss): 1:49.85
	Average shared text size (kbytes): 0
	Average unshared data size (kbytes): 0
	Average stack size (kbytes): 0
	Average total size (kbytes): 0
	Maximum resident set size (kbytes): 2149128
	Average resident set size (kbytes): 0
	Major (requiring I/O) page faults: 8
	Minor (reclaiming a frame) page faults: 384750
	Voluntary context switches: 52716
	Involuntary context switches: 308
	Swaps: 0
	File system inputs: 2408
	File system outputs: 3400
	Socket messages sent: 0
	Socket messages received: 0
	Signals delivered: 0
	Page size (bytes): 4096
	Exit status: 0
