Traceback (most recent call last):
  File "/home/zeng-workstation/mtare_topo_comm/tools/v3/evaluate_gse_action_set_node_selection_v1.py", line 173, in <module>
    raise SystemExit(main())
                     ~~~~^^
  File "/home/zeng-workstation/mtare_topo_comm/tools/v3/evaluate_gse_action_set_node_selection_v1.py", line 103, in main
    selected = select_decision_mass_threshold(
        ensemble, expected_target, episode, traversal, sequence, uncertainty,
        minimum_precision=.995, minimum_per_event_precision=.99,
        minimum_recall=.25, minimum_per_event_recall=.25,
    )
  File "/home/zeng-workstation/mtare_topo_comm/src/mtare_topo/evaluation/gse_causal_episode_metrics.py", line 263, in select_decision_mass_threshold
    raise RuntimeError("no five-frame decision threshold satisfies the frozen safety/recall margins")
RuntimeError: no five-frame decision threshold satisfies the frozen safety/recall margins
Command exited with non-zero status 1
	Command being timed: "/home/zeng-workstation/.local/share/mtare_topo_comm/envs/phase3_torch290_cu129_zarr2187_v1/bin/python /home/zeng-workstation/mtare_topo_comm/tools/v3/evaluate_gse_action_set_node_selection_v1.py --cache-dir /home/zeng-workstation/mtare_topo_comm/results/gate3_semantics/gate3_20260828_gse_action_set_node_training_v1_seed0/scratch/action_set_cache --seed0 /home/zeng-workstation/mtare_topo_comm/results/gate3_semantics/gate3_20260828_gse_action_set_node_training_v1_seed0/artifacts/models/seed0/selection_outputs.npz --seed1 /home/zeng-workstation/mtare_topo_comm/results/gate3_semantics/gate3_20260828_gse_action_set_node_training_v1_seed0/artifacts/models/seed1/selection_outputs.npz --seed2 /home/zeng-workstation/mtare_topo_comm/results/gate3_semantics/gate3_20260828_gse_action_set_node_training_v1_seed0/artifacts/models/seed2/selection_outputs.npz --output-dir /home/zeng-workstation/mtare_topo_comm/results/gate3_semantics/gate3_20260828_gse_action_set_node_training_v1_seed0/metrics/selection"
	User time (seconds): 23.89
	System time (seconds): 0.05
	Percent of CPU this job got: 99%
	Elapsed (wall clock) time (h:mm:ss or m:ss): 0:23.95
	Average shared text size (kbytes): 0
	Average unshared data size (kbytes): 0
	Average stack size (kbytes): 0
	Average total size (kbytes): 0
	Maximum resident set size (kbytes): 188972
	Average resident set size (kbytes): 0
	Major (requiring I/O) page faults: 0
	Minor (reclaiming a frame) page faults: 46403
	Voluntary context switches: 1
	Involuntary context switches: 50
	Swaps: 0
	File system inputs: 0
	File system outputs: 8
	Socket messages sent: 0
	Socket messages received: 0
	Signals delivered: 0
	Page size (bytes): 4096
	Exit status: 1
