{"epoch": 0, "optimizer_steps": 1111, "selection": {"negative": 0.024914149194955826, "positive_episode_joint": 0.5405927648880032, "total": 0.5655069140829591}, "train": {"negative_commit": 0.12303769766409864, "negative_event": 0.13211173563472622, "positive_episode_joint": 0.5089826130290502, "total": 0.7641320458385326}}
{"epoch": 1, "optimizer_steps": 1111, "selection": {"negative": 0.028214896097779274, "positive_episode_joint": 0.3038115975512141, "total": 0.3320264936489934}, "train": {"negative_commit": 0.03719386315031076, "negative_event": 0.03597461114840757, "positive_episode_joint": 0.2086994763675125, "total": 0.28186795134195836}}
{"epoch": 2, "optimizer_steps": 1111, "selection": {"negative": 0.014906460419297218, "positive_episode_joint": 0.3650534725007463, "total": 0.37995993292004354}, "train": {"negative_commit": 0.027400243223667742, "negative_event": 0.027095641858946508, "positive_episode_joint": 0.1427020484058297, "total": 0.1971979339497665}}
{"epoch": 3, "optimizer_steps": 1111, "selection": {"negative": 0.0242589320987463, "positive_episode_joint": 0.3280415524683899, "total": 0.3523004845671362}, "train": {"negative_commit": 0.022509982201841007, "negative_event": 0.022879145145101448, "positive_episode_joint": 0.11667613934007136, "total": 0.16206526678154232}}
{"epoch": 4, "optimizer_steps": 1111, "selection": {"negative": 0.013513959012925625, "positive_episode_joint": 0.392390498692967, "total": 0.4059044577058926}, "train": {"negative_commit": 0.01996311869428164, "negative_event": 0.01996716322682154, "positive_episode_joint": 0.08505334400201968, "total": 0.1249836254193264}}
{"epoch": 5, "optimizer_steps": 1111, "selection": {"negative": 0.011312756687402725, "positive_episode_joint": 0.38213377492816464, "total": 0.39344653161556736}, "train": {"negative_commit": 0.018295565958565605, "negative_event": 0.018495175259195796, "positive_episode_joint": 0.08343299871641474, "total": 0.12022374034309123}}
{"best_epoch": 1, "c09_worlds_read": 0, "c10_worlds_read": 0, "duration_seconds": 172.5393936720211, "epochs": 6, "fit_observations": 142184, "mtare_worlds_read": 0, "optimizer_steps": 6666, "parameters": 240101, "peak_gpu_memory_bytes": 175094272, "perception_backbone_optimizer_steps": 0, "schema_version": "gse_relational_exit_transport_training_seed_v1", "seed": 0, "selection_mil": {"negative": 0.028214896097779274, "positive_episode_joint": 0.3038115975512141, "total": 0.3320264936489934}, "selection_observations": 45942}
	Command being timed: "/home/zeng-workstation/.local/share/mtare_topo_comm/envs/phase3_torch290_cu129_zarr2187_v1/bin/python /home/zeng-workstation/mtare_topo_comm/tools/v3/train_gse_relational_exit_transport_event_v1.py --cache-dir /home/zeng-workstation/mtare_topo_comm/results/gate3_semantics/gate3_20260828_gse_action_set_node_training_v1_seed0/scratch/action_set_cache --output-dir /home/zeng-workstation/mtare_topo_comm/results/gate3_semantics/gate3_20260829_gse_relational_exit_transport_training_v1_seed0/artifacts/models/seed0 --seed 0 --epochs 6 --batch-size 128 --evaluation-batch-size 512 --learning-rate 0.0003 --weight-decay 0.0001 --observation /home/zeng-workstation/mtare_topo_comm/results/gate3_semantics/gate3_20260827_gse_factorized_association_capacity_v1r_seed0/artifacts/unified_observation/seed0_unified_observation_features.npy --observation /home/zeng-workstation/mtare_topo_comm/results/gate3_semantics/gate3_20260827_gse_factorized_association_capacity_v1r_seed0/artifacts/unified_observation/seed1_unified_observation_features.npy --observation /home/zeng-workstation/mtare_topo_comm/results/gate3_semantics/gate3_20260827_gse_factorized_association_capacity_v1r_seed0/artifacts/unified_observation/seed2_unified_observation_features.npy"
	User time (seconds): 172.74
	System time (seconds): 0.76
	Percent of CPU this job got: 100%
	Elapsed (wall clock) time (h:mm:ss or m:ss): 2:53.42
	Average shared text size (kbytes): 0
	Average unshared data size (kbytes): 0
	Average stack size (kbytes): 0
	Average total size (kbytes): 0
	Maximum resident set size (kbytes): 2602640
	Average resident set size (kbytes): 0
	Major (requiring I/O) page faults: 0
	Minor (reclaiming a frame) page faults: 395901
	Voluntary context switches: 53628
	Involuntary context switches: 555
	Swaps: 0
	File system inputs: 8
	File system outputs: 6824
	Socket messages sent: 0
	Socket messages received: 0
	Signals delivered: 0
	Page size (bytes): 4096
	Exit status: 0
