{"epoch": 0, "optimizer_steps": 1111, "selection": {"negative": 0.03252311050891876, "positive_episode_joint": 0.25255547916487797, "total": 0.28507858967379673}, "train": {"negative_commit": 0.1343316877498193, "negative_event": 0.1418398191401235, "positive_episode_joint": 0.5371392357958339, "total": 0.8133107466972328}}
{"epoch": 1, "optimizer_steps": 1111, "selection": {"negative": 0.023384494706988335, "positive_episode_joint": 0.2949211301584544, "total": 0.3183056248654427}, "train": {"negative_commit": 0.0291103918055814, "negative_event": 0.02966378174521166, "positive_episode_joint": 0.12832323967468567, "total": 0.1870974127783102}}
{"epoch": 2, "optimizer_steps": 1111, "selection": {"negative": 0.02053879201412201, "positive_episode_joint": 0.2854125194783991, "total": 0.3059513114925211}, "train": {"negative_commit": 0.025051213540920995, "negative_event": 0.025222195343816072, "positive_episode_joint": 0.12186979554046815, "total": 0.1721432040019873}}
{"epoch": 3, "optimizer_steps": 1111, "selection": {"negative": 0.03066231682896614, "positive_episode_joint": 0.29624980265846607, "total": 0.3269121194874322}, "train": {"negative_commit": 0.02212398551431668, "negative_event": 0.022061006575426485, "positive_episode_joint": 0.11444805431196156, "total": 0.1586330461052907}}
{"epoch": 4, "optimizer_steps": 1111, "selection": {"negative": 0.014782608486711979, "positive_episode_joint": 0.36847727761886667, "total": 0.38325988610557865}, "train": {"negative_commit": 0.019959505098115553, "negative_event": 0.020114918146949125, "positive_episode_joint": 0.0954433131578503, "total": 0.1355177370521628}}
{"epoch": 5, "optimizer_steps": 1111, "selection": {"negative": 0.011925610713660717, "positive_episode_joint": 0.3885706556381836, "total": 0.4004962663518443}, "train": {"negative_commit": 0.017182502729821657, "negative_event": 0.017341943823177445, "positive_episode_joint": 0.0947983691809243, "total": 0.12932281526282152}}
{"best_epoch": 0, "c09_worlds_read": 0, "c10_worlds_read": 0, "duration_seconds": 172.44248708407395, "epochs": 6, "fit_observations": 142184, "mtare_worlds_read": 0, "optimizer_steps": 6666, "parameters": 240101, "peak_gpu_memory_bytes": 175094272, "perception_backbone_optimizer_steps": 0, "schema_version": "gse_relational_exit_transport_training_seed_v1", "seed": 1, "selection_mil": {"negative": 0.03252311050891876, "positive_episode_joint": 0.25255547916487797, "total": 0.28507858967379673}, "selection_observations": 45942}
	Command being timed: "/home/zeng-workstation/.local/share/mtare_topo_comm/envs/phase3_torch290_cu129_zarr2187_v1/bin/python /home/zeng-workstation/mtare_topo_comm/tools/v3/train_gse_relational_exit_transport_event_v1.py --cache-dir /home/zeng-workstation/mtare_topo_comm/results/gate3_semantics/gate3_20260828_gse_action_set_node_training_v1_seed0/scratch/action_set_cache --output-dir /home/zeng-workstation/mtare_topo_comm/results/gate3_semantics/gate3_20260829_gse_relational_exit_transport_training_v1_seed0/artifacts/models/seed1 --seed 1 --epochs 6 --batch-size 128 --evaluation-batch-size 512 --learning-rate 0.0003 --weight-decay 0.0001 --observation /home/zeng-workstation/mtare_topo_comm/results/gate3_semantics/gate3_20260827_gse_factorized_association_capacity_v1r_seed0/artifacts/unified_observation/seed0_unified_observation_features.npy --observation /home/zeng-workstation/mtare_topo_comm/results/gate3_semantics/gate3_20260827_gse_factorized_association_capacity_v1r_seed0/artifacts/unified_observation/seed1_unified_observation_features.npy --observation /home/zeng-workstation/mtare_topo_comm/results/gate3_semantics/gate3_20260827_gse_factorized_association_capacity_v1r_seed0/artifacts/unified_observation/seed2_unified_observation_features.npy"
	User time (seconds): 173.01
	System time (seconds): 0.67
	Percent of CPU this job got: 100%
	Elapsed (wall clock) time (h:mm:ss or m:ss): 2:53.37
	Average shared text size (kbytes): 0
	Average unshared data size (kbytes): 0
	Average stack size (kbytes): 0
	Average total size (kbytes): 0
	Maximum resident set size (kbytes): 2605940
	Average resident set size (kbytes): 0
	Major (requiring I/O) page faults: 0
	Minor (reclaiming a frame) page faults: 396695
	Voluntary context switches: 54752
	Involuntary context switches: 534
	Swaps: 0
	File system inputs: 0
	File system outputs: 4888
	Socket messages sent: 0
	Socket messages received: 0
	Signals delivered: 0
	Page size (bytes): 4096
	Exit status: 0
