{"epoch": 0, "optimizer_steps": 1111, "selection": {"negative": 0.024374088272452354, "positive_episode_joint": 0.4913993872046108, "total": 0.5157734754770631}, "train": {"negative_commit": 0.14737114742017685, "negative_event": 0.15533314570359144, "positive_episode_joint": 0.5276874815362234, "total": 0.8303917763594615}}
{"epoch": 1, "optimizer_steps": 1111, "selection": {"negative": 0.06064753606915474, "positive_episode_joint": 0.29536729338277223, "total": 0.356014829451927}, "train": {"negative_commit": 0.05036439794462768, "negative_event": 0.0508088216882097, "positive_episode_joint": 0.18178506156081475, "total": 0.28295828080899565}}
{"epoch": 2, "optimizer_steps": 1111, "selection": {"negative": 0.031017035245895386, "positive_episode_joint": 0.3046374426817691, "total": 0.3356544779276645}, "train": {"negative_commit": 0.0373174432626811, "negative_event": 0.03765008824957706, "positive_episode_joint": 0.13286049046544446, "total": 0.20782802223375035}}
{"epoch": 3, "optimizer_steps": 1111, "selection": {"negative": 0.022011054679751396, "positive_episode_joint": 0.3452198428370312, "total": 0.3672308975167826}, "train": {"negative_commit": 0.027619031153028543, "negative_event": 0.027727980762006707, "positive_episode_joint": 0.12218614745899316, "total": 0.17753315942998935}}
{"epoch": 4, "optimizer_steps": 1111, "selection": {"negative": 0.009966018609702587, "positive_episode_joint": 0.4907583864724701, "total": 0.5007244050821726}, "train": {"negative_commit": 0.02448514897162123, "negative_event": 0.024694738119189874, "positive_episode_joint": 0.09720899488121552, "total": 0.14638888202935343}}
{"epoch": 5, "optimizer_steps": 1111, "selection": {"negative": 0.04936978220939636, "positive_episode_joint": 0.2997202092894641, "total": 0.34908999149886044}, "train": {"negative_commit": 0.02083663769992689, "negative_event": 0.020970724934531556, "positive_episode_joint": 0.09008908120107774, "total": 0.13189644270651352}}
{"best_epoch": 2, "c09_worlds_read": 0, "c10_worlds_read": 0, "duration_seconds": 171.90778392599896, "epochs": 6, "fit_observations": 142184, "mtare_worlds_read": 0, "optimizer_steps": 6666, "parameters": 240101, "peak_gpu_memory_bytes": 175094272, "perception_backbone_optimizer_steps": 0, "schema_version": "gse_relational_exit_transport_training_seed_v1", "seed": 2, "selection_mil": {"negative": 0.031017035245895386, "positive_episode_joint": 0.3046374426817691, "total": 0.3356544779276645}, "selection_observations": 45942}
	Command being timed: "/home/zeng-workstation/.local/share/mtare_topo_comm/envs/phase3_torch290_cu129_zarr2187_v1/bin/python /home/zeng-workstation/mtare_topo_comm/tools/v3/train_gse_relational_exit_transport_event_v1.py --cache-dir /home/zeng-workstation/mtare_topo_comm/results/gate3_semantics/gate3_20260828_gse_action_set_node_training_v1_seed0/scratch/action_set_cache --output-dir /home/zeng-workstation/mtare_topo_comm/results/gate3_semantics/gate3_20260829_gse_relational_exit_transport_training_v1_seed0/artifacts/models/seed2 --seed 2 --epochs 6 --batch-size 128 --evaluation-batch-size 512 --learning-rate 0.0003 --weight-decay 0.0001 --observation /home/zeng-workstation/mtare_topo_comm/results/gate3_semantics/gate3_20260827_gse_factorized_association_capacity_v1r_seed0/artifacts/unified_observation/seed0_unified_observation_features.npy --observation /home/zeng-workstation/mtare_topo_comm/results/gate3_semantics/gate3_20260827_gse_factorized_association_capacity_v1r_seed0/artifacts/unified_observation/seed1_unified_observation_features.npy --observation /home/zeng-workstation/mtare_topo_comm/results/gate3_semantics/gate3_20260827_gse_factorized_association_capacity_v1r_seed0/artifacts/unified_observation/seed2_unified_observation_features.npy"
	User time (seconds): 172.46
	System time (seconds): 0.72
	Percent of CPU this job got: 100%
	Elapsed (wall clock) time (h:mm:ss or m:ss): 2:52.79
	Average shared text size (kbytes): 0
	Average unshared data size (kbytes): 0
	Average stack size (kbytes): 0
	Average total size (kbytes): 0
	Maximum resident set size (kbytes): 2607484
	Average resident set size (kbytes): 0
	Major (requiring I/O) page faults: 0
	Minor (reclaiming a frame) page faults: 396525
	Voluntary context switches: 54628
	Involuntary context switches: 575
	Swaps: 0
	File system inputs: 0
	File system outputs: 8632
	Socket messages sent: 0
	Socket messages received: 0
	Signals delivered: 0
	Page size (bytes): 4096
	Exit status: 0
