concurrent.futures.process._RemoteTraceback: 
"""
Traceback (most recent call last):
  File "/usr/lib/python3.12/concurrent/futures/process.py", line 263, in _process_worker
    r = call_item.fn(*call_item.args, **call_item.kwargs)
        ^^^^^^^^^^^^^^^^^^^^^^^^^^^^^^^^^^^^^^^^^^^^^^^^^
  File "/usr/lib/python3.12/concurrent/futures/process.py", line 212, in _process_chunk
    return [fn(*args) for args in chunk]
            ^^^^^^^^^
  File "/home/zeng-workstation/mtare_topo_comm/tools/v3/run_primitive_slot_capacity_audit_v1.py", line 119, in _audit_task
    hits = raycaster.ray_exit_hits(origins, directions, inside, maximum_m=50.)
           ^^^^^^^^^^^^^^^^^^^^^^^^^^^^^^^^^^^^^^^^^^^^^^^^^^^^^^^^^^^^^^^^^^^
  File "/home/zeng-workstation/mtare_topo_comm/src/mtare_topo/teacher/csg_mesh_provenance.py", line 166, in ray_exit_hits
    raise ValueError("every ray origin must start inside the primitive union")
ValueError: every ray origin must start inside the primitive union
"""

The above exception was the direct cause of the following exception:

Traceback (most recent call last):
  File "/home/zeng-workstation/mtare_topo_comm/tools/v3/run_primitive_slot_capacity_audit_v1.py", line 207, in main
    task_rows = list(pool.map(_audit_task, tasks, chunksize=1))
                ^^^^^^^^^^^^^^^^^^^^^^^^^^^^^^^^^^^^^^^^^^^^^^^
  File "/usr/lib/python3.12/concurrent/futures/process.py", line 642, in _chain_from_iterable_of_lists
    for element in iterable:
  File "/usr/lib/python3.12/concurrent/futures/_base.py", line 619, in result_iterator
    yield _result_or_cancel(fs.pop())
          ^^^^^^^^^^^^^^^^^^^^^^^^^^^
  File "/usr/lib/python3.12/concurrent/futures/_base.py", line 317, in _result_or_cancel
    return fut.result(timeout)
           ^^^^^^^^^^^^^^^^^^^
  File "/usr/lib/python3.12/concurrent/futures/_base.py", line 456, in result
    return self.__get_result()
           ^^^^^^^^^^^^^^^^^^^
  File "/usr/lib/python3.12/concurrent/futures/_base.py", line 401, in __get_result
    raise self._exception
ValueError: every ray origin must start inside the primitive union
