{"audit_pass": true, "c09_worlds_read": 0, "causal_observations": 188126, "checks": {"all_confirmation_events_have_twelve_frame_history": true, "exact_directional_change_episodes": true, "exact_emitted_points": true, "exact_teacher_population": true, "exact_transition_identities": true, "exact_transition_labels": true, "exact_world_population": true, "frame_risk_capacity_predecessor_failed_scientifically": true, "longer_history_signal_predecessor_passed": true, "majority_labels_do_not_contain_boundary_in_five_frame_history": true, "majority_labels_precede_closed_confirmation": true, "zero_forbidden_reads": true}, "diagnosis": "The persistent change-point Teacher defines a proposal-to-confirmation episode, while the current objective requires every labelled frame to be independently correct. Most labels precede closed confirmation and most five-frame histories no longer contain the back-projected boundary.", "episode_inventory": {"geometry_transition": {"episode_count": 148, "episode_frame_count_quantiles": {"maximum": 12.0, "median": 7.0, "minimum": 1.0, "q25": 6.0, "q75": 8.0}, "identity_count": 76, "observation_count": 1031}, "junction": {"episode_count": 3424, "episode_frame_count_quantiles": {"maximum": 10.0, "median": 7.0, "minimum": 2.0, "q25": 7.0, "q75": 10.0}, "identity_count": 563, "observation_count": 26608}, "terminal": {"episode_count": 994, "episode_frame_count_quantiles": {"maximum": 10.0, "median": 7.0, "minimum": 1.0, "q25": 7.0, "q75": 10.0}, "identity_count": 503, "observation_count": 7525}, "turn": {"episode_count": 740, "episode_frame_count_quantiles": {"maximum": 10.0, "median": 2.0, "minimum": 1.0, "q25": 1.0, "q75": 4.0}, "identity_count": 392, "observation_count": 1998}}, "model_inference_frames": 0, "mtare_worlds_read": 0, "optimizer_steps": 0, "overall_status": "PASS_GSE_CAUSAL_EVENT_SUPERVISION_AUDIT_V1", "recommended_interface": {"confirmation": "A masked 12-frame past-only temporal decoder confirms at most one event per Teacher episode.", "data": "Reuse existing unique LiDAR frames by reference; generate no new rays and duplicate no sensor payload.", "graph": "Commit one node only after causal confirmation and back-project its metric position to the estimated structural boundary; edge creation remains traversal-only.", "loss": "Require at least one correct-class trigger inside the objective proposal-to-confirmation bag; use complete corridor bags as hard negatives instead of forcing every positive bag frame to be positive.", "proposal": "Per-frame geometric-semantic evidence remains provisional."}, "recommended_method": "TWELVE_FRAME_CAUSAL_EVENT_DETECTOR_WITH_EPISODE_LEVEL_MULTIPLE_INSTANCE_SUPERVISION_AND_BACKPROJECTED_NODE_COMMIT", "schema_version": "gse_causal_event_supervision_audit_v1", "scientific_qualification": false, "strict_test_worlds_read": 0, "structural_episodes": 5306, "structural_identities": 1534, "transition_alignment": {"directional_change_episodes": 152, "emitted_change_points": 76, "final_transition_identities": 76, "final_transition_labels": 1031, "history_available_at_confirmation": {"10": 152, "12": 152, "5": 152, "8": 152}, "labels_after_closed_confirmation": 0, "labels_at_closed_confirmation": 140, "labels_before_closed_confirmation": 891, "labels_with_boundary_inside_five_frame_history": 410, "labels_with_boundary_outside_five_frame_history": 621}, "worlds": 80}
	Command being timed: "/home/zeng-workstation/.local/share/mtare_topo_comm/envs/phase3_torch290_cu129_zarr2187_v1/bin/python /home/zeng-workstation/mtare_topo_comm/tools/v3/execute_gse_causal_event_supervision_audit_v1.py --run-dir /home/zeng-workstation/mtare_topo_comm/results/gate3_semantics/gate3_20260827_gse_causal_event_supervision_audit_v1_seed0 --teacher /home/zeng-workstation/mtare_topo_comm/results/gate2_representation/gate2_20260827_gse_corrected_causal_teacher_manifest_v1r_seed0/artifacts/teacher_observations.jsonl --proof-points /home/zeng-workstation/mtare_topo_comm/results/gate3_semantics/gate3_20260826_gse_causal_change_point_proof_v1_seed0/artifacts/bidirectional_change_points.jsonl --proof-labels /home/zeng-workstation/mtare_topo_comm/results/gate3_semantics/gate3_20260826_gse_causal_change_point_proof_v1_seed0/artifacts/causal_change_point_labels.jsonl --risk-summary /home/zeng-workstation/mtare_topo_comm/results/gate3_semantics/gate3_20260827_gse_causal_geometry_risk_conflict_audit_v1_seed0/metrics/risk_conflict_summary.json --capacity-summary /home/zeng-workstation/mtare_topo_comm/results/gate3_semantics/gate3_20260827_gse_geometry_conditioned_identity_risk_capacity_v1_seed0/metrics/capacity_summary.json"
	User time (seconds): 1.66
	System time (seconds): 0.18
	Percent of CPU this job got: 99%
	Elapsed (wall clock) time (h:mm:ss or m:ss): 0:01.85
	Average shared text size (kbytes): 0
	Average unshared data size (kbytes): 0
	Average stack size (kbytes): 0
	Average total size (kbytes): 0
	Maximum resident set size (kbytes): 655944
	Average resident set size (kbytes): 0
	Major (requiring I/O) page faults: 0
	Minor (reclaiming a frame) page faults: 166355
	Voluntary context switches: 34
	Involuntary context switches: 76
	Swaps: 0
	File system inputs: 0
	File system outputs: 920
	Socket messages sent: 0
	Socket messages received: 0
	Signals delivered: 0
	Page size (bytes): 4096
	Exit status: 0
