Traceback (most recent call last):
  File "/home/zeng-workstation/mtare_topo_comm/tools/v3/build_gse_open_set_pair_cache_v1.py", line 178, in <module>
    raise SystemExit(main())
                     ~~~~^^
  File "/home/zeng-workstation/mtare_topo_comm/tools/v3/build_gse_open_set_pair_cache_v1.py", line 173, in main
    print(json.dumps(build(args.dataset_run, args.output_dir), indent=2, sort_keys=True))
                     ~~~~~^^^^^^^^^^^^^^^^^^^^^^^^^^^^^^^^^^^
  File "/home/zeng-workstation/mtare_topo_comm/tools/v3/build_gse_open_set_pair_cache_v1.py", line 110, in build
    raise RuntimeError("C01--C08 global sequence indices are not exact contiguous identity")
RuntimeError: C01--C08 global sequence indices are not exact contiguous identity
Command exited with non-zero status 1
	Command being timed: "/home/zeng-workstation/.local/share/mtare_topo_comm/envs/phase3_torch290_cu129_zarr2187_v1/bin/python /home/zeng-workstation/mtare_topo_comm/tools/v3/build_gse_open_set_pair_cache_v1.py --dataset-run /home/zeng-workstation/mtare_topo_comm/results/gate2_representation/gate2_20260824_gse_deduplicated_dataset_export_v1_seed0 --output-dir /home/zeng-workstation/mtare_topo_comm/results/gate3_semantics/gate3_20260826_gse_open_set_association_corrective_v1_seed0/artifacts/pair_cache"
	User time (seconds): 14.40
	System time (seconds): 0.11
	Percent of CPU this job got: 100%
	Elapsed (wall clock) time (h:mm:ss or m:ss): 0:14.51
	Average shared text size (kbytes): 0
	Average unshared data size (kbytes): 0
	Average stack size (kbytes): 0
	Average total size (kbytes): 0
	Maximum resident set size (kbytes): 371140
	Average resident set size (kbytes): 0
	Major (requiring I/O) page faults: 0
	Minor (reclaiming a frame) page faults: 88332
	Voluntary context switches: 1
	Involuntary context switches: 94
	Swaps: 0
	File system inputs: 0
	File system outputs: 0
	Socket messages sent: 0
	Socket messages received: 0
	Signals delivered: 0
	Page size (bytes): 4096
	Exit status: 1

runner_observed_seconds=14.518974
