{
  "overall_status": "FAIL_GSE_RARE_EVENT_CORRECTIVE_TRAINING_V1"
}
Command exited with non-zero status 2
	Command being timed: "/home/zeng-workstation/.local/share/mtare_topo_comm/envs/phase3_torch290_cu129_zarr2187_v1/bin/python /home/zeng-workstation/mtare_topo_comm/tools/v3/train_gse_rare_event_corrective_v1.py --verifier-run /home/zeng-workstation/mtare_topo_comm/results/gate3_semantics/gate3_20260826_gse_exit_token_association_corrective_v2_seed0 --dataset-run /home/zeng-workstation/mtare_topo_comm/results/gate2_representation/gate2_20260824_gse_deduplicated_dataset_export_v1_seed0 --output-dir /home/zeng-workstation/mtare_topo_comm/results/gate3_semantics/gate3_20260826_gse_rare_event_corrective_training_v1_seed0/artifacts/training --device cuda:0 --epochs 40 --batch-size 512 --learning-rate 0.001 --weight-decay 0.0001"
	User time (seconds): 61.29
	System time (seconds): 0.99
	Percent of CPU this job got: 100%
	Elapsed (wall clock) time (h:mm:ss or m:ss): 1:02.15
	Average shared text size (kbytes): 0
	Average unshared data size (kbytes): 0
	Average stack size (kbytes): 0
	Average total size (kbytes): 0
	Maximum resident set size (kbytes): 2391104
	Average resident set size (kbytes): 0
	Major (requiring I/O) page faults: 2
	Minor (reclaiming a frame) page faults: 357668
	Voluntary context switches: 82723
	Involuntary context switches: 299
	Swaps: 0
	File system inputs: 240
	File system outputs: 20648
	Socket messages sent: 0
	Socket messages received: 0
	Signals delivered: 0
	Page size (bytes): 4096
	Exit status: 2
