Traceback (most recent call last):
  File "/home/zeng-workstation/mtare_topo_comm/tools/v3/run_gse_point_axis_evidence_v1.py", line 81, in main
    write_json(run/"environment/execution_environment.json",{"versions":versions,"device":"cpu","optimizer_steps":0})
    ~~~~~~~~~~^^^^^^^^^^^^^^^^^^^^^^^^^^^^^^^^^^^^^^^^^^^^^^^^^^^^^^^^^^^^^^^^^^^^^^^^^^^^^^^^^^^^^^^^^^^^^^^^^^^^^^^
  File "/home/zeng-workstation/mtare_topo_comm/src/mtare_topo/governance.py", line 395, in write_json
    path.write_text(
    ~~~~~~~~~~~~~~~^
        json.dumps(value, ensure_ascii=False, indent=2, sort_keys=True) + "\n",
        ^^^^^^^^^^^^^^^^^^^^^^^^^^^^^^^^^^^^^^^^^^^^^^^^^^^^^^^^^^^^^^^^^^^^^^^
        encoding="utf-8",
        ^^^^^^^^^^^^^^^^^
    )
    ^
  File "/home/zeng-workstation/anaconda3/lib/python3.13/pathlib/_local.py", line 555, in write_text
    return PathBase.write_text(self, data, encoding, errors, newline)
           ~~~~~~~~~~~~~~~~~~~^^^^^^^^^^^^^^^^^^^^^^^^^^^^^^^^^^^^^^^
  File "/home/zeng-workstation/anaconda3/lib/python3.13/pathlib/_abc.py", line 651, in write_text
    with self.open(mode='w', encoding=encoding, errors=errors, newline=newline) as f:
         ~~~~~~~~~^^^^^^^^^^^^^^^^^^^^^^^^^^^^^^^^^^^^^^^^^^^^^^^^^^^^^^^^^^^^^
  File "/home/zeng-workstation/anaconda3/lib/python3.13/pathlib/_local.py", line 537, in open
    return io.open(self, mode, buffering, encoding, errors, newline)
           ~~~~~~~^^^^^^^^^^^^^^^^^^^^^^^^^^^^^^^^^^^^^^^^^^^^^^^^^^
FileNotFoundError: [Errno 2] No such file or directory: '/home/zeng-workstation/mtare_topo_comm/results/gate3_semantics/gate3_20260905_gse_point_axis_evidence_v1_seed0/environment/execution_environment.json'
