{
  "scientific_pass": false,
  "decision": "STOP_PRIMITIVE_CONNECTION_HYPERGRAPH_CANDIDATE",
  "capacity": {
    "maximum_fit_clusters_per_row": 19,
    "margin": 1.25,
    "required_capacity": 24,
    "selected_capacity": 32,
    "candidates": [
      4,
      8,
      16,
      32
    ],
    "fit_overflow_rows": 0,
    "c07_overflow_rows": 0
  },
  "checks": {
    "exact_fit_population": true,
    "exact_c07_population": true,
    "exact_total_population": true,
    "fit_teacher_union_of_cliques": true,
    "c07_teacher_union_of_cliques": true,
    "maximum_cluster_degree_contract": true,
    "fit_capacity_zero_overflow": true,
    "c07_capacity_zero_overflow": true,
    "c07_observable_positive_reproduction": true,
    "nonempty_observable_connection_supervision": true,
    "fixed_decoder_output_compression": false,
    "zero_model_or_downstream_work": true
  }
}
Command exited with non-zero status 2
	Command being timed: "/home/zeng-workstation/.local/share/mtare_topo_comm/envs/phase3_torch290_cu129_zarr2187_v1/bin/python /home/zeng-workstation/mtare_topo_comm/tools/v3/execute_primitive_connection_hypergraph_teacher_feasibility_v1.py --teacher-root /home/zeng-workstation/mtare_topo_comm/results/gate3_semantics/gate3_20260830_primitive_relation_p1b_teacher_materialization_v1r_seed0/artifacts/teacher --sidecar-root /home/zeng-workstation/mtare_topo_comm/results/gate3_semantics/gate3_20260902_primitive_attachment_observability_sidecar_v1_seed0/artifacts/endpoint_observability --output-dir /home/zeng-workstation/mtare_topo_comm/results/gate3_semantics/gate3_20260902_primitive_connection_hypergraph_teacher_feasibility_v1_seed0/metrics/teacher_feasibility"
	User time (seconds): 5.45
	System time (seconds): 0.58
	Percent of CPU this job got: 100%
	Elapsed (wall clock) time (h:mm:ss or m:ss): 0:06.03
	Average shared text size (kbytes): 0
	Average unshared data size (kbytes): 0
	Average stack size (kbytes): 0
	Average total size (kbytes): 0
	Maximum resident set size (kbytes): 129756
	Average resident set size (kbytes): 0
	Major (requiring I/O) page faults: 0
	Minor (reclaiming a frame) page faults: 504611
	Voluntary context switches: 35
	Involuntary context switches: 107
	Swaps: 0
	File system inputs: 136
	File system outputs: 1536
	Socket messages sent: 0
	Socket messages received: 0
	Signals delivered: 0
	Page size (bytes): 4096
	Exit status: 2
