{
  "schema_version": "cano_phase3_stability_contract_audit_v1",
  "overall_status": "PASS_CANO_PHASE3_STABILITY_CONTRACT_AUDIT",
  "scientific_result": "CONFIRMED_METRIC_DEVICE_CONTRACT_AND_MASKING_MODEL_FAILURE",
  "source_run": "results/gate2_representation/gate2_20260812_cano_phase3_multitask_structural_semantics_v1r3_seed0",
  "dataset_run": "results/gate1_data/gate1_20260812_cano_phase2_supervised_range_dataset_v2r_seed0",
  "seeds": [
    0,
    1,
    2
  ],
  "validation_frames_per_seed_per_device": 2048,
  "unique_validation_frame_indices_read": 2048,
  "training_frames_read": 0,
  "strict_test_frames_read": 0,
  "mtare_frames_read": 0,
  "weight_updates": 0,
  "optimizer_steps": 0,
  "checkpoints_created": 0,
  "graph_runs": 0,
  "planner_changes": 0,
  "cpu_rotation_contract_pass": true,
  "cuda_rotation_contract_pass": false,
  "rotation_attribution": "CUDA_NUMERICAL_MAX_ERROR_NOT_ARCHITECTURE_FAILURE",
  "cpu_masking_median_mean_cosine": 0.20562278916690957,
  "cuda_masking_median_mean_cosine": 0.2056873639639889,
  "cpu_cuda_masking_absolute_delta": 6.457479707933089e-05,
  "fixed_masking_contract_pass": false,
  "masking_attribution": "DEVICE_INDEPENDENT_MODEL_INPUT_ROBUSTNESS_FAILURE",
  "duration_seconds": 49.512099298000976
}

duration_seconds=50.692284
exit_code=0
