{"epoch": 1, "train_loss": 2.1942471504211425, "val_loss": 2.942648490269979, "val_model_iou": 0.10474709476621553, "val_baseline_iou": 0.10474709476621553}
{"epoch": 2, "train_loss": 1.8349802017211914, "val_loss": 2.573739859792921, "val_model_iou": 0.10474709476621553, "val_baseline_iou": 0.10474709476621553}
{"epoch": 3, "train_loss": 1.4835533916950225, "val_loss": 2.226515531539917, "val_model_iou": 0.1184876263207543, "val_baseline_iou": 0.10474709476621553}
{"epoch": 4, "train_loss": 1.2221689581871034, "val_loss": 1.9703075620863173, "val_model_iou": 0.3365508734838864, "val_baseline_iou": 0.10474709476621553}
{"epoch": 5, "train_loss": 1.0618757843971252, "val_loss": 1.7826780610614352, "val_model_iou": 0.4928560850319954, "val_baseline_iou": 0.10474709476621553}
{"epoch": 6, "train_loss": 0.9739524215459824, "val_loss": 1.6420452727211847, "val_model_iou": 0.560224793794708, "val_baseline_iou": 0.10474709476621553}
{"epoch": 7, "train_loss": 0.9180474758148194, "val_loss": 1.5876936382717557, "val_model_iou": 0.5669292067341064, "val_baseline_iou": 0.10474709476621553}
{"epoch": 8, "train_loss": 0.8802154272794723, "val_loss": 1.5063732730017767, "val_model_iou": 0.5765610228451322, "val_baseline_iou": 0.10474709476621553}
{"epoch": 9, "train_loss": 0.8523712009191513, "val_loss": 1.4523031976487901, "val_model_iou": 0.5840650204494283, "val_baseline_iou": 0.10474709476621553}
{"epoch": 10, "train_loss": 0.8388306349515915, "val_loss": 1.4299388991461859, "val_model_iou": 0.5842696119976614, "val_baseline_iou": 0.10474709476621553}
{"epoch": 11, "train_loss": 0.8310602366924286, "val_loss": 1.4235389166408114, "val_model_iou": 0.5848190299418746, "val_baseline_iou": 0.10474709476621553}
{"epoch": 12, "train_loss": 0.8083043158054352, "val_loss": 1.365785817305247, "val_model_iou": 0.5877271240106484, "val_baseline_iou": 0.10474709476621553}
{"epoch": 13, "train_loss": 0.7982582420110702, "val_loss": 1.3577271699905396, "val_model_iou": 0.5882875846592974, "val_baseline_iou": 0.10474709476621553}
{"epoch": 14, "train_loss": 0.7811951011419296, "val_loss": 1.3400340808762445, "val_model_iou": 0.5892944436840168, "val_baseline_iou": 0.10474709476621553}
{"epoch": 15, "train_loss": 0.7667657852172851, "val_loss": 1.3214505248599582, "val_model_iou": 0.5904456555470708, "val_baseline_iou": 0.10474709476621553}
{"epoch": 16, "train_loss": 0.7565799295902252, "val_loss": 1.3342194424735174, "val_model_iou": 0.5898371945071089, "val_baseline_iou": 0.10474709476621553}
{"epoch": 17, "train_loss": 0.7496530324220657, "val_loss": 1.3367634680536058, "val_model_iou": 0.5887733946602084, "val_baseline_iou": 0.10474709476621553}
{"epoch": 18, "train_loss": 0.7409765720367432, "val_loss": 1.3055271638764276, "val_model_iou": 0.5841422902977702, "val_baseline_iou": 0.10474709476621553}
{"epoch": 19, "train_loss": 0.7306932419538498, "val_loss": 1.2921872801250882, "val_model_iou": 0.5883543593319038, "val_baseline_iou": 0.10474709476621553}
{"epoch": 20, "train_loss": 0.7284375637769699, "val_loss": 1.3070624536938138, "val_model_iou": 0.5885088529935733, "val_baseline_iou": 0.10474709476621553}
{
  "result_dir": "results/structural_model_feasibility/20260805_214000_tiny_completion_seed20260805",
  "status": "MODEL_FEASIBLE"
}
