argv=["/tmp/mtare_cano_compat_e1_py312_np126_sp112/bin/python", "/home/zeng-workstation/mtare_topo_comm/tools/v3/execute_cano_c08_trajectory_mesh_contract_v1.py", "--run-dir", "/home/zeng-workstation/mtare_topo_comm/results/gate4_topology/gate4_20260813_cano_c08_trajectory_mesh_contract_v1_seed0"]
finished_at_utc=2026-08-13T11:07:05.485685+00:00
{
  "schema_version": "cano_c08_trajectory_mesh_contract_summary_v1",
  "overall_status": "PASS_CANO_C08_TRAJECTORY_MESH_CONTRACT_V1",
  "world_count": 3,
  "trajectory_count": 3,
  "graph_edge_count": 312,
  "traversal_count": 624,
  "route_length_m": 9541.643029407864,
  "frame_count": 4773,
  "maximum_connector_m": 0.36116748687172556,
  "minimum_connector_mesh_surface_distance_m": 1.1484099626541138,
  "ray_count": 0,
  "inference_count": 0,
  "graph_runtime_updates": 0,
  "c09_reads": 0,
  "c10_reads": 0,
  "mtare_changes": 0,
  "claim_boundary": "Zero-ray perception-mesh trajectory geometry contract only; not dynamic-navigation collision qualification and not topology replay performance.",
  "worlds": [
    {
      "world": "S01_flat_tree_small_C08",
      "graph_node_count": 54,
      "graph_edge_count": 54,
      "traversal_count": 108,
      "all_edges_once_per_direction": true,
      "route_length_m": 1601.266382249641,
      "frame_spacing_m": 2.0,
      "frame_count": 801,
      "maximum_connector_m": 0.36116748687172556,
      "minimum_connector_mesh_surface_distance_m": 1.1484099626541138,
      "connector_sample_count": 460,
      "connector_limit_m": 0.5,
      "minimum_clearance_limit_m": 0.8,
      "passed": true
    },
    {
      "world": "S06_3d_branch_medium_C08",
      "graph_node_count": 92,
      "graph_edge_count": 92,
      "traversal_count": 184,
      "all_edges_once_per_direction": true,
      "route_length_m": 2826.012300521433,
      "frame_spacing_m": 2.0,
      "frame_count": 1414,
      "maximum_connector_m": 0.0020120638577360377,
      "minimum_connector_mesh_surface_distance_m": 1.1622240543365479,
      "connector_sample_count": 736,
      "connector_limit_m": 0.5,
      "minimum_clearance_limit_m": 0.8,
      "passed": true
    },
    {
      "world": "S10_3d_complex_C08",
      "graph_node_count": 164,
      "graph_edge_count": 166,
      "traversal_count": 332,
      "all_edges_once_per_direction": true,
      "route_length_m": 5114.364346636789,
      "frame_spacing_m": 2.0,
      "frame_count": 2558,
      "maximum_connector_m": 0.0030761767931352085,
      "minimum_connector_mesh_surface_distance_m": 1.171913743019104,
      "connector_sample_count": 1328,
      "connector_limit_m": 0.5,
      "minimum_clearance_limit_m": 0.8,
      "passed": true
    }
  ]
}

duration_seconds=3.253386
exit_code=0
