{"c07": {"negative_zero_structural_commit": 0.04061405982553031, "positive_exactly_one_correct_commit": 0.6357980986145324, "total": 0.6764121584400627}, "epoch": 0, "optimizer_steps": 1111, "train": {"negative_zero_structural_commit": 0.07788387500001143, "positive_exactly_one_correct_commit": 0.8981357418222002, "total": 0.9760196160971045}}
{"c07": {"negative_zero_structural_commit": 0.04425628030931546, "positive_exactly_one_correct_commit": 0.5131139969381027, "total": 0.5573702772474182}, "epoch": 1, "optimizer_steps": 1111, "train": {"negative_zero_structural_commit": 0.03873273309883531, "positive_exactly_one_correct_commit": 0.528925432804318, "total": 0.5676581655720351}}
{"c07": {"negative_zero_structural_commit": 0.020559561756112586, "positive_exactly_one_correct_commit": 0.4885592732687126, "total": 0.5091188350248252}, "epoch": 2, "optimizer_steps": 1111, "train": {"negative_zero_structural_commit": 0.028029240458880146, "positive_exactly_one_correct_commit": 0.422766423624086, "total": 0.45079566333962656}}
{"c07": {"negative_zero_structural_commit": 0.015787003816647716, "positive_exactly_one_correct_commit": 0.38399950004939787, "total": 0.3997865038660456}, "epoch": 3, "optimizer_steps": 1111, "train": {"negative_zero_structural_commit": 0.026039261906449687, "positive_exactly_one_correct_commit": 0.3657150359264333, "total": 0.39175429799058326}}
{"c07": {"negative_zero_structural_commit": 0.013291518104351446, "positive_exactly_one_correct_commit": 0.30224161543775974, "total": 0.3155331335421112}, "epoch": 4, "optimizer_steps": 1111, "train": {"negative_zero_structural_commit": 0.021431135080813856, "positive_exactly_one_correct_commit": 0.3205287801646682, "total": 0.3419599152030968}}
{"c07": {"negative_zero_structural_commit": 0.017379538927907695, "positive_exactly_one_correct_commit": 0.3161768316793871, "total": 0.3335563706072948}, "epoch": 5, "optimizer_steps": 1111, "train": {"negative_zero_structural_commit": 0.017213275397155964, "positive_exactly_one_correct_commit": 0.27833665087802334, "total": 0.2955499263258163}}
{"best_epoch": 4, "c07_checkpoint_observations": 21548, "c07_exact_one_nll": {"negative_zero_structural_commit": 0.013291518104351446, "positive_exactly_one_correct_commit": 0.30224161543775974, "total": 0.3155331335421112}, "c08_checkpoint_observations": 0, "c09_worlds_read": 0, "c10_worlds_read": 0, "development_output_observations": 45942, "duration_seconds": 170.13985092495568, "epochs": 6, "fit_observations": 142184, "mtare_worlds_read": 0, "optimizer_steps": 6666, "parameters": 240101, "peak_gpu_memory_bytes": 175093760, "perception_backbone_optimizer_steps": 0, "schema_version": "gse_structured_exact_one_event_training_seed_v1", "seed": 0}
	Command being timed: "/home/zeng-workstation/.local/share/mtare_topo_comm/envs/phase3_torch290_cu129_zarr2187_v1/bin/python /home/zeng-workstation/mtare_topo_comm/tools/v3/train_gse_structured_exact_one_event_v1.py --cache-dir /home/zeng-workstation/mtare_topo_comm/results/gate3_semantics/gate3_20260828_gse_action_set_node_training_v1_seed0/scratch/action_set_cache --output-dir /home/zeng-workstation/mtare_topo_comm/results/gate3_semantics/gate3_20260829_gse_structured_exact_one_event_training_v1_seed0/artifacts/models/seed0 --seed 0 --epochs 6 --batch-size 128 --evaluation-batch-size 512 --learning-rate 0.0003 --weight-decay 0.0001 --observation /home/zeng-workstation/mtare_topo_comm/results/gate3_semantics/gate3_20260827_gse_factorized_association_capacity_v1r_seed0/artifacts/unified_observation/seed0_unified_observation_features.npy --observation /home/zeng-workstation/mtare_topo_comm/results/gate3_semantics/gate3_20260827_gse_factorized_association_capacity_v1r_seed0/artifacts/unified_observation/seed1_unified_observation_features.npy --observation /home/zeng-workstation/mtare_topo_comm/results/gate3_semantics/gate3_20260827_gse_factorized_association_capacity_v1r_seed0/artifacts/unified_observation/seed2_unified_observation_features.npy"
	User time (seconds): 170.71
	System time (seconds): 0.76
	Percent of CPU this job got: 100%
	Elapsed (wall clock) time (h:mm:ss or m:ss): 2:51.03
	Average shared text size (kbytes): 0
	Average unshared data size (kbytes): 0
	Average stack size (kbytes): 0
	Average total size (kbytes): 0
	Maximum resident set size (kbytes): 2768296
	Average resident set size (kbytes): 0
	Major (requiring I/O) page faults: 0
	Minor (reclaiming a frame) page faults: 386883
	Voluntary context switches: 52072
	Involuntary context switches: 635
	Swaps: 0
	File system inputs: 24
	File system outputs: 12632
	Socket messages sent: 0
	Socket messages received: 0
	Signals delivered: 0
	Page size (bytes): 4096
	Exit status: 0
