{"c07": {"negative_zero_structural_commit": 0.041864595301818304, "positive_exactly_one_correct_commit": 0.7258805321882147, "total": 0.767745127490033}, "epoch": 0, "optimizer_steps": 1111, "train": {"negative_zero_structural_commit": 0.09278136942431693, "positive_exactly_one_correct_commit": 0.9400843592590303, "total": 1.0328657300581168}}
{"c07": {"negative_zero_structural_commit": 0.04923518637033408, "positive_exactly_one_correct_commit": 0.45927190716304583, "total": 0.50850709353338}, "epoch": 1, "optimizer_steps": 1111, "train": {"negative_zero_structural_commit": 0.037638261542583436, "positive_exactly_one_correct_commit": 0.5498351046998259, "total": 0.587473365690301}}
{"c07": {"negative_zero_structural_commit": 0.021599507133848388, "positive_exactly_one_correct_commit": 0.4586413070759731, "total": 0.4802408142098215}, "epoch": 2, "optimizer_steps": 1111, "train": {"negative_zero_structural_commit": 0.031120222775453347, "positive_exactly_one_correct_commit": 0.41451997017281667, "total": 0.4456401928759689}}
{"c07": {"negative_zero_structural_commit": 0.02106899107028409, "positive_exactly_one_correct_commit": 0.3916084565954138, "total": 0.4126774476656979}, "epoch": 3, "optimizer_steps": 1111, "train": {"negative_zero_structural_commit": 0.026340715171459937, "positive_exactly_one_correct_commit": 0.3789549249330826, "total": 0.40529564064093315}}
{"c07": {"negative_zero_structural_commit": 0.029132023310510544, "positive_exactly_one_correct_commit": 0.37830782821346814, "total": 0.4074398515239787}, "epoch": 4, "optimizer_steps": 1111, "train": {"negative_zero_structural_commit": 0.02210987218484114, "positive_exactly_one_correct_commit": 0.3360986071160947, "total": 0.3582084798811525}}
{"c07": {"negative_zero_structural_commit": 0.027168656595198758, "positive_exactly_one_correct_commit": 0.40616045313374, "total": 0.43332910972893873}, "epoch": 5, "optimizer_steps": 1111, "train": {"negative_zero_structural_commit": 0.01834810902590886, "positive_exactly_one_correct_commit": 0.30004170884857745, "total": 0.31838981737403665}}
{"best_epoch": 4, "c07_checkpoint_observations": 21548, "c07_exact_one_nll": {"negative_zero_structural_commit": 0.02913202330532702, "positive_exactly_one_correct_commit": 0.37830782821346814, "total": 0.40743985151879514}, "c08_checkpoint_observations": 0, "c09_worlds_read": 0, "c10_worlds_read": 0, "development_output_observations": 45942, "duration_seconds": 171.34283575299196, "epochs": 6, "fit_observations": 142184, "mtare_worlds_read": 0, "optimizer_steps": 6666, "parameters": 240101, "peak_gpu_memory_bytes": 175093760, "perception_backbone_optimizer_steps": 0, "schema_version": "gse_structured_exact_one_event_training_seed_v1", "seed": 1}
	Command being timed: "/home/zeng-workstation/.local/share/mtare_topo_comm/envs/phase3_torch290_cu129_zarr2187_v1/bin/python /home/zeng-workstation/mtare_topo_comm/tools/v3/train_gse_structured_exact_one_event_v1.py --cache-dir /home/zeng-workstation/mtare_topo_comm/results/gate3_semantics/gate3_20260828_gse_action_set_node_training_v1_seed0/scratch/action_set_cache --output-dir /home/zeng-workstation/mtare_topo_comm/results/gate3_semantics/gate3_20260829_gse_structured_exact_one_event_training_v1_seed0/artifacts/models/seed1 --seed 1 --epochs 6 --batch-size 128 --evaluation-batch-size 512 --learning-rate 0.0003 --weight-decay 0.0001 --observation /home/zeng-workstation/mtare_topo_comm/results/gate3_semantics/gate3_20260827_gse_factorized_association_capacity_v1r_seed0/artifacts/unified_observation/seed0_unified_observation_features.npy --observation /home/zeng-workstation/mtare_topo_comm/results/gate3_semantics/gate3_20260827_gse_factorized_association_capacity_v1r_seed0/artifacts/unified_observation/seed1_unified_observation_features.npy --observation /home/zeng-workstation/mtare_topo_comm/results/gate3_semantics/gate3_20260827_gse_factorized_association_capacity_v1r_seed0/artifacts/unified_observation/seed2_unified_observation_features.npy"
	User time (seconds): 171.91
	System time (seconds): 0.71
	Percent of CPU this job got: 100%
	Elapsed (wall clock) time (h:mm:ss or m:ss): 2:52.30
	Average shared text size (kbytes): 0
	Average unshared data size (kbytes): 0
	Average stack size (kbytes): 0
	Average total size (kbytes): 0
	Maximum resident set size (kbytes): 2793336
	Average resident set size (kbytes): 0
	Major (requiring I/O) page faults: 0
	Minor (reclaiming a frame) page faults: 394023
	Voluntary context switches: 53741
	Involuntary context switches: 676
	Swaps: 0
	File system inputs: 8
	File system outputs: 12648
	Socket messages sent: 0
	Socket messages received: 0
	Signals delivered: 0
	Page size (bytes): 4096
	Exit status: 0
