{"c07": {"negative_zero_structural_commit": 0.07552394483685715, "positive_exactly_one_correct_commit": 0.5164551640606521, "total": 0.5919791088975093}, "epoch": 0, "optimizer_steps": 1111, "train": {"negative_zero_structural_commit": 0.07519986586306583, "positive_exactly_one_correct_commit": 0.9788020344653933, "total": 1.0540018988409416}}
{"c07": {"negative_zero_structural_commit": 0.023760192707591592, "positive_exactly_one_correct_commit": 0.47467324617618667, "total": 0.4984334388837783}, "epoch": 1, "optimizer_steps": 1111, "train": {"negative_zero_structural_commit": 0.03465994132475103, "positive_exactly_one_correct_commit": 0.5315369156693904, "total": 0.5661968564468793}}
{"c07": {"negative_zero_structural_commit": 0.029028433246076422, "positive_exactly_one_correct_commit": 0.5958627831368343, "total": 0.6248912163829107}, "epoch": 2, "optimizer_steps": 1111, "train": {"negative_zero_structural_commit": 0.02691249863652623, "positive_exactly_one_correct_commit": 0.45808129441613393, "total": 0.48499379277021415}}
{"c07": {"negative_zero_structural_commit": 0.02723660274434829, "positive_exactly_one_correct_commit": 0.39348666147836536, "total": 0.42072326422271367}, "epoch": 3, "optimizer_steps": 1111, "train": {"negative_zero_structural_commit": 0.02307807652945547, "positive_exactly_one_correct_commit": 0.3720251655706534, "total": 0.39510324171892663}}
{"c07": {"negative_zero_structural_commit": 0.0386266368144093, "positive_exactly_one_correct_commit": 0.39281844277351347, "total": 0.4314450795879228}, "epoch": 4, "optimizer_steps": 1111, "train": {"negative_zero_structural_commit": 0.021327007364770473, "positive_exactly_one_correct_commit": 0.32444766228132094, "total": 0.34577467054131583}}
{"c07": {"negative_zero_structural_commit": 0.022535207035438532, "positive_exactly_one_correct_commit": 0.3758921980498794, "total": 0.39842740508531793}, "epoch": 5, "optimizer_steps": 1111, "train": {"negative_zero_structural_commit": 0.020776245516980586, "positive_exactly_one_correct_commit": 0.34018282329916794, "total": 0.3609590690151699}}
{"best_epoch": 5, "c07_checkpoint_observations": 21548, "c07_exact_one_nll": {"negative_zero_structural_commit": 0.022535207035438532, "positive_exactly_one_correct_commit": 0.3758921980498794, "total": 0.39842740508531793}, "c08_checkpoint_observations": 0, "c09_worlds_read": 0, "c10_worlds_read": 0, "development_output_observations": 45942, "duration_seconds": 169.847717963974, "epochs": 6, "fit_observations": 142184, "mtare_worlds_read": 0, "optimizer_steps": 6666, "parameters": 240101, "peak_gpu_memory_bytes": 175093760, "perception_backbone_optimizer_steps": 0, "schema_version": "gse_structured_exact_one_event_training_seed_v1", "seed": 2}
	Command being timed: "/home/zeng-workstation/.local/share/mtare_topo_comm/envs/phase3_torch290_cu129_zarr2187_v1/bin/python /home/zeng-workstation/mtare_topo_comm/tools/v3/train_gse_structured_exact_one_event_v1.py --cache-dir /home/zeng-workstation/mtare_topo_comm/results/gate3_semantics/gate3_20260828_gse_action_set_node_training_v1_seed0/scratch/action_set_cache --output-dir /home/zeng-workstation/mtare_topo_comm/results/gate3_semantics/gate3_20260829_gse_structured_exact_one_event_training_v1_seed0/artifacts/models/seed2 --seed 2 --epochs 6 --batch-size 128 --evaluation-batch-size 512 --learning-rate 0.0003 --weight-decay 0.0001 --observation /home/zeng-workstation/mtare_topo_comm/results/gate3_semantics/gate3_20260827_gse_factorized_association_capacity_v1r_seed0/artifacts/unified_observation/seed0_unified_observation_features.npy --observation /home/zeng-workstation/mtare_topo_comm/results/gate3_semantics/gate3_20260827_gse_factorized_association_capacity_v1r_seed0/artifacts/unified_observation/seed1_unified_observation_features.npy --observation /home/zeng-workstation/mtare_topo_comm/results/gate3_semantics/gate3_20260827_gse_factorized_association_capacity_v1r_seed0/artifacts/unified_observation/seed2_unified_observation_features.npy"
	User time (seconds): 170.40
	System time (seconds): 0.70
	Percent of CPU this job got: 100%
	Elapsed (wall clock) time (h:mm:ss or m:ss): 2:50.77
	Average shared text size (kbytes): 0
	Average unshared data size (kbytes): 0
	Average stack size (kbytes): 0
	Average total size (kbytes): 0
	Maximum resident set size (kbytes): 2774380
	Average resident set size (kbytes): 0
	Major (requiring I/O) page faults: 0
	Minor (reclaiming a frame) page faults: 389439
	Voluntary context switches: 54155
	Involuntary context switches: 587
	Swaps: 0
	File system inputs: 8
	File system outputs: 10584
	Socket messages sent: 0
	Socket messages received: 0
	Signals delivered: 0
	Page size (bytes): 4096
	Exit status: 0
