{
  "adapted_cano_dense_validation": {
    "count": {
      "accuracy": 0.9384,
      "confusion_matrix": [
        [
          139,
          12,
          0,
          0,
          0,
          0
        ],
        [
          30,
          4078,
          11,
          0,
          0,
          0
        ],
        [
          0,
          161,
          471,
          0,
          0,
          0
        ],
        [
          0,
          11,
          83,
          4,
          0,
          0
        ],
        [
          0,
          0,
          0,
          0,
          0,
          0
        ],
        [
          0,
          0,
          0,
          0,
          0,
          0
        ]
      ],
      "f1": [
        0.86875,
        0.9731535616274908,
        0.7869674185463659,
        0.07843137254901959,
        0.0,
        0.0
      ],
      "gate_branch_counts": [
        1,
        2,
        3,
        4
      ],
      "macro_f1_count_1_to_4": 0.6768255881807191,
      "macro_f1_present": 0.6768255881807191,
      "precision": [
        0.8224852071005917,
        0.9568277803847959,
        0.8336283185840708,
        1.0,
        0.0,
        0.0
      ],
      "rare_branch_counts_diagnostic_only": {
        "5": {
          "f1": 0.0,
          "support": 0
        },
        "6": {
          "f1": 0.0,
          "support": 0
        }
      },
      "recall": [
        0.9205298013245033,
        0.9900461277008983,
        0.745253164556962,
        0.04081632653061224,
        0.0,
        0.0
      ],
      "support": [
        151,
        4119,
        632,
        98,
        0,
        0
      ]
    },
    "direction": {
      "empty_frames": 22,
      "empty_rate": 0.0044,
      "f1": 0.9222497932175351,
      "matched": 10035,
      "matching_tolerance_deg": 20.0,
      "mean_matched_angular_error_deg": 4.176325326463217,
      "precision": 0.9052774018944519,
      "predicted": 11085,
      "recall": 0.9398707502107333,
      "threshold": 0.5,
      "truth": 10677
    },
    "frames": 5000,
    "loss": {
      "count": 0.17071847797632217,
      "direction": 0.1117363852262497,
      "role": 0.18212217307090758,
      "total": 0.19994654626846314
    },
    "role": {
      "accuracy": 0.9582,
      "confusion_matrix": [
        [
          3707,
          64,
          44
        ],
        [
          67,
          766,
          12
        ],
        [
          8,
          14,
          318
        ]
      ],
      "f1": [
        0.9759115440305384,
        0.9070455891059799,
        0.8907563025210083
      ],
      "macro_f1_present": 0.9245711452191756,
      "precision": [
        0.9801692226335272,
        0.9075829383886256,
        0.8502673796791443
      ],
      "recall": [
        0.9716906946264744,
        0.906508875739645,
        0.9352941176470588
      ],
      "support": [
        3815,
        845,
        340
      ]
    }
  },
  "adapted_cano_sparse_validation": {
    "count": {
      "accuracy": 0.7734,
      "confusion_matrix": [
        [
          55,
          86,
          6,
          4,
          0,
          0
        ],
        [
          10,
          3405,
          533,
          171,
          0,
          0
        ],
        [
          0,
          144,
          365,
          123,
          0,
          0
        ],
        [
          0,
          19,
          37,
          42,
          0,
          0
        ],
        [
          0,
          0,
          0,
          0,
          0,
          0
        ],
        [
          0,
          0,
          0,
          0,
          0,
          0
        ]
      ],
      "f1": [
        0.5092592592592592,
        0.8761096101891163,
        0.4640813731722823,
        0.1917808219178082,
        0.0,
        0.0
      ],
      "gate_branch_counts": [
        1,
        2,
        3,
        4
      ],
      "macro_f1_count_1_to_4": 0.5103077661346165,
      "macro_f1_present": 0.5103077661346165,
      "precision": [
        0.8461538461538461,
        0.9318555008210181,
        0.38788522848034007,
        0.12352941176470589,
        0.0,
        0.0
      ],
      "rare_branch_counts_diagnostic_only": {
        "5": {
          "f1": 0.0,
          "support": 0
        },
        "6": {
          "f1": 0.0,
          "support": 0
        }
      },
      "recall": [
        0.36423841059602646,
        0.8266569555717407,
        0.5775316455696202,
        0.42857142857142855,
        0.0,
        0.0
      ],
      "support": [
        151,
        4119,
        632,
        98,
        0,
        0
      ]
    },
    "direction": {
      "empty_frames": 178,
      "empty_rate": 0.0356,
      "f1": 0.8277218450011706,
      "matched": 8838,
      "matching_tolerance_deg": 20.0,
      "mean_matched_angular_error_deg": 4.952656922834708,
      "precision": 0.8276830867203596,
      "predicted": 10678,
      "recall": 0.827760606912054,
      "threshold": 0.5,
      "truth": 10677
    },
    "frames": 5000,
    "loss": {
      "count": 0.6129227264404297,
      "direction": 0.12720994198322297,
      "role": 1.351301479625702,
      "total": 0.6182659986495972
    },
    "role": {
      "accuracy": 0.5952,
      "confusion_matrix": [
        [
          2001,
          1798,
          16
        ],
        [
          28,
          814,
          3
        ],
        [
          34,
          145,
          161
        ]
      ],
      "f1": [
        0.6808438244300782,
        0.4519711271515824,
        0.6192307692307693
      ],
      "macro_f1_present": 0.58401524027081,
      "precision": [
        0.969946679592826,
        0.2952484584693507,
        0.8944444444444445
      ],
      "recall": [
        0.5245085190039318,
        0.9633136094674556,
        0.47352941176470587
      ],
      "support": [
        3815,
        845,
        340
      ]
    }
  },
  "aee_train_diagnostic_frames": 1000,
  "aee_train_fit_diagnostic_only": {
    "count": {
      "accuracy": 0.566,
      "confusion_matrix": [
        [
          5,
          91,
          7,
          108,
          0,
          0
        ],
        [
          4,
          492,
          9,
          43,
          0,
          0
        ],
        [
          0,
          92,
          5,
          34,
          0,
          0
        ],
        [
          0,
          16,
          4,
          64,
          0,
          0
        ],
        [
          0,
          0,
          0,
          21,
          0,
          0
        ],
        [
          0,
          0,
          0,
          5,
          0,
          0
        ]
      ],
      "f1": [
        0.04545454545454545,
        0.7941888619854721,
        0.0641025641025641,
        0.35654596100278557,
        0.0,
        0.0
      ],
      "gate_branch_counts": [
        1,
        2,
        3,
        4
      ],
      "macro_f1_count_1_to_4": 0.3150729831363418,
      "macro_f1_present": 0.21004865542422788,
      "precision": [
        0.5555555555555556,
        0.7120115774240231,
        0.2,
        0.23272727272727273,
        0.0,
        0.0
      ],
      "rare_branch_counts_diagnostic_only": {
        "5": {
          "f1": 0.0,
          "support": 21
        },
        "6": {
          "f1": 0.0,
          "support": 5
        }
      },
      "recall": [
        0.023696682464454975,
        0.8978102189781022,
        0.03816793893129771,
        0.7619047619047619,
        0.0,
        0.0
      ],
      "support": [
        211,
        548,
        131,
        84,
        21,
        5
      ]
    },
    "direction": {
      "empty_frames": 116,
      "empty_rate": 0.116,
      "f1": 0.3628262253341821,
      "matched": 855,
      "matching_tolerance_deg": 20.0,
      "mean_matched_angular_error_deg": 7.376201900872591,
      "precision": 0.33634933123524785,
      "predicted": 2542,
      "recall": 0.3938277291570705,
      "threshold": 0.5,
      "truth": 2171
    },
    "frames": 1000,
    "loss": {
      "count": 1.8479409275054932,
      "direction": 0.31243961095809936,
      "role": 1.8076865148544312,
      "total": 1.2263464670181274
    },
    "role": {
      "accuracy": 0.315,
      "confusion_matrix": [
        [
          67,
          330,
          151
        ],
        [
          4,
          234,
          3
        ],
        [
          7,
          190,
          14
        ]
      ],
      "f1": [
        0.21405750798722045,
        0.4703517587939699,
        0.07387862796833773
      ],
      "macro_f1_present": 0.252762631583176,
      "precision": [
        0.8589743589743589,
        0.3103448275862069,
        0.08333333333333333
      ],
      "recall": [
        0.12226277372262774,
        0.970954356846473,
        0.06635071090047394
      ],
      "support": [
        548,
        241,
        211
      ]
    }
  },
  "b0_cano_sparse_validation": {
    "configuration": {
      "absolute_open_range_m": 7.0,
      "adaptive_percentile": 62.0,
      "horizon_max_elevation_deg": 5.0,
      "horizon_min_elevation_deg": -5.0,
      "maximum_exits": 8,
      "minimum_sector_width_deg": 4.0,
      "smoothing_columns": 15
    },
    "empty_frames": 0,
    "empty_rate": 0.0,
    "f1": 0.7804832540348914,
    "frames": 5000,
    "matched": 8366,
    "mean_matched_angular_error_deg": 9.464242424221359,
    "precision": 0.7774370411671778,
    "predicted": 10761,
    "recall": 0.7835534326121569,
    "truth": 10677
  },
  "best_checkpoint_sha256": "fdb7182395704cea68dbb697700d4076d5426261d6ae17966cff36bd22593d6d",
  "best_epoch": 2,
  "c09_frames_read": 0,
  "c10_frames_read": 0,
  "cano_dense_validation_frames": 5000,
  "cano_sparse_validation_frames": 5000,
  "duration_seconds": 140.97819274902577,
  "epochs_completed": 10,
  "formal_benchmark_frames_read": 0,
  "gate": {
    "all_model_tensors_finite": true,
    "dense_direction_retention": true,
    "embedding_identity": true,
    "encoder_identity": true,
    "semantic_heads_changed": true,
    "sparse_count_1_to_4_macro_f1": false,
    "sparse_direction_improvement_0p05": true,
    "sparse_direction_vs_b0": true,
    "sparse_empty_rate": true,
    "sparse_role_macro_f1": false
  },
  "independent_train_samples_per_epoch": {
    "aee": 1000,
    "cano": 5000
  },
  "optimizer_steps": 470,
  "schema_version": "aee_corrective_full_encoder_seed_summary_v3",
  "scientific_gate_passed": false,
  "seed": 0,
  "source_cano_dense_validation": {
    "count": {
      "accuracy": 0.9376,
      "confusion_matrix": [
        [
          139,
          12,
          0,
          0,
          0,
          0
        ],
        [
          31,
          4077,
          11,
          0,
          0,
          0
        ],
        [
          0,
          165,
          467,
          0,
          0,
          0
        ],
        [
          0,
          11,
          82,
          5,
          0,
          0
        ],
        [
          0,
          0,
          0,
          0,
          0,
          0
        ],
        [
          0,
          0,
          0,
          0,
          0,
          0
        ]
      ],
      "f1": [
        0.8660436137071651,
        0.9725667938931299,
        0.7835570469798658,
        0.09708737864077671,
        0.0,
        0.0
      ],
      "gate_branch_counts": [
        1,
        2,
        3,
        4
      ],
      "macro_f1_count_1_to_4": 0.6798137083052344,
      "macro_f1_present": 0.6798137083052344,
      "precision": [
        0.8176470588235294,
        0.9559202813599063,
        0.8339285714285715,
        1.0,
        0.0,
        0.0
      ],
      "rare_branch_counts_diagnostic_only": {
        "5": {
          "f1": 0.0,
          "support": 0
        },
        "6": {
          "f1": 0.0,
          "support": 0
        }
      },
      "recall": [
        0.9205298013245033,
        0.9898033503277495,
        0.7389240506329114,
        0.05102040816326531,
        0.0,
        0.0
      ],
      "support": [
        151,
        4119,
        632,
        98,
        0,
        0
      ]
    },
    "direction": {
      "empty_frames": 296,
      "empty_rate": 0.0592,
      "f1": 0.8742956664276201,
      "matched": 8534,
      "matching_tolerance_deg": 20.0,
      "mean_matched_angular_error_deg": 3.7354257300819573,
      "precision": 0.9648388920293951,
      "predicted": 8845,
      "recall": 0.7992881895663576,
      "threshold": 0.5,
      "truth": 10677
    },
    "frames": 5000,
    "loss": {
      "count": 0.17454461746811867,
      "direction": 0.09572325084209442,
      "role": 0.1822356845855713,
      "total": 0.18491832656860352
    },
    "role": {
      "accuracy": 0.9586,
      "confusion_matrix": [
        [
          3701,
          70,
          44
        ],
        [
          59,
          775,
          11
        ],
        [
          8,
          15,
          317
        ]
      ],
      "f1": [
        0.9761308189370961,
        0.9090909090909092,
        0.8904494382022472
      ],
      "macro_f1_present": 0.9252237220767509,
      "precision": [
        0.9822186836518046,
        0.9011627906976745,
        0.8521505376344086
      ],
      "recall": [
        0.9701179554390563,
        0.9171597633136095,
        0.9323529411764706
      ],
      "support": [
        3815,
        845,
        340
      ]
    }
  },
  "source_cano_sparse_validation": {
    "count": {
      "accuracy": 0.7752,
      "confusion_matrix": [
        [
          55,
          86,
          6,
          4,
          0,
          0
        ],
        [
          10,
          3431,
          508,
          170,
          0,
          0
        ],
        [
          0,
          160,
          347,
          125,
          0,
          0
        ],
        [
          0,
          19,
          36,
          43,
          0,
          0
        ],
        [
          0,
          0,
          0,
          0,
          0,
          0
        ],
        [
          0,
          0,
          0,
          0,
          0,
          0
        ]
      ],
      "f1": [
        0.5092592592592592,
        0.8780550223928343,
        0.4538914323086985,
        0.19545454545454544,
        0.0,
        0.0
      ],
      "gate_branch_counts": [
        1,
        2,
        3,
        4
      ],
      "macro_f1_count_1_to_4": 0.5091650648538344,
      "macro_f1_present": 0.5091650648538344,
      "precision": [
        0.8461538461538461,
        0.9283008658008658,
        0.38684503901895206,
        0.12573099415204678,
        0.0,
        0.0
      ],
      "rare_branch_counts_diagnostic_only": {
        "5": {
          "f1": 0.0,
          "support": 0
        },
        "6": {
          "f1": 0.0,
          "support": 0
        }
      },
      "recall": [
        0.36423841059602646,
        0.8329691672736101,
        0.5490506329113924,
        0.4387755102040816,
        0.0,
        0.0
      ],
      "support": [
        151,
        4119,
        632,
        98,
        0,
        0
      ]
    },
    "direction": {
      "empty_frames": 1946,
      "empty_rate": 0.3892,
      "f1": 0.6355105105105106,
      "matched": 5079,
      "matching_tolerance_deg": 20.0,
      "mean_matched_angular_error_deg": 3.818360455413508,
      "precision": 0.9570378745053703,
      "predicted": 5307,
      "recall": 0.47569542006181514,
      "threshold": 0.5,
      "truth": 10677
    },
    "frames": 5000,
    "loss": {
      "count": 0.6042097906112671,
      "direction": 0.10761114938259125,
      "role": 1.3952684928894044,
      "total": 0.6074807198524476
    },
    "role": {
      "accuracy": 0.5896,
      "confusion_matrix": [
        [
          1970,
          1829,
          16
        ],
        [
          26,
          816,
          3
        ],
        [
          31,
          147,
          162
        ]
      ],
      "f1": [
        0.6744265662444369,
        0.4487214737420952,
        0.6218809980806143
      ],
      "macro_f1_present": 0.5816763460223822,
      "precision": [
        0.9718796250616675,
        0.2922636103151863,
        0.8950276243093923
      ],
      "recall": [
        0.5163826998689384,
        0.9656804733727811,
        0.4764705882352941
      ],
      "support": [
        3815,
        845,
        340
      ]
    }
  },
  "source_checkpoint": "results/gate2_representation/gate2_20260812_cano_phase3_masking_corrective_ray_dropout_v1r3_seed0/artifacts/models/m1d_seed0/best.pt",
  "source_checkpoint_sha256": "55f6602fb7fd74e3a44c3a4697a7c4be4d31469f46348f631dc606612125f9fe",
  "status": "COMPLETED_AEE_CORRECTIVE_FULL_ENCODER_SEED_V3",
  "trainable_contract": {
    "frozen_parameters": [
      "encoder.0.conv.weight",
      "encoder.1.weight",
      "encoder.1.bias",
      "encoder.3.conv1.conv.weight",
      "encoder.3.norm1.weight",
      "encoder.3.norm1.bias",
      "encoder.3.conv2.conv.weight",
      "encoder.3.norm2.weight",
      "encoder.3.norm2.bias",
      "encoder.3.skip.0.weight",
      "encoder.3.skip.1.weight",
      "encoder.3.skip.1.bias",
      "encoder.4.conv1.conv.weight",
      "encoder.4.norm1.weight",
      "encoder.4.norm1.bias",
      "encoder.4.conv2.conv.weight",
      "encoder.4.norm2.weight",
      "encoder.4.norm2.bias",
      "encoder.4.skip.0.weight",
      "encoder.4.skip.1.weight",
      "encoder.4.skip.1.bias",
      "encoder.5.conv1.conv.weight",
      "encoder.5.norm1.weight",
      "encoder.5.norm1.bias",
      "encoder.5.conv2.conv.weight",
      "encoder.5.norm2.weight",
      "encoder.5.norm2.bias",
      "encoder.5.skip.0.weight",
      "encoder.5.skip.1.weight",
      "encoder.5.skip.1.bias",
      "embedding_head.0.weight",
      "embedding_head.0.bias",
      "embedding_head.2.weight",
      "embedding_head.2.bias"
    ],
    "trainable_parameters": [
      "direction_head.0.weight",
      "direction_head.0.bias",
      "direction_head.2.weight",
      "direction_head.2.bias",
      "count_head.weight",
      "count_head.bias",
      "role_head.weight",
      "role_head.bias"
    ]
  },
  "training_views_per_epoch": {
    "aee": 1000,
    "cano_dense": 5000,
    "cano_mask_matched": 5000
  }
}

exit_code=0
