argv=["/tmp/mtare_gate4_meshing_sidecar_v1/bin/python", "/home/zeng-workstation/mtare_topo_comm/tools/v3/execute_cano_c08_hybrid_implicit_qualification_v3.py", "--run-dir", "/home/zeng-workstation/mtare_topo_comm/results/gate4_topology/gate4_20260815_cano_c08_bracketed_ray_exit_qualification_v7r_seed0"]
started_at_utc=2026-08-15T07:35:20.926023+00:00
{"world": "S01_flat_tree_small_C08", "resolution_m": 0.1, "patch_node": "node_0010", "layer_tunnel_id": 135, "state": "extracting"}
{"world": "S01_flat_tree_small_C08", "resolution_m": 0.1, "patch_node": "node_0010", "layer_tunnel_id": 135, "state": "complete", "vertices": 55912}
{"world": "S01_flat_tree_small_C08", "resolution_m": 0.1, "patch_node": "node_0010", "layer_tunnel_id": 139, "state": "extracting"}
{"world": "S01_flat_tree_small_C08", "resolution_m": 0.1, "patch_node": "node_0010", "layer_tunnel_id": 139, "state": "complete", "vertices": 58944}
{"world": "S01_flat_tree_small_C08", "resolution_m": 0.1, "patch_node": "node_0015", "layer_tunnel_id": 1, "state": "extracting"}
{"world": "S01_flat_tree_small_C08", "resolution_m": 0.1, "patch_node": "node_0015", "layer_tunnel_id": 1, "state": "complete", "vertices": 51695}
{"world": "S01_flat_tree_small_C08", "resolution_m": 0.1, "patch_node": "node_0015", "layer_tunnel_id": 135, "state": "extracting"}
{"world": "S01_flat_tree_small_C08", "resolution_m": 0.1, "patch_node": "node_0015", "layer_tunnel_id": 135, "state": "complete", "vertices": 52860}
{"world": "S01_flat_tree_small_C08", "resolution_m": 0.1, "patch_node": "node_0027", "layer_tunnel_id": 1, "state": "extracting"}
{"world": "S01_flat_tree_small_C08", "resolution_m": 0.1, "patch_node": "node_0027", "layer_tunnel_id": 1, "state": "complete", "vertices": 54204}
{"world": "S01_flat_tree_small_C08", "resolution_m": 0.1, "patch_node": "node_0027", "layer_tunnel_id": 135, "state": "extracting"}
{"world": "S01_flat_tree_small_C08", "resolution_m": 0.1, "patch_node": "node_0027", "layer_tunnel_id": 135, "state": "complete", "vertices": 54483}
{"world": "S01_flat_tree_small_C08", "resolution_m": 0.1, "patch_node": "node_0039", "layer_tunnel_id": 139, "state": "extracting"}
{"world": "S01_flat_tree_small_C08", "resolution_m": 0.1, "patch_node": "node_0039", "layer_tunnel_id": 139, "state": "complete", "vertices": 59156}
{"world": "S01_flat_tree_small_C08", "resolution_m": 0.1, "patch_node": "node_0039", "layer_tunnel_id": 156, "state": "extracting"}
{"world": "S01_flat_tree_small_C08", "resolution_m": 0.1, "patch_node": "node_0039", "layer_tunnel_id": 156, "state": "complete", "vertices": 63752}
{"world": "S01_flat_tree_small_C08", "resolution_m": 0.1, "qualified_frames": 16}
{"world": "S01_flat_tree_small_C08", "resolution_m": 0.1, "qualified_frames": 272}
{"world": "S01_flat_tree_small_C08", "resolution_m": 0.1, "qualified_frames": 528}
{"world": "S01_flat_tree_small_C08", "resolution_m": 0.1, "qualified_frames": 784}
Traceback (most recent call last):
  File "/home/zeng-workstation/mtare_topo_comm/tools/v3/execute_cano_c08_hybrid_implicit_qualification_v3.py", line 565, in <module>
    raise SystemExit(main())
                     ^^^^^^
  File "/home/zeng-workstation/mtare_topo_comm/tools/v3/execute_cano_c08_hybrid_implicit_qualification_v3.py", line 473, in main
    raise RuntimeError(f"safety qualification failed {world} at {resolution}")
RuntimeError: safety qualification failed S01_flat_tree_small_C08 at 0.1
finished_at_utc=2026-08-15T07:36:00.384054+00:00
duration_seconds=39.458049
exit_code=1
