/home/zeng-workstation/anaconda3/lib/python3.13/site-packages/torch/backends/__init__.py:46: UserWarning: Please use the new API settings to control TF32 behavior, such as torch.backends.cudnn.conv.fp32_precision = 'tf32' or torch.backends.cuda.matmul.fp32_precision = 'ieee'. Old settings, e.g, torch.backends.cuda.matmul.allow_tf32 = True, torch.backends.cudnn.allow_tf32 = True, allowTF32CuDNN() and allowTF32CuBLAS() will be deprecated after Pytorch 2.9. Please see https://pytorch.org/docs/main/notes/cuda.html#tensorfloat-32-tf32-on-ampere-and-later-devices (Triggered internally at /pytorch/aten/src/ATen/Context.cpp:80.)
  self.setter(val)
{
  "checks": {
    "axis_rotation_at_most_3e5": true,
    "batch_permutation_at_most_3e6": true,
    "deterministic_repeat_exact": true,
    "dustbin_and_real_transport_are_typed": true,
    "full_population_provenance_exact": true,
    "global_outputs_rotation_invariant": true,
    "parameter_budget_at_most_1p5m": true,
    "predecessor_backbone_loads_exactly": true,
    "proposal_rotation_at_most_3e5": true,
    "real_batch_exact_and_complete": true,
    "real_forward_loss_backward_finite": true,
    "reverse_transport_exact_involution": true,
    "simultaneous_reveal_withdraw_is_representable": true,
    "transport_rotation_at_most_3e5": true,
    "typed_forward_is_lidar_only": true,
    "zero_optimizer_checkpoint_test_graph": true
  },
  "decision": "ALLOW_SPARSE_CIRCULAR_RELATION_TRANSPORT_THREE_SEED_DATA_CARD",
  "status": "PASS_GSE_SPARSE_CIRCULAR_RELATION_TRANSPORT_READINESS_V1"
}
	Command being timed: "/home/zeng-workstation/.local/share/mtare_topo_comm/envs/phase3_torch290_cu129_zarr2187_v1/bin/python /home/zeng-workstation/mtare_topo_comm/tools/v3/execute_gse_sparse_circular_relation_transport_readiness_v1.py --dataset-root /home/zeng-workstation/mtare_topo_comm/results/gate2_representation/gate2_20260824_gse_deduplicated_dataset_export_v1_seed0/artifacts/dataset/train --sequence-manifest /home/zeng-workstation/mtare_topo_comm/results/gate2_representation/gate2_20260824_gse_deduplicated_dataset_export_v1_seed0/artifacts/sequence_manifest.jsonl --predecessor-readiness-summary /home/zeng-workstation/mtare_topo_comm/results/gate3_semantics/gate3_20260829_gse_axis_anchored_event_relation_readiness_v2_seed0/metrics/summary.json --predecessor-checkpoint /home/zeng-workstation/mtare_topo_comm/results/gate3_semantics/gate3_20260829_gse_cardinality_conditioned_circular_slot_transport_three_seed_training_v1_seed0/artifacts/models/seed0/best.pt --output-dir /home/zeng-workstation/mtare_topo_comm/results/gate3_semantics/gate3_20260829_gse_sparse_circular_relation_transport_readiness_v1_seed0/metrics/readiness"
	User time (seconds): 2.50
	System time (seconds): 0.74
	Percent of CPU this job got: 102%
	Elapsed (wall clock) time (h:mm:ss or m:ss): 0:03.17
	Average shared text size (kbytes): 0
	Average unshared data size (kbytes): 0
	Average stack size (kbytes): 0
	Average total size (kbytes): 0
	Maximum resident set size (kbytes): 2329132
	Average resident set size (kbytes): 0
	Major (requiring I/O) page faults: 0
	Minor (reclaiming a frame) page faults: 487011
	Voluntary context switches: 7113
	Involuntary context switches: 92
	Swaps: 0
	File system inputs: 0
	File system outputs: 664
	Socket messages sent: 0
	Socket messages received: 0
	Signals delivered: 0
	Page size (bytes): 4096
	Exit status: 0
