argv=["/usr/bin/timeout", "1800s", "/usr/bin/env", "PYTHONHASHSEED=0", "PYVISTA_OFF_SCREEN=true", "OMP_NUM_THREADS=1", "OPENBLAS_NUM_THREADS=1", "PYTHONPATH=/home/zeng-workstation/mtare_topo_comm/external/procedural-subt-gen/src", "/tmp/mtare_cano_compat_e1_py312_np126_sp112/bin/python", "tools/v3/generate_cano_audited_bundle.py", "--output", "/home/zeng-workstation/mtare_topo_comm/results/gate0_baseline/gate0_20260810_cano_readonly_audited_adapter_smoke_v1_seed0/artifacts/world_000", "--seed", "0", "--grown", "3", "--connector", "1"]
cwd=/home/zeng-workstation/mtare_topo_comm
started_at_utc=2026-08-10T10:46:13.426712+00:00
0000
0001

Voxelizing floors:   0%|          | 0/1186 [00:00<?, ?it/s]
Voxelizing floors:   6%|▌         | 67/1186 [00:00<00:01, 666.35it/s]
Voxelizing floors:  12%|█▏        | 144/1186 [00:00<00:01, 725.61it/s]
Voxelizing floors:  18%|█▊        | 217/1186 [00:00<00:01, 714.12it/s]
Voxelizing floors:  26%|██▌       | 303/1186 [00:00<00:01, 769.07it/s]
Voxelizing floors:  34%|███▎      | 399/1186 [00:00<00:00, 835.65it/s]
Voxelizing floors:  43%|████▎     | 506/1186 [00:00<00:00, 912.48it/s]
Voxelizing floors:  53%|█████▎    | 630/1186 [00:00<00:00, 1018.38it/s]
Voxelizing floors:  69%|██████▊   | 815/1186 [00:00<00:00, 1280.27it/s]
Voxelizing floors: 100%|██████████| 1186/1186 [00:00<00:00, 1319.83it/s]

Checking wich vertices are floors:   0%|          | 0/58826 [00:00<?, ?it/s]
Checking wich vertices are floors:   5%|▌         | 3195/58826 [00:00<00:01, 31940.59it/s]
Checking wich vertices are floors:  11%|█         | 6415/58826 [00:00<00:01, 32092.73it/s]
Checking wich vertices are floors:  17%|█▋        | 9776/58826 [00:00<00:01, 32782.84it/s]
Checking wich vertices are floors:  22%|██▏       | 13149/58826 [00:00<00:01, 33154.12it/s]
Checking wich vertices are floors:  28%|██▊       | 16465/58826 [00:00<00:01, 33079.53it/s]
Checking wich vertices are floors:  34%|███▍      | 20062/58826 [00:00<00:01, 34058.06it/s]
Checking wich vertices are floors:  40%|███▉      | 23468/58826 [00:00<00:01, 33989.29it/s]
Checking wich vertices are floors:  46%|████▌     | 26868/58826 [00:00<00:00, 33294.93it/s]
Checking wich vertices are floors:  52%|█████▏    | 30350/58826 [00:00<00:00, 33762.96it/s]
Checking wich vertices are floors:  58%|█████▊    | 34097/58826 [00:01<00:00, 34893.53it/s]
Checking wich vertices are floors:  64%|██████▍   | 37852/58826 [00:01<00:00, 35698.49it/s]
Checking wich vertices are floors:  71%|███████   | 41523/58826 [00:01<00:00, 36004.07it/s]
Checking wich vertices are floors:  77%|███████▋  | 45231/58826 [00:01<00:00, 36327.33it/s]
Checking wich vertices are floors:  83%|████████▎ | 48964/58826 [00:01<00:00, 36625.98it/s]
Checking wich vertices are floors:  90%|████████▉ | 52785/58826 [00:01<00:00, 37100.26it/s]
Checking wich vertices are floors:  96%|█████████▌| 56496/58826 [00:01<00:00, 36934.51it/s]

Checking wich intersection vertices are floors:   0%|          | 0/4 [00:00<?, ?it/s][A
Checking wich vertices are floors: 100%|██████████| 58826/58826 [00:01<00:00, 35187.79it/s]

Floor adj list:   0%|          | 0/24675 [00:00<?, ?it/s]
Checking wich intersection vertices are floors: 100%|██████████| 4/4 [00:00<00:00, 77.41it/s]

Floor adj list:  11%|█         | 2605/24675 [00:00<00:00, 26035.62it/s]
Floor adj list:  21%|██        | 5209/24675 [00:00<00:01, 14589.27it/s]
Floor adj list:  28%|██▊       | 6938/24675 [00:00<00:01, 11110.06it/s]
Floor adj list:  33%|███▎      | 8233/24675 [00:00<00:01, 8986.52it/s] 
Floor adj list:  38%|███▊      | 9254/24675 [00:00<00:01, 7949.00it/s]
Floor adj list:  41%|████      | 10116/24675 [00:01<00:02, 6942.74it/s]
Floor adj list:  44%|████▍     | 10849/24675 [00:01<00:02, 6345.70it/s]
Floor adj list:  47%|████▋     | 11500/24675 [00:01<00:02, 5841.94it/s]
Floor adj list:  49%|████▉     | 12088/24675 [00:01<00:02, 5592.82it/s]
Floor adj list:  51%|█████     | 12643/24675 [00:01<00:02, 5199.58it/s]
Floor adj list:  53%|█████▎    | 13156/24675 [00:01<00:02, 4984.92it/s]
Floor adj list:  55%|█████▌    | 13646/24675 [00:01<00:02, 4682.48it/s]
Floor adj list:  57%|█████▋    | 14107/24675 [00:02<00:02, 4554.38it/s]
Floor adj list:  59%|█████▉    | 14555/24675 [00:02<00:02, 4242.72it/s]
Floor adj list:  61%|██████    | 14975/24675 [00:02<00:02, 4072.65it/s]
Floor adj list:  62%|██████▏   | 15378/24675 [00:02<00:02, 3870.62it/s]
Floor adj list:  64%|██████▍   | 15762/24675 [00:02<00:02, 3780.67it/s]
Floor adj list:  65%|██████▌   | 16137/24675 [00:02<00:02, 3660.95it/s]
Floor adj list:  67%|██████▋   | 16501/24675 [00:02<00:02, 3567.89it/s]
Floor adj list:  68%|██████▊   | 16856/24675 [00:02<00:02, 3481.38it/s]
Floor adj list:  70%|██████▉   | 17203/24675 [00:02<00:02, 3405.16it/s]
Floor adj list:  71%|███████   | 17542/24675 [00:03<00:02, 3320.34it/s]
Floor adj list:  72%|███████▏  | 17873/24675 [00:03<00:02, 3240.64it/s]
Floor adj list:  74%|███████▎  | 18197/24675 [00:03<00:02, 3037.29it/s]
Floor adj list:  75%|███████▍  | 18502/24675 [00:03<00:02, 3012.35it/s]
Floor adj list:  76%|███████▌  | 18804/24675 [00:03<00:01, 2976.25it/s]
Floor adj list:  77%|███████▋  | 19102/24675 [00:03<00:01, 2961.55it/s]
Floor adj list:  79%|███████▊  | 19399/24675 [00:03<00:01, 2794.53it/s]
Floor adj list:  80%|███████▉  | 19681/24675 [00:03<00:01, 2801.59it/s]
Floor adj list:  81%|████████  | 19963/24675 [00:03<00:01, 2744.62it/s]
Floor adj list:  82%|████████▏ | 20239/24675 [00:04<00:01, 2736.61it/s]
Floor adj list:  83%|████████▎ | 20514/24675 [00:04<00:01, 2695.58it/s]
Floor adj list:  84%|████████▍ | 20784/24675 [00:04<00:01, 2679.17it/s]
Floor adj list:  85%|████████▌ | 21053/24675 [00:04<00:01, 2660.37it/s]
Floor adj list:  86%|████████▋ | 21320/24675 [00:04<00:01, 2642.93it/s]
Floor adj list:  87%|████████▋ | 21585/24675 [00:04<00:01, 2622.60it/s]
Floor adj list:  89%|████████▊ | 21848/24675 [00:04<00:01, 2588.11it/s]
Floor adj list:  90%|████████▉ | 22107/24675 [00:04<00:01, 2553.25it/s]
Floor adj list:  91%|█████████ | 22363/24675 [00:04<00:00, 2466.42it/s]
Floor adj list:  92%|█████████▏| 22611/24675 [00:04<00:00, 2464.05it/s]
Floor adj list:  93%|█████████▎| 22860/24675 [00:05<00:00, 2469.33it/s]
Floor adj list:  94%|█████████▎| 23108/24675 [00:05<00:00, 2390.45it/s]
Floor adj list:  95%|█████████▍| 23348/24675 [00:05<00:00, 2391.96it/s]
Floor adj list:  96%|█████████▌| 23588/24675 [00:05<00:00, 2381.35it/s]
Floor adj list:  97%|█████████▋| 23827/24675 [00:05<00:00, 2375.25it/s]
Floor adj list:  98%|█████████▊| 24065/24675 [00:05<00:00, 2347.49it/s]
Floor adj list:  98%|█████████▊| 24300/24675 [00:05<00:00, 2332.11it/s]
Floor adj list:  99%|█████████▉| 24534/24675 [00:05<00:00, 2315.55it/s]

Floor smoothing:   0%|          | 0/493500 [00:00<?, ?it/s][A
Floor adj list: 100%|██████████| 24675/24675 [00:05<00:00, 4222.35it/s]


Floor smoothing:   6%|▌         | 30309/493500 [00:00<00:01, 303088.12it/s][A

Floor smoothing:  12%|█▏        | 61028/493500 [00:00<00:01, 305498.16it/s][A

Floor smoothing:  19%|█▊        | 92157/493500 [00:00<00:01, 308141.27it/s][A

Floor smoothing:  25%|██▍       | 122972/493500 [00:00<00:01, 307938.18it/s][A

Floor smoothing:  31%|███       | 153788/493500 [00:00<00:01, 308015.86it/s][A

Floor smoothing:  37%|███▋      | 184590/493500 [00:00<00:01, 300169.26it/s][A

Floor smoothing:  44%|████▎     | 215302/493500 [00:00<00:00, 302399.20it/s][A

Floor smoothing:  50%|████▉     | 245987/493500 [00:00<00:00, 303798.31it/s][A

Floor smoothing:  56%|█████▌    | 276389/493500 [00:00<00:00, 303088.84it/s][A

Floor smoothing:  62%|██████▏   | 306713/493500 [00:01<00:00, 260984.49it/s][A

Floor smoothing:  68%|██████▊   | 337795/493500 [00:01<00:00, 274624.20it/s][A

Floor smoothing:  74%|███████▍  | 366109/493500 [00:01<00:00, 269373.10it/s][A

Floor smoothing:  80%|████████  | 396747/493500 [00:01<00:00, 279763.66it/s][A

Floor smoothing:  87%|████████▋ | 427202/493500 [00:01<00:00, 286858.09it/s][A

Floor smoothing:  93%|█████████▎| 458007/493500 [00:01<00:00, 293008.88it/s][A

Floor smoothing:  99%|█████████▉| 487873/493500 [00:01<00:00, 294664.67it/s][A
Floor smoothing: 100%|██████████| 493500/493500 [00:01<00:00, 291961.70it/s]
{"status": "BUNDLE_EMITTED_FOR_STRICT_AUDIT", "output": "/home/zeng-workstation/mtare_topo_comm/results/gate0_baseline/gate0_20260810_cano_readonly_audited_adapter_smoke_v1_seed0/artifacts/world_000"}
finished_at_utc=2026-08-10T10:46:30.056071+00:00
duration_seconds=16.629491
exit_code=0
