{
  "c09_worlds_read": 0,
  "c10_worlds_read": 0,
  "checkpoint_updates": 0,
  "diagnostic_linear_probe_fits": 12,
  "event_counts": {
    "C07": {
      "corridor": 17113,
      "geometry_transition": 67,
      "junction": 3189,
      "terminal": 900,
      "turn": 279
    },
    "C08": {
      "corridor": 19234,
      "geometry_transition": 173,
      "junction": 3676,
      "terminal": 1074,
      "turn": 237
    }
  },
  "explicit_ensemble": {
    "geometry_transition": {
      "event": "geometry_transition",
      "fit_average_precision": 1.0,
      "fit_precision": 1.0,
      "fit_recall": 1.0,
      "fit_roc_auc": 1.0,
      "fit_threshold": 0.9583967036129374,
      "mode": "explicit_probe",
      "probe_iterations": 36,
      "source": "ensemble",
      "transfer_ap_over_prevalence": 2.5108287066245287,
      "transfer_average_precision": 0.01780656580495382,
      "transfer_false_positive_rate": 0.0,
      "transfer_identity_covered": 0,
      "transfer_identity_total": 12,
      "transfer_precision": 0.0,
      "transfer_prevalence": 0.007091907846191687,
      "transfer_recall": 0.0,
      "transfer_roc_auc": 0.7375382228148172
    },
    "junction": {
      "event": "junction",
      "fit_average_precision": 0.9830355121200175,
      "fit_precision": 0.9800590841949779,
      "fit_recall": 0.8322358105989338,
      "fit_roc_auc": 0.9968724364014044,
      "fit_threshold": 0.9460573408006058,
      "mode": "explicit_probe",
      "probe_iterations": 79,
      "source": "ensemble",
      "transfer_ap_over_prevalence": 6.1473672738022,
      "transfer_average_precision": 0.9263639459906898,
      "transfer_false_positive_rate": 0.007771020368761463,
      "transfer_identity_covered": 73,
      "transfer_identity_total": 77,
      "transfer_precision": 0.9449948752989409,
      "transfer_prevalence": 0.1506927933098303,
      "transfer_recall": 0.7524483133841132,
      "transfer_roc_auc": 0.9656199221611188
    },
    "terminal": {
      "event": "terminal",
      "fit_average_precision": 1.0,
      "fit_precision": 1.0,
      "fit_recall": 1.0,
      "fit_roc_auc": 1.0,
      "fit_threshold": 0.9389243426196097,
      "mode": "explicit_probe",
      "probe_iterations": 16,
      "source": "ensemble",
      "transfer_ap_over_prevalence": 22.510411108297333,
      "transfer_average_precision": 0.9910708178368179,
      "transfer_false_positive_rate": 0.0010291595197255575,
      "transfer_identity_covered": 69,
      "transfer_identity_total": 69,
      "transfer_precision": 0.9762845849802372,
      "transfer_prevalence": 0.04402721980814955,
      "transfer_recall": 0.9199255121042831,
      "transfer_roc_auc": 0.999130987858984
    },
    "turn": {
      "event": "turn",
      "fit_average_precision": 0.9678307327321183,
      "fit_precision": 0.9824561403508771,
      "fit_recall": 0.2007168458781362,
      "fit_roc_auc": 0.9997460419534648,
      "fit_threshold": 0.9913733318670997,
      "mode": "explicit_probe",
      "probe_iterations": 40,
      "source": "ensemble",
      "transfer_ap_over_prevalence": 15.563352303907918,
      "transfer_average_precision": 0.1512058086425423,
      "transfer_false_positive_rate": 0.00045535455561534956,
      "transfer_identity_covered": 4,
      "transfer_identity_total": 52,
      "transfer_precision": 0.45,
      "transfer_prevalence": 0.009715503812412889,
      "transfer_recall": 0.0379746835443038,
      "transfer_roc_auc": 0.7685481874984826
    }
  },
  "fit_transfer_gap_policy": "Reported as a diagnostic only: fit AUC is in-sample because the fixed probe is fitted on C07, so its gap to C08 is not a valid pass gate.",
  "independent_head_ensemble": {
    "geometry_transition": {
      "event": "geometry_transition",
      "fit_average_precision": 0.009409473666238117,
      "fit_precision": null,
      "fit_recall": 0.0,
      "fit_roc_auc": 0.7507203519667155,
      "fit_threshold": null,
      "mode": "independent_head",
      "probe_iterations": 0,
      "source": "ensemble",
      "transfer_ap_over_prevalence": 2.6314860764834873,
      "transfer_average_precision": 0.01866225675295742,
      "transfer_false_positive_rate": 0.0,
      "transfer_identity_covered": 0,
      "transfer_identity_total": 12,
      "transfer_precision": 0.0,
      "transfer_prevalence": 0.007091907846191687,
      "transfer_recall": 0.0,
      "transfer_roc_auc": 0.8153250666490384
    },
    "junction": {
      "event": "junction",
      "fit_average_precision": 0.9530207050860668,
      "fit_precision": 0.980188679245283,
      "fit_recall": 0.6516149263091878,
      "fit_roc_auc": 0.9841641354886875,
      "fit_threshold": 0.9475206335385641,
      "mode": "independent_head",
      "probe_iterations": 0,
      "source": "ensemble",
      "transfer_ap_over_prevalence": 6.246641109977455,
      "transfer_average_precision": 0.9413237976665215,
      "transfer_false_positive_rate": 0.0023168259484506225,
      "transfer_identity_covered": 70,
      "transfer_identity_total": 77,
      "transfer_precision": 0.9798826487845766,
      "transfer_prevalence": 0.1506927933098303,
      "transfer_recall": 0.6360174102285092,
      "transfer_roc_auc": 0.9716613851102336
    },
    "terminal": {
      "event": "terminal",
      "fit_average_precision": 0.9926209253388352,
      "fit_precision": 0.9801633605600933,
      "fit_recall": 0.9333333333333333,
      "fit_roc_auc": 0.999639297860433,
      "fit_threshold": 0.8207836548487345,
      "mode": "independent_head",
      "probe_iterations": 0,
      "source": "ensemble",
      "transfer_ap_over_prevalence": 22.591098145008193,
      "transfer_average_precision": 0.9946232437377552,
      "transfer_false_positive_rate": 0.0014150943396226414,
      "transfer_identity_covered": 68,
      "transfer_identity_total": 69,
      "transfer_precision": 0.9683301343570058,
      "transfer_prevalence": 0.04402721980814955,
      "transfer_recall": 0.9394785847299814,
      "transfer_roc_auc": 0.9997450658157415
    },
    "turn": {
      "event": "turn",
      "fit_average_precision": 0.2515904582157735,
      "fit_precision": null,
      "fit_recall": 0.0,
      "fit_roc_auc": 0.929954427422346,
      "fit_threshold": null,
      "mode": "independent_head",
      "probe_iterations": 0,
      "source": "ensemble",
      "transfer_ap_over_prevalence": 9.195970221139417,
      "transfer_average_precision": 0.0893434837423154,
      "transfer_false_positive_rate": 0.0,
      "transfer_identity_covered": 0,
      "transfer_identity_total": 52,
      "transfer_precision": 0.0,
      "transfer_prevalence": 0.009715503812412889,
      "transfer_recall": 0.0,
      "transfer_roc_auc": 0.8711942219052614
    }
  },
  "interpretation": "PASS permits dual-Composer readiness; FAIL requires RouteGeometryProfile visibility/Teacher proof before any main-method training. Neither outcome authorizes graph replay.",
  "main_model_optimizer_steps": 0,
  "mtare_worlds_read": 0,
  "overall_status": "PASS_GSE_COMPOSER_OBSERVABILITY_V1",
  "requirements": {
    "at_least_two_seed_transition_auc_at_least_0p60": true,
    "junction_c08_auc_at_least_0p90": true,
    "terminal_c08_auc_at_least_0p90": true,
    "transition_c08_ap_at_least_twice_prevalence": true,
    "transition_c08_auc_at_least_0p65": true,
    "turn_c08_ap_at_least_twice_prevalence": true,
    "turn_c08_auc_at_least_0p70": true
  },
  "rows": 45942,
  "schema_version": "gse_composer_observability_v1",
  "scientific_pass": true,
  "split_rows": {
    "C07": 21548,
    "C08": 24394
  },
  "worlds": {
    "C07": 10,
    "C08": 10
  }
}
	Command being timed: "/home/zeng-workstation/.local/share/mtare_topo_comm/envs/phase3_torch290_cu129_zarr2187_v1/bin/python /home/zeng-workstation/mtare_topo_comm/tools/v3/evaluate_gse_composer_observability_v1.py --teacher /home/zeng-workstation/mtare_topo_comm/results/gate2_representation/gate2_20260827_gse_corrected_causal_teacher_manifest_v1r_seed0/artifacts/teacher_observations.jsonl --seed-dir /home/zeng-workstation/mtare_topo_comm/results/gate3_semantics/gate3_20260829_gse_sparse_circular_relation_transport_three_seed_training_v2r5_seed0/artifacts/models/seed0 --seed-dir /home/zeng-workstation/mtare_topo_comm/results/gate3_semantics/gate3_20260829_gse_sparse_circular_relation_transport_three_seed_training_v2r5_seed0/artifacts/models/seed1 --seed-dir /home/zeng-workstation/mtare_topo_comm/results/gate3_semantics/gate3_20260829_gse_sparse_circular_relation_transport_three_seed_training_v2r5_seed0/artifacts/models/seed2 --output-dir /home/zeng-workstation/mtare_topo_comm/results/gate3_semantics/gate3_20260829_gse_composer_observability_v1_seed0/metrics/observability"
	User time (seconds): 196.64
	System time (seconds): 1.36
	Percent of CPU this job got: 100%
	Elapsed (wall clock) time (h:mm:ss or m:ss): 3:17.89
	Average shared text size (kbytes): 0
	Average unshared data size (kbytes): 0
	Average stack size (kbytes): 0
	Average total size (kbytes): 0
	Maximum resident set size (kbytes): 1221012
	Average resident set size (kbytes): 0
	Major (requiring I/O) page faults: 0
	Minor (reclaiming a frame) page faults: 863852
	Voluntary context switches: 139
	Involuntary context switches: 434
	Swaps: 0
	File system inputs: 0
	File system outputs: 432
	Socket messages sent: 0
	Socket messages received: 0
	Signals delivered: 0
	Page size (bytes): 4096
	Exit status: 0
