I20260909 04:59:50.346110     3 skeleton_planner.h:31] Setting ESDF layer.
I20260909 04:59:50.348308     3 skeleton_generator.cpp:226] [GVD] Finished finding GVD candidates. Number of skeleton points: 1273 edges: 206
I20260909 04:59:50.348646     3 skeleton_generator.cpp:1093] [Prune] Number of vertices before prune: 64 Number of deleted vertices: 18
I20260909 04:59:50.348739     3 skeleton_planner.h:170] Found solution in: 1
I20260909 04:59:50.348752     3 skeleton_planner.h:170] Found solution in: 11
I20260909 04:59:50.348763     3 skeleton_planner.h:170] Found solution in: 8
I20260909 04:59:50.348769     3 skeleton_planner.h:170] Found solution in: 1
I20260909 04:59:50.348775     3 skeleton_planner.h:170] Found solution in: 5
I20260909 04:59:50.348779     3 skeleton_planner.h:170] Found solution in: 1
I20260909 04:59:50.348785     3 skeleton_planner.h:170] Found solution in: 4
I20260909 04:59:50.348801     3 skeleton_planner.h:170] Found solution in: 5
I20260909 04:59:50.348807     3 skeleton_planner.h:170] Found solution in: 1
I20260909 04:59:50.348819     3 skeleton_planner.h:170] Found solution in: 10
I20260909 04:59:50.348822     3 skeleton_planner.h:170] Found solution in: 1
I20260909 04:59:50.348832     3 skeleton_planner.h:170] Found solution in: 10
I20260909 04:59:50.348839     3 skeleton_planner.h:170] Found solution in: 5
I20260909 04:59:50.348843     3 skeleton_planner.h:170] Found solution in: 1
I20260909 04:59:50.348851     3 skeleton_planner.h:170] Found solution in: 9
I20260909 04:59:50.348855     3 skeleton_planner.h:170] Found solution in: 1
I20260909 04:59:50.348861     3 skeleton_planner.h:170] Found solution in: 5
I20260909 04:59:50.348869     3 skeleton_planner.h:170] Found solution in: 8
I20260909 04:59:50.348874     3 skeleton_planner.h:170] Found solution in: 1
I20260909 04:59:50.348892     3 skeleton_planner.h:170] Found solution in: 8
I20260909 04:59:50.348898     3 skeleton_planner.h:170] Found solution in: 1
I20260909 04:59:50.348917     3 skeleton_planner.h:170] Found solution in: 19
I20260909 04:59:50.348924     3 skeleton_planner.h:170] Found solution in: 6
I20260909 04:59:50.348929     3 skeleton_planner.h:170] Found solution in: 1
I20260909 04:59:50.348948     3 skeleton_planner.h:170] Found solution in: 19
I20260909 04:59:50.348955     3 skeleton_planner.h:170] Found solution in: 6
I20260909 04:59:50.348960     3 skeleton_planner.h:170] Found solution in: 1
I20260909 04:59:50.348987     3 skeleton_planner.h:170] Found solution in: 3
I20260909 04:59:50.348999     3 skeleton_planner.h:170] Found solution in: 4
I20260909 04:59:50.349007     3 skeleton_planner.h:170] Found solution in: 2
I20260909 04:59:50.349017     3 skeleton_planner.h:170] Found solution in: 3
I20260909 04:59:50.349033     3 skeleton_planner.h:170] Found solution in: 5
I20260909 04:59:50.349045     3 skeleton_planner.h:170] Found solution in: 4
I20260909 04:59:50.349061     3 skeleton_planner.h:170] Found solution in: 7
I20260909 04:59:50.349081     3 skeleton_planner.h:170] Found solution in: 8
I20260909 04:59:50.349102     3 skeleton_planner.h:170] Found solution in: 8
I20260909 04:59:50.349116     3 skeleton_planner.h:170] Found solution in: 6
I20260909 04:59:50.349128     3 skeleton_planner.h:170] Found solution in: 4
I20260909 04:59:50.349139     3 skeleton_planner.h:170] Found solution in: 4
I20260909 04:59:50.349161     3 skeleton_planner.h:170] Found solution in: 7
I20260909 04:59:50.349167     3 skeleton_generator.cpp:1655] [Simplify Vertices] Vertex removals: 12 / 12, Edges added: 3
I20260909 04:59:50.349181     3 skeleton_generator.cpp:633] [Sparse Graph] Vertices: 34 Edges: 52
