argv=["/tmp/mtare_cano_compat_e1_py312_np126_sp112/bin/python", "/home/zeng-workstation/mtare_topo_comm/tools/v3/execute_cano_cpu_raycast_lidar_contract.py", "--world-dir", "/home/zeng-workstation/mtare_topo_comm/results/gate0_baseline/gate0_20260810_cano_readonly_audited_adapter_smoke_v1_seed0/artifacts/world_000", "--reference-dir", "/home/zeng-workstation/mtare_topo_comm/results/gate0_baseline/gate0_20260810_cano_native_mesh_lidar_label_smoke_v1_seed0/artifacts/cpu_reference", "--run-dir", "/home/zeng-workstation/mtare_topo_comm/results/gate0_baseline/gate0_20260810_cano_cpu_raycast_lidar_contract_v1_seed0", "--sensor-config", "/home/zeng-workstation/mtare_topo_comm/configs/v3/gate0/sensors/mtare_vlp16_720_50m_v1.json"]
started_at_utc=2026-08-10T13:49:03.201310+00:00
{
  "schema_version": "cano_cpu_raycast_lidar_contract_metrics_v1",
  "overall_status": "PASS",
  "analytic_control_passed": true,
  "counts": {
    "source_worlds": 1,
    "new_worlds_generated": 0,
    "diagnostic_poses": 24,
    "diagnostic_scan_npz": 24,
    "primary_rays_per_pose": 11520,
    "primary_rays_per_pass": 276480,
    "independent_scene_passes": 2,
    "formal_dataset_worlds": 0,
    "formal_dataset_samples": 0,
    "labels_for_training": 0,
    "training_samples": 0,
    "models": 0,
    "isaac_runs": 0,
    "gazebo_runs": 0,
    "topology_changes": 0,
    "mtare_changes": 0
  },
  "aggregate": {
    "passed_poses": 24,
    "minimum_valid_ratio": 0.9909722222222223,
    "maximum_valid_ratio": 1.0,
    "mean_valid_ratio": 0.9970703125,
    "minimum_horizontal_clearance_m": 2.0584957599639893,
    "maximum_independent_scene_difference_m": 0.0,
    "maximum_prior_reference_difference_m": 0.0,
    "branch_visibility_passed_poses": 24
  },
  "acceptance": {
    "exact_pose_and_role_counts": true,
    "all_shape_dtype_range_contracts": true,
    "two_fresh_scenes_deterministic": true,
    "prior_reference_regression": true,
    "clearance_and_branch_los": true,
    "complete_visual_evidence": true
  },
  "decision_if_pass": "Only a separately approved five-topology CPU-raycast contract pilot may be prepared; this run does not authorize data generation or training.",
  "claim_boundary": [
    "The native Cano Poisson mesh is non-manifold, non-watertight, non-orientable and self-intersecting.",
    "Idealized CPU first-return raycasting does not establish Gazebo or real-LiDAR parity.",
    "Spline-oracle headings are teacher/provenance only and are not sensor input.",
    "This run is diagnostic evidence, not a formal train/validation/test dataset."
  ]
}

duration_seconds=3.486847
exit_code=0
