{
  "adapted_cano_dense_validation": {
    "count": {
      "accuracy": 0.8996,
      "confusion_matrix": [
        [
          101,
          50,
          0,
          0,
          0,
          0
        ],
        [
          245,
          3851,
          23,
          0,
          0,
          0
        ],
        [
          34,
          53,
          545,
          0,
          0,
          0
        ],
        [
          8,
          1,
          88,
          1,
          0,
          0
        ],
        [
          0,
          0,
          0,
          0,
          0,
          0
        ],
        [
          0,
          0,
          0,
          0,
          0,
          0
        ]
      ],
      "f1": [
        0.3747680890538033,
        0.9539261828090166,
        0.8462732919254657,
        0.020202020202020204,
        0.0,
        0.0
      ],
      "gate_branch_counts": [
        1,
        2,
        3,
        4
      ],
      "macro_f1_count_1_to_4": 0.5487923959975765,
      "macro_f1_present": 0.5487923959975765,
      "precision": [
        0.2603092783505155,
        0.9737041719342604,
        0.8307926829268293,
        1.0,
        0.0,
        0.0
      ],
      "rare_branch_counts_diagnostic_only": {
        "5": {
          "f1": 0.0,
          "support": 0
        },
        "6": {
          "f1": 0.0,
          "support": 0
        }
      },
      "recall": [
        0.6688741721854304,
        0.9349356639961156,
        0.8623417721518988,
        0.01020408163265306,
        0.0,
        0.0
      ],
      "support": [
        151,
        4119,
        632,
        98,
        0,
        0
      ]
    },
    "direction": {
      "empty_frames": 14,
      "empty_rate": 0.0028,
      "f1": 0.9084275811747538,
      "matched": 9960,
      "matching_tolerance_deg": 20.0,
      "mean_matched_angular_error_deg": 4.305534535408514,
      "precision": 0.8852546440316417,
      "predicted": 11251,
      "recall": 0.9328463051418938,
      "threshold": 0.5,
      "truth": 10677
    },
    "frames": 5000,
    "loss": {
      "count": 0.32678746061325076,
      "direction": 0.114334295129776,
      "role": 0.4087637331008911,
      "total": 0.29822209396362304
    },
    "role": {
      "accuracy": 0.9282,
      "confusion_matrix": [
        [
          3697,
          7,
          111
        ],
        [
          123,
          620,
          102
        ],
        [
          6,
          10,
          324
        ]
      ],
      "f1": [
        0.9676743881690879,
        0.8367071524966263,
        0.7388825541619156
      ],
      "macro_f1_present": 0.8477546982758767,
      "precision": [
        0.9662833246210141,
        0.9733124018838305,
        0.6033519553072626
      ],
      "recall": [
        0.9690694626474443,
        0.7337278106508875,
        0.9529411764705882
      ],
      "support": [
        3815,
        845,
        340
      ]
    }
  },
  "adapted_cano_sparse_validation": {
    "count": {
      "accuracy": 0.658,
      "confusion_matrix": [
        [
          35,
          89,
          23,
          4,
          0,
          0
        ],
        [
          130,
          2740,
          1054,
          195,
          0,
          0
        ],
        [
          21,
          35,
          489,
          87,
          0,
          0
        ],
        [
          5,
          0,
          67,
          26,
          0,
          0
        ],
        [
          0,
          0,
          0,
          0,
          0,
          0
        ],
        [
          0,
          0,
          0,
          0,
          0,
          0
        ]
      ],
      "f1": [
        0.2046783625730994,
        0.7847629958470571,
        0.4317880794701987,
        0.12682926829268293,
        0.0,
        0.0
      ],
      "gate_branch_counts": [
        1,
        2,
        3,
        4
      ],
      "macro_f1_count_1_to_4": 0.3870146765457595,
      "macro_f1_present": 0.3870146765457595,
      "precision": [
        0.18324607329842932,
        0.9567039106145251,
        0.2994488671157379,
        0.08333333333333333,
        0.0,
        0.0
      ],
      "rare_branch_counts_diagnostic_only": {
        "5": {
          "f1": 0.0,
          "support": 0
        },
        "6": {
          "f1": 0.0,
          "support": 0
        }
      },
      "recall": [
        0.23178807947019867,
        0.6652100024277737,
        0.7737341772151899,
        0.2653061224489796,
        0.0,
        0.0
      ],
      "support": [
        151,
        4119,
        632,
        98,
        0,
        0
      ]
    },
    "direction": {
      "empty_frames": 276,
      "empty_rate": 0.0552,
      "f1": 0.8177022547966949,
      "matched": 8758,
      "matching_tolerance_deg": 20.0,
      "mean_matched_angular_error_deg": 4.656832508946842,
      "precision": 0.8151526433358154,
      "predicted": 10744,
      "recall": 0.8202678655052917,
      "threshold": 0.5,
      "truth": 10677
    },
    "frames": 5000,
    "loss": {
      "count": 0.8214006872177124,
      "direction": 0.13097920892238618,
      "role": 0.8468042966842652,
      "total": 0.5480304515838623
    },
    "role": {
      "accuracy": 0.6304,
      "confusion_matrix": [
        [
          2282,
          1431,
          102
        ],
        [
          63,
          693,
          89
        ],
        [
          65,
          98,
          177
        ]
      ],
      "f1": [
        0.7331726907630522,
        0.4519074013694164,
        0.5
      ],
      "macro_f1_present": 0.5616933640441563,
      "precision": [
        0.9468879668049792,
        0.3118811881188119,
        0.48097826086956524
      ],
      "recall": [
        0.5981651376146789,
        0.8201183431952662,
        0.5205882352941177
      ],
      "support": [
        3815,
        845,
        340
      ]
    }
  },
  "aee_train_diagnostic_frames": 1000,
  "aee_train_fit_diagnostic_only": {
    "count": {
      "accuracy": 0.639,
      "confusion_matrix": [
        [
          151,
          21,
          7,
          32,
          0,
          0
        ],
        [
          126,
          362,
          26,
          34,
          0,
          0
        ],
        [
          12,
          25,
          60,
          34,
          0,
          0
        ],
        [
          3,
          0,
          15,
          66,
          0,
          0
        ],
        [
          0,
          0,
          0,
          21,
          0,
          0
        ],
        [
          0,
          0,
          0,
          5,
          0,
          0
        ]
      ],
      "f1": [
        0.6003976143141153,
        0.7573221757322176,
        0.502092050209205,
        0.4782608695652174,
        0.0,
        0.0
      ],
      "gate_branch_counts": [
        1,
        2,
        3,
        4
      ],
      "macro_f1_count_1_to_4": 0.5845181774551889,
      "macro_f1_present": 0.3896787849701259,
      "precision": [
        0.5171232876712328,
        0.8872549019607843,
        0.5555555555555556,
        0.34375,
        0.0,
        0.0
      ],
      "rare_branch_counts_diagnostic_only": {
        "5": {
          "f1": 0.0,
          "support": 21
        },
        "6": {
          "f1": 0.0,
          "support": 5
        }
      },
      "recall": [
        0.7156398104265402,
        0.6605839416058394,
        0.4580152671755725,
        0.7857142857142857,
        0.0,
        0.0
      ],
      "support": [
        211,
        548,
        131,
        84,
        21,
        5
      ]
    },
    "direction": {
      "empty_frames": 342,
      "empty_rate": 0.342,
      "f1": 0.31280158955435705,
      "matched": 551,
      "matching_tolerance_deg": 20.0,
      "mean_matched_angular_error_deg": 5.939816266735315,
      "precision": 0.40754437869822485,
      "predicted": 1352,
      "recall": 0.2538000921234454,
      "threshold": 0.5,
      "truth": 2171
    },
    "frames": 1000,
    "loss": {
      "count": 1.0744479160308837,
      "direction": 0.28673950958251954,
      "role": 0.5791674342155456,
      "total": 0.7001433591842652
    },
    "role": {
      "accuracy": 0.671,
      "confusion_matrix": [
        [
          296,
          88,
          164
        ],
        [
          8,
          181,
          52
        ],
        [
          6,
          11,
          194
        ]
      ],
      "f1": [
        0.68997668997669,
        0.6948176583493283,
        0.6247987117552334
      ],
      "macro_f1_present": 0.6698643533604173,
      "precision": [
        0.9548387096774194,
        0.6464285714285715,
        0.47317073170731705
      ],
      "recall": [
        0.5401459854014599,
        0.7510373443983402,
        0.919431279620853
      ],
      "support": [
        548,
        241,
        211
      ]
    }
  },
  "b0_cano_sparse_validation": {
    "configuration": {
      "absolute_open_range_m": 7.0,
      "adaptive_percentile": 62.0,
      "horizon_max_elevation_deg": 5.0,
      "horizon_min_elevation_deg": -5.0,
      "maximum_exits": 8,
      "minimum_sector_width_deg": 4.0,
      "smoothing_columns": 15
    },
    "empty_frames": 0,
    "empty_rate": 0.0,
    "f1": 0.7804832540348914,
    "frames": 5000,
    "matched": 8366,
    "mean_matched_angular_error_deg": 9.464242424221359,
    "precision": 0.7774370411671778,
    "predicted": 10761,
    "recall": 0.7835534326121569,
    "truth": 10677
  },
  "best_checkpoint_sha256": "74cedb948bdc1dc3e2506983127e856cb9e178c88d71e1d1ea8cc3c5728b6199",
  "best_epoch": 10,
  "c09_frames_read": 0,
  "c10_frames_read": 0,
  "cano_dense_validation_frames": 5000,
  "cano_sparse_validation_frames": 5000,
  "duration_seconds": 141.41616924502887,
  "epochs_completed": 10,
  "formal_benchmark_frames_read": 0,
  "gate": {
    "all_model_tensors_finite": true,
    "dense_direction_retention": true,
    "embedding_changed": true,
    "encoder_identity": true,
    "semantic_heads_changed": true,
    "sparse_count_1_to_4_macro_f1": false,
    "sparse_direction_improvement_0p05": true,
    "sparse_direction_vs_b0": true,
    "sparse_empty_rate": false,
    "sparse_role_macro_f1": false
  },
  "independent_train_samples_per_epoch": {
    "aee": 1000,
    "cano": 5000
  },
  "optimizer_steps": 470,
  "schema_version": "aee_corrective_full_encoder_seed_summary_v3",
  "scientific_gate_passed": false,
  "seed": 2,
  "source_cano_dense_validation": {
    "count": {
      "accuracy": 0.1286,
      "confusion_matrix": [
        [
          150,
          0,
          0,
          1,
          0,
          0
        ],
        [
          3731,
          2,
          9,
          377,
          0,
          0
        ],
        [
          9,
          0,
          461,
          162,
          0,
          0
        ],
        [
          1,
          0,
          67,
          30,
          0,
          0
        ],
        [
          0,
          0,
          0,
          0,
          0,
          0
        ],
        [
          0,
          0,
          0,
          0,
          0,
          0
        ]
      ],
      "f1": [
        0.07422068283028205,
        0.000970638194612958,
        0.7887082976903337,
        0.08982035928143713,
        0.0,
        0.0
      ],
      "gate_branch_counts": [
        1,
        2,
        3,
        4
      ],
      "macro_f1_count_1_to_4": 0.23842999449916646,
      "macro_f1_present": 0.23842999449916646,
      "precision": [
        0.03855050115651504,
        1.0,
        0.8584729981378026,
        0.05263157894736842,
        0.0,
        0.0
      ],
      "rare_branch_counts_diagnostic_only": {
        "5": {
          "f1": 0.0,
          "support": 0
        },
        "6": {
          "f1": 0.0,
          "support": 0
        }
      },
      "recall": [
        0.9933774834437086,
        0.00048555474629764507,
        0.7294303797468354,
        0.30612244897959184,
        0.0,
        0.0
      ],
      "support": [
        151,
        4119,
        632,
        98,
        0,
        0
      ]
    },
    "direction": {
      "empty_frames": 202,
      "empty_rate": 0.0404,
      "f1": 0.8738186205509753,
      "matched": 8691,
      "matching_tolerance_deg": 20.0,
      "mean_matched_angular_error_deg": 3.9808619615819176,
      "precision": 0.9431361909929463,
      "predicted": 9215,
      "recall": 0.8139926945771284,
      "threshold": 0.5,
      "truth": 10677
    },
    "frames": 5000,
    "loss": {
      "count": 4.279589031219483,
      "direction": 0.09765754201412201,
      "role": 3.44784522228241,
      "total": 2.029516088294983
    },
    "role": {
      "accuracy": 0.2108,
      "confusion_matrix": [
        [
          0,
          48,
          3767
        ],
        [
          0,
          724,
          121
        ],
        [
          0,
          10,
          330
        ]
      ],
      "f1": [
        0.0,
        0.8899815611555009,
        0.14480035103115402
      ],
      "macro_f1_present": 0.3449273040622183,
      "precision": [
        0.0,
        0.9258312020460358,
        0.07823613086770982
      ],
      "recall": [
        0.0,
        0.8568047337278106,
        0.9705882352941176
      ],
      "support": [
        3815,
        845,
        340
      ]
    }
  },
  "source_cano_sparse_validation": {
    "count": {
      "accuracy": 0.0982,
      "confusion_matrix": [
        [
          85,
          3,
          1,
          62,
          0,
          0
        ],
        [
          1396,
          41,
          549,
          2133,
          0,
          0
        ],
        [
          5,
          4,
          310,
          313,
          0,
          0
        ],
        [
          0,
          3,
          40,
          55,
          0,
          0
        ],
        [
          0,
          0,
          0,
          0,
          0,
          0
        ],
        [
          0,
          0,
          0,
          0,
          0,
          0
        ]
      ],
      "f1": [
        0.10384850335980453,
        0.019664268585131893,
        0.4046997389033942,
        0.04133784291619692,
        0.0,
        0.0
      ],
      "gate_branch_counts": [
        1,
        2,
        3,
        4
      ],
      "macro_f1_count_1_to_4": 0.1423875884411319,
      "macro_f1_present": 0.1423875884411319,
      "precision": [
        0.05720053835800808,
        0.803921568627451,
        0.34444444444444444,
        0.02145922746781116,
        0.0,
        0.0
      ],
      "rare_branch_counts_diagnostic_only": {
        "5": {
          "f1": 0.0,
          "support": 0
        },
        "6": {
          "f1": 0.0,
          "support": 0
        }
      },
      "recall": [
        0.5629139072847682,
        0.009953872299101723,
        0.49050632911392406,
        0.5612244897959183,
        0.0,
        0.0
      ],
      "support": [
        151,
        4119,
        632,
        98,
        0,
        0
      ]
    },
    "direction": {
      "empty_frames": 1490,
      "empty_rate": 0.298,
      "f1": 0.668399419729207,
      "matched": 5529,
      "matching_tolerance_deg": 20.0,
      "mean_matched_angular_error_deg": 4.041250023858152,
      "precision": 0.9423896369524459,
      "predicted": 5867,
      "recall": 0.5178420904748525,
      "threshold": 0.5,
      "truth": 10677
    },
    "frames": 5000,
    "loss": {
      "count": 3.7764205814361573,
      "direction": 0.10844527952671051,
      "role": 3.27374734287262,
      "total": 1.87098726978302
    },
    "role": {
      "accuracy": 0.2038,
      "confusion_matrix": [
        [
          0,
          1951,
          1864
        ],
        [
          0,
          808,
          37
        ],
        [
          0,
          129,
          211
        ]
      ],
      "f1": [
        0.0,
        0.43289579426734537,
        0.17210440456769985
      ],
      "macro_f1_present": 0.20166673294501505,
      "precision": [
        0.0,
        0.27977839335180055,
        0.09990530303030302
      ],
      "recall": [
        0.0,
        0.9562130177514793,
        0.6205882352941177
      ],
      "support": [
        3815,
        845,
        340
      ]
    }
  },
  "source_checkpoint": "results/gate2_representation/gate2_20260813_cano_phase3_masking_corrective_recovery_seed2_v1_seed2/artifacts/models/m1d_seed2/best.pt",
  "source_checkpoint_sha256": "20b1e9c8198b06473b68e31f4d8a3eb50eb5f2fc1b7aa577aa1aac92ba35346e",
  "status": "COMPLETED_AEE_CORRECTIVE_FULL_ENCODER_SEED_V3",
  "trainable_contract": {
    "frozen_parameters": [
      "encoder.0.conv.weight",
      "encoder.1.weight",
      "encoder.1.bias",
      "encoder.3.conv1.conv.weight",
      "encoder.3.norm1.weight",
      "encoder.3.norm1.bias",
      "encoder.3.conv2.conv.weight",
      "encoder.3.norm2.weight",
      "encoder.3.norm2.bias",
      "encoder.3.skip.0.weight",
      "encoder.3.skip.1.weight",
      "encoder.3.skip.1.bias",
      "encoder.4.conv1.conv.weight",
      "encoder.4.norm1.weight",
      "encoder.4.norm1.bias",
      "encoder.4.conv2.conv.weight",
      "encoder.4.norm2.weight",
      "encoder.4.norm2.bias",
      "encoder.4.skip.0.weight",
      "encoder.4.skip.1.weight",
      "encoder.4.skip.1.bias",
      "encoder.5.conv1.conv.weight",
      "encoder.5.norm1.weight",
      "encoder.5.norm1.bias",
      "encoder.5.conv2.conv.weight",
      "encoder.5.norm2.weight",
      "encoder.5.norm2.bias",
      "encoder.5.skip.0.weight",
      "encoder.5.skip.1.weight",
      "encoder.5.skip.1.bias"
    ],
    "trainable_parameters": [
      "direction_head.0.weight",
      "direction_head.0.bias",
      "direction_head.2.weight",
      "direction_head.2.bias",
      "embedding_head.0.weight",
      "embedding_head.0.bias",
      "embedding_head.2.weight",
      "embedding_head.2.bias",
      "count_head.weight",
      "count_head.bias",
      "role_head.weight",
      "role_head.bias"
    ]
  },
  "training_views_per_epoch": {
    "aee": 1000,
    "cano_dense": 5000,
    "cano_mask_matched": 5000
  }
}

exit_code=0
